../Core/Src/main.c:75:9:BCD2dec	16	static
../Core/Src/main.c:79:9:dec2BCD	16	static
../Core/Src/main.c:83:6:RTC_init	16	static
../Core/Src/main.c:101:6:RTC_write_data	48	static
../Core/Src/main.c:116:6:RTC_read_data	48	static
../Core/Src/main.c:131:6:DS3231_WriteReg	32	static
../Core/Src/main.c:137:6:DS3231_Alarm1_EverySecond	16	static
../Core/Src/main.c:148:6:DS3231_Alarm1_Set_HMS	16	static
../Core/Src/main.c:167:6:DS3231_Alarm1_Enable	40	static
../Core/Src/main.c:179:6:DS3231_Clear_A1F	40	static
../Core/Src/main.c:200:5:main	24	static
../Core/Src/main.c:254:6:SystemClock_Config	72	static
../Core/Src/main.c:293:13:MX_I2C1_Init	8	static
../Core/Src/main.c:327:13:MX_GPIO_Init	40	static
../Core/Src/main.c:363:6:HAL_GPIO_EXTI_Callback	16	static
../Core/Src/main.c:378:6:Error_Handler	4	static,ignoring_inline_asm
