../Core/Src/main.c:75:9:BCD2dec	1
../Core/Src/main.c:79:9:dec2BCD	1
../Core/Src/main.c:83:6:RTC_init	1
../Core/Src/main.c:101:6:RTC_write_data	1
../Core/Src/main.c:116:6:RTC_read_data	1
../Core/Src/main.c:131:6:DS3231_WriteReg	1
../Core/Src/main.c:137:6:DS3231_Alarm1_EverySecond	1
../Core/Src/main.c:148:6:DS3231_Alarm1_Set_HMS	1
../Core/Src/main.c:167:6:DS3231_Alarm1_Enable	1
../Core/Src/main.c:179:6:DS3231_Clear_A1F	1
../Core/Src/main.c:200:5:main	2
../Core/Src/main.c:254:6:SystemClock_Config	3
../Core/Src/main.c:293:13:MX_I2C1_Init	2
../Core/Src/main.c:327:13:MX_GPIO_Init	1
../Core/Src/main.c:363:6:HAL_GPIO_EXTI_Callback	2
../Core/Src/main.c:378:6:Error_Handler	1
