../Core/Src/LoRa.c:25:6:newLoRa	72	static
../Core/Src/LoRa.c:48:6:LoRa_reset	16	static
../Core/Src/LoRa.c:66:6:LoRa_gotoMode	24	static
../Core/Src/LoRa.c:110:6:LoRa_readReg	24	static
../Core/Src/LoRa.c:136:6:LoRa_writeReg	24	static
../Core/Src/LoRa.c:158:6:LoRa_setLowDaraRateOptimization	24	static
../Core/Src/LoRa.c:183:6:LoRa_setAutoLDO	96	static
../Core/Src/LoRa.c:200:6:LoRa_setFrequency	24	static
../Core/Src/LoRa.c:232:6:LoRa_setSpreadingFactor	24	static
../Core/Src/LoRa.c:262:6:LoRa_setPower	16	static
../Core/Src/LoRa.c:278:6:LoRa_setOCP	24	static
../Core/Src/LoRa.c:306:6:LoRa_setTOMsb_setCRCon	24	static
../Core/Src/LoRa.c:326:6:LoRa_setSyncWord	16	static
../Core/Src/LoRa.c:342:9:LoRa_read	32	static
../Core/Src/LoRa.c:365:6:LoRa_write	32	static
../Core/Src/LoRa.c:387:6:LoRa_BurstWrite	32	static
../Core/Src/LoRa.c:415:9:LoRa_isvalid	16	static
../Core/Src/LoRa.c:432:9:LoRa_transmit	32	static
../Core/Src/LoRa.c:481:6:LoRa_startReceiving	16	static
../Core/Src/LoRa.c:497:9:LoRa_receive	48	static
../Core/Src/LoRa.c:533:5:LoRa_getRSSI	24	static
../Core/Src/LoRa.c:549:10:LoRa_init	24	static
