../Core/Src/main.c:115:6:HAL_RTC_AlarmAEventCallback	1
../Core/Src/main.c:120:6:HAL_GPIO_EXTI_Callback	2
../Core/Src/main.c:128:6:HAL_TIM_PeriodElapsedCallback	3
../Core/Src/main.c:147:5:main	50
../Core/Src/main.c:517:6:SystemClock_Config	4
../Core/Src/main.c:564:13:MX_I2C1_Init	2
../Core/Src/main.c:598:13:MX_RTC_Init	4
../Core/Src/main.c:656:13:MX_SPI1_Init	2
../Core/Src/main.c:694:13:MX_TIM2_Init	5
../Core/Src/main.c:746:13:MX_USART1_UART_Init	2
../Core/Src/main.c:779:13:MX_GPIO_Init	1
../Core/Src/main.c:850:6:Error_Handler	1
