../Core/Src/main.c:115:6:HAL_RTC_AlarmAEventCallback	16	static
../Core/Src/main.c:120:6:HAL_GPIO_EXTI_Callback	16	static
../Core/Src/main.c:128:6:HAL_TIM_PeriodElapsedCallback	16	static
../Core/Src/main.c:147:5:main	48	static
../Core/Src/main.c:517:6:SystemClock_Config	88	static
../Core/Src/main.c:564:13:MX_I2C1_Init	8	static
../Core/Src/main.c:598:13:MX_RTC_Init	16	static
../Core/Src/main.c:656:13:MX_SPI1_Init	8	static
../Core/Src/main.c:694:13:MX_TIM2_Init	56	static
../Core/Src/main.c:746:13:MX_USART1_UART_Init	8	static
../Core/Src/main.c:779:13:MX_GPIO_Init	40	static
../Core/Src/main.c:850:6:Error_Handler	4	static,ignoring_inline_asm
