2026-06-04 08:27:33,678 [INFO] Activator:176 - 


2026-06-04 08:27:33,684 [INFO] Activator:177 - !SESSION log4j initialized
2026-06-04 08:27:39,161 [INFO] LogOutputStream:77 - [STDOUT_REDIRECT] 
2026-06-04 08:27:40,532 [INFO] ApplicationProperties:184 - Using Application install path: C:\ST\STM32CubeIDE_1.13.1\STM32CubeIDE\plugins\com.st.stm32cube.common.mx_6.9.1.202307191849
2026-06-04 08:27:40,552 [INFO] DbMcusXml:78 - Set database path to: C:\ST\STM32CubeIDE_1.13.1\STM32CubeIDE\plugins\com.st.stm32cube.common.mx_6.9.1.202307191849\\db\/mcu/
2026-06-04 08:27:40,552 [INFO] ApiDb:274 - Set plugin database path to: C:\ST\STM32CubeIDE_1.13.1\STM32CubeIDE\plugins\com.st.stm32cube.common.mx_6.9.1.202307191849\\db\/plugins/boardmanager/
2026-06-04 08:27:40,552 [WARN] ApiDb:259 - Overriding images path with different value:  => C:\ST\STM32CubeIDE_1.13.1\STM32CubeIDE\plugins\com.st.stm32cube.common.mx_6.9.1.202307191849\\db\/plugins/mcufinder/images/
2026-06-04 08:27:40,564 [INFO] ApiDb:250 - Set database path to: C:\Users\Admin\.stmcufinder\plugins\mcufinder//mcu/
2026-06-04 08:27:40,565 [INFO] DbMcusAds:125 - Set database path to: C:\Users\Admin\.stmcufinder\plugins\mcufinder//mcu/
2026-06-04 08:27:40,567 [INFO] CrossReferenceDbSqlite:203 - Set database path to: C:\Users\Admin\.stmcufinder\plugins\mcufinder//mcu/cs/
2026-06-04 08:27:40,651 [INFO] RulesReader:64 - Compatibility file has been processed (293 Rules)
2026-06-04 08:27:40,721 [INFO] DbMcusXml:78 - Set database path to: C:\ST\STM32CubeIDE_1.13.1\STM32CubeIDE\plugins\com.st.stm32cube.common.mx_6.9.1.202307191849\\db\/mcu/
2026-06-04 08:27:40,721 [INFO] ApiDb:274 - Set plugin database path to: C:\ST\STM32CubeIDE_1.13.1\STM32CubeIDE\plugins\com.st.stm32cube.common.mx_6.9.1.202307191849\\db\/plugins/boardmanager/
2026-06-04 08:27:40,721 [INFO] ApiDb:261 - Set plugin images path to: C:\ST\STM32CubeIDE_1.13.1\STM32CubeIDE\plugins\com.st.stm32cube.common.mx_6.9.1.202307191849\\db\/plugins/mcufinder/images/
2026-06-04 08:27:40,721 [WARN] DbFile:41 - Overriding database path with different value: C:\Users\Admin\.stmcufinder\plugins\mcufinder/ => C:\Users\Admin\.stmcufinder\plugins\mcufinder
2026-06-04 08:27:40,721 [INFO] ApiDb:250 - Set database path to: C:\Users\Admin\.stmcufinder\plugins\mcufinder//mcu/
2026-06-04 08:27:40,722 [WARN] DbFile:41 - Overriding database path with different value: C:\Users\Admin\.stmcufinder\plugins\mcufinder/ => C:\Users\Admin\.stmcufinder\plugins\mcufinder
2026-06-04 08:27:40,722 [INFO] DbMcusAds:125 - Set database path to: C:\Users\Admin\.stmcufinder\plugins\mcufinder//mcu/
2026-06-04 08:27:40,722 [WARN] DbFile:41 - Overriding database path with different value: C:\Users\Admin\.stmcufinder\plugins\mcufinder/ => C:\Users\Admin\.stmcufinder\plugins\mcufinder
2026-06-04 08:27:40,722 [WARN] DbFile:41 - Overriding database path with different value: C:\Users\Admin\.stmcufinder\plugins\mcufinder/ => C:\Users\Admin\.stmcufinder\plugins\mcufinder
2026-06-04 08:27:40,722 [INFO] CrossReferenceDbSqlite:203 - Set database path to: C:\Users\Admin\.stmcufinder\plugins\mcufinder//mcu/cs/
2026-06-04 08:27:40,787 [INFO] MainPanel:262 - HeapMemory: 268435456
2026-06-04 08:27:40,867 [INFO] DbMcusXml:78 - Set database path to: C:\ST\STM32CubeIDE_1.13.1\STM32CubeIDE\plugins\com.st.stm32cube.common.mx_6.9.1.202307191849\\db\/mcu/
2026-06-04 08:27:40,867 [INFO] ApiDb:274 - Set plugin database path to: C:\ST\STM32CubeIDE_1.13.1\STM32CubeIDE\plugins\com.st.stm32cube.common.mx_6.9.1.202307191849\\db\/plugins/boardmanager/
2026-06-04 08:27:40,867 [INFO] ApiDb:261 - Set plugin images path to: C:\ST\STM32CubeIDE_1.13.1\STM32CubeIDE\plugins\com.st.stm32cube.common.mx_6.9.1.202307191849\\db\/plugins/mcufinder/images/
2026-06-04 08:27:40,868 [WARN] DbFile:41 - Overriding database path with different value: C:\Users\Admin\.stmcufinder\plugins\mcufinder/ => C:\Users\Admin\.stmcufinder\plugins\mcufinder
2026-06-04 08:27:40,868 [INFO] ApiDb:250 - Set database path to: C:\Users\Admin\.stmcufinder\plugins\mcufinder//mcu/
2026-06-04 08:27:40,868 [WARN] DbFile:41 - Overriding database path with different value: C:\Users\Admin\.stmcufinder\plugins\mcufinder/ => C:\Users\Admin\.stmcufinder\plugins\mcufinder
2026-06-04 08:27:40,868 [INFO] DbMcusAds:125 - Set database path to: C:\Users\Admin\.stmcufinder\plugins\mcufinder//mcu/
2026-06-04 08:27:40,868 [WARN] DbFile:41 - Overriding database path with different value: C:\Users\Admin\.stmcufinder\plugins\mcufinder/ => C:\Users\Admin\.stmcufinder\plugins\mcufinder
2026-06-04 08:27:40,868 [WARN] DbFile:41 - Overriding database path with different value: C:\Users\Admin\.stmcufinder\plugins\mcufinder/ => C:\Users\Admin\.stmcufinder\plugins\mcufinder
2026-06-04 08:27:40,868 [INFO] CrossReferenceDbSqlite:203 - Set database path to: C:\Users\Admin\.stmcufinder\plugins\mcufinder//mcu/cs/
2026-06-04 08:27:40,884 [INFO] ApplicationProperties:184 - Using Application install path: C:\ST\STM32CubeIDE_1.13.1\STM32CubeIDE\plugins\com.st.stm32cube.common.mx_6.9.1.202307191849
2026-06-04 08:27:40,885 [INFO] PluginManage:196 - Search for loadable plugins [exclusion list=, ]
2026-06-04 08:27:40,886 [INFO] PluginManage:310 - Check plugin analytics
2026-06-04 08:27:41,013 [INFO] AnalyticsPlugin:253 - Accepted Software Licenses: 
2026-06-04 08:27:41,014 [INFO] AnalyticsPlugin:255 - Accepted CMSIS Pack Licenses: 
2026-06-04 08:27:41,014 [INFO] AnalyticsPlugin:257 - Accepted Firmware Licenses: FW.F4.1.27.0
2026-06-04 08:27:41,016 [INFO] PluginManage:359 - Loaded plugin analytics (category:tool,tabindex:-1)
2026-06-04 08:27:41,016 [INFO] PluginManage:310 - Check plugin cadmodel
2026-06-04 08:27:41,022 [INFO] CADModel:105 - Init CAD model plugin
2026-06-04 08:27:41,022 [INFO] PluginManage:359 - Loaded plugin cadmodel (category:power,tabindex:5)
2026-06-04 08:27:41,022 [INFO] PluginManage:310 - Check plugin clock
2026-06-04 08:27:41,033 [INFO] PluginManage:359 - Loaded plugin clock (category:base,tabindex:2)
2026-06-04 08:27:41,033 [INFO] PluginManage:310 - Check plugin ddr
2026-06-04 08:27:41,035 [INFO] PluginManage:359 - Loaded plugin ddr (category:tool,tabindex:6)
2026-06-04 08:27:41,035 [INFO] PluginManage:310 - Check plugin filemanager
2026-06-04 08:27:41,164 [INFO] PluginManage:359 - Loaded plugin filemanager (category:base,tabindex:10)
2026-06-04 08:27:41,164 [INFO] PluginManage:310 - Check plugin ipmanager
2026-06-04 08:27:41,173 [INFO] PluginManage:359 - Loaded plugin ipmanager (category:base,tabindex:5)
2026-06-04 08:27:41,173 [INFO] PluginManage:310 - Check plugin lpbam
2026-06-04 08:27:41,185 [INFO] PluginManage:359 - Loaded plugin lpbam (category:base,tabindex:0)
2026-06-04 08:27:41,185 [INFO] PluginManage:310 - Check plugin memorymap
2026-06-04 08:27:41,206 [INFO] PluginManage:359 - Loaded plugin memorymap (category:base,tabindex:4)
2026-06-04 08:27:41,206 [INFO] PluginManage:310 - Check plugin pinoutandconfiguration
2026-06-04 08:27:41,217 [INFO] PluginManage:359 - Loaded plugin pinoutandconfiguration (category:base,tabindex:1)
2026-06-04 08:27:41,217 [INFO] PluginManage:310 - Check plugin pinoutconfig
2026-06-04 08:27:41,323 [WARN] SupportedApi:132 - Cannot load RTOS API schema: s4s-elt-must-match.1: The content of 'definitions' must match (annotation?, (simpleType | complexType)?, (unique | key | keyref)*)). A problem was found starting at: attribute.
2026-06-04 08:27:41,465 [INFO] PluginManage:359 - Loaded plugin pinoutconfig (category:base,tabindex:0)
2026-06-04 08:27:41,466 [INFO] PluginManage:310 - Check plugin power
2026-06-04 08:27:41,476 [INFO] PluginManage:359 - Loaded plugin power (category:power,tabindex:4)
2026-06-04 08:27:41,476 [INFO] PluginManage:310 - Check plugin projectmanager
2026-06-04 08:27:41,489 [INFO] PluginManage:359 - Loaded plugin projectmanager (category:projectmanager,tabindex:3)
2026-06-04 08:27:41,489 [INFO] PluginManage:310 - Check plugin thirdparty
2026-06-04 08:27:41,603 [INFO] PluginManage:359 - Loaded plugin thirdparty (category:base,tabindex:-1)
2026-06-04 08:27:41,603 [WARN] IntegrityCheckThread:84 - waiting for thirdparty lock release [integrity check]
2026-06-04 08:27:41,603 [INFO] PluginManage:310 - Check plugin tools
2026-06-04 08:27:41,603 [INFO] IntegrityCheckThread:86 - entering critical section [integrity check]
2026-06-04 08:27:41,604 [INFO] ThirdPartyUpdaterWithRetryManager:70 - Updater plugin not ready yet. [1/15]
2026-06-04 08:27:41,606 [INFO] PluginManage:359 - Loaded plugin tools (category:base,tabindex:7)
2026-06-04 08:27:41,606 [INFO] PluginManage:310 - Check plugin tutovideos
2026-06-04 08:27:41,779 [INFO] PluginManage:359 - Loaded plugin tutovideos (category:base,tabindex:-1)
2026-06-04 08:27:41,779 [INFO] PluginManage:310 - Check plugin updater
2026-06-04 08:27:41,789 [INFO] PluginManage:359 - Loaded plugin updater (category:base,tabindex:12)
2026-06-04 08:27:41,790 [INFO] PluginManage:310 - Check plugin userauth
2026-06-04 08:27:41,795 [INFO] UserAuth:113 - Init User Auth plugin
2026-06-04 08:27:41,795 [INFO] PluginManage:359 - Loaded plugin userauth (category:base,tabindex:14)
2026-06-04 08:27:41,795 [INFO] PluginManage:283 - PluginManage : Loaded plugins [17]
2026-06-04 08:27:41,990 [INFO] PinOutPanel:1499 - setPackage(No Configuration,No Configuration)
2026-06-04 08:27:42,085 [INFO] CADModel:165 - CPN selected for project level
2026-06-04 08:27:42,085 [INFO] CADModel:114 - Register for checkConnection events
2026-06-04 08:27:42,103 [INFO] IPUIPlugin:80 - create IPUIPlugin
2026-06-04 08:27:42,103 [INFO] PluginManager:220 - loadIPPluginJar : add adc
2026-06-04 08:27:42,106 [INFO] IPUIPlugin:80 - create IPUIPlugin
2026-06-04 08:27:42,106 [INFO] PluginManager:220 - loadIPPluginJar : add aes
2026-06-04 08:27:42,108 [INFO] IPUIPlugin:80 - create IPUIPlugin
2026-06-04 08:27:42,108 [INFO] PluginManager:220 - loadIPPluginJar : add can
2026-06-04 08:27:42,110 [INFO] IPUIPlugin:80 - create IPUIPlugin
2026-06-04 08:27:42,110 [INFO] PluginManager:220 - loadIPPluginJar : add comp
2026-06-04 08:27:42,112 [INFO] IPUIPlugin:80 - create IPUIPlugin
2026-06-04 08:27:42,112 [INFO] PluginManager:220 - loadIPPluginJar : add cryp
2026-06-04 08:27:42,114 [INFO] IPUIPlugin:80 - create IPUIPlugin
2026-06-04 08:27:42,114 [INFO] PluginManager:220 - loadIPPluginJar : add dfsdm
2026-06-04 08:27:42,119 [INFO] IPUIPlugin:80 - create IPUIPlugin
2026-06-04 08:27:42,119 [INFO] PluginManager:220 - loadIPPluginJar : add dma
2026-06-04 08:27:42,122 [INFO] IPUIPlugin:80 - create IPUIPlugin
2026-06-04 08:27:42,122 [INFO] PluginManager:220 - loadIPPluginJar : add dma3
2026-06-04 08:27:42,123 [INFO] IPUIPlugin:80 - create IPUIPlugin
2026-06-04 08:27:42,123 [INFO] PluginManager:220 - loadIPPluginJar : add fatfs
2026-06-04 08:27:42,127 [INFO] IPUIPlugin:80 - create IPUIPlugin
2026-06-04 08:27:42,127 [INFO] PluginManager:220 - loadIPPluginJar : add fmc
2026-06-04 08:27:42,132 [INFO] IPUIPlugin:80 - create IPUIPlugin
2026-06-04 08:27:42,132 [INFO] PluginManager:220 - loadIPPluginJar : add freertos
2026-06-04 08:27:42,133 [INFO] IPUIPlugin:80 - create IPUIPlugin
2026-06-04 08:27:42,133 [INFO] PluginManager:220 - loadIPPluginJar : add genericplugin
2026-06-04 08:27:42,135 [INFO] IPUIPlugin:80 - create IPUIPlugin
2026-06-04 08:27:42,135 [INFO] PluginManager:220 - loadIPPluginJar : add gfxmmu
2026-06-04 08:27:42,138 [INFO] IPUIPlugin:80 - create IPUIPlugin
2026-06-04 08:27:42,138 [INFO] PluginManager:220 - loadIPPluginJar : add gic
2026-06-04 08:27:42,142 [INFO] IPUIPlugin:80 - create IPUIPlugin
2026-06-04 08:27:42,142 [INFO] PluginManager:220 - loadIPPluginJar : add gpio
2026-06-04 08:27:42,144 [INFO] IPUIPlugin:80 - create IPUIPlugin
2026-06-04 08:27:42,144 [INFO] PluginManager:220 - loadIPPluginJar : add gtzc
2026-06-04 08:27:42,146 [INFO] IPUIPlugin:80 - create IPUIPlugin
2026-06-04 08:27:42,146 [INFO] PluginManager:220 - loadIPPluginJar : add hash
2026-06-04 08:27:42,148 [INFO] IPUIPlugin:80 - create IPUIPlugin
2026-06-04 08:27:42,148 [INFO] PluginManager:220 - loadIPPluginJar : add i2c
2026-06-04 08:27:42,150 [INFO] IPUIPlugin:80 - create IPUIPlugin
2026-06-04 08:27:42,150 [INFO] PluginManager:220 - loadIPPluginJar : add i2s
2026-06-04 08:27:42,152 [INFO] IPUIPlugin:80 - create IPUIPlugin
2026-06-04 08:27:42,152 [INFO] PluginManager:220 - loadIPPluginJar : add i3c
2026-06-04 08:27:42,155 [INFO] IPUIPlugin:80 - create IPUIPlugin
2026-06-04 08:27:42,155 [INFO] PluginManager:220 - loadIPPluginJar : add ipddr
2026-06-04 08:27:42,161 [INFO] IPUIPlugin:80 - create IPUIPlugin
2026-06-04 08:27:42,161 [INFO] PluginManager:220 - loadIPPluginJar : add linkedlist
2026-06-04 08:27:42,164 [INFO] IPUIPlugin:80 - create IPUIPlugin
2026-06-04 08:27:42,165 [INFO] PluginManager:220 - loadIPPluginJar : add lorawan
2026-06-04 08:27:42,167 [INFO] IPUIPlugin:80 - create IPUIPlugin
2026-06-04 08:27:42,167 [INFO] PluginManager:220 - loadIPPluginJar : add ltdc
2026-06-04 08:27:42,172 [INFO] IPUIPlugin:80 - create IPUIPlugin
2026-06-04 08:27:42,173 [INFO] PluginManager:220 - loadIPPluginJar : add mdma
2026-06-04 08:27:42,177 [INFO] IPUIPlugin:80 - create IPUIPlugin
2026-06-04 08:27:42,177 [INFO] PluginManager:220 - loadIPPluginJar : add nvic
2026-06-04 08:27:42,179 [INFO] IPUIPlugin:80 - create IPUIPlugin
2026-06-04 08:27:42,180 [INFO] PluginManager:220 - loadIPPluginJar : add opamp
2026-06-04 08:27:42,182 [INFO] IPUIPlugin:80 - create IPUIPlugin
2026-06-04 08:27:42,183 [INFO] PluginManager:220 - loadIPPluginJar : add openamp
2026-06-04 08:27:42,185 [INFO] IPUIPlugin:80 - create IPUIPlugin
2026-06-04 08:27:42,185 [INFO] PluginManager:220 - loadIPPluginJar : add pdm2pcm
2026-06-04 08:27:42,191 [INFO] IPUIPlugin:80 - create IPUIPlugin
2026-06-04 08:27:42,193 [INFO] PluginManager:220 - loadIPPluginJar : add plateformsettings
2026-06-04 08:27:42,195 [INFO] IPUIPlugin:80 - create IPUIPlugin
2026-06-04 08:27:42,195 [INFO] PluginManager:220 - loadIPPluginJar : add quadspi
2026-06-04 08:27:42,199 [INFO] IPUIPlugin:80 - create IPUIPlugin
2026-06-04 08:27:42,199 [INFO] PluginManager:220 - loadIPPluginJar : add resmgrutility
2026-06-04 08:27:42,202 [INFO] IPUIPlugin:80 - create IPUIPlugin
2026-06-04 08:27:42,202 [INFO] PluginManager:220 - loadIPPluginJar : add sai
2026-06-04 08:27:42,204 [INFO] IPUIPlugin:80 - create IPUIPlugin
2026-06-04 08:27:42,204 [INFO] PluginManager:220 - loadIPPluginJar : add spi
2026-06-04 08:27:42,207 [INFO] IPUIPlugin:80 - create IPUIPlugin
2026-06-04 08:27:42,207 [INFO] PluginManager:220 - loadIPPluginJar : add stm32_wpan
2026-06-04 08:27:42,209 [INFO] IPUIPlugin:80 - create IPUIPlugin
2026-06-04 08:27:42,209 [INFO] PluginManager:220 - loadIPPluginJar : add tim
2026-06-04 08:27:42,212 [INFO] IPUIPlugin:80 - create IPUIPlugin
2026-06-04 08:27:42,212 [INFO] PluginManager:220 - loadIPPluginJar : add touchsensing
2026-06-04 08:27:42,213 [INFO] IPUIPlugin:80 - create IPUIPlugin
2026-06-04 08:27:42,213 [INFO] PluginManager:220 - loadIPPluginJar : add tracer_emb
2026-06-04 08:27:42,215 [INFO] IPUIPlugin:80 - create IPUIPlugin
2026-06-04 08:27:42,215 [INFO] PluginManager:220 - loadIPPluginJar : add ts
2026-06-04 08:27:42,216 [INFO] IPUIPlugin:80 - create IPUIPlugin
2026-06-04 08:27:42,216 [INFO] PluginManager:220 - loadIPPluginJar : add tsc
2026-06-04 08:27:42,218 [INFO] IPUIPlugin:80 - create IPUIPlugin
2026-06-04 08:27:42,218 [INFO] PluginManager:220 - loadIPPluginJar : add ucpd
2026-06-04 08:27:42,220 [INFO] IPUIPlugin:80 - create IPUIPlugin
2026-06-04 08:27:42,220 [INFO] PluginManager:220 - loadIPPluginJar : add usart
2026-06-04 08:27:42,222 [INFO] IPUIPlugin:80 - create IPUIPlugin
2026-06-04 08:27:42,222 [INFO] PluginManager:220 - loadIPPluginJar : add usbx
2026-06-04 08:27:42,338 [INFO] CADModel:165 - CPN selected for project level
2026-06-04 08:27:42,338 [INFO] CADModel:114 - Register for checkConnection events
2026-06-04 08:27:42,338 [FATAL] Updater:308 - Updater called before beeing initialized
2026-06-04 08:27:42,338 [ERROR] CADModel:125 - Updater not yet initialized, retry later 
2026-06-04 08:27:42,461 [INFO] CADModel:165 - CPN selected for project level
2026-06-04 08:27:42,462 [INFO] CADModel:114 - Register for checkConnection events
2026-06-04 08:27:42,462 [FATAL] Updater:308 - Updater called before beeing initialized
2026-06-04 08:27:42,462 [ERROR] CADModel:125 - Updater not yet initialized, retry later 
2026-06-04 08:27:42,465 [FATAL] Updater:308 - Updater called before beeing initialized
2026-06-04 08:27:42,542 [FATAL] Updater:308 - Updater called before beeing initialized
2026-06-04 08:27:42,547 [INFO] DbMcusAds:53 - JSON generation date=Thu May 28 23:08:17 GMT+07:00 2026 (1779984497073)
2026-06-04 08:27:42,547 [FATAL] Updater:308 - Updater called before beeing initialized
2026-06-04 08:27:42,580 [WARN] DetailPanel:346 - Failed to get advertising image, set to default
2026-06-04 08:27:42,664 [FATAL] Updater:308 - Updater called before beeing initialized
2026-06-04 08:27:42,666 [FATAL] Updater:308 - Updater called before beeing initialized
2026-06-04 08:27:42,666 [FATAL] Updater:308 - Updater called before beeing initialized
2026-06-04 08:27:42,666 [WARN] DetailPanel:346 - Failed to get advertising image, set to default
2026-06-04 08:27:42,667 [FATAL] Updater:308 - Updater called before beeing initialized
2026-06-04 08:27:42,703 [ERROR] Updater:1120 - MainUpdater not yet initialized. External WinMGr cannot be set.
2026-06-04 08:27:42,705 [INFO] Updater:1056 - Updater Version found : 6.9.1
2026-06-04 08:27:42,724 [INFO] ApplicationProperties:184 - Using Application install path: C:\ST\STM32CubeIDE_1.13.1\STM32CubeIDE\plugins\com.st.stm32cube.common.mx_6.9.1.202307191849
2026-06-04 08:27:43,876 [INFO] MainUpdater:2868 - connection check result : 10
2026-06-04 08:27:43,877 [INFO] MainUpdater:3562 - Updater definition file requires update
2026-06-04 08:27:43,877 [INFO] MainUpdater:285 - Updater Check For Update Now.
2026-06-04 08:27:43,877 [INFO] MicroXplorer:498 - Change Database Version : DB.6.0.91
2026-06-04 08:27:43,882 [INFO] McuFinderGlobals:63 - Set McuFinder mode to 2 (CubeIDE integrated)
2026-06-04 08:27:43,882 [INFO] UserAuth:179 - activating auth plugin
2026-06-04 08:27:43,884 [INFO] UserAuth:393 - Internet connection configuration mode: 1
2026-06-04 08:27:43,896 [INFO] JxBrowserEngine:151 - Initiate JxBrowser Engine with user profile folder
2026-06-04 08:27:43,911 [INFO] ServerAccessManage:473 - Download File updaters.zip
2026-06-04 08:27:44,016 [INFO] FileExtend:240 - Unzip File : updaters.zip
2026-06-04 08:27:44,016 [INFO] FileExtend:255 - Standard Zip Deflate
2026-06-04 08:27:44,449 [INFO] ServerAccessManage:473 - Download File PacksControlFlags.xml
2026-06-04 08:27:44,526 [INFO] ServerAccessManage:473 - Download File cubemx.pidx
2026-06-04 08:27:44,568 [INFO] WebApp:157 - Instantiating new browser for Auth
2026-06-04 08:27:44,605 [WARN] MainUpdater:1189 - Updater busy. Cannot search thirdparties
2026-06-04 08:27:44,605 [INFO] ThirdPartyUpdaterWithRetryManager:96 - Updater plugin is busy. [1/15]
2026-06-04 08:27:45,086 [INFO] ServerAccessManage:473 - Download File STMicroelectronics.X-CUBE-FREERTOS.pdsc
2026-06-04 08:27:45,242 [INFO] WebApp:753 - Register for checkConnection events
2026-06-04 08:27:45,242 [INFO] WebApp:390 - Apply proxy settings
2026-06-04 08:27:45,242 [INFO] WebApp:475 - Chromium requires no authentication
2026-06-04 08:27:45,249 [INFO] WebApp:418 - Direct internet connection detected
2026-06-04 08:27:45,383 [INFO] WebApp:188 - Starting web application
2026-06-04 08:27:45,383 [INFO] WebApp:520 - Web application path used C:\ST\STM32CubeIDE_1.13.1\STM32CubeIDE\plugins\com.st.stm32cube.common.mx_6.9.1.202307191849\db\plugins\mcufinder\reactClient1\index.html
2026-06-04 08:27:45,916 [INFO] ServerAccessManage:473 - Download File STMicroelectronics.X-CUBE-SMBUS.pdsc
2026-06-04 08:27:46,899 [ERROR] ServerAccessManage:1089 - Problem, file not found on Server
2026-06-04 08:27:47,018 [INFO] ServerAccessManage:473 - Download File STMicroelectronics.X-CUBE-TOUCHGFX.pdsc
2026-06-04 08:27:47,608 [WARN] MainUpdater:1189 - Updater busy. Cannot search thirdparties
2026-06-04 08:27:47,608 [INFO] ThirdPartyUpdaterWithRetryManager:96 - Updater plugin is busy. [2/15]
2026-06-04 08:27:50,379 [INFO] ServerAccessManage:473 - Download File WES.I-CUBE-Cesium.pdsc
2026-06-04 08:27:50,608 [WARN] MainUpdater:1189 - Updater busy. Cannot search thirdparties
2026-06-04 08:27:50,608 [INFO] ThirdPartyUpdaterWithRetryManager:96 - Updater plugin is busy. [3/15]
2026-06-04 08:27:51,354 [ERROR] ServerAccessManage:1089 - Problem, file not found on Server
2026-06-04 08:27:51,676 [ERROR] ServerAccessManage:1089 - Problem, file not found on Server
2026-06-04 08:27:51,772 [WARN] PopulateThirdPartyThread:106 - Error when creating pack: C:/Users/Admin/.stm32cubemx/thirdparties/pdsc/STMicroelectronics.X-CUBE-FREERTOS.pdsc
2026-06-04 08:27:51,778 [WARN] PopulateThirdPartyThread:106 - Error when creating pack: C:/Users/Admin/.stm32cubemx/thirdparties/pdsc/STMicroelectronics.X-CUBE-SMBUS.pdsc
2026-06-04 08:27:51,825 [WARN] PackLoader:240 - Cannot read IP mode file for STMicroelectronics.X-CUBE-TOUCHGFX.4.26.1
2026-06-04 08:27:51,831 [WARN] PopulateThirdPartyThread:106 - Error when creating pack: C:/Users/Admin/.stm32cubemx/thirdparties/pdsc/WES.I-CUBE-Cesium.pdsc
2026-06-04 08:27:51,831 [INFO] PopulateThirdPartyThread:66 - Ending populate Thread
2026-06-04 08:27:51,834 [INFO] ThirdParty:1030 - CMSIS Pack Vendor :STMicroelectronics X-CUBE-TOUCHGFX 4.26.1
2026-06-04 08:27:51,834 [INFO] LoadServerUpdatesThread:373 - End of LoadServerUpdate Thread
2026-06-04 08:27:51,939 [INFO] CheckServerUpdateThread:120 - End of CheckServer Thread
2026-06-04 08:27:53,733 [ERROR] Engine:466 - C:\Users\Admin\.stm32cubemx\thirdparties\pdsc\STMicroelectronics.X-CUBE-SMBUS.2.1.1.pdsc: PDSC version is not supported
2026-06-04 08:27:53,737 [WARN] PackLoader:240 - Cannot read IP mode file for STMicroelectronics.X-CUBE-SMBUS.2.1.0
2026-06-04 08:27:53,756 [WARN] PackLoader:240 - Cannot read IP mode file for STMicroelectronics.X-CUBE-AZRTOS-F7.1.1.0
2026-06-04 08:27:53,763 [ERROR] Engine:466 - C:\Users\Admin\.stm32cubemx\thirdparties\pdsc\WES.I-CUBE-Cesium.1.4.0.pdsc: PDSC version is not supported
2026-06-04 08:27:53,769 [WARN] PackLoader:240 - Cannot read IP mode file for STMicroelectronics.X-CUBE-DISPLAY.3.0.0
2026-06-04 08:27:53,780 [WARN] PackLoader:240 - Cannot read IP mode file for wolfSSL.I-CUBE-wolfSSL.5.9.1
2026-06-04 08:27:53,787 [WARN] PackLoader:240 - Cannot read IP mode file for emotas.I-CUBE-CANOPEN.1.3.0
2026-06-04 08:27:53,795 [INFO] LogOutputStream:77 - [STDOUT_REDIRECT] 1 : Invalid condition id : UX_CORESTACK_Condition cause : null
2026-06-04 08:27:53,795 [INFO] LogOutputStream:77 - [STDOUT_REDIRECT] 1 : Invalid condition id : UX_CORESTACK_Condition cause : null
2026-06-04 08:27:53,796 [INFO] LogOutputStream:77 - [STDOUT_REDIRECT] 1 : Invalid condition id : UX_CORESTACK_Condition cause : null
2026-06-04 08:27:53,797 [INFO] LogOutputStream:77 - [STDOUT_REDIRECT] 1 : Invalid condition id : UX_CORESTACK_Condition cause : null
2026-06-04 08:27:53,798 [INFO] LogOutputStream:77 - [STDOUT_REDIRECT] 1 : Invalid condition id : UX_CORESTACK_Condition cause : null
2026-06-04 08:27:53,803 [WARN] PackLoader:240 - Cannot read IP mode file for STMicroelectronics.X-CUBE-AZRTOS-WL.2.0.0
2026-06-04 08:27:53,812 [WARN] PackLoader:240 - Cannot read IP mode file for STMicroelectronics.X-CUBE-BLE2.3.3.0
2026-06-04 08:27:53,815 [ERROR] Engine:466 - C:\Users\Admin\.stm32cubemx\thirdparties\pdsc\Avnet-IOTCONNECT.X-CUBE-iotc-st67-sdk.1.0.0.pdsc: PDSC version is not supported
2026-06-04 08:27:53,820 [ERROR] Engine:466 - C:\Users\Admin\.stm32cubemx\thirdparties\pdsc\Infineon.AIROC-Wi-Fi-Bluetooth-STM32.1.8.0.pdsc: PDSC version is not supported
2026-06-04 08:27:53,824 [WARN] PackLoader:240 - Cannot read IP mode file for wolfSSL.I-CUBE-wolfMQTT.1.19.2
2026-06-04 08:27:53,838 [WARN] PackLoader:240 - Cannot read IP mode file for STMicroelectronics.X-CUBE-AZRTOS-G0.1.1.0
2026-06-04 08:27:53,846 [WARN] PackLoader:240 - Cannot read IP mode file for STMicroelectronics.X-CUBE-NFC4.3.0.0
2026-06-04 08:27:53,851 [ERROR] Engine:466 - C:\Users\Admin\.stm32cubemx\thirdparties\pdsc\EmbeddedOffice.I-CUBE-FS-RTOS.1.0.1.pdsc: PDSC version is not supported
2026-06-04 08:27:53,854 [WARN] PackLoader:240 - Cannot read IP mode file for wolfSSL.I-CUBE-wolfTPM.3.8.0
2026-06-04 08:27:53,858 [ERROR] Engine:466 - C:\Users\Admin\.stm32cubemx\thirdparties\pdsc\RealThread.X-CUBE-RT-Thread_Nano.4.1.1.pdsc: PDSC version is not supported
2026-06-04 08:27:53,861 [WARN] PackLoader:240 - Cannot read IP mode file for STMicroelectronics.FP-ATR-SIGFOX1.3.2.0
2026-06-04 08:27:53,863 [ERROR] Engine:466 - C:\Users\Admin\.stm32cubemx\thirdparties\pdsc\STMicroelectronics.X-CUBE-FREERTOS.1.5.0.pdsc: PDSC version is not supported
2026-06-04 08:27:53,868 [WARN] PackLoader:240 - Cannot read IP mode file for ITTIA_DB.I-CUBE-ITTIADB.8.9.0
2026-06-04 08:27:53,870 [ERROR] Engine:466 - C:\Users\Admin\.stm32cubemx\thirdparties\pdsc\Cesanta.I-CUBE-Mongoose.7.21.7.pdsc: PDSC version is not supported
2026-06-04 08:27:53,900 [WARN] PackLoader:240 - Cannot read IP mode file for SEGGER.I-CUBE-embOS.1.3.1
2026-06-04 08:27:53,946 [WARN] PackLoader:240 - Cannot read IP mode file for STMicroelectronics.X-CUBE-ALGOBUILD.1.4.0
2026-06-04 08:27:53,960 [WARN] PackLoader:240 - Cannot read IP mode file for STMicroelectronics.X-CUBE-AZRTOS-F4.1.1.0
2026-06-04 08:27:53,965 [ERROR] Engine:466 - C:\Users\Admin\.stm32cubemx\thirdparties\pdsc\STMicroelectronics.eDS-WB_DPC_TT-BIDIR.2.1.1.pdsc: PDSC version is not supported
2026-06-04 08:27:53,970 [WARN] PackLoader:240 - Cannot read IP mode file for STMicroelectronics.X-CUBE-ALGOBUILD.1.5.0
2026-06-04 08:27:53,973 [ERROR] Engine:466 - C:\Users\Admin\.stm32cubemx\thirdparties\pdsc\STMicroelectronics.eDS-WB_DPC_3PH2L-BIDIR.1.1.1.pdsc: PDSC version is not supported
2026-06-04 08:27:53,976 [WARN] PackLoader:240 - Cannot read IP mode file for STMicroelectronics.X-CUBE-TOUCHGFX.4.26.1
2026-06-04 08:27:53,987 [WARN] ConditionMgr:438 - getConditionDescription Invalid condition id : LAN8742 Phy interface Condition cause : null
2026-06-04 08:27:53,988 [WARN] PackLoader:240 - Cannot read IP mode file for STMicroelectronics.X-CUBE-AZRTOS-L4.2.0.0
2026-06-04 08:27:53,990 [WARN] ConditionMgr:1039 - genDependencies : Invalid condition id : LAN8742 Phy interface Condition cause : null
2026-06-04 08:27:53,990 [WARN] ConditionMgr:1039 - genDependencies : Invalid condition id : LAN8742 Phy interface Condition cause : null
2026-06-04 08:27:53,991 [WARN] ConditionMgr:1039 - genDependencies : Invalid condition id : LAN8742 Phy interface Condition cause : null
2026-06-04 08:27:53,998 [WARN] PackLoader:240 - Cannot read IP mode file for STMicroelectronics.X-CUBE-SFXS2LP1.4.0.0
2026-06-04 08:27:54,001 [ERROR] Engine:466 - C:\Users\Admin\.stm32cubemx\thirdparties\pdsc\quantropi.X-CUBE-qispace-sdk-base.2.1.0.pdsc: PDSC version is not supported
2026-06-04 08:27:54,008 [WARN] PackLoader:240 - Cannot read IP mode file for STMicroelectronics.X-CUBE-SUBG2.5.0.0
2026-06-04 08:27:54,021 [WARN] PackLoader:240 - Cannot read IP mode file for STMicroelectronics.X-CUBE-AZRTOS-G4.2.0.0
2026-06-04 08:27:54,026 [WARN] PackLoader:240 - Cannot read IP mode file for wolfSSL.I-CUBE-wolfSSH.1.4.20
2026-06-04 08:27:54,027 [INFO] ThirdParty:978 - Integrity check success = true
2026-06-04 08:27:54,027 [INFO] IntegrityCheckThread:100 - exiting critical section [integrity check]
2026-06-04 08:27:54,027 [INFO] IntegrityCheckThread:103 - End integrity checks thread
2026-06-04 08:28:05,951 [ERROR] LogOutputStream:75 - [STDERR_REDIRECT] SLF4J: Failed to load class "org.slf4j.impl.StaticLoggerBinder".
2026-06-04 08:28:05,951 [ERROR] LogOutputStream:75 - [STDERR_REDIRECT] SLF4J: Defaulting to no-operation (NOP) logger implementation
2026-06-04 08:28:05,952 [ERROR] LogOutputStream:75 - [STDERR_REDIRECT] SLF4J: See http://www.slf4j.org/codes.html#StaticLoggerBinder for further details.
2026-06-04 11:00:37,873 [INFO] McuFinderGlobals:63 - Set McuFinder mode to 2 (CubeIDE integrated)
2026-06-04 11:00:37,877 [INFO] MainUpdater:2868 - connection check result : 10
2026-06-04 11:00:37,878 [INFO] MainUpdater:2868 - connection check result : 10
2026-06-04 11:00:37,904 [INFO] MicroXplorer:468 - Change Database Path : 
2026-06-04 11:00:37,904 [INFO] MicroXplorer:498 - Change Database Version : DB.6.0.91
2026-06-04 11:00:37,908 [WARN] ThirdParty:871 - waiting for thirdparty lock release [close project]
2026-06-04 11:00:37,908 [INFO] ThirdParty:873 - entering critical section [close project]
2026-06-04 11:00:37,909 [INFO] ThirdParty:883 - exiting critical section [close project]
2026-06-04 11:00:37,910 [INFO] PinOutPanel:1499 - setPackage(No Configuration,No Configuration)
2026-06-04 11:00:37,916 [INFO] UtilMem:75 - Begin LoadConfig() Used Memory: 709235448 Bytes (1073741824)
2026-06-04 11:00:37,916 [INFO] MicroXplorer:468 - Change Database Path : 
2026-06-04 11:00:37,917 [INFO] MicroXplorer:498 - Change Database Version : DB.6.0.91
2026-06-04 11:00:37,917 [INFO] OpenFileManager:308 - Change cursor
2026-06-04 11:00:37,945 [INFO] Mcu:1946 - Initializing MCU STM32F103C(8-B)Tx STM32F103C8Tx STM32F103C8T6
2026-06-04 11:00:38,533 [INFO] Context:659 - Trying to add GPIOservice into a context  which must be forbidden
2026-06-04 11:00:38,774 [WARN] ModelIntegratedComponent:63 - No mode defined for component null
2026-06-04 11:00:38,774 [WARN] ModelIntegratedComponent:63 - No mode defined for component null
2026-06-04 11:00:38,774 [WARN] ModelIntegratedComponent:63 - No mode defined for component null
2026-06-04 11:00:38,774 [WARN] ModelIntegratedComponent:63 - No mode defined for component null
2026-06-04 11:00:38,774 [WARN] ModelIntegratedComponent:63 - No mode defined for component null
2026-06-04 11:00:38,774 [WARN] ModelIntegratedComponent:63 - No mode defined for component null
2026-06-04 11:00:38,774 [WARN] ModelIntegratedComponent:63 - No mode defined for component null
2026-06-04 11:00:38,774 [WARN] ModelIntegratedComponent:63 - No mode defined for component null
2026-06-04 11:00:38,774 [WARN] ModelIntegratedComponent:63 - No mode defined for component null
2026-06-04 11:00:38,774 [WARN] ModelIntegratedComponent:63 - No mode defined for component null
2026-06-04 11:00:38,775 [WARN] ModelIntegratedComponent:63 - No mode defined for component null
2026-06-04 11:00:38,775 [WARN] ModelIntegratedComponent:63 - No mode defined for component null
2026-06-04 11:00:38,775 [WARN] ModelIntegratedComponent:63 - No mode defined for component null
2026-06-04 11:00:38,775 [WARN] ModelIntegratedComponent:63 - No mode defined for component null
2026-06-04 11:00:38,775 [WARN] ModelIntegratedComponent:63 - No mode defined for component null
2026-06-04 11:00:38,775 [WARN] ModelIntegratedComponent:63 - No mode defined for component null
2026-06-04 11:00:38,775 [WARN] ModelIntegratedComponent:63 - No mode defined for component null
2026-06-04 11:00:38,775 [WARN] ModelIntegratedComponent:63 - No mode defined for component null
2026-06-04 11:00:38,775 [WARN] ModelIntegratedComponent:63 - No mode defined for component null
2026-06-04 11:00:38,775 [WARN] ModelIntegratedComponent:63 - No mode defined for component null
2026-06-04 11:00:38,775 [WARN] ModelIntegratedComponent:63 - No mode defined for component null
2026-06-04 11:00:38,775 [WARN] ModelIntegratedComponent:63 - No mode defined for component null
2026-06-04 11:00:38,775 [WARN] ModelIntegratedComponent:63 - No mode defined for component null
2026-06-04 11:00:38,775 [WARN] ModelIntegratedComponent:63 - No mode defined for component null
2026-06-04 11:00:38,775 [WARN] ModelIntegratedComponent:63 - No mode defined for component null
2026-06-04 11:00:38,775 [WARN] ModelIntegratedComponent:63 - No mode defined for component null
2026-06-04 11:00:38,775 [WARN] ModelIntegratedComponent:63 - No mode defined for component null
2026-06-04 11:00:38,775 [WARN] ModelIntegratedComponent:63 - No mode defined for component null
2026-06-04 11:00:38,776 [WARN] ModelIntegratedComponent:63 - No mode defined for component null
2026-06-04 11:00:38,776 [WARN] ModelIntegratedComponent:63 - No mode defined for component null
2026-06-04 11:00:38,776 [WARN] ModelIntegratedComponent:63 - No mode defined for component null
2026-06-04 11:00:38,776 [WARN] ModelIntegratedComponent:63 - No mode defined for component null
2026-06-04 11:00:38,776 [WARN] ModelIntegratedComponent:63 - No mode defined for component null
2026-06-04 11:00:38,789 [INFO] RtosManager:555 - Registered RTOS mode: class=CMSIS, group=RTOS, mode=CMSIS_V1, owner=FREERTOS
2026-06-04 11:00:38,789 [INFO] RtosManager:555 - Registered RTOS mode: class=CMSIS, group=RTOS2, mode=CMSIS_V2, owner=FREERTOS
2026-06-04 11:00:38,789 [INFO] RtosManager:555 - Registered RTOS mode: class=RTOS, group=Core, mode=CMSIS_V1, owner=FREERTOS
2026-06-04 11:00:38,789 [INFO] RtosManager:555 - Registered RTOS mode: class=RTOS, group=Core, mode=CMSIS_V2, owner=FREERTOS
2026-06-04 11:00:38,789 [WARN] ModelIntegratedComponent:184 - Missing modes for component STMicroelectronics:FreeRTOS:0.0.1:STMicroelectronics:RTOS:FreeRTOS:Core:::10.2.0:
2026-06-04 11:00:38,806 [INFO] ThirdPartyModel:298 - Start build external matchings
2026-06-04 11:00:38,855 [INFO] ThirdPartyModel:316 - End build external matchings
2026-06-04 11:00:39,091 [INFO] UtilMem:75 - End LoadConfig() Used Memory: 860340536 Bytes (1073741824)
2026-06-04 11:00:39,189 [INFO] ApiDb:581 - Connected to CubeFinder SQLite database (C:\Users\Admin\.stmcufinder\plugins\mcufinder\mcu\cube-finder-db.db)
2026-06-04 11:00:39,289 [INFO] ApiDb:668 - CubeFinder database Data Model version=2.1
2026-06-04 11:00:39,289 [INFO] ApiDb:669 - CubeFinder database Configuration version=3.0.42
2026-06-04 11:00:39,291 [INFO] ApiDb:670 - CubeFinder database generation date=2026-05-06 (1778060171)
2026-06-04 11:00:39,291 [INFO] ApiDb:671 - CubeFinder database FW Pack versions=[FP-ATR-ASTRA1_V2.0.0, FP-SNS-FLIGHT1_V5.1.0, FP-SNS-MOTENV1_V5.1.0, FP-SNS-MOTENVWB1_V1.5.0, FP-SNS-SMARTAG2_V1.2.0, FP-SNS-STBOX1_V2.1.0, STM32Cube_FW_C0_V1.4.0, STM32Cube_FW_F4_V1.28.3, STM32Cube_FW_F7_V1.17.4, STM32Cube_FW_G0_V1.6.3, STM32Cube_FW_G4_V1.6.2, STM32Cube_FW_H5_V1.6.0, STM32Cube_FW_H7RS_V1.3.0, STM32Cube_FW_H7_V1.13.0, STM32Cube_FW_L0_V1.12.2, STM32Cube_FW_L4_V1.18.2, STM32Cube_FW_L5_V1.6.0, STM32Cube_FW_N6_V1.3.0, STM32Cube_FW_U0_V1.3.0, STM32Cube_FW_U3_V1.3.0, STM32Cube_FW_U5_V1.8.0, STM32Cube_FW_WB0_V1.4.0, STM32Cube_FW_WBA_V1.9.0, STM32Cube_FW_WB_V1.24.0, STM32Cube_FW_WL3_V1.4.0, STM32Cube_FW_WL_V1.5.0, X-CUBE-ALGOBUILD_V1.4.0, X-CUBE-ALS_V1.0.2, X-CUBE-AZRTOS-F4_V1.1.0, X-CUBE-AZRTOS-F7_V1.1.0, X-CUBE-AZRTOS-G0_V1.1.0, X-CUBE-AZRTOS-G4_V2.0.0, X-CUBE-AZRTOS-H7RS_V1.1.0, X-CUBE-AZRTOS-H7_V3.5.0, X-CUBE-AZRTOS-L4_V2.0.0, X-CUBE-AZRTOS-L5_V2.0.0, X-CUBE-AZRTOS-WB_V2.0.0, X-CUBE-AZRTOS-WL_V2.0.0, X-CUBE-BLE1_V7.1.0, X-CUBE-BLE2_V3.3.0, X-CUBE-BLEMGR_V4.1.0, X-CUBE-EEPRMA1_V5.2.0, X-CUBE-FREERTOS_V1.5.0, X-CUBE-GNSS1_V6.0.0, X-CUBE-MEMS1_V12.0.0, X-CUBE-NFC4_V3.0.0, X-CUBE-NFC7_V2.0.0, X-CUBE-SFXS2LP1_V4.0.0, X-CUBE-ST67W61_V1.2.0, X-CUBE-SUBG2_V5.0.0, X-CUBE-TOF1_V3.4.3]
2026-06-04 11:00:41,866 [INFO] ApiDb:240 - Found 323 in-development CPN: [B-G473E-ZEST1S, B-WB1M-WPAN1, B-WL5M-SUBG1, NUCLEO-C031C6, NUCLEO-H503RB, NUCLEO-H563ZI, NUCLEO-U545RE-Q, NUCLEO-U5A5ZJ-Q, NUCLEO-WBA52CG, STEVAL-PROTEUS1, STEVAL-SMARTAG2, STEVAL-STWINBX1, STM320518-EVAL, STM32C0116-DK, STM32C011D6Y3TR, STM32C011D6Y6TR, STM32C011F4P3, STM32C011F4P6, STM32C011F4U3, STM32C011F4U6TR, STM32C011F6P3, STM32C011F6P6, STM32C011F6U3, STM32C011F6U6TR, STM32C011J4M3, STM32C011J4M6, STM32C011J6M3, STM32C011J6M6, STM32C0316-DK, STM32C031C4T3, STM32C031C4T6, STM32C031C4U3, STM32C031C4U6, STM32C031C6T3, STM32C031C6T6, STM32C031C6U3, STM32C031C6U6, STM32C031F4P3, STM32C031F4P6, STM32C031F6P3, STM32C031F6P6, STM32C031G4U3, STM32C031G4U6, STM32C031G6U3, STM32C031G6U6, STM32C031K4T3, STM32C031K4T6, STM32C031K4U3, STM32C031K4U6, STM32C031K6T3, STM32C031K6T6, STM32C031K6U3, STM32C031K6U6, STM32G071K8TXN, STM32G071K8UXN, STM32G081GBU6N, STM32G081KBT6N, STM32G081KBUXN, STM32G0B1CCT6N, STM32G0B1KCT6, STM32G0B1NEY6TR, STM32G0B1RCT6N, STM32G0C1CCT6, STM32G0C1CCT6N, STM32G0C1CCU6N, STM32G0C1CET6N, STM32G0C1CEU6N, STM32G0C1KCT6, STM32G0C1NEY6TR, STM32G0C1RCI6N, STM32G0C1RCT6N, STM32G0C1REI6N, STM32G0C1RET6N, STM32G0C1VCI6, STM32G0C1VEI6, STM32G471CCT6, STM32G471CCU6, STM32G471CET3, STM32G471CET6, STM32G471CEU3, STM32G471CEU6, STM32G471MCT6, STM32G471MET3, STM32G471MET6, STM32G471MEY6TR, STM32G471QCT6, STM32G471QET3, STM32G471RCT6, STM32G471RET3, STM32G471RET6, STM32G471VCH6, STM32G471VCI6, STM32G471VCT6, STM32G471VEH3, STM32G471VEH6, STM32G471VEI3, STM32G471VEI6, STM32G471VET3, STM32G471VET6, STM32G474CCT6, STM32H503CBT6, STM32H503CBU6, STM32H503EBY6TR, STM32H503KBU6, STM32H503RBT6, STM32H562AGI6, STM32H562AII6, STM32H562IGK6, STM32H562IGT6, STM32H562IIK6, STM32H562IIT6, STM32H562RGT6, STM32H562RGV6, STM32H562RIT6, STM32H562RIV6, STM32H562VGT6, STM32H562VIT6, STM32H562ZGT6, STM32H562ZIT6, STM32H563AGI6, STM32H563AII3Q, STM32H563AII6, STM32H563IGK6, STM32H563IGT6, STM32H563IIK3Q, STM32H563IIK6, STM32H563IIT3Q, STM32H563IIT6, STM32H563MIY3QTR, STM32H563RGT6, STM32H563RGV6, STM32H563RIT6, STM32H563RIV6, STM32H563VGT6, STM32H563VIT3Q, STM32H563VIT6, STM32H563ZGT6, STM32H563ZIT3Q, STM32H563ZIT6, STM32H573AII3Q, STM32H573AII6, STM32H573I-DK, STM32H573IIK3Q, STM32H573IIK6, STM32H573IIT3Q, STM32H573IIT6, STM32H573MIY3QTR, STM32H573RIT6, STM32H573RIV6, STM32H573VIT3Q, STM32H573VIT6, STM32H573ZIT3Q, STM32H573ZIT6, STM32L4R5QGI6STR, STM32MP131AAE3, STM32MP131AAF3, STM32MP131AAG3, STM32MP131CAE3, STM32MP131CAF3, STM32MP131CAG3, STM32MP131DAE7, STM32MP131DAF7, STM32MP131DAG7, STM32MP131FAE7, STM32MP131FAF7, STM32MP131FAG7, STM32MP133AAE3, STM32MP133AAF3, STM32MP133AAG3, STM32MP133CAE3, STM32MP133CAF3, STM32MP133CAG3, STM32MP133DAE7, STM32MP133DAF7, STM32MP133DAG7, STM32MP133FAE7, STM32MP133FAF7, STM32MP133FAG7, STM32MP135AAE3, STM32MP135AAF3, STM32MP135AAG3, STM32MP135CAE3, STM32MP135CAF3, STM32MP135CAG3, STM32MP135DAE7, STM32MP135DAF7, STM32MP135DAG7, STM32MP135F-DK, STM32MP135FAE7, STM32MP135FAF7, STM32MP135FAF7T, STM32MP135FAF7U, STM32MP135FAG7, STM32U535CBT6, STM32U535CBT6Q, STM32U535CBU6, STM32U535CBU6Q, STM32U535CCT6, STM32U535CCT6Q, STM32U535CCU6, STM32U535CCU6Q, STM32U535CET6, STM32U535CET6Q, STM32U535CEU6, STM32U535CEU6Q, STM32U535JEY6QTR, STM32U535NCY6QTR, STM32U535NEY6QTR, STM32U535RBI6, STM32U535RBI6Q, STM32U535RBT6, STM32U535RBT6Q, STM32U535RCI6, STM32U535RCI6Q, STM32U535RCT6, STM32U535RCT6Q, STM32U535REI6, STM32U535REI6Q, STM32U535RET6, STM32U535RET6Q, STM32U535VCI6, STM32U535VCI6Q, STM32U535VCT6, STM32U535VCT6Q, STM32U535VEI6, STM32U535VEI6Q, STM32U535VET6, STM32U535VET6Q, STM32U545CET6, STM32U545CET6Q, STM32U545CEU6, STM32U545CEU6Q, STM32U545JEY6QTR, STM32U545NEY6QTR, STM32U545REI6, STM32U545REI6Q, STM32U545RET6, STM32U545RET6Q, STM32U545VEI6, STM32U545VEI6Q, STM32U545VET6, STM32U545VET6Q, STM32U595AIH6, STM32U595AIH6Q, STM32U595AJH6, STM32U595AJH6Q, STM32U595QII6, STM32U595QII6Q, STM32U595QJI6, STM32U595QJI6Q, STM32U595RIT6, STM32U595RIT6Q, STM32U595RJT6, STM32U595RJT6Q, STM32U595VIT6, STM32U595VIT6Q, STM32U595VJT6, STM32U595VJT6Q, STM32U595ZIT6, STM32U595ZIT6Q, STM32U595ZIY6QTR, STM32U595ZJT6, STM32U595ZJT6Q, STM32U595ZJY6QTR, STM32U599BJY6QTR, STM32U599NIH6Q, STM32U599NJH6Q, STM32U599VIT6Q, STM32U599VJT6, STM32U599VJT6Q, STM32U599ZIT6Q, STM32U599ZIY6QTR, STM32U599ZJT6Q, STM32U599ZJY6QTR, STM32U5A5AJH6, STM32U5A5AJH6Q, STM32U5A5QJI6, STM32U5A5QJI6Q, STM32U5A5RJT6, STM32U5A5RJT6Q, STM32U5A5VJT6, STM32U5A5VJT6Q, STM32U5A5ZJT6, STM32U5A5ZJT6Q, STM32U5A5ZJY6QTR, STM32U5A9BJY6QTR, STM32U5A9J-DK, STM32U5A9NJH6Q, STM32U5A9VJT6Q, STM32U5A9ZJT6Q, STM32U5A9ZJY6QTR, STM32U5F7VIT6, STM32U5F7VIT6Q, STM32U5F7VJT6, STM32U5F7VJT6Q, STM32U5F9BJY6QTR, STM32U5F9NJH6Q, STM32U5F9VIT6Q, STM32U5F9VJT6Q, STM32U5F9ZIJ6QTR, STM32U5F9ZIT6Q, STM32U5F9ZJJ6QTR, STM32U5F9ZJT6Q, STM32U5G7VJT6, STM32U5G7VJT6Q, STM32U5G9BJY6QTR, STM32U5G9J-DK1, STM32U5G9J-DK2, STM32U5G9NJH6Q, STM32U5G9VJT6Q, STM32U5G9ZJJ6QTR, STM32U5G9ZJT6Q, STM32WB1MMCH6, STM32WBA52CEU6, STM32WBA52CEU6T, STM32WBA52CGU6, STM32WBA52CGU6T, STM32WBA52KEU6, STM32WBA52KEU6T, STM32WBA52KGU6, STM32WBA52KGU6T, STM32WL5MOCH6, STM32WL5MOCH6TR]
2026-06-04 11:00:41,870 [INFO] DbMcus:217 - Found 5061 MCUs, 4943 are supported
2026-06-04 11:00:41,870 [INFO] ApiDb:423 - Load user favorites file C:\Users\Admin/.stm32cubeide/favorites.mcus.txt: 2 item(s)
2026-06-04 11:00:41,871 [INFO] ApiDb:427 - User favorites MCUs=[STM32F103C8T6, STM32F405RGT6]
2026-06-04 11:00:41,871 [INFO] DbMcus:223 - Set 2 / 2 favorites MCUs
2026-06-04 11:00:42,337 [WARN] ThirdParty:833 - waiting for thirdparty lock release [change project]
2026-06-04 11:00:42,337 [INFO] ThirdParty:835 - entering critical section [change project]
2026-06-04 11:00:42,337 [INFO] ThirdParty:1030 - CMSIS Pack Vendor :wolfSSL I-CUBE-wolfTPM 3.8.0
2026-06-04 11:00:42,337 [INFO] ThirdParty:1030 - CMSIS Pack Vendor :STMicroelectronics USBPD 4.1
2026-06-04 11:00:42,338 [INFO] ThirdParty:1030 - CMSIS Pack Vendor :STMicroelectronics X-CUBE-DISPLAY 3.0.0
2026-06-04 11:00:42,338 [INFO] ThirdParty:1030 - CMSIS Pack Vendor :wolfSSL I-CUBE-wolfSSH 1.4.20
2026-06-04 11:00:42,338 [INFO] ThirdParty:1030 - CMSIS Pack Vendor :STMicroelectronics USB_HOST 2.0.0
2026-06-04 11:00:42,338 [INFO] ThirdParty:1030 - CMSIS Pack Vendor :STMicroelectronics X-CUBE-AZRTOS-F4 1.1.0
2026-06-04 11:00:42,338 [INFO] ThirdParty:1030 - CMSIS Pack Vendor :STMicroelectronics LIBJPEG 8.0.0
2026-06-04 11:00:42,338 [INFO] ThirdParty:1030 - CMSIS Pack Vendor :wolfSSL I-CUBE-wolfSSL 5.9.1
2026-06-04 11:00:42,338 [INFO] ThirdParty:1030 - CMSIS Pack Vendor :STMicroelectronics FP-ATR-SIGFOX1 3.2.0
2026-06-04 11:00:42,338 [INFO] ThirdParty:1030 - CMSIS Pack Vendor :STMicroelectronics X-CUBE-SMBUS 2.1.0
2026-06-04 11:00:42,338 [INFO] ThirdParty:1030 - CMSIS Pack Vendor :wolfSSL I-CUBE-wolfMQTT 1.19.2
2026-06-04 11:00:42,338 [INFO] ThirdParty:1030 - CMSIS Pack Vendor :STMicroelectronics USB_DEVICE 3.0.0
2026-06-04 11:00:42,338 [INFO] ThirdParty:1030 - CMSIS Pack Vendor :STMicroelectronics HAL Drivers 0.0.0
2026-06-04 11:00:42,338 [INFO] ThirdParty:1030 - CMSIS Pack Vendor :STMicroelectronics MBEDTLS 2.16.2
2026-06-04 11:00:42,338 [INFO] ThirdParty:1030 - CMSIS Pack Vendor :emotas I-CUBE-CANOPEN 1.3.0
2026-06-04 11:00:42,338 [INFO] ThirdParty:1030 - CMSIS Pack Vendor :STMicroelectronics MBEDTLS 2.14.1
2026-06-04 11:00:42,338 [INFO] ThirdParty:1030 - CMSIS Pack Vendor :ITTIA_DB I-CUBE-ITTIADB 8.9.0
2026-06-04 11:00:42,338 [INFO] ThirdParty:1030 - CMSIS Pack Vendor :STMicroelectronics X-CUBE-AZRTOS-F7 1.1.0
2026-06-04 11:00:42,338 [INFO] ThirdParty:1030 - CMSIS Pack Vendor :STMicroelectronics X-CUBE-TOUCHGFX 4.26.1
2026-06-04 11:00:42,338 [INFO] ThirdParty:1030 - CMSIS Pack Vendor :STMicroelectronics USB_DEVICE 2.0.0
2026-06-04 11:00:42,338 [INFO] ThirdParty:1030 - CMSIS Pack Vendor :STMicroelectronics ThreadX 1.0.0
2026-06-04 11:00:42,338 [INFO] ThirdParty:1030 - CMSIS Pack Vendor :STMicroelectronics X-CUBE-AZRTOS-WL 2.0.0
2026-06-04 11:00:42,338 [INFO] ThirdParty:1030 - CMSIS Pack Vendor :SEGGER I-CUBE-embOS 1.3.1
2026-06-04 11:00:42,338 [INFO] ThirdParty:1030 - CMSIS Pack Vendor :STMicroelectronics X-CUBE-ALGOBUILD 1.4.0
2026-06-04 11:00:42,338 [INFO] ThirdParty:1030 - CMSIS Pack Vendor :STMicroelectronics X-CUBE-ALGOBUILD 1.5.0
2026-06-04 11:00:42,338 [INFO] ThirdParty:1030 - CMSIS Pack Vendor :STMicroelectronics FreeRTOS 0.0.1
2026-06-04 11:00:42,338 [INFO] ThirdParty:1030 - CMSIS Pack Vendor :STMicroelectronics X-CUBE-AZRTOS-G0 1.1.0
2026-06-04 11:00:42,338 [INFO] ThirdParty:1030 - CMSIS Pack Vendor :STMicroelectronics USB_DEVICE 1.0.0
2026-06-04 11:00:42,338 [INFO] ThirdParty:1030 - CMSIS Pack Vendor :STMicroelectronics X-CUBE-NFC4 3.0.0
2026-06-04 11:00:42,338 [INFO] ThirdParty:1030 - CMSIS Pack Vendor :STMicroelectronics X-CUBE-SUBG2 5.0.0
2026-06-04 11:00:42,338 [INFO] ThirdParty:1030 - CMSIS Pack Vendor :STMicroelectronics STM32_WPAN 1.0.0
2026-06-04 11:00:42,338 [INFO] ThirdParty:1030 - CMSIS Pack Vendor :STMicroelectronics X-CUBE-AZRTOS-L4 2.0.0
2026-06-04 11:00:42,338 [INFO] ThirdParty:1030 - CMSIS Pack Vendor :STMicroelectronics ThreadX 0.0.2
2026-06-04 11:00:42,338 [INFO] ThirdParty:1030 - CMSIS Pack Vendor :STMicroelectronics lwIP 2.0.3
2026-06-04 11:00:42,338 [INFO] ThirdParty:1030 - CMSIS Pack Vendor :STMicroelectronics lwIP 2.1.2
2026-06-04 11:00:42,338 [INFO] ThirdParty:1030 - CMSIS Pack Vendor :STMicroelectronics X-CUBE-SFXS2LP1 4.0.0
2026-06-04 11:00:42,338 [INFO] ThirdParty:1030 - CMSIS Pack Vendor :STMicroelectronics X-CUBE-BLE2 3.3.0
2026-06-04 11:00:42,338 [INFO] ThirdParty:1030 - CMSIS Pack Vendor :STMicroelectronics USB_HOST 1.0.0
2026-06-04 11:00:42,339 [INFO] ThirdParty:1030 - CMSIS Pack Vendor :STMicroelectronics X-CUBE-AZRTOS-G4 2.0.0
2026-06-04 11:00:42,339 [INFO] ThirdParty:1030 - CMSIS Pack Vendor :STMicroelectronics PDM2PCM 3.1.0
2026-06-04 11:00:42,339 [INFO] ThirdParty:1030 - CMSIS Pack Vendor :STMicroelectronics PDM2PCM 3.2.0
2026-06-04 11:00:42,339 [INFO] ThirdParty:1030 - CMSIS Pack Vendor :STMicroelectronics PDM2PCM 3.3.0
2026-06-04 11:00:42,339 [INFO] ThirdParty:841 - exiting critical section [change project]
2026-06-04 11:00:42,540 [INFO] PinOutPanel:1499 - setPackage(No Configuration,No Configuration)
2026-06-04 11:00:42,541 [INFO] PinOutPanel:1499 - setPackage(STM32F103C8Tx,LQFP48)
2026-06-04 11:00:42,970 [INFO] UtilMem:75 - Before build in PCC Used Memory: 693892664 Bytes (1073741824)
2026-06-04 11:00:43,906 [INFO] UtilMem:75 - After build in PCC Used Memory: 763499520 Bytes (1073741824)
2026-06-04 11:00:43,938 [INFO] IPUIPlugin:80 - create IPUIPlugin
2026-06-04 11:00:43,938 [INFO] IPUIPlugin:80 - create IPUIPlugin
2026-06-04 11:00:43,938 [INFO] IPUIPlugin:80 - create IPUIPlugin
2026-06-04 11:00:43,938 [INFO] IPUIPlugin:80 - create IPUIPlugin
2026-06-04 11:00:43,938 [INFO] IPUIPlugin:80 - create IPUIPlugin
2026-06-04 11:00:43,938 [INFO] IPUIPlugin:80 - create IPUIPlugin
2026-06-04 11:00:43,939 [INFO] IPUIPlugin:80 - create IPUIPlugin
2026-06-04 11:00:43,939 [INFO] IPUIPlugin:80 - create IPUIPlugin
2026-06-04 11:00:43,939 [INFO] IPUIPlugin:80 - create IPUIPlugin
2026-06-04 11:00:43,939 [INFO] IPUIPlugin:80 - create IPUIPlugin
2026-06-04 11:00:43,939 [INFO] IPUIPlugin:80 - create IPUIPlugin
2026-06-04 11:00:43,939 [INFO] IPUIPlugin:80 - create IPUIPlugin
2026-06-04 11:00:43,940 [INFO] IPUIPlugin:80 - create IPUIPlugin
2026-06-04 11:00:43,940 [INFO] IPUIPlugin:80 - create IPUIPlugin
2026-06-04 11:00:43,940 [INFO] IPUIPlugin:80 - create IPUIPlugin
2026-06-04 11:00:43,940 [INFO] IPUIPlugin:80 - create IPUIPlugin
2026-06-04 11:00:43,941 [INFO] IPUIPlugin:80 - create IPUIPlugin
2026-06-04 11:00:43,941 [INFO] IPUIPlugin:80 - create IPUIPlugin
2026-06-04 11:00:43,941 [INFO] IPUIPlugin:80 - create IPUIPlugin
2026-06-04 11:00:43,942 [INFO] IPUIPlugin:80 - create IPUIPlugin
2026-06-04 11:00:43,942 [INFO] IPUIPlugin:80 - create IPUIPlugin
2026-06-04 11:00:43,942 [INFO] IPUIPlugin:80 - create IPUIPlugin
2026-06-04 11:00:43,942 [INFO] IPUIPlugin:80 - create IPUIPlugin
2026-06-04 11:00:43,943 [INFO] IPUIPlugin:80 - create IPUIPlugin
2026-06-04 11:00:43,943 [INFO] IPUIPlugin:80 - create IPUIPlugin
2026-06-04 11:00:43,943 [INFO] IPUIPlugin:80 - create IPUIPlugin
2026-06-04 11:00:43,944 [INFO] IPUIPlugin:80 - create IPUIPlugin
2026-06-04 11:00:43,952 [WARN] IP:2114 - I2C_Coeff_DF not found: check if there is a RefParameter without a condition.
2026-06-04 11:00:43,952 [WARN] IP:2114 - Analog_Filter not found: check if there is a RefParameter without a condition.
2026-06-04 11:00:44,216 [INFO] CADModel:165 - CPN selected for project levelSTM32F103C8T6
2026-06-04 11:00:44,216 [INFO] CADModel:114 - Register for checkConnection events
2026-06-04 11:00:44,271 [INFO] OpenFileManager:328 - Restore cursor
2026-06-04 11:00:44,440 [WARN] IP:2114 - I2C_Coeff_DF not found: check if there is a RefParameter without a condition.
2026-06-04 11:00:44,440 [WARN] IP:2114 - Analog_Filter not found: check if there is a RefParameter without a condition.
2026-06-04 11:00:44,440 [WARN] IP:2114 - I2C_Coeff_DF not found: check if there is a RefParameter without a condition.
2026-06-04 11:00:44,440 [WARN] IP:2114 - Analog_Filter not found: check if there is a RefParameter without a condition.
2026-06-04 11:00:50,805 [INFO] MainUpdater:2868 - connection check result : 10
2026-06-04 11:00:50,805 [INFO] MainUpdater:2868 - connection check result : 10
2026-06-04 11:00:50,891 [INFO] MicroXplorer:468 - Change Database Path : 
2026-06-04 11:00:50,891 [INFO] MicroXplorer:498 - Change Database Version : DB.6.0.91
2026-06-04 11:00:50,908 [WARN] ThirdParty:871 - waiting for thirdparty lock release [close project]
2026-06-04 11:00:50,908 [INFO] ThirdParty:873 - entering critical section [close project]
2026-06-04 11:00:50,908 [INFO] ThirdParty:883 - exiting critical section [close project]
2026-06-04 11:00:50,909 [INFO] PinOutPanel:1499 - setPackage(No Configuration,No Configuration)
2026-06-04 11:00:50,915 [INFO] UtilMem:75 - Begin LoadConfig() Used Memory: 736466784 Bytes (1073741824)
2026-06-04 11:00:50,915 [INFO] MicroXplorer:468 - Change Database Path : 
2026-06-04 11:00:50,915 [INFO] MicroXplorer:498 - Change Database Version : DB.6.0.91
2026-06-04 11:00:50,916 [INFO] OpenFileManager:308 - Change cursor
2026-06-04 11:00:50,919 [INFO] Mcu:1946 - Initializing MCU STM32F103C(8-B)Tx STM32F103C8Tx STM32F103C8T6
2026-06-04 11:00:51,302 [INFO] Context:659 - Trying to add GPIOservice into a context  which must be forbidden
2026-06-04 11:00:51,430 [WARN] ModelIntegratedComponent:63 - No mode defined for component null
2026-06-04 11:00:51,430 [WARN] ModelIntegratedComponent:63 - No mode defined for component null
2026-06-04 11:00:51,430 [WARN] ModelIntegratedComponent:63 - No mode defined for component null
2026-06-04 11:00:51,430 [WARN] ModelIntegratedComponent:63 - No mode defined for component null
2026-06-04 11:00:51,430 [WARN] ModelIntegratedComponent:63 - No mode defined for component null
2026-06-04 11:00:51,430 [WARN] ModelIntegratedComponent:63 - No mode defined for component null
2026-06-04 11:00:51,430 [WARN] ModelIntegratedComponent:63 - No mode defined for component null
2026-06-04 11:00:51,430 [WARN] ModelIntegratedComponent:63 - No mode defined for component null
2026-06-04 11:00:51,430 [WARN] ModelIntegratedComponent:63 - No mode defined for component null
2026-06-04 11:00:51,430 [WARN] ModelIntegratedComponent:63 - No mode defined for component null
2026-06-04 11:00:51,430 [WARN] ModelIntegratedComponent:63 - No mode defined for component null
2026-06-04 11:00:51,430 [WARN] ModelIntegratedComponent:63 - No mode defined for component null
2026-06-04 11:00:51,430 [WARN] ModelIntegratedComponent:63 - No mode defined for component null
2026-06-04 11:00:51,431 [WARN] ModelIntegratedComponent:63 - No mode defined for component null
2026-06-04 11:00:51,431 [WARN] ModelIntegratedComponent:63 - No mode defined for component null
2026-06-04 11:00:51,431 [WARN] ModelIntegratedComponent:63 - No mode defined for component null
2026-06-04 11:00:51,431 [WARN] ModelIntegratedComponent:63 - No mode defined for component null
2026-06-04 11:00:51,431 [WARN] ModelIntegratedComponent:63 - No mode defined for component null
2026-06-04 11:00:51,431 [WARN] ModelIntegratedComponent:63 - No mode defined for component null
2026-06-04 11:00:51,431 [WARN] ModelIntegratedComponent:63 - No mode defined for component null
2026-06-04 11:00:51,431 [WARN] ModelIntegratedComponent:63 - No mode defined for component null
2026-06-04 11:00:51,431 [WARN] ModelIntegratedComponent:63 - No mode defined for component null
2026-06-04 11:00:51,431 [WARN] ModelIntegratedComponent:63 - No mode defined for component null
2026-06-04 11:00:51,431 [WARN] ModelIntegratedComponent:63 - No mode defined for component null
2026-06-04 11:00:51,431 [WARN] ModelIntegratedComponent:63 - No mode defined for component null
2026-06-04 11:00:51,431 [WARN] ModelIntegratedComponent:63 - No mode defined for component null
2026-06-04 11:00:51,431 [WARN] ModelIntegratedComponent:63 - No mode defined for component null
2026-06-04 11:00:51,431 [WARN] ModelIntegratedComponent:63 - No mode defined for component null
2026-06-04 11:00:51,431 [WARN] ModelIntegratedComponent:63 - No mode defined for component null
2026-06-04 11:00:51,431 [WARN] ModelIntegratedComponent:63 - No mode defined for component null
2026-06-04 11:00:51,431 [WARN] ModelIntegratedComponent:63 - No mode defined for component null
2026-06-04 11:00:51,431 [WARN] ModelIntegratedComponent:63 - No mode defined for component null
2026-06-04 11:00:51,431 [WARN] ModelIntegratedComponent:63 - No mode defined for component null
2026-06-04 11:00:51,437 [INFO] RtosManager:555 - Registered RTOS mode: class=CMSIS, group=RTOS, mode=CMSIS_V1, owner=FREERTOS
2026-06-04 11:00:51,437 [INFO] RtosManager:555 - Registered RTOS mode: class=CMSIS, group=RTOS2, mode=CMSIS_V2, owner=FREERTOS
2026-06-04 11:00:51,437 [INFO] RtosManager:555 - Registered RTOS mode: class=RTOS, group=Core, mode=CMSIS_V1, owner=FREERTOS
2026-06-04 11:00:51,437 [INFO] RtosManager:555 - Registered RTOS mode: class=RTOS, group=Core, mode=CMSIS_V2, owner=FREERTOS
2026-06-04 11:00:51,437 [WARN] ModelIntegratedComponent:184 - Missing modes for component STMicroelectronics:FreeRTOS:0.0.1:STMicroelectronics:RTOS:FreeRTOS:Core:::10.2.0:
2026-06-04 11:00:51,446 [INFO] ThirdPartyModel:298 - Start build external matchings
2026-06-04 11:00:51,469 [INFO] ThirdPartyModel:316 - End build external matchings
2026-06-04 11:00:51,653 [INFO] UtilMem:75 - End LoadConfig() Used Memory: 908074792 Bytes (1073741824)
2026-06-04 11:00:51,687 [WARN] ThirdParty:833 - waiting for thirdparty lock release [change project]
2026-06-04 11:00:51,687 [INFO] ThirdParty:835 - entering critical section [change project]
2026-06-04 11:00:51,687 [INFO] ThirdParty:1030 - CMSIS Pack Vendor :wolfSSL I-CUBE-wolfTPM 3.8.0
2026-06-04 11:00:51,687 [INFO] ThirdParty:1030 - CMSIS Pack Vendor :STMicroelectronics USBPD 4.1
2026-06-04 11:00:51,687 [INFO] ThirdParty:1030 - CMSIS Pack Vendor :STMicroelectronics X-CUBE-DISPLAY 3.0.0
2026-06-04 11:00:51,687 [INFO] ThirdParty:1030 - CMSIS Pack Vendor :wolfSSL I-CUBE-wolfSSH 1.4.20
2026-06-04 11:00:51,687 [INFO] ThirdParty:1030 - CMSIS Pack Vendor :STMicroelectronics USB_HOST 2.0.0
2026-06-04 11:00:51,687 [INFO] ThirdParty:1030 - CMSIS Pack Vendor :STMicroelectronics X-CUBE-AZRTOS-F4 1.1.0
2026-06-04 11:00:51,687 [INFO] ThirdParty:1030 - CMSIS Pack Vendor :STMicroelectronics LIBJPEG 8.0.0
2026-06-04 11:00:51,688 [INFO] ThirdParty:1030 - CMSIS Pack Vendor :wolfSSL I-CUBE-wolfSSL 5.9.1
2026-06-04 11:00:51,688 [INFO] ThirdParty:1030 - CMSIS Pack Vendor :STMicroelectronics FP-ATR-SIGFOX1 3.2.0
2026-06-04 11:00:51,688 [INFO] ThirdParty:1030 - CMSIS Pack Vendor :STMicroelectronics X-CUBE-SMBUS 2.1.0
2026-06-04 11:00:51,688 [INFO] ThirdParty:1030 - CMSIS Pack Vendor :wolfSSL I-CUBE-wolfMQTT 1.19.2
2026-06-04 11:00:51,688 [INFO] ThirdParty:1030 - CMSIS Pack Vendor :STMicroelectronics USB_DEVICE 3.0.0
2026-06-04 11:00:51,688 [INFO] ThirdParty:1030 - CMSIS Pack Vendor :STMicroelectronics HAL Drivers 0.0.0
2026-06-04 11:00:51,688 [INFO] ThirdParty:1030 - CMSIS Pack Vendor :STMicroelectronics MBEDTLS 2.16.2
2026-06-04 11:00:51,688 [INFO] ThirdParty:1030 - CMSIS Pack Vendor :emotas I-CUBE-CANOPEN 1.3.0
2026-06-04 11:00:51,688 [INFO] ThirdParty:1030 - CMSIS Pack Vendor :STMicroelectronics MBEDTLS 2.14.1
2026-06-04 11:00:51,688 [INFO] ThirdParty:1030 - CMSIS Pack Vendor :ITTIA_DB I-CUBE-ITTIADB 8.9.0
2026-06-04 11:00:51,688 [INFO] ThirdParty:1030 - CMSIS Pack Vendor :STMicroelectronics X-CUBE-AZRTOS-F7 1.1.0
2026-06-04 11:00:51,688 [INFO] ThirdParty:1030 - CMSIS Pack Vendor :STMicroelectronics X-CUBE-TOUCHGFX 4.26.1
2026-06-04 11:00:51,688 [INFO] ThirdParty:1030 - CMSIS Pack Vendor :STMicroelectronics USB_DEVICE 2.0.0
2026-06-04 11:00:51,688 [INFO] ThirdParty:1030 - CMSIS Pack Vendor :STMicroelectronics ThreadX 1.0.0
2026-06-04 11:00:51,688 [INFO] ThirdParty:1030 - CMSIS Pack Vendor :STMicroelectronics X-CUBE-AZRTOS-WL 2.0.0
2026-06-04 11:00:51,688 [INFO] ThirdParty:1030 - CMSIS Pack Vendor :SEGGER I-CUBE-embOS 1.3.1
2026-06-04 11:00:51,688 [INFO] ThirdParty:1030 - CMSIS Pack Vendor :STMicroelectronics X-CUBE-ALGOBUILD 1.4.0
2026-06-04 11:00:51,688 [INFO] ThirdParty:1030 - CMSIS Pack Vendor :STMicroelectronics X-CUBE-ALGOBUILD 1.5.0
2026-06-04 11:00:51,688 [INFO] ThirdParty:1030 - CMSIS Pack Vendor :STMicroelectronics FreeRTOS 0.0.1
2026-06-04 11:00:51,688 [INFO] ThirdParty:1030 - CMSIS Pack Vendor :STMicroelectronics X-CUBE-AZRTOS-G0 1.1.0
2026-06-04 11:00:51,688 [INFO] ThirdParty:1030 - CMSIS Pack Vendor :STMicroelectronics USB_DEVICE 1.0.0
2026-06-04 11:00:51,688 [INFO] ThirdParty:1030 - CMSIS Pack Vendor :STMicroelectronics X-CUBE-NFC4 3.0.0
2026-06-04 11:00:51,688 [INFO] ThirdParty:1030 - CMSIS Pack Vendor :STMicroelectronics X-CUBE-SUBG2 5.0.0
2026-06-04 11:00:51,688 [INFO] ThirdParty:1030 - CMSIS Pack Vendor :STMicroelectronics STM32_WPAN 1.0.0
2026-06-04 11:00:51,689 [INFO] ThirdParty:1030 - CMSIS Pack Vendor :STMicroelectronics X-CUBE-AZRTOS-L4 2.0.0
2026-06-04 11:00:51,689 [INFO] ThirdParty:1030 - CMSIS Pack Vendor :STMicroelectronics ThreadX 0.0.2
2026-06-04 11:00:51,689 [INFO] ThirdParty:1030 - CMSIS Pack Vendor :STMicroelectronics lwIP 2.0.3
2026-06-04 11:00:51,689 [INFO] ThirdParty:1030 - CMSIS Pack Vendor :STMicroelectronics lwIP 2.1.2
2026-06-04 11:00:51,689 [INFO] ThirdParty:1030 - CMSIS Pack Vendor :STMicroelectronics X-CUBE-SFXS2LP1 4.0.0
2026-06-04 11:00:51,689 [INFO] ThirdParty:1030 - CMSIS Pack Vendor :STMicroelectronics X-CUBE-BLE2 3.3.0
2026-06-04 11:00:51,689 [INFO] ThirdParty:1030 - CMSIS Pack Vendor :STMicroelectronics USB_HOST 1.0.0
2026-06-04 11:00:51,689 [INFO] ThirdParty:1030 - CMSIS Pack Vendor :STMicroelectronics X-CUBE-AZRTOS-G4 2.0.0
2026-06-04 11:00:51,689 [INFO] ThirdParty:1030 - CMSIS Pack Vendor :STMicroelectronics PDM2PCM 3.1.0
2026-06-04 11:00:51,689 [INFO] ThirdParty:1030 - CMSIS Pack Vendor :STMicroelectronics PDM2PCM 3.2.0
2026-06-04 11:00:51,690 [INFO] ThirdParty:1030 - CMSIS Pack Vendor :STMicroelectronics PDM2PCM 3.3.0
2026-06-04 11:00:51,690 [INFO] ThirdParty:841 - exiting critical section [change project]
2026-06-04 11:00:51,839 [INFO] PinOutPanel:1499 - setPackage(No Configuration,No Configuration)
2026-06-04 11:00:51,840 [INFO] PinOutPanel:1499 - setPackage(STM32F103C8Tx,LQFP48)
2026-06-04 11:00:51,985 [INFO] UtilMem:75 - Before build in PCC Used Memory: 747313992 Bytes (1073741824)
2026-06-04 11:00:52,191 [INFO] UtilMem:75 - After build in PCC Used Memory: 788627392 Bytes (1073741824)
2026-06-04 11:00:52,206 [INFO] IPUIPlugin:80 - create IPUIPlugin
2026-06-04 11:00:52,206 [INFO] IPUIPlugin:80 - create IPUIPlugin
2026-06-04 11:00:52,206 [INFO] IPUIPlugin:80 - create IPUIPlugin
2026-06-04 11:00:52,207 [INFO] IPUIPlugin:80 - create IPUIPlugin
2026-06-04 11:00:52,207 [INFO] IPUIPlugin:80 - create IPUIPlugin
2026-06-04 11:00:52,207 [INFO] IPUIPlugin:80 - create IPUIPlugin
2026-06-04 11:00:52,207 [INFO] IPUIPlugin:80 - create IPUIPlugin
2026-06-04 11:00:52,207 [INFO] IPUIPlugin:80 - create IPUIPlugin
2026-06-04 11:00:52,207 [INFO] IPUIPlugin:80 - create IPUIPlugin
2026-06-04 11:00:52,207 [INFO] IPUIPlugin:80 - create IPUIPlugin
2026-06-04 11:00:52,207 [INFO] IPUIPlugin:80 - create IPUIPlugin
2026-06-04 11:00:52,207 [INFO] IPUIPlugin:80 - create IPUIPlugin
2026-06-04 11:00:52,207 [INFO] IPUIPlugin:80 - create IPUIPlugin
2026-06-04 11:00:52,208 [INFO] IPUIPlugin:80 - create IPUIPlugin
2026-06-04 11:00:52,208 [INFO] IPUIPlugin:80 - create IPUIPlugin
2026-06-04 11:00:52,208 [INFO] IPUIPlugin:80 - create IPUIPlugin
2026-06-04 11:00:52,208 [INFO] IPUIPlugin:80 - create IPUIPlugin
2026-06-04 11:00:52,208 [INFO] IPUIPlugin:80 - create IPUIPlugin
2026-06-04 11:00:52,208 [INFO] IPUIPlugin:80 - create IPUIPlugin
2026-06-04 11:00:52,209 [INFO] IPUIPlugin:80 - create IPUIPlugin
2026-06-04 11:00:52,209 [INFO] IPUIPlugin:80 - create IPUIPlugin
2026-06-04 11:00:52,209 [INFO] IPUIPlugin:80 - create IPUIPlugin
2026-06-04 11:00:52,209 [INFO] IPUIPlugin:80 - create IPUIPlugin
2026-06-04 11:00:52,209 [INFO] IPUIPlugin:80 - create IPUIPlugin
2026-06-04 11:00:52,209 [INFO] IPUIPlugin:80 - create IPUIPlugin
2026-06-04 11:00:52,210 [INFO] IPUIPlugin:80 - create IPUIPlugin
2026-06-04 11:00:52,211 [INFO] IPUIPlugin:80 - create IPUIPlugin
2026-06-04 11:00:52,212 [WARN] IP:2114 - I2C_Coeff_DF not found: check if there is a RefParameter without a condition.
2026-06-04 11:00:52,212 [WARN] IP:2114 - Analog_Filter not found: check if there is a RefParameter without a condition.
2026-06-04 11:00:52,260 [INFO] CADModel:165 - CPN selected for project levelSTM32F103C8T6
2026-06-04 11:00:52,260 [INFO] CADModel:114 - Register for checkConnection events
2026-06-04 11:00:52,317 [INFO] OpenFileManager:328 - Restore cursor
2026-06-04 11:00:52,435 [WARN] IP:2114 - I2C_Coeff_DF not found: check if there is a RefParameter without a condition.
2026-06-04 11:00:52,435 [WARN] IP:2114 - Analog_Filter not found: check if there is a RefParameter without a condition.
2026-06-04 11:00:52,435 [WARN] IP:2114 - I2C_Coeff_DF not found: check if there is a RefParameter without a condition.
2026-06-04 11:00:52,436 [WARN] IP:2114 - Analog_Filter not found: check if there is a RefParameter without a condition.
2026-06-04 11:00:59,582 [INFO] Gpio:273 - dependency for GPIO [I2C1, SPI1, SYS, USART1]
2026-06-04 15:15:35,862 [INFO] MainUpdater:2868 - connection check result : 10
2026-06-04 15:15:35,863 [INFO] MainUpdater:2868 - connection check result : 10
2026-06-04 15:15:35,918 [INFO] MicroXplorer:468 - Change Database Path : 
2026-06-04 15:15:35,918 [INFO] MicroXplorer:498 - Change Database Version : DB.6.0.91
2026-06-04 15:15:35,934 [WARN] ThirdParty:871 - waiting for thirdparty lock release [close project]
2026-06-04 15:15:35,934 [INFO] ThirdParty:873 - entering critical section [close project]
2026-06-04 15:15:35,934 [INFO] ThirdParty:883 - exiting critical section [close project]
2026-06-04 15:15:35,935 [INFO] PinOutPanel:1499 - setPackage(No Configuration,No Configuration)
2026-06-04 15:15:35,937 [INFO] UtilMem:75 - Begin LoadConfig() Used Memory: 749874984 Bytes (1073741824)
2026-06-04 15:15:35,937 [INFO] MicroXplorer:468 - Change Database Path : 
2026-06-04 15:15:35,937 [INFO] MicroXplorer:498 - Change Database Version : DB.6.0.91
2026-06-04 15:15:35,937 [INFO] OpenFileManager:308 - Change cursor
2026-06-04 15:15:35,942 [INFO] Mcu:1946 - Initializing MCU STM32F103C(8-B)Tx STM32F103C8Tx STM32F103C8T6
2026-06-04 15:15:36,251 [INFO] Context:659 - Trying to add GPIOservice into a context  which must be forbidden
2026-06-04 15:15:36,365 [WARN] ModelIntegratedComponent:63 - No mode defined for component null
2026-06-04 15:15:36,365 [WARN] ModelIntegratedComponent:63 - No mode defined for component null
2026-06-04 15:15:36,365 [WARN] ModelIntegratedComponent:63 - No mode defined for component null
2026-06-04 15:15:36,366 [WARN] ModelIntegratedComponent:63 - No mode defined for component null
2026-06-04 15:15:36,366 [WARN] ModelIntegratedComponent:63 - No mode defined for component null
2026-06-04 15:15:36,366 [WARN] ModelIntegratedComponent:63 - No mode defined for component null
2026-06-04 15:15:36,366 [WARN] ModelIntegratedComponent:63 - No mode defined for component null
2026-06-04 15:15:36,366 [WARN] ModelIntegratedComponent:63 - No mode defined for component null
2026-06-04 15:15:36,366 [WARN] ModelIntegratedComponent:63 - No mode defined for component null
2026-06-04 15:15:36,366 [WARN] ModelIntegratedComponent:63 - No mode defined for component null
2026-06-04 15:15:36,366 [WARN] ModelIntegratedComponent:63 - No mode defined for component null
2026-06-04 15:15:36,366 [WARN] ModelIntegratedComponent:63 - No mode defined for component null
2026-06-04 15:15:36,366 [WARN] ModelIntegratedComponent:63 - No mode defined for component null
2026-06-04 15:15:36,366 [WARN] ModelIntegratedComponent:63 - No mode defined for component null
2026-06-04 15:15:36,366 [WARN] ModelIntegratedComponent:63 - No mode defined for component null
2026-06-04 15:15:36,366 [WARN] ModelIntegratedComponent:63 - No mode defined for component null
2026-06-04 15:15:36,366 [WARN] ModelIntegratedComponent:63 - No mode defined for component null
2026-06-04 15:15:36,366 [WARN] ModelIntegratedComponent:63 - No mode defined for component null
2026-06-04 15:15:36,366 [WARN] ModelIntegratedComponent:63 - No mode defined for component null
2026-06-04 15:15:36,366 [WARN] ModelIntegratedComponent:63 - No mode defined for component null
2026-06-04 15:15:36,366 [WARN] ModelIntegratedComponent:63 - No mode defined for component null
2026-06-04 15:15:36,366 [WARN] ModelIntegratedComponent:63 - No mode defined for component null
2026-06-04 15:15:36,366 [WARN] ModelIntegratedComponent:63 - No mode defined for component null
2026-06-04 15:15:36,366 [WARN] ModelIntegratedComponent:63 - No mode defined for component null
2026-06-04 15:15:36,366 [WARN] ModelIntegratedComponent:63 - No mode defined for component null
2026-06-04 15:15:36,366 [WARN] ModelIntegratedComponent:63 - No mode defined for component null
2026-06-04 15:15:36,366 [WARN] ModelIntegratedComponent:63 - No mode defined for component null
2026-06-04 15:15:36,366 [WARN] ModelIntegratedComponent:63 - No mode defined for component null
2026-06-04 15:15:36,366 [WARN] ModelIntegratedComponent:63 - No mode defined for component null
2026-06-04 15:15:36,367 [WARN] ModelIntegratedComponent:63 - No mode defined for component null
2026-06-04 15:15:36,367 [WARN] ModelIntegratedComponent:63 - No mode defined for component null
2026-06-04 15:15:36,367 [WARN] ModelIntegratedComponent:63 - No mode defined for component null
2026-06-04 15:15:36,367 [WARN] ModelIntegratedComponent:63 - No mode defined for component null
2026-06-04 15:15:36,370 [INFO] RtosManager:555 - Registered RTOS mode: class=CMSIS, group=RTOS, mode=CMSIS_V1, owner=FREERTOS
2026-06-04 15:15:36,370 [INFO] RtosManager:555 - Registered RTOS mode: class=CMSIS, group=RTOS2, mode=CMSIS_V2, owner=FREERTOS
2026-06-04 15:15:36,370 [INFO] RtosManager:555 - Registered RTOS mode: class=RTOS, group=Core, mode=CMSIS_V1, owner=FREERTOS
2026-06-04 15:15:36,370 [INFO] RtosManager:555 - Registered RTOS mode: class=RTOS, group=Core, mode=CMSIS_V2, owner=FREERTOS
2026-06-04 15:15:36,370 [WARN] ModelIntegratedComponent:184 - Missing modes for component STMicroelectronics:FreeRTOS:0.0.1:STMicroelectronics:RTOS:FreeRTOS:Core:::10.2.0:
2026-06-04 15:15:36,378 [INFO] ThirdPartyModel:298 - Start build external matchings
2026-06-04 15:15:36,403 [INFO] ThirdPartyModel:316 - End build external matchings
2026-06-04 15:15:36,566 [INFO] UtilMem:75 - End LoadConfig() Used Memory: 935324496 Bytes (1073741824)
2026-06-04 15:15:36,593 [WARN] ThirdParty:833 - waiting for thirdparty lock release [change project]
2026-06-04 15:15:36,593 [INFO] ThirdParty:835 - entering critical section [change project]
2026-06-04 15:15:36,593 [INFO] ThirdParty:1030 - CMSIS Pack Vendor :wolfSSL I-CUBE-wolfTPM 3.8.0
2026-06-04 15:15:36,593 [INFO] ThirdParty:1030 - CMSIS Pack Vendor :STMicroelectronics USBPD 4.1
2026-06-04 15:15:36,593 [INFO] ThirdParty:1030 - CMSIS Pack Vendor :STMicroelectronics X-CUBE-DISPLAY 3.0.0
2026-06-04 15:15:36,594 [INFO] ThirdParty:1030 - CMSIS Pack Vendor :wolfSSL I-CUBE-wolfSSH 1.4.20
2026-06-04 15:15:36,594 [INFO] ThirdParty:1030 - CMSIS Pack Vendor :STMicroelectronics USB_HOST 2.0.0
2026-06-04 15:15:36,594 [INFO] ThirdParty:1030 - CMSIS Pack Vendor :STMicroelectronics X-CUBE-AZRTOS-F4 1.1.0
2026-06-04 15:15:36,594 [INFO] ThirdParty:1030 - CMSIS Pack Vendor :STMicroelectronics LIBJPEG 8.0.0
2026-06-04 15:15:36,594 [INFO] ThirdParty:1030 - CMSIS Pack Vendor :wolfSSL I-CUBE-wolfSSL 5.9.1
2026-06-04 15:15:36,594 [INFO] ThirdParty:1030 - CMSIS Pack Vendor :STMicroelectronics FP-ATR-SIGFOX1 3.2.0
2026-06-04 15:15:36,594 [INFO] ThirdParty:1030 - CMSIS Pack Vendor :STMicroelectronics X-CUBE-SMBUS 2.1.0
2026-06-04 15:15:36,594 [INFO] ThirdParty:1030 - CMSIS Pack Vendor :wolfSSL I-CUBE-wolfMQTT 1.19.2
2026-06-04 15:15:36,594 [INFO] ThirdParty:1030 - CMSIS Pack Vendor :STMicroelectronics USB_DEVICE 3.0.0
2026-06-04 15:15:36,594 [INFO] ThirdParty:1030 - CMSIS Pack Vendor :STMicroelectronics HAL Drivers 0.0.0
2026-06-04 15:15:36,594 [INFO] ThirdParty:1030 - CMSIS Pack Vendor :STMicroelectronics MBEDTLS 2.16.2
2026-06-04 15:15:36,594 [INFO] ThirdParty:1030 - CMSIS Pack Vendor :emotas I-CUBE-CANOPEN 1.3.0
2026-06-04 15:15:36,594 [INFO] ThirdParty:1030 - CMSIS Pack Vendor :STMicroelectronics MBEDTLS 2.14.1
2026-06-04 15:15:36,594 [INFO] ThirdParty:1030 - CMSIS Pack Vendor :ITTIA_DB I-CUBE-ITTIADB 8.9.0
2026-06-04 15:15:36,594 [INFO] ThirdParty:1030 - CMSIS Pack Vendor :STMicroelectronics X-CUBE-AZRTOS-F7 1.1.0
2026-06-04 15:15:36,594 [INFO] ThirdParty:1030 - CMSIS Pack Vendor :STMicroelectronics X-CUBE-TOUCHGFX 4.26.1
2026-06-04 15:15:36,594 [INFO] ThirdParty:1030 - CMSIS Pack Vendor :STMicroelectronics USB_DEVICE 2.0.0
2026-06-04 15:15:36,594 [INFO] ThirdParty:1030 - CMSIS Pack Vendor :STMicroelectronics ThreadX 1.0.0
2026-06-04 15:15:36,594 [INFO] ThirdParty:1030 - CMSIS Pack Vendor :STMicroelectronics X-CUBE-AZRTOS-WL 2.0.0
2026-06-04 15:15:36,594 [INFO] ThirdParty:1030 - CMSIS Pack Vendor :SEGGER I-CUBE-embOS 1.3.1
2026-06-04 15:15:36,594 [INFO] ThirdParty:1030 - CMSIS Pack Vendor :STMicroelectronics X-CUBE-ALGOBUILD 1.4.0
2026-06-04 15:15:36,594 [INFO] ThirdParty:1030 - CMSIS Pack Vendor :STMicroelectronics X-CUBE-ALGOBUILD 1.5.0
2026-06-04 15:15:36,594 [INFO] ThirdParty:1030 - CMSIS Pack Vendor :STMicroelectronics FreeRTOS 0.0.1
2026-06-04 15:15:36,594 [INFO] ThirdParty:1030 - CMSIS Pack Vendor :STMicroelectronics X-CUBE-AZRTOS-G0 1.1.0
2026-06-04 15:15:36,595 [INFO] ThirdParty:1030 - CMSIS Pack Vendor :STMicroelectronics USB_DEVICE 1.0.0
2026-06-04 15:15:36,595 [INFO] ThirdParty:1030 - CMSIS Pack Vendor :STMicroelectronics X-CUBE-NFC4 3.0.0
2026-06-04 15:15:36,595 [INFO] ThirdParty:1030 - CMSIS Pack Vendor :STMicroelectronics X-CUBE-SUBG2 5.0.0
2026-06-04 15:15:36,595 [INFO] ThirdParty:1030 - CMSIS Pack Vendor :STMicroelectronics STM32_WPAN 1.0.0
2026-06-04 15:15:36,595 [INFO] ThirdParty:1030 - CMSIS Pack Vendor :STMicroelectronics X-CUBE-AZRTOS-L4 2.0.0
2026-06-04 15:15:36,595 [INFO] ThirdParty:1030 - CMSIS Pack Vendor :STMicroelectronics ThreadX 0.0.2
2026-06-04 15:15:36,595 [INFO] ThirdParty:1030 - CMSIS Pack Vendor :STMicroelectronics lwIP 2.0.3
2026-06-04 15:15:36,595 [INFO] ThirdParty:1030 - CMSIS Pack Vendor :STMicroelectronics lwIP 2.1.2
2026-06-04 15:15:36,595 [INFO] ThirdParty:1030 - CMSIS Pack Vendor :STMicroelectronics X-CUBE-SFXS2LP1 4.0.0
2026-06-04 15:15:36,595 [INFO] ThirdParty:1030 - CMSIS Pack Vendor :STMicroelectronics X-CUBE-BLE2 3.3.0
2026-06-04 15:15:36,595 [INFO] ThirdParty:1030 - CMSIS Pack Vendor :STMicroelectronics USB_HOST 1.0.0
2026-06-04 15:15:36,595 [INFO] ThirdParty:1030 - CMSIS Pack Vendor :STMicroelectronics X-CUBE-AZRTOS-G4 2.0.0
2026-06-04 15:15:36,595 [INFO] ThirdParty:1030 - CMSIS Pack Vendor :STMicroelectronics PDM2PCM 3.1.0
2026-06-04 15:15:36,595 [INFO] ThirdParty:1030 - CMSIS Pack Vendor :STMicroelectronics PDM2PCM 3.2.0
2026-06-04 15:15:36,595 [INFO] ThirdParty:1030 - CMSIS Pack Vendor :STMicroelectronics PDM2PCM 3.3.0
2026-06-04 15:15:36,595 [INFO] ThirdParty:841 - exiting critical section [change project]
2026-06-04 15:15:36,722 [INFO] PinOutPanel:1499 - setPackage(No Configuration,No Configuration)
2026-06-04 15:15:36,725 [INFO] PinOutPanel:1499 - setPackage(STM32F103C8Tx,LQFP48)
2026-06-04 15:15:36,851 [INFO] UtilMem:75 - Before build in PCC Used Memory: 775832736 Bytes (1073741824)
2026-06-04 15:15:36,965 [INFO] UtilMem:75 - After build in PCC Used Memory: 816914064 Bytes (1073741824)
2026-06-04 15:15:36,976 [INFO] IPUIPlugin:80 - create IPUIPlugin
2026-06-04 15:15:36,976 [INFO] IPUIPlugin:80 - create IPUIPlugin
2026-06-04 15:15:36,976 [INFO] IPUIPlugin:80 - create IPUIPlugin
2026-06-04 15:15:36,976 [INFO] IPUIPlugin:80 - create IPUIPlugin
2026-06-04 15:15:36,976 [INFO] IPUIPlugin:80 - create IPUIPlugin
2026-06-04 15:15:36,976 [INFO] IPUIPlugin:80 - create IPUIPlugin
2026-06-04 15:15:36,976 [INFO] IPUIPlugin:80 - create IPUIPlugin
2026-06-04 15:15:36,977 [INFO] IPUIPlugin:80 - create IPUIPlugin
2026-06-04 15:15:36,977 [INFO] IPUIPlugin:80 - create IPUIPlugin
2026-06-04 15:15:36,977 [INFO] IPUIPlugin:80 - create IPUIPlugin
2026-06-04 15:15:36,977 [INFO] IPUIPlugin:80 - create IPUIPlugin
2026-06-04 15:15:36,977 [INFO] IPUIPlugin:80 - create IPUIPlugin
2026-06-04 15:15:36,977 [INFO] IPUIPlugin:80 - create IPUIPlugin
2026-06-04 15:15:36,977 [INFO] IPUIPlugin:80 - create IPUIPlugin
2026-06-04 15:15:36,977 [INFO] IPUIPlugin:80 - create IPUIPlugin
2026-06-04 15:15:36,977 [INFO] IPUIPlugin:80 - create IPUIPlugin
2026-06-04 15:15:36,978 [INFO] IPUIPlugin:80 - create IPUIPlugin
2026-06-04 15:15:36,978 [INFO] IPUIPlugin:80 - create IPUIPlugin
2026-06-04 15:15:36,978 [INFO] IPUIPlugin:80 - create IPUIPlugin
2026-06-04 15:15:36,978 [INFO] IPUIPlugin:80 - create IPUIPlugin
2026-06-04 15:15:36,978 [INFO] IPUIPlugin:80 - create IPUIPlugin
2026-06-04 15:15:36,978 [INFO] IPUIPlugin:80 - create IPUIPlugin
2026-06-04 15:15:36,978 [INFO] IPUIPlugin:80 - create IPUIPlugin
2026-06-04 15:15:36,978 [INFO] IPUIPlugin:80 - create IPUIPlugin
2026-06-04 15:15:36,978 [INFO] IPUIPlugin:80 - create IPUIPlugin
2026-06-04 15:15:36,979 [INFO] IPUIPlugin:80 - create IPUIPlugin
2026-06-04 15:15:36,979 [INFO] IPUIPlugin:80 - create IPUIPlugin
2026-06-04 15:15:36,980 [WARN] IP:2114 - I2C_Coeff_DF not found: check if there is a RefParameter without a condition.
2026-06-04 15:15:36,980 [WARN] IP:2114 - Analog_Filter not found: check if there is a RefParameter without a condition.
2026-06-04 15:15:37,007 [INFO] CADModel:165 - CPN selected for project levelSTM32F103C8T6
2026-06-04 15:15:37,007 [INFO] CADModel:114 - Register for checkConnection events
2026-06-04 15:15:37,060 [INFO] OpenFileManager:328 - Restore cursor
2026-06-04 15:15:37,169 [WARN] IP:2114 - I2C_Coeff_DF not found: check if there is a RefParameter without a condition.
2026-06-04 15:15:37,169 [WARN] IP:2114 - Analog_Filter not found: check if there is a RefParameter without a condition.
2026-06-04 15:15:37,169 [WARN] IP:2114 - I2C_Coeff_DF not found: check if there is a RefParameter without a condition.
2026-06-04 15:15:37,169 [WARN] IP:2114 - Analog_Filter not found: check if there is a RefParameter without a condition.
2026-06-04 15:15:49,946 [WARN] IP:2114 - I2C_Coeff_DF not found: check if there is a RefParameter without a condition.
2026-06-04 15:15:49,947 [WARN] IP:2114 - Analog_Filter not found: check if there is a RefParameter without a condition.
2026-06-04 15:15:49,947 [WARN] IP:2114 - I2C_Coeff_DF not found: check if there is a RefParameter without a condition.
2026-06-04 15:15:49,947 [WARN] IP:2114 - Analog_Filter not found: check if there is a RefParameter without a condition.
2026-06-04 15:16:18,022 [WARN] IP:2114 - I2C_Coeff_DF not found: check if there is a RefParameter without a condition.
2026-06-04 15:16:18,022 [WARN] IP:2114 - Analog_Filter not found: check if there is a RefParameter without a condition.
2026-06-04 15:16:18,022 [WARN] IP:2114 - I2C_Coeff_DF not found: check if there is a RefParameter without a condition.
2026-06-04 15:16:18,023 [WARN] IP:2114 - Analog_Filter not found: check if there is a RefParameter without a condition.
2026-06-04 15:16:25,685 [INFO] NvicIntPanel:101 - NVIC parent = com.st.microxplorer.plugins.ip.nvic.MultiNvicIntPanel[,0,0,0x0,invalid,layout=javax.swing.BoxLayout,alignmentX=0.0,alignmentY=0.0,border=,flags=9,maximumSize=,minimumSize=,preferredSize=]
2026-06-04 17:34:44,713 [ERROR] LogOutputStream:75 - [STDERR_REDIRECT] 
