2026-06-02 19:37:17,594 [INFO] Activator:176 - 


2026-06-02 19:37:17,603 [INFO] Activator:177 - !SESSION log4j initialized
2026-06-02 19:37:26,410 [INFO] LogOutputStream:77 - [STDOUT_REDIRECT] 
2026-06-02 19:37:42,245 [INFO] ApplicationProperties:184 - Using Application install path: C:\ST\STM32CubeIDE_1.13.1\STM32CubeIDE\plugins\com.st.stm32cube.common.mx_6.9.1.202307191849
2026-06-02 19:37:42,286 [INFO] DbMcusXml:78 - Set database path to: C:\ST\STM32CubeIDE_1.13.1\STM32CubeIDE\plugins\com.st.stm32cube.common.mx_6.9.1.202307191849\\db\/mcu/
2026-06-02 19:37:42,286 [INFO] ApiDb:274 - Set plugin database path to: C:\ST\STM32CubeIDE_1.13.1\STM32CubeIDE\plugins\com.st.stm32cube.common.mx_6.9.1.202307191849\\db\/plugins/boardmanager/
2026-06-02 19:37:42,287 [WARN] ApiDb:259 - Overriding images path with different value:  => C:\ST\STM32CubeIDE_1.13.1\STM32CubeIDE\plugins\com.st.stm32cube.common.mx_6.9.1.202307191849\\db\/plugins/mcufinder/images/
2026-06-02 19:37:42,310 [INFO] ApiDb:250 - Set database path to: C:\Users\Admin\.stmcufinder\plugins\mcufinder//mcu/
2026-06-02 19:37:42,313 [INFO] DbMcusAds:125 - Set database path to: C:\Users\Admin\.stmcufinder\plugins\mcufinder//mcu/
2026-06-02 19:37:42,396 [INFO] CrossReferenceDbSqlite:203 - Set database path to: C:\Users\Admin\.stmcufinder\plugins\mcufinder//mcu/cs/
2026-06-02 19:37:42,647 [INFO] RulesReader:64 - Compatibility file has been processed (293 Rules)
2026-06-02 19:37:42,832 [INFO] DbMcusXml:78 - Set database path to: C:\ST\STM32CubeIDE_1.13.1\STM32CubeIDE\plugins\com.st.stm32cube.common.mx_6.9.1.202307191849\\db\/mcu/
2026-06-02 19:37:42,833 [INFO] ApiDb:274 - Set plugin database path to: C:\ST\STM32CubeIDE_1.13.1\STM32CubeIDE\plugins\com.st.stm32cube.common.mx_6.9.1.202307191849\\db\/plugins/boardmanager/
2026-06-02 19:37:42,833 [INFO] ApiDb:261 - Set plugin images path to: C:\ST\STM32CubeIDE_1.13.1\STM32CubeIDE\plugins\com.st.stm32cube.common.mx_6.9.1.202307191849\\db\/plugins/mcufinder/images/
2026-06-02 19:37:42,834 [WARN] DbFile:41 - Overriding database path with different value: C:\Users\Admin\.stmcufinder\plugins\mcufinder/ => C:\Users\Admin\.stmcufinder\plugins\mcufinder
2026-06-02 19:37:42,834 [INFO] ApiDb:250 - Set database path to: C:\Users\Admin\.stmcufinder\plugins\mcufinder//mcu/
2026-06-02 19:37:42,834 [WARN] DbFile:41 - Overriding database path with different value: C:\Users\Admin\.stmcufinder\plugins\mcufinder/ => C:\Users\Admin\.stmcufinder\plugins\mcufinder
2026-06-02 19:37:42,834 [INFO] DbMcusAds:125 - Set database path to: C:\Users\Admin\.stmcufinder\plugins\mcufinder//mcu/
2026-06-02 19:37:42,834 [WARN] DbFile:41 - Overriding database path with different value: C:\Users\Admin\.stmcufinder\plugins\mcufinder/ => C:\Users\Admin\.stmcufinder\plugins\mcufinder
2026-06-02 19:37:42,835 [WARN] DbFile:41 - Overriding database path with different value: C:\Users\Admin\.stmcufinder\plugins\mcufinder/ => C:\Users\Admin\.stmcufinder\plugins\mcufinder
2026-06-02 19:37:42,835 [INFO] CrossReferenceDbSqlite:203 - Set database path to: C:\Users\Admin\.stmcufinder\plugins\mcufinder//mcu/cs/
2026-06-02 19:37:43,002 [INFO] MainPanel:262 - HeapMemory: 268435456
2026-06-02 19:37:43,214 [INFO] DbMcusXml:78 - Set database path to: C:\ST\STM32CubeIDE_1.13.1\STM32CubeIDE\plugins\com.st.stm32cube.common.mx_6.9.1.202307191849\\db\/mcu/
2026-06-02 19:37:43,214 [INFO] ApiDb:274 - Set plugin database path to: C:\ST\STM32CubeIDE_1.13.1\STM32CubeIDE\plugins\com.st.stm32cube.common.mx_6.9.1.202307191849\\db\/plugins/boardmanager/
2026-06-02 19:37:43,215 [INFO] ApiDb:261 - Set plugin images path to: C:\ST\STM32CubeIDE_1.13.1\STM32CubeIDE\plugins\com.st.stm32cube.common.mx_6.9.1.202307191849\\db\/plugins/mcufinder/images/
2026-06-02 19:37:43,216 [WARN] DbFile:41 - Overriding database path with different value: C:\Users\Admin\.stmcufinder\plugins\mcufinder/ => C:\Users\Admin\.stmcufinder\plugins\mcufinder
2026-06-02 19:37:43,217 [INFO] ApiDb:250 - Set database path to: C:\Users\Admin\.stmcufinder\plugins\mcufinder//mcu/
2026-06-02 19:37:43,217 [WARN] DbFile:41 - Overriding database path with different value: C:\Users\Admin\.stmcufinder\plugins\mcufinder/ => C:\Users\Admin\.stmcufinder\plugins\mcufinder
2026-06-02 19:37:43,217 [INFO] DbMcusAds:125 - Set database path to: C:\Users\Admin\.stmcufinder\plugins\mcufinder//mcu/
2026-06-02 19:37:43,218 [WARN] DbFile:41 - Overriding database path with different value: C:\Users\Admin\.stmcufinder\plugins\mcufinder/ => C:\Users\Admin\.stmcufinder\plugins\mcufinder
2026-06-02 19:37:43,218 [WARN] DbFile:41 - Overriding database path with different value: C:\Users\Admin\.stmcufinder\plugins\mcufinder/ => C:\Users\Admin\.stmcufinder\plugins\mcufinder
2026-06-02 19:37:43,218 [INFO] CrossReferenceDbSqlite:203 - Set database path to: C:\Users\Admin\.stmcufinder\plugins\mcufinder//mcu/cs/
2026-06-02 19:37:43,269 [INFO] ApplicationProperties:184 - Using Application install path: C:\ST\STM32CubeIDE_1.13.1\STM32CubeIDE\plugins\com.st.stm32cube.common.mx_6.9.1.202307191849
2026-06-02 19:37:43,272 [INFO] PluginManage:196 - Search for loadable plugins [exclusion list=, ]
2026-06-02 19:37:43,276 [INFO] PluginManage:310 - Check plugin analytics
2026-06-02 19:37:43,286 [INFO] McuFinderGlobals:63 - Set McuFinder mode to 2 (CubeIDE integrated)
2026-06-02 19:37:43,690 [INFO] AnalyticsPlugin:253 - Accepted Software Licenses: 
2026-06-02 19:37:43,691 [INFO] AnalyticsPlugin:255 - Accepted CMSIS Pack Licenses: 
2026-06-02 19:37:43,691 [INFO] AnalyticsPlugin:257 - Accepted Firmware Licenses: FW.F4.1.27.0
2026-06-02 19:37:43,696 [INFO] PluginManage:359 - Loaded plugin analytics (category:tool,tabindex:-1)
2026-06-02 19:37:43,696 [INFO] PluginManage:310 - Check plugin cadmodel
2026-06-02 19:37:43,706 [INFO] CADModel:105 - Init CAD model plugin
2026-06-02 19:37:43,706 [INFO] PluginManage:359 - Loaded plugin cadmodel (category:power,tabindex:5)
2026-06-02 19:37:43,707 [INFO] PluginManage:310 - Check plugin clock
2026-06-02 19:37:43,728 [INFO] PluginManage:359 - Loaded plugin clock (category:base,tabindex:2)
2026-06-02 19:37:43,729 [INFO] PluginManage:310 - Check plugin ddr
2026-06-02 19:37:43,735 [INFO] PluginManage:359 - Loaded plugin ddr (category:tool,tabindex:6)
2026-06-02 19:37:43,738 [INFO] PluginManage:310 - Check plugin filemanager
2026-06-02 19:37:44,039 [INFO] PluginManage:359 - Loaded plugin filemanager (category:base,tabindex:10)
2026-06-02 19:37:44,039 [INFO] PluginManage:310 - Check plugin ipmanager
2026-06-02 19:37:44,059 [INFO] PluginManage:359 - Loaded plugin ipmanager (category:base,tabindex:5)
2026-06-02 19:37:44,060 [INFO] PluginManage:310 - Check plugin lpbam
2026-06-02 19:37:44,082 [INFO] PluginManage:359 - Loaded plugin lpbam (category:base,tabindex:0)
2026-06-02 19:37:44,082 [INFO] PluginManage:310 - Check plugin memorymap
2026-06-02 19:37:44,131 [INFO] PluginManage:359 - Loaded plugin memorymap (category:base,tabindex:4)
2026-06-02 19:37:44,132 [INFO] PluginManage:310 - Check plugin pinoutandconfiguration
2026-06-02 19:37:44,152 [INFO] PluginManage:359 - Loaded plugin pinoutandconfiguration (category:base,tabindex:1)
2026-06-02 19:37:44,153 [INFO] PluginManage:310 - Check plugin pinoutconfig
2026-06-02 19:37:44,365 [WARN] SupportedApi:132 - Cannot load RTOS API schema: s4s-elt-must-match.1: The content of 'definitions' must match (annotation?, (simpleType | complexType)?, (unique | key | keyref)*)). A problem was found starting at: attribute.
2026-06-02 19:37:44,736 [INFO] PluginManage:359 - Loaded plugin pinoutconfig (category:base,tabindex:0)
2026-06-02 19:37:44,736 [INFO] PluginManage:310 - Check plugin power
2026-06-02 19:37:44,762 [INFO] PluginManage:359 - Loaded plugin power (category:power,tabindex:4)
2026-06-02 19:37:44,763 [INFO] PluginManage:310 - Check plugin projectmanager
2026-06-02 19:37:44,795 [INFO] PluginManage:359 - Loaded plugin projectmanager (category:projectmanager,tabindex:3)
2026-06-02 19:37:44,796 [INFO] PluginManage:310 - Check plugin thirdparty
2026-06-02 19:37:45,114 [WARN] IntegrityCheckThread:84 - waiting for thirdparty lock release [integrity check]
2026-06-02 19:37:45,114 [INFO] PluginManage:359 - Loaded plugin thirdparty (category:base,tabindex:-1)
2026-06-02 19:37:45,114 [INFO] IntegrityCheckThread:86 - entering critical section [integrity check]
2026-06-02 19:37:45,115 [INFO] PluginManage:310 - Check plugin tools
2026-06-02 19:37:45,116 [INFO] ThirdPartyUpdaterWithRetryManager:70 - Updater plugin not ready yet. [1/15]
2026-06-02 19:37:45,120 [INFO] PluginManage:359 - Loaded plugin tools (category:base,tabindex:7)
2026-06-02 19:37:45,121 [INFO] PluginManage:310 - Check plugin tutovideos
2026-06-02 19:37:45,516 [INFO] PluginManage:359 - Loaded plugin tutovideos (category:base,tabindex:-1)
2026-06-02 19:37:45,516 [INFO] PluginManage:310 - Check plugin updater
2026-06-02 19:37:45,535 [INFO] PluginManage:359 - Loaded plugin updater (category:base,tabindex:12)
2026-06-02 19:37:45,535 [INFO] PluginManage:310 - Check plugin userauth
2026-06-02 19:37:45,544 [INFO] UserAuth:113 - Init User Auth plugin
2026-06-02 19:37:45,544 [INFO] PluginManage:359 - Loaded plugin userauth (category:base,tabindex:14)
2026-06-02 19:37:45,545 [INFO] PluginManage:283 - PluginManage : Loaded plugins [17]
2026-06-02 19:37:46,060 [INFO] PinOutPanel:1499 - setPackage(No Configuration,No Configuration)
2026-06-02 19:37:46,275 [INFO] CADModel:165 - CPN selected for project level
2026-06-02 19:37:46,276 [INFO] CADModel:114 - Register for checkConnection events
2026-06-02 19:37:46,308 [INFO] IPUIPlugin:80 - create IPUIPlugin
2026-06-02 19:37:46,309 [INFO] PluginManager:220 - loadIPPluginJar : add adc
2026-06-02 19:37:46,315 [INFO] IPUIPlugin:80 - create IPUIPlugin
2026-06-02 19:37:46,315 [INFO] PluginManager:220 - loadIPPluginJar : add aes
2026-06-02 19:37:46,321 [INFO] IPUIPlugin:80 - create IPUIPlugin
2026-06-02 19:37:46,322 [INFO] PluginManager:220 - loadIPPluginJar : add can
2026-06-02 19:37:46,325 [INFO] IPUIPlugin:80 - create IPUIPlugin
2026-06-02 19:37:46,326 [INFO] PluginManager:220 - loadIPPluginJar : add comp
2026-06-02 19:37:46,331 [INFO] IPUIPlugin:80 - create IPUIPlugin
2026-06-02 19:37:46,331 [INFO] PluginManager:220 - loadIPPluginJar : add cryp
2026-06-02 19:37:46,342 [INFO] IPUIPlugin:80 - create IPUIPlugin
2026-06-02 19:37:46,342 [INFO] PluginManager:220 - loadIPPluginJar : add dfsdm
2026-06-02 19:37:46,354 [INFO] IPUIPlugin:80 - create IPUIPlugin
2026-06-02 19:37:46,355 [INFO] PluginManager:220 - loadIPPluginJar : add dma
2026-06-02 19:37:46,360 [INFO] IPUIPlugin:80 - create IPUIPlugin
2026-06-02 19:37:46,360 [INFO] PluginManager:220 - loadIPPluginJar : add dma3
2026-06-02 19:37:46,363 [INFO] IPUIPlugin:80 - create IPUIPlugin
2026-06-02 19:37:46,363 [INFO] PluginManager:220 - loadIPPluginJar : add fatfs
2026-06-02 19:37:46,371 [INFO] IPUIPlugin:80 - create IPUIPlugin
2026-06-02 19:37:46,371 [INFO] PluginManager:220 - loadIPPluginJar : add fmc
2026-06-02 19:37:46,382 [INFO] IPUIPlugin:80 - create IPUIPlugin
2026-06-02 19:37:46,382 [INFO] PluginManager:220 - loadIPPluginJar : add freertos
2026-06-02 19:37:46,385 [INFO] IPUIPlugin:80 - create IPUIPlugin
2026-06-02 19:37:46,385 [INFO] PluginManager:220 - loadIPPluginJar : add genericplugin
2026-06-02 19:37:46,389 [INFO] IPUIPlugin:80 - create IPUIPlugin
2026-06-02 19:37:46,390 [INFO] PluginManager:220 - loadIPPluginJar : add gfxmmu
2026-06-02 19:37:46,398 [INFO] IPUIPlugin:80 - create IPUIPlugin
2026-06-02 19:37:46,398 [INFO] PluginManager:220 - loadIPPluginJar : add gic
2026-06-02 19:37:46,406 [INFO] IPUIPlugin:80 - create IPUIPlugin
2026-06-02 19:37:46,407 [INFO] PluginManager:220 - loadIPPluginJar : add gpio
2026-06-02 19:37:46,414 [INFO] IPUIPlugin:80 - create IPUIPlugin
2026-06-02 19:37:46,414 [INFO] PluginManager:220 - loadIPPluginJar : add gtzc
2026-06-02 19:37:46,418 [INFO] IPUIPlugin:80 - create IPUIPlugin
2026-06-02 19:37:46,418 [INFO] PluginManager:220 - loadIPPluginJar : add hash
2026-06-02 19:37:46,424 [INFO] IPUIPlugin:80 - create IPUIPlugin
2026-06-02 19:37:46,424 [INFO] PluginManager:220 - loadIPPluginJar : add i2c
2026-06-02 19:37:46,429 [INFO] IPUIPlugin:80 - create IPUIPlugin
2026-06-02 19:37:46,429 [INFO] PluginManager:220 - loadIPPluginJar : add i2s
2026-06-02 19:37:46,435 [INFO] IPUIPlugin:80 - create IPUIPlugin
2026-06-02 19:37:46,435 [INFO] PluginManager:220 - loadIPPluginJar : add i3c
2026-06-02 19:37:46,440 [INFO] IPUIPlugin:80 - create IPUIPlugin
2026-06-02 19:37:46,441 [INFO] PluginManager:220 - loadIPPluginJar : add ipddr
2026-06-02 19:37:46,452 [INFO] IPUIPlugin:80 - create IPUIPlugin
2026-06-02 19:37:46,452 [INFO] PluginManager:220 - loadIPPluginJar : add linkedlist
2026-06-02 19:37:46,457 [INFO] IPUIPlugin:80 - create IPUIPlugin
2026-06-02 19:37:46,457 [INFO] PluginManager:220 - loadIPPluginJar : add lorawan
2026-06-02 19:37:46,460 [INFO] IPUIPlugin:80 - create IPUIPlugin
2026-06-02 19:37:46,460 [INFO] PluginManager:220 - loadIPPluginJar : add ltdc
2026-06-02 19:37:46,469 [INFO] IPUIPlugin:80 - create IPUIPlugin
2026-06-02 19:37:46,470 [INFO] PluginManager:220 - loadIPPluginJar : add mdma
2026-06-02 19:37:46,477 [INFO] IPUIPlugin:80 - create IPUIPlugin
2026-06-02 19:37:46,477 [INFO] PluginManager:220 - loadIPPluginJar : add nvic
2026-06-02 19:37:46,482 [INFO] IPUIPlugin:80 - create IPUIPlugin
2026-06-02 19:37:46,482 [INFO] PluginManager:220 - loadIPPluginJar : add opamp
2026-06-02 19:37:46,489 [INFO] IPUIPlugin:80 - create IPUIPlugin
2026-06-02 19:37:46,489 [INFO] PluginManager:220 - loadIPPluginJar : add openamp
2026-06-02 19:37:46,494 [INFO] IPUIPlugin:80 - create IPUIPlugin
2026-06-02 19:37:46,495 [INFO] PluginManager:220 - loadIPPluginJar : add pdm2pcm
2026-06-02 19:37:46,504 [INFO] IPUIPlugin:80 - create IPUIPlugin
2026-06-02 19:37:46,509 [INFO] PluginManager:220 - loadIPPluginJar : add plateformsettings
2026-06-02 19:37:46,512 [INFO] IPUIPlugin:80 - create IPUIPlugin
2026-06-02 19:37:46,512 [INFO] PluginManager:220 - loadIPPluginJar : add quadspi
2026-06-02 19:37:46,519 [INFO] IPUIPlugin:80 - create IPUIPlugin
2026-06-02 19:37:46,519 [INFO] PluginManager:220 - loadIPPluginJar : add resmgrutility
2026-06-02 19:37:46,524 [INFO] IPUIPlugin:80 - create IPUIPlugin
2026-06-02 19:37:46,524 [INFO] PluginManager:220 - loadIPPluginJar : add sai
2026-06-02 19:37:46,529 [INFO] IPUIPlugin:80 - create IPUIPlugin
2026-06-02 19:37:46,529 [INFO] PluginManager:220 - loadIPPluginJar : add spi
2026-06-02 19:37:46,537 [INFO] IPUIPlugin:80 - create IPUIPlugin
2026-06-02 19:37:46,538 [INFO] PluginManager:220 - loadIPPluginJar : add stm32_wpan
2026-06-02 19:37:46,541 [INFO] IPUIPlugin:80 - create IPUIPlugin
2026-06-02 19:37:46,541 [INFO] PluginManager:220 - loadIPPluginJar : add tim
2026-06-02 19:37:46,546 [INFO] IPUIPlugin:80 - create IPUIPlugin
2026-06-02 19:37:46,546 [INFO] PluginManager:220 - loadIPPluginJar : add touchsensing
2026-06-02 19:37:46,550 [INFO] IPUIPlugin:80 - create IPUIPlugin
2026-06-02 19:37:46,550 [INFO] PluginManager:220 - loadIPPluginJar : add tracer_emb
2026-06-02 19:37:46,554 [INFO] IPUIPlugin:80 - create IPUIPlugin
2026-06-02 19:37:46,554 [INFO] PluginManager:220 - loadIPPluginJar : add ts
2026-06-02 19:37:46,558 [INFO] IPUIPlugin:80 - create IPUIPlugin
2026-06-02 19:37:46,558 [INFO] PluginManager:220 - loadIPPluginJar : add tsc
2026-06-02 19:37:46,562 [INFO] IPUIPlugin:80 - create IPUIPlugin
2026-06-02 19:37:46,562 [INFO] PluginManager:220 - loadIPPluginJar : add ucpd
2026-06-02 19:37:46,568 [INFO] IPUIPlugin:80 - create IPUIPlugin
2026-06-02 19:37:46,568 [INFO] PluginManager:220 - loadIPPluginJar : add usart
2026-06-02 19:37:46,573 [INFO] IPUIPlugin:80 - create IPUIPlugin
2026-06-02 19:37:46,574 [INFO] PluginManager:220 - loadIPPluginJar : add usbx
2026-06-02 19:37:46,759 [INFO] CADModel:165 - CPN selected for project level
2026-06-02 19:37:46,760 [INFO] CADModel:114 - Register for checkConnection events
2026-06-02 19:37:46,760 [FATAL] Updater:308 - Updater called before beeing initialized
2026-06-02 19:37:46,760 [ERROR] CADModel:125 - Updater not yet initialized, retry later 
2026-06-02 19:37:47,021 [INFO] CADModel:165 - CPN selected for project level
2026-06-02 19:37:47,021 [INFO] CADModel:114 - Register for checkConnection events
2026-06-02 19:37:47,021 [FATAL] Updater:308 - Updater called before beeing initialized
2026-06-02 19:37:47,021 [ERROR] CADModel:125 - Updater not yet initialized, retry later 
2026-06-02 19:37:47,027 [FATAL] Updater:308 - Updater called before beeing initialized
2026-06-02 19:37:47,225 [FATAL] Updater:308 - Updater called before beeing initialized
2026-06-02 19:37:47,236 [INFO] DbMcusAds:53 - JSON generation date=Thu May 28 23:08:17 GMT+07:00 2026 (1779984497073)
2026-06-02 19:37:47,236 [FATAL] Updater:308 - Updater called before beeing initialized
2026-06-02 19:37:47,310 [WARN] DetailPanel:346 - Failed to get advertising image, set to default
2026-06-02 19:37:47,513 [FATAL] Updater:308 - Updater called before beeing initialized
2026-06-02 19:37:47,516 [FATAL] Updater:308 - Updater called before beeing initialized
2026-06-02 19:37:47,516 [FATAL] Updater:308 - Updater called before beeing initialized
2026-06-02 19:37:47,517 [WARN] DetailPanel:346 - Failed to get advertising image, set to default
2026-06-02 19:37:47,518 [FATAL] Updater:308 - Updater called before beeing initialized
2026-06-02 19:37:47,615 [ERROR] Updater:1120 - MainUpdater not yet initialized. External WinMGr cannot be set.
2026-06-02 19:37:47,618 [INFO] Updater:1056 - Updater Version found : 6.9.1
2026-06-02 19:37:47,649 [INFO] ApplicationProperties:184 - Using Application install path: C:\ST\STM32CubeIDE_1.13.1\STM32CubeIDE\plugins\com.st.stm32cube.common.mx_6.9.1.202307191849
2026-06-02 19:37:48,048 [INFO] MainUpdater:2868 - connection check result : 10
2026-06-02 19:37:48,050 [INFO] MainUpdater:285 - Updater Check For Update Now.
2026-06-02 19:37:48,050 [INFO] MicroXplorer:498 - Change Database Version : DB.6.0.91
2026-06-02 19:37:48,063 [INFO] McuFinderGlobals:63 - Set McuFinder mode to 2 (CubeIDE integrated)
2026-06-02 19:37:48,064 [INFO] UserAuth:179 - activating auth plugin
2026-06-02 19:37:48,068 [INFO] UserAuth:393 - Internet connection configuration mode: 1
2026-06-02 19:37:48,117 [WARN] MainUpdater:1189 - Updater busy. Cannot search thirdparties
2026-06-02 19:37:48,117 [INFO] ThirdPartyUpdaterWithRetryManager:96 - Updater plugin is busy. [1/15]
2026-06-02 19:37:48,120 [INFO] JxBrowserEngine:151 - Initiate JxBrowser Engine with user profile folder
2026-06-02 19:37:48,352 [INFO] CheckServerUpdateThread:120 - End of CheckServer Thread
2026-06-02 19:37:48,467 [INFO] MainUpdater:2868 - connection check result : 10
2026-06-02 19:37:48,469 [INFO] MainUpdater:2868 - connection check result : 10
2026-06-02 19:37:48,532 [INFO] MicroXplorer:468 - Change Database Path : 
2026-06-02 19:37:48,533 [INFO] MicroXplorer:498 - Change Database Version : DB.6.0.91
2026-06-02 19:37:48,544 [WARN] ThirdParty:871 - waiting for thirdparty lock release [close project]
2026-06-02 19:37:49,652 [INFO] WebApp:157 - Instantiating new browser for Auth
2026-06-02 19:37:50,640 [INFO] WebApp:753 - Register for checkConnection events
2026-06-02 19:37:50,641 [INFO] WebApp:390 - Apply proxy settings
2026-06-02 19:37:50,641 [INFO] WebApp:475 - Chromium requires no authentication
2026-06-02 19:37:50,662 [INFO] WebApp:418 - Direct internet connection detected
2026-06-02 19:37:51,005 [INFO] WebApp:188 - Starting web application
2026-06-02 19:37:51,005 [INFO] WebApp:520 - Web application path used C:\ST\STM32CubeIDE_1.13.1\STM32CubeIDE\plugins\com.st.stm32cube.common.mx_6.9.1.202307191849\db\plugins\mcufinder\reactClient1\index.html
2026-06-02 19:37:51,485 [WARN] PackLoader:240 - Cannot read IP mode file for STMicroelectronics.X-CUBE-SMBUS.2.1.0
2026-06-02 19:37:51,542 [WARN] PackLoader:240 - Cannot read IP mode file for STMicroelectronics.X-CUBE-AZRTOS-F7.1.1.0
2026-06-02 19:37:51,562 [ERROR] Engine:466 - C:\Users\Admin\.stm32cubemx\thirdparties\pdsc\WES.I-CUBE-Cesium.1.4.0.pdsc: PDSC version is not supported
2026-06-02 19:37:51,580 [WARN] PackLoader:240 - Cannot read IP mode file for STMicroelectronics.X-CUBE-DISPLAY.3.0.0
2026-06-02 19:37:51,599 [WARN] PackLoader:240 - Cannot read IP mode file for wolfSSL.I-CUBE-wolfSSL.5.9.1
2026-06-02 19:37:51,611 [WARN] PackLoader:240 - Cannot read IP mode file for emotas.I-CUBE-CANOPEN.1.3.0
2026-06-02 19:37:51,635 [INFO] LogOutputStream:77 - [STDOUT_REDIRECT] 1 : Invalid condition id : UX_CORESTACK_Condition cause : null
2026-06-02 19:37:51,637 [INFO] LogOutputStream:77 - [STDOUT_REDIRECT] 1 : Invalid condition id : UX_CORESTACK_Condition cause : null
2026-06-02 19:37:51,639 [INFO] LogOutputStream:77 - [STDOUT_REDIRECT] 1 : Invalid condition id : UX_CORESTACK_Condition cause : null
2026-06-02 19:37:51,641 [INFO] LogOutputStream:77 - [STDOUT_REDIRECT] 1 : Invalid condition id : UX_CORESTACK_Condition cause : null
2026-06-02 19:37:51,643 [INFO] LogOutputStream:77 - [STDOUT_REDIRECT] 1 : Invalid condition id : UX_CORESTACK_Condition cause : null
2026-06-02 19:37:51,651 [WARN] PackLoader:240 - Cannot read IP mode file for STMicroelectronics.X-CUBE-AZRTOS-WL.2.0.0
2026-06-02 19:37:51,667 [WARN] PackLoader:240 - Cannot read IP mode file for STMicroelectronics.X-CUBE-BLE2.3.3.0
2026-06-02 19:37:51,672 [ERROR] Engine:466 - C:\Users\Admin\.stm32cubemx\thirdparties\pdsc\Avnet-IOTCONNECT.X-CUBE-iotc-st67-sdk.1.0.0.pdsc: PDSC version is not supported
2026-06-02 19:37:51,683 [ERROR] Engine:466 - C:\Users\Admin\.stm32cubemx\thirdparties\pdsc\Infineon.AIROC-Wi-Fi-Bluetooth-STM32.1.8.0.pdsc: PDSC version is not supported
2026-06-02 19:37:51,689 [WARN] PackLoader:240 - Cannot read IP mode file for wolfSSL.I-CUBE-wolfMQTT.1.19.2
2026-06-02 19:37:51,716 [WARN] PackLoader:240 - Cannot read IP mode file for STMicroelectronics.X-CUBE-AZRTOS-G0.1.1.0
2026-06-02 19:37:51,729 [WARN] PackLoader:240 - Cannot read IP mode file for STMicroelectronics.X-CUBE-NFC4.3.0.0
2026-06-02 19:37:51,735 [ERROR] Engine:466 - C:\Users\Admin\.stm32cubemx\thirdparties\pdsc\EmbeddedOffice.I-CUBE-FS-RTOS.1.0.1.pdsc: PDSC version is not supported
2026-06-02 19:37:51,750 [WARN] PackLoader:240 - Cannot read IP mode file for wolfSSL.I-CUBE-wolfTPM.3.8.0
2026-06-02 19:37:51,755 [ERROR] Engine:466 - C:\Users\Admin\.stm32cubemx\thirdparties\pdsc\RealThread.X-CUBE-RT-Thread_Nano.4.1.1.pdsc: PDSC version is not supported
2026-06-02 19:37:51,763 [WARN] PackLoader:240 - Cannot read IP mode file for STMicroelectronics.FP-ATR-SIGFOX1.3.2.0
2026-06-02 19:37:51,768 [ERROR] Engine:466 - C:\Users\Admin\.stm32cubemx\thirdparties\pdsc\STMicroelectronics.X-CUBE-FREERTOS.1.5.0.pdsc: PDSC version is not supported
2026-06-02 19:37:51,776 [WARN] PackLoader:240 - Cannot read IP mode file for ITTIA_DB.I-CUBE-ITTIADB.8.9.0
2026-06-02 19:37:51,780 [ERROR] Engine:466 - C:\Users\Admin\.stm32cubemx\thirdparties\pdsc\Cesanta.I-CUBE-Mongoose.7.21.7.pdsc: PDSC version is not supported
2026-06-02 19:37:51,836 [WARN] PackLoader:240 - Cannot read IP mode file for SEGGER.I-CUBE-embOS.1.3.1
2026-06-02 19:37:51,995 [WARN] PackLoader:240 - Cannot read IP mode file for STMicroelectronics.X-CUBE-ALGOBUILD.1.4.0
2026-06-02 19:37:52,028 [WARN] PackLoader:240 - Cannot read IP mode file for STMicroelectronics.X-CUBE-AZRTOS-F4.1.1.0
2026-06-02 19:37:52,038 [ERROR] Engine:466 - C:\Users\Admin\.stm32cubemx\thirdparties\pdsc\STMicroelectronics.eDS-WB_DPC_TT-BIDIR.2.1.1.pdsc: PDSC version is not supported
2026-06-02 19:37:52,050 [WARN] PackLoader:240 - Cannot read IP mode file for STMicroelectronics.X-CUBE-ALGOBUILD.1.5.0
2026-06-02 19:37:52,054 [ERROR] Engine:466 - C:\Users\Admin\.stm32cubemx\thirdparties\pdsc\STMicroelectronics.eDS-WB_DPC_3PH2L-BIDIR.1.1.1.pdsc: PDSC version is not supported
2026-06-02 19:37:52,063 [WARN] PackLoader:240 - Cannot read IP mode file for STMicroelectronics.X-CUBE-TOUCHGFX.4.26.1
2026-06-02 19:37:52,093 [WARN] ConditionMgr:438 - getConditionDescription Invalid condition id : LAN8742 Phy interface Condition cause : null
2026-06-02 19:37:52,094 [WARN] PackLoader:240 - Cannot read IP mode file for STMicroelectronics.X-CUBE-AZRTOS-L4.2.0.0
2026-06-02 19:37:52,096 [WARN] ConditionMgr:1039 - genDependencies : Invalid condition id : LAN8742 Phy interface Condition cause : null
2026-06-02 19:37:52,097 [WARN] ConditionMgr:1039 - genDependencies : Invalid condition id : LAN8742 Phy interface Condition cause : null
2026-06-02 19:37:52,098 [WARN] ConditionMgr:1039 - genDependencies : Invalid condition id : LAN8742 Phy interface Condition cause : null
2026-06-02 19:37:52,118 [WARN] PackLoader:240 - Cannot read IP mode file for STMicroelectronics.X-CUBE-SFXS2LP1.4.0.0
2026-06-02 19:37:52,125 [ERROR] Engine:466 - C:\Users\Admin\.stm32cubemx\thirdparties\pdsc\quantropi.X-CUBE-qispace-sdk-base.2.1.0.pdsc: PDSC version is not supported
2026-06-02 19:37:52,140 [WARN] PackLoader:240 - Cannot read IP mode file for STMicroelectronics.X-CUBE-SUBG2.5.0.0
2026-06-02 19:37:52,176 [WARN] PackLoader:240 - Cannot read IP mode file for STMicroelectronics.X-CUBE-AZRTOS-G4.2.0.0
2026-06-02 19:37:52,186 [WARN] PackLoader:240 - Cannot read IP mode file for wolfSSL.I-CUBE-wolfSSH.1.4.20
2026-06-02 19:37:52,188 [INFO] ThirdParty:978 - Integrity check success = true
2026-06-02 19:37:52,188 [INFO] IntegrityCheckThread:100 - exiting critical section [integrity check]
2026-06-02 19:37:52,188 [INFO] IntegrityCheckThread:103 - End integrity checks thread
2026-06-02 19:37:52,188 [INFO] ThirdParty:873 - entering critical section [close project]
2026-06-02 19:37:52,191 [INFO] ThirdParty:883 - exiting critical section [close project]
2026-06-02 19:37:52,197 [INFO] PinOutPanel:1499 - setPackage(No Configuration,No Configuration)
2026-06-02 19:37:52,209 [INFO] UtilMem:75 - Begin LoadConfig() Used Memory: 208170344 Bytes (402653184)
2026-06-02 19:37:52,211 [INFO] MicroXplorer:468 - Change Database Path : 
2026-06-02 19:37:52,212 [INFO] MicroXplorer:498 - Change Database Version : DB.6.0.91
2026-06-02 19:37:52,212 [INFO] OpenFileManager:308 - Change cursor
2026-06-02 19:37:52,279 [INFO] Mcu:1946 - Initializing MCU STM32F103C(8-B)Tx STM32F103C8Tx STM32F103C8T6
2026-06-02 19:37:53,707 [INFO] Context:659 - Trying to add GPIOservice into a context  which must be forbidden
2026-06-02 19:37:54,247 [WARN] ModelIntegratedComponent:63 - No mode defined for component null
2026-06-02 19:37:54,247 [WARN] ModelIntegratedComponent:63 - No mode defined for component null
2026-06-02 19:37:54,247 [WARN] ModelIntegratedComponent:63 - No mode defined for component null
2026-06-02 19:37:54,248 [WARN] ModelIntegratedComponent:63 - No mode defined for component null
2026-06-02 19:37:54,248 [WARN] ModelIntegratedComponent:63 - No mode defined for component null
2026-06-02 19:37:54,248 [WARN] ModelIntegratedComponent:63 - No mode defined for component null
2026-06-02 19:37:54,248 [WARN] ModelIntegratedComponent:63 - No mode defined for component null
2026-06-02 19:37:54,248 [WARN] ModelIntegratedComponent:63 - No mode defined for component null
2026-06-02 19:37:54,248 [WARN] ModelIntegratedComponent:63 - No mode defined for component null
2026-06-02 19:37:54,248 [WARN] ModelIntegratedComponent:63 - No mode defined for component null
2026-06-02 19:37:54,248 [WARN] ModelIntegratedComponent:63 - No mode defined for component null
2026-06-02 19:37:54,248 [WARN] ModelIntegratedComponent:63 - No mode defined for component null
2026-06-02 19:37:54,248 [WARN] ModelIntegratedComponent:63 - No mode defined for component null
2026-06-02 19:37:54,249 [WARN] ModelIntegratedComponent:63 - No mode defined for component null
2026-06-02 19:37:54,249 [WARN] ModelIntegratedComponent:63 - No mode defined for component null
2026-06-02 19:37:54,249 [WARN] ModelIntegratedComponent:63 - No mode defined for component null
2026-06-02 19:37:54,249 [WARN] ModelIntegratedComponent:63 - No mode defined for component null
2026-06-02 19:37:54,249 [WARN] ModelIntegratedComponent:63 - No mode defined for component null
2026-06-02 19:37:54,249 [WARN] ModelIntegratedComponent:63 - No mode defined for component null
2026-06-02 19:37:54,249 [WARN] ModelIntegratedComponent:63 - No mode defined for component null
2026-06-02 19:37:54,249 [WARN] ModelIntegratedComponent:63 - No mode defined for component null
2026-06-02 19:37:54,249 [WARN] ModelIntegratedComponent:63 - No mode defined for component null
2026-06-02 19:37:54,249 [WARN] ModelIntegratedComponent:63 - No mode defined for component null
2026-06-02 19:37:54,249 [WARN] ModelIntegratedComponent:63 - No mode defined for component null
2026-06-02 19:37:54,250 [WARN] ModelIntegratedComponent:63 - No mode defined for component null
2026-06-02 19:37:54,250 [WARN] ModelIntegratedComponent:63 - No mode defined for component null
2026-06-02 19:37:54,250 [WARN] ModelIntegratedComponent:63 - No mode defined for component null
2026-06-02 19:37:54,250 [WARN] ModelIntegratedComponent:63 - No mode defined for component null
2026-06-02 19:37:54,250 [WARN] ModelIntegratedComponent:63 - No mode defined for component null
2026-06-02 19:37:54,250 [WARN] ModelIntegratedComponent:63 - No mode defined for component null
2026-06-02 19:37:54,250 [WARN] ModelIntegratedComponent:63 - No mode defined for component null
2026-06-02 19:37:54,250 [WARN] ModelIntegratedComponent:63 - No mode defined for component null
2026-06-02 19:37:54,250 [WARN] ModelIntegratedComponent:63 - No mode defined for component null
2026-06-02 19:37:54,271 [INFO] RtosManager:555 - Registered RTOS mode: class=CMSIS, group=RTOS, mode=CMSIS_V1, owner=FREERTOS
2026-06-02 19:37:54,271 [INFO] RtosManager:555 - Registered RTOS mode: class=CMSIS, group=RTOS2, mode=CMSIS_V2, owner=FREERTOS
2026-06-02 19:37:54,271 [INFO] RtosManager:555 - Registered RTOS mode: class=RTOS, group=Core, mode=CMSIS_V1, owner=FREERTOS
2026-06-02 19:37:54,271 [INFO] RtosManager:555 - Registered RTOS mode: class=RTOS, group=Core, mode=CMSIS_V2, owner=FREERTOS
2026-06-02 19:37:54,271 [WARN] ModelIntegratedComponent:184 - Missing modes for component STMicroelectronics:FreeRTOS:0.0.1:STMicroelectronics:RTOS:FreeRTOS:Core:::10.2.0:
2026-06-02 19:37:54,296 [INFO] ThirdPartyModel:298 - Start build external matchings
2026-06-02 19:37:54,349 [INFO] ThirdPartyModel:316 - End build external matchings
2026-06-02 19:37:54,721 [INFO] UtilMem:75 - End LoadConfig() Used Memory: 210506240 Bytes (402653184)
2026-06-02 19:37:54,839 [INFO] ApiDb:581 - Connected to CubeFinder SQLite database (C:\Users\Admin\.stmcufinder\plugins\mcufinder\mcu\cube-finder-db.db)
2026-06-02 19:37:55,016 [INFO] ApiDb:668 - CubeFinder database Data Model version=2.1
2026-06-02 19:37:55,017 [INFO] ApiDb:669 - CubeFinder database Configuration version=3.0.42
2026-06-02 19:37:55,017 [INFO] ApiDb:670 - CubeFinder database generation date=2026-05-06 (1778060171)
2026-06-02 19:37:55,017 [INFO] ApiDb:671 - CubeFinder database FW Pack versions=[FP-ATR-ASTRA1_V2.0.0, FP-SNS-FLIGHT1_V5.1.0, FP-SNS-MOTENV1_V5.1.0, FP-SNS-MOTENVWB1_V1.5.0, FP-SNS-SMARTAG2_V1.2.0, FP-SNS-STBOX1_V2.1.0, STM32Cube_FW_C0_V1.4.0, STM32Cube_FW_F4_V1.28.3, STM32Cube_FW_F7_V1.17.4, STM32Cube_FW_G0_V1.6.3, STM32Cube_FW_G4_V1.6.2, STM32Cube_FW_H5_V1.6.0, STM32Cube_FW_H7RS_V1.3.0, STM32Cube_FW_H7_V1.13.0, STM32Cube_FW_L0_V1.12.2, STM32Cube_FW_L4_V1.18.2, STM32Cube_FW_L5_V1.6.0, STM32Cube_FW_N6_V1.3.0, STM32Cube_FW_U0_V1.3.0, STM32Cube_FW_U3_V1.3.0, STM32Cube_FW_U5_V1.8.0, STM32Cube_FW_WB0_V1.4.0, STM32Cube_FW_WBA_V1.9.0, STM32Cube_FW_WB_V1.24.0, STM32Cube_FW_WL3_V1.4.0, STM32Cube_FW_WL_V1.5.0, X-CUBE-ALGOBUILD_V1.4.0, X-CUBE-ALS_V1.0.2, X-CUBE-AZRTOS-F4_V1.1.0, X-CUBE-AZRTOS-F7_V1.1.0, X-CUBE-AZRTOS-G0_V1.1.0, X-CUBE-AZRTOS-G4_V2.0.0, X-CUBE-AZRTOS-H7RS_V1.1.0, X-CUBE-AZRTOS-H7_V3.5.0, X-CUBE-AZRTOS-L4_V2.0.0, X-CUBE-AZRTOS-L5_V2.0.0, X-CUBE-AZRTOS-WB_V2.0.0, X-CUBE-AZRTOS-WL_V2.0.0, X-CUBE-BLE1_V7.1.0, X-CUBE-BLE2_V3.3.0, X-CUBE-BLEMGR_V4.1.0, X-CUBE-EEPRMA1_V5.2.0, X-CUBE-FREERTOS_V1.5.0, X-CUBE-GNSS1_V6.0.0, X-CUBE-MEMS1_V12.0.0, X-CUBE-NFC4_V3.0.0, X-CUBE-NFC7_V2.0.0, X-CUBE-SFXS2LP1_V4.0.0, X-CUBE-ST67W61_V1.2.0, X-CUBE-SUBG2_V5.0.0, X-CUBE-TOF1_V3.4.3]
2026-06-02 19:38:00,991 [INFO] ApiDb:240 - Found 323 in-development CPN: [B-G473E-ZEST1S, B-WB1M-WPAN1, B-WL5M-SUBG1, NUCLEO-C031C6, NUCLEO-H503RB, NUCLEO-H563ZI, NUCLEO-U545RE-Q, NUCLEO-U5A5ZJ-Q, NUCLEO-WBA52CG, STEVAL-PROTEUS1, STEVAL-SMARTAG2, STEVAL-STWINBX1, STM320518-EVAL, STM32C0116-DK, STM32C011D6Y3TR, STM32C011D6Y6TR, STM32C011F4P3, STM32C011F4P6, STM32C011F4U3, STM32C011F4U6TR, STM32C011F6P3, STM32C011F6P6, STM32C011F6U3, STM32C011F6U6TR, STM32C011J4M3, STM32C011J4M6, STM32C011J6M3, STM32C011J6M6, STM32C0316-DK, STM32C031C4T3, STM32C031C4T6, STM32C031C4U3, STM32C031C4U6, STM32C031C6T3, STM32C031C6T6, STM32C031C6U3, STM32C031C6U6, STM32C031F4P3, STM32C031F4P6, STM32C031F6P3, STM32C031F6P6, STM32C031G4U3, STM32C031G4U6, STM32C031G6U3, STM32C031G6U6, STM32C031K4T3, STM32C031K4T6, STM32C031K4U3, STM32C031K4U6, STM32C031K6T3, STM32C031K6T6, STM32C031K6U3, STM32C031K6U6, STM32G071K8TXN, STM32G071K8UXN, STM32G081GBU6N, STM32G081KBT6N, STM32G081KBUXN, STM32G0B1CCT6N, STM32G0B1KCT6, STM32G0B1NEY6TR, STM32G0B1RCT6N, STM32G0C1CCT6, STM32G0C1CCT6N, STM32G0C1CCU6N, STM32G0C1CET6N, STM32G0C1CEU6N, STM32G0C1KCT6, STM32G0C1NEY6TR, STM32G0C1RCI6N, STM32G0C1RCT6N, STM32G0C1REI6N, STM32G0C1RET6N, STM32G0C1VCI6, STM32G0C1VEI6, STM32G471CCT6, STM32G471CCU6, STM32G471CET3, STM32G471CET6, STM32G471CEU3, STM32G471CEU6, STM32G471MCT6, STM32G471MET3, STM32G471MET6, STM32G471MEY6TR, STM32G471QCT6, STM32G471QET3, STM32G471RCT6, STM32G471RET3, STM32G471RET6, STM32G471VCH6, STM32G471VCI6, STM32G471VCT6, STM32G471VEH3, STM32G471VEH6, STM32G471VEI3, STM32G471VEI6, STM32G471VET3, STM32G471VET6, STM32G474CCT6, STM32H503CBT6, STM32H503CBU6, STM32H503EBY6TR, STM32H503KBU6, STM32H503RBT6, STM32H562AGI6, STM32H562AII6, STM32H562IGK6, STM32H562IGT6, STM32H562IIK6, STM32H562IIT6, STM32H562RGT6, STM32H562RGV6, STM32H562RIT6, STM32H562RIV6, STM32H562VGT6, STM32H562VIT6, STM32H562ZGT6, STM32H562ZIT6, STM32H563AGI6, STM32H563AII3Q, STM32H563AII6, STM32H563IGK6, STM32H563IGT6, STM32H563IIK3Q, STM32H563IIK6, STM32H563IIT3Q, STM32H563IIT6, STM32H563MIY3QTR, STM32H563RGT6, STM32H563RGV6, STM32H563RIT6, STM32H563RIV6, STM32H563VGT6, STM32H563VIT3Q, STM32H563VIT6, STM32H563ZGT6, STM32H563ZIT3Q, STM32H563ZIT6, STM32H573AII3Q, STM32H573AII6, STM32H573I-DK, STM32H573IIK3Q, STM32H573IIK6, STM32H573IIT3Q, STM32H573IIT6, STM32H573MIY3QTR, STM32H573RIT6, STM32H573RIV6, STM32H573VIT3Q, STM32H573VIT6, STM32H573ZIT3Q, STM32H573ZIT6, STM32L4R5QGI6STR, STM32MP131AAE3, STM32MP131AAF3, STM32MP131AAG3, STM32MP131CAE3, STM32MP131CAF3, STM32MP131CAG3, STM32MP131DAE7, STM32MP131DAF7, STM32MP131DAG7, STM32MP131FAE7, STM32MP131FAF7, STM32MP131FAG7, STM32MP133AAE3, STM32MP133AAF3, STM32MP133AAG3, STM32MP133CAE3, STM32MP133CAF3, STM32MP133CAG3, STM32MP133DAE7, STM32MP133DAF7, STM32MP133DAG7, STM32MP133FAE7, STM32MP133FAF7, STM32MP133FAG7, STM32MP135AAE3, STM32MP135AAF3, STM32MP135AAG3, STM32MP135CAE3, STM32MP135CAF3, STM32MP135CAG3, STM32MP135DAE7, STM32MP135DAF7, STM32MP135DAG7, STM32MP135F-DK, STM32MP135FAE7, STM32MP135FAF7, STM32MP135FAF7T, STM32MP135FAF7U, STM32MP135FAG7, STM32U535CBT6, STM32U535CBT6Q, STM32U535CBU6, STM32U535CBU6Q, STM32U535CCT6, STM32U535CCT6Q, STM32U535CCU6, STM32U535CCU6Q, STM32U535CET6, STM32U535CET6Q, STM32U535CEU6, STM32U535CEU6Q, STM32U535JEY6QTR, STM32U535NCY6QTR, STM32U535NEY6QTR, STM32U535RBI6, STM32U535RBI6Q, STM32U535RBT6, STM32U535RBT6Q, STM32U535RCI6, STM32U535RCI6Q, STM32U535RCT6, STM32U535RCT6Q, STM32U535REI6, STM32U535REI6Q, STM32U535RET6, STM32U535RET6Q, STM32U535VCI6, STM32U535VCI6Q, STM32U535VCT6, STM32U535VCT6Q, STM32U535VEI6, STM32U535VEI6Q, STM32U535VET6, STM32U535VET6Q, STM32U545CET6, STM32U545CET6Q, STM32U545CEU6, STM32U545CEU6Q, STM32U545JEY6QTR, STM32U545NEY6QTR, STM32U545REI6, STM32U545REI6Q, STM32U545RET6, STM32U545RET6Q, STM32U545VEI6, STM32U545VEI6Q, STM32U545VET6, STM32U545VET6Q, STM32U595AIH6, STM32U595AIH6Q, STM32U595AJH6, STM32U595AJH6Q, STM32U595QII6, STM32U595QII6Q, STM32U595QJI6, STM32U595QJI6Q, STM32U595RIT6, STM32U595RIT6Q, STM32U595RJT6, STM32U595RJT6Q, STM32U595VIT6, STM32U595VIT6Q, STM32U595VJT6, STM32U595VJT6Q, STM32U595ZIT6, STM32U595ZIT6Q, STM32U595ZIY6QTR, STM32U595ZJT6, STM32U595ZJT6Q, STM32U595ZJY6QTR, STM32U599BJY6QTR, STM32U599NIH6Q, STM32U599NJH6Q, STM32U599VIT6Q, STM32U599VJT6, STM32U599VJT6Q, STM32U599ZIT6Q, STM32U599ZIY6QTR, STM32U599ZJT6Q, STM32U599ZJY6QTR, STM32U5A5AJH6, STM32U5A5AJH6Q, STM32U5A5QJI6, STM32U5A5QJI6Q, STM32U5A5RJT6, STM32U5A5RJT6Q, STM32U5A5VJT6, STM32U5A5VJT6Q, STM32U5A5ZJT6, STM32U5A5ZJT6Q, STM32U5A5ZJY6QTR, STM32U5A9BJY6QTR, STM32U5A9J-DK, STM32U5A9NJH6Q, STM32U5A9VJT6Q, STM32U5A9ZJT6Q, STM32U5A9ZJY6QTR, STM32U5F7VIT6, STM32U5F7VIT6Q, STM32U5F7VJT6, STM32U5F7VJT6Q, STM32U5F9BJY6QTR, STM32U5F9NJH6Q, STM32U5F9VIT6Q, STM32U5F9VJT6Q, STM32U5F9ZIJ6QTR, STM32U5F9ZIT6Q, STM32U5F9ZJJ6QTR, STM32U5F9ZJT6Q, STM32U5G7VJT6, STM32U5G7VJT6Q, STM32U5G9BJY6QTR, STM32U5G9J-DK1, STM32U5G9J-DK2, STM32U5G9NJH6Q, STM32U5G9VJT6Q, STM32U5G9ZJJ6QTR, STM32U5G9ZJT6Q, STM32WB1MMCH6, STM32WBA52CEU6, STM32WBA52CEU6T, STM32WBA52CGU6, STM32WBA52CGU6T, STM32WBA52KEU6, STM32WBA52KEU6T, STM32WBA52KGU6, STM32WBA52KGU6T, STM32WL5MOCH6, STM32WL5MOCH6TR]
2026-06-02 19:38:01,001 [INFO] DbMcus:217 - Found 5061 MCUs, 4943 are supported
2026-06-02 19:38:01,002 [INFO] ApiDb:423 - Load user favorites file C:\Users\Admin/.stm32cubeide/favorites.mcus.txt: 2 item(s)
2026-06-02 19:38:01,003 [INFO] ApiDb:427 - User favorites MCUs=[STM32F103C8T6, STM32F405RGT6]
2026-06-02 19:38:01,003 [INFO] DbMcus:223 - Set 2 / 2 favorites MCUs
2026-06-02 19:38:02,035 [WARN] ThirdParty:833 - waiting for thirdparty lock release [change project]
2026-06-02 19:38:02,035 [INFO] ThirdParty:835 - entering critical section [change project]
2026-06-02 19:38:02,035 [INFO] ThirdParty:1030 - CMSIS Pack Vendor :wolfSSL I-CUBE-wolfTPM 3.8.0
2026-06-02 19:38:02,035 [INFO] ThirdParty:1030 - CMSIS Pack Vendor :STMicroelectronics USBPD 4.1
2026-06-02 19:38:02,035 [INFO] ThirdParty:1030 - CMSIS Pack Vendor :STMicroelectronics X-CUBE-DISPLAY 3.0.0
2026-06-02 19:38:02,035 [INFO] ThirdParty:1030 - CMSIS Pack Vendor :wolfSSL I-CUBE-wolfSSH 1.4.20
2026-06-02 19:38:02,036 [INFO] ThirdParty:1030 - CMSIS Pack Vendor :STMicroelectronics USB_HOST 2.0.0
2026-06-02 19:38:02,036 [INFO] ThirdParty:1030 - CMSIS Pack Vendor :STMicroelectronics X-CUBE-AZRTOS-F4 1.1.0
2026-06-02 19:38:02,036 [INFO] ThirdParty:1030 - CMSIS Pack Vendor :STMicroelectronics LIBJPEG 8.0.0
2026-06-02 19:38:02,036 [INFO] ThirdParty:1030 - CMSIS Pack Vendor :wolfSSL I-CUBE-wolfSSL 5.9.1
2026-06-02 19:38:02,036 [INFO] ThirdParty:1030 - CMSIS Pack Vendor :STMicroelectronics FP-ATR-SIGFOX1 3.2.0
2026-06-02 19:38:02,036 [INFO] ThirdParty:1030 - CMSIS Pack Vendor :STMicroelectronics X-CUBE-SMBUS 2.1.0
2026-06-02 19:38:02,036 [INFO] ThirdParty:1030 - CMSIS Pack Vendor :wolfSSL I-CUBE-wolfMQTT 1.19.2
2026-06-02 19:38:02,036 [INFO] ThirdParty:1030 - CMSIS Pack Vendor :STMicroelectronics USB_DEVICE 3.0.0
2026-06-02 19:38:02,036 [INFO] ThirdParty:1030 - CMSIS Pack Vendor :STMicroelectronics HAL Drivers 0.0.0
2026-06-02 19:38:02,036 [INFO] ThirdParty:1030 - CMSIS Pack Vendor :STMicroelectronics MBEDTLS 2.16.2
2026-06-02 19:38:02,036 [INFO] ThirdParty:1030 - CMSIS Pack Vendor :emotas I-CUBE-CANOPEN 1.3.0
2026-06-02 19:38:02,037 [INFO] ThirdParty:1030 - CMSIS Pack Vendor :STMicroelectronics MBEDTLS 2.14.1
2026-06-02 19:38:02,037 [INFO] ThirdParty:1030 - CMSIS Pack Vendor :ITTIA_DB I-CUBE-ITTIADB 8.9.0
2026-06-02 19:38:02,037 [INFO] ThirdParty:1030 - CMSIS Pack Vendor :STMicroelectronics X-CUBE-AZRTOS-F7 1.1.0
2026-06-02 19:38:02,037 [INFO] ThirdParty:1030 - CMSIS Pack Vendor :STMicroelectronics X-CUBE-TOUCHGFX 4.26.1
2026-06-02 19:38:02,037 [INFO] ThirdParty:1030 - CMSIS Pack Vendor :STMicroelectronics USB_DEVICE 2.0.0
2026-06-02 19:38:02,037 [INFO] ThirdParty:1030 - CMSIS Pack Vendor :STMicroelectronics ThreadX 1.0.0
2026-06-02 19:38:02,037 [INFO] ThirdParty:1030 - CMSIS Pack Vendor :STMicroelectronics X-CUBE-AZRTOS-WL 2.0.0
2026-06-02 19:38:02,037 [INFO] ThirdParty:1030 - CMSIS Pack Vendor :SEGGER I-CUBE-embOS 1.3.1
2026-06-02 19:38:02,037 [INFO] ThirdParty:1030 - CMSIS Pack Vendor :STMicroelectronics X-CUBE-ALGOBUILD 1.4.0
2026-06-02 19:38:02,037 [INFO] ThirdParty:1030 - CMSIS Pack Vendor :STMicroelectronics X-CUBE-ALGOBUILD 1.5.0
2026-06-02 19:38:02,037 [INFO] ThirdParty:1030 - CMSIS Pack Vendor :STMicroelectronics FreeRTOS 0.0.1
2026-06-02 19:38:02,037 [INFO] ThirdParty:1030 - CMSIS Pack Vendor :STMicroelectronics X-CUBE-AZRTOS-G0 1.1.0
2026-06-02 19:38:02,038 [INFO] ThirdParty:1030 - CMSIS Pack Vendor :STMicroelectronics USB_DEVICE 1.0.0
2026-06-02 19:38:02,038 [INFO] ThirdParty:1030 - CMSIS Pack Vendor :STMicroelectronics X-CUBE-NFC4 3.0.0
2026-06-02 19:38:02,038 [INFO] ThirdParty:1030 - CMSIS Pack Vendor :STMicroelectronics X-CUBE-SUBG2 5.0.0
2026-06-02 19:38:02,038 [INFO] ThirdParty:1030 - CMSIS Pack Vendor :STMicroelectronics STM32_WPAN 1.0.0
2026-06-02 19:38:02,038 [INFO] ThirdParty:1030 - CMSIS Pack Vendor :STMicroelectronics X-CUBE-AZRTOS-L4 2.0.0
2026-06-02 19:38:02,038 [INFO] ThirdParty:1030 - CMSIS Pack Vendor :STMicroelectronics ThreadX 0.0.2
2026-06-02 19:38:02,038 [INFO] ThirdParty:1030 - CMSIS Pack Vendor :STMicroelectronics lwIP 2.0.3
2026-06-02 19:38:02,038 [INFO] ThirdParty:1030 - CMSIS Pack Vendor :STMicroelectronics lwIP 2.1.2
2026-06-02 19:38:02,038 [INFO] ThirdParty:1030 - CMSIS Pack Vendor :STMicroelectronics X-CUBE-SFXS2LP1 4.0.0
2026-06-02 19:38:02,038 [INFO] ThirdParty:1030 - CMSIS Pack Vendor :STMicroelectronics X-CUBE-BLE2 3.3.0
2026-06-02 19:38:02,038 [INFO] ThirdParty:1030 - CMSIS Pack Vendor :STMicroelectronics USB_HOST 1.0.0
2026-06-02 19:38:02,038 [INFO] ThirdParty:1030 - CMSIS Pack Vendor :STMicroelectronics X-CUBE-AZRTOS-G4 2.0.0
2026-06-02 19:38:02,038 [INFO] ThirdParty:1030 - CMSIS Pack Vendor :STMicroelectronics PDM2PCM 3.1.0
2026-06-02 19:38:02,038 [INFO] ThirdParty:1030 - CMSIS Pack Vendor :STMicroelectronics PDM2PCM 3.2.0
2026-06-02 19:38:02,039 [INFO] ThirdParty:1030 - CMSIS Pack Vendor :STMicroelectronics PDM2PCM 3.3.0
2026-06-02 19:38:02,039 [INFO] ThirdParty:841 - exiting critical section [change project]
2026-06-02 19:38:02,592 [INFO] PinOutPanel:1499 - setPackage(No Configuration,No Configuration)
2026-06-02 19:38:02,594 [INFO] PinOutPanel:1499 - setPackage(STM32F103C8Tx,LQFP48)
2026-06-02 19:38:03,245 [INFO] UtilMem:75 - Before build in PCC Used Memory: 286961800 Bytes (460324864)
2026-06-02 19:38:04,757 [INFO] UtilMem:75 - After build in PCC Used Memory: 334027520 Bytes (460324864)
2026-06-02 19:38:04,805 [INFO] IPUIPlugin:80 - create IPUIPlugin
2026-06-02 19:38:04,805 [INFO] IPUIPlugin:80 - create IPUIPlugin
2026-06-02 19:38:04,806 [INFO] IPUIPlugin:80 - create IPUIPlugin
2026-06-02 19:38:04,806 [INFO] IPUIPlugin:80 - create IPUIPlugin
2026-06-02 19:38:04,806 [INFO] IPUIPlugin:80 - create IPUIPlugin
2026-06-02 19:38:04,806 [INFO] IPUIPlugin:80 - create IPUIPlugin
2026-06-02 19:38:04,807 [INFO] IPUIPlugin:80 - create IPUIPlugin
2026-06-02 19:38:04,807 [INFO] IPUIPlugin:80 - create IPUIPlugin
2026-06-02 19:38:04,807 [INFO] IPUIPlugin:80 - create IPUIPlugin
2026-06-02 19:38:04,807 [INFO] IPUIPlugin:80 - create IPUIPlugin
2026-06-02 19:38:04,808 [INFO] IPUIPlugin:80 - create IPUIPlugin
2026-06-02 19:38:04,808 [INFO] IPUIPlugin:80 - create IPUIPlugin
2026-06-02 19:38:04,809 [INFO] IPUIPlugin:80 - create IPUIPlugin
2026-06-02 19:38:04,809 [INFO] IPUIPlugin:80 - create IPUIPlugin
2026-06-02 19:38:04,810 [INFO] IPUIPlugin:80 - create IPUIPlugin
2026-06-02 19:38:04,810 [INFO] IPUIPlugin:80 - create IPUIPlugin
2026-06-02 19:38:04,810 [INFO] IPUIPlugin:80 - create IPUIPlugin
2026-06-02 19:38:04,811 [INFO] IPUIPlugin:80 - create IPUIPlugin
2026-06-02 19:38:04,811 [INFO] IPUIPlugin:80 - create IPUIPlugin
2026-06-02 19:38:04,812 [INFO] IPUIPlugin:80 - create IPUIPlugin
2026-06-02 19:38:04,812 [INFO] IPUIPlugin:80 - create IPUIPlugin
2026-06-02 19:38:04,813 [INFO] IPUIPlugin:80 - create IPUIPlugin
2026-06-02 19:38:04,813 [INFO] IPUIPlugin:80 - create IPUIPlugin
2026-06-02 19:38:04,814 [INFO] IPUIPlugin:80 - create IPUIPlugin
2026-06-02 19:38:04,814 [INFO] IPUIPlugin:80 - create IPUIPlugin
2026-06-02 19:38:04,815 [INFO] IPUIPlugin:80 - create IPUIPlugin
2026-06-02 19:38:04,815 [INFO] IPUIPlugin:80 - create IPUIPlugin
2026-06-02 19:38:04,833 [WARN] IP:2114 - I2C_Coeff_DF not found: check if there is a RefParameter without a condition.
2026-06-02 19:38:04,833 [WARN] IP:2114 - Analog_Filter not found: check if there is a RefParameter without a condition.
2026-06-02 19:38:05,234 [INFO] CADModel:165 - CPN selected for project levelSTM32F103C8T6
2026-06-02 19:38:05,234 [INFO] CADModel:114 - Register for checkConnection events
2026-06-02 19:38:05,302 [INFO] OpenFileManager:328 - Restore cursor
2026-06-02 19:38:05,608 [WARN] IP:2114 - I2C_Coeff_DF not found: check if there is a RefParameter without a condition.
2026-06-02 19:38:05,609 [WARN] IP:2114 - Analog_Filter not found: check if there is a RefParameter without a condition.
2026-06-02 19:38:05,610 [WARN] IP:2114 - I2C_Coeff_DF not found: check if there is a RefParameter without a condition.
2026-06-02 19:38:05,610 [WARN] IP:2114 - Analog_Filter not found: check if there is a RefParameter without a condition.
2026-06-02 19:38:12,396 [ERROR] LogOutputStream:75 - [STDERR_REDIRECT] SLF4J: Failed to load class "org.slf4j.impl.StaticLoggerBinder".
2026-06-02 19:38:12,397 [ERROR] LogOutputStream:75 - [STDERR_REDIRECT] SLF4J: Defaulting to no-operation (NOP) logger implementation
2026-06-02 19:38:12,400 [ERROR] LogOutputStream:75 - [STDERR_REDIRECT] SLF4J: See http://www.slf4j.org/codes.html#StaticLoggerBinder for further details.
2026-06-02 20:47:05,261 [ERROR] LogOutputStream:75 - [STDERR_REDIRECT] 
