2026-05-22 03:34:10,476 [INFO] Activator:176 - 


2026-05-22 03:34:10,481 [INFO] Activator:177 - !SESSION log4j initialized
2026-05-22 03:34:14,905 [INFO] LogOutputStream:77 - [STDOUT_REDIRECT] 
2026-05-22 03:34:16,239 [INFO] ApplicationProperties:184 - Using Application install path: C:\ST\STM32CubeIDE_1.13.1\STM32CubeIDE\plugins\com.st.stm32cube.common.mx_6.9.1.202307191849
2026-05-22 03:34:16,253 [INFO] DbMcusXml:78 - Set database path to: C:\ST\STM32CubeIDE_1.13.1\STM32CubeIDE\plugins\com.st.stm32cube.common.mx_6.9.1.202307191849\\db\/mcu/
2026-05-22 03:34:16,254 [INFO] ApiDb:274 - Set plugin database path to: C:\ST\STM32CubeIDE_1.13.1\STM32CubeIDE\plugins\com.st.stm32cube.common.mx_6.9.1.202307191849\\db\/plugins/boardmanager/
2026-05-22 03:34:16,254 [WARN] ApiDb:259 - Overriding images path with different value:  => C:\ST\STM32CubeIDE_1.13.1\STM32CubeIDE\plugins\com.st.stm32cube.common.mx_6.9.1.202307191849\\db\/plugins/mcufinder/images/
2026-05-22 03:34:16,262 [INFO] ApiDb:250 - Set database path to: C:\Users\Admin\.stmcufinder\plugins\mcufinder//mcu/
2026-05-22 03:34:16,263 [INFO] DbMcusAds:125 - Set database path to: C:\Users\Admin\.stmcufinder\plugins\mcufinder//mcu/
2026-05-22 03:34:16,264 [INFO] CrossReferenceDbSqlite:203 - Set database path to: C:\Users\Admin\.stmcufinder\plugins\mcufinder//mcu/cs/
2026-05-22 03:34:16,346 [INFO] RulesReader:64 - Compatibility file has been processed (293 Rules)
2026-05-22 03:34:16,402 [INFO] DbMcusXml:78 - Set database path to: C:\ST\STM32CubeIDE_1.13.1\STM32CubeIDE\plugins\com.st.stm32cube.common.mx_6.9.1.202307191849\\db\/mcu/
2026-05-22 03:34:16,402 [INFO] ApiDb:274 - Set plugin database path to: C:\ST\STM32CubeIDE_1.13.1\STM32CubeIDE\plugins\com.st.stm32cube.common.mx_6.9.1.202307191849\\db\/plugins/boardmanager/
2026-05-22 03:34:16,402 [INFO] ApiDb:261 - Set plugin images path to: C:\ST\STM32CubeIDE_1.13.1\STM32CubeIDE\plugins\com.st.stm32cube.common.mx_6.9.1.202307191849\\db\/plugins/mcufinder/images/
2026-05-22 03:34:16,403 [WARN] DbFile:41 - Overriding database path with different value: C:\Users\Admin\.stmcufinder\plugins\mcufinder/ => C:\Users\Admin\.stmcufinder\plugins\mcufinder
2026-05-22 03:34:16,403 [INFO] ApiDb:250 - Set database path to: C:\Users\Admin\.stmcufinder\plugins\mcufinder//mcu/
2026-05-22 03:34:16,403 [WARN] DbFile:41 - Overriding database path with different value: C:\Users\Admin\.stmcufinder\plugins\mcufinder/ => C:\Users\Admin\.stmcufinder\plugins\mcufinder
2026-05-22 03:34:16,403 [INFO] DbMcusAds:125 - Set database path to: C:\Users\Admin\.stmcufinder\plugins\mcufinder//mcu/
2026-05-22 03:34:16,403 [WARN] DbFile:41 - Overriding database path with different value: C:\Users\Admin\.stmcufinder\plugins\mcufinder/ => C:\Users\Admin\.stmcufinder\plugins\mcufinder
2026-05-22 03:34:16,403 [WARN] DbFile:41 - Overriding database path with different value: C:\Users\Admin\.stmcufinder\plugins\mcufinder/ => C:\Users\Admin\.stmcufinder\plugins\mcufinder
2026-05-22 03:34:16,403 [INFO] CrossReferenceDbSqlite:203 - Set database path to: C:\Users\Admin\.stmcufinder\plugins\mcufinder//mcu/cs/
2026-05-22 03:34:16,460 [INFO] MainPanel:262 - HeapMemory: 268435456
2026-05-22 03:34:16,512 [INFO] DbMcusXml:78 - Set database path to: C:\ST\STM32CubeIDE_1.13.1\STM32CubeIDE\plugins\com.st.stm32cube.common.mx_6.9.1.202307191849\\db\/mcu/
2026-05-22 03:34:16,512 [INFO] ApiDb:274 - Set plugin database path to: C:\ST\STM32CubeIDE_1.13.1\STM32CubeIDE\plugins\com.st.stm32cube.common.mx_6.9.1.202307191849\\db\/plugins/boardmanager/
2026-05-22 03:34:16,512 [INFO] ApiDb:261 - Set plugin images path to: C:\ST\STM32CubeIDE_1.13.1\STM32CubeIDE\plugins\com.st.stm32cube.common.mx_6.9.1.202307191849\\db\/plugins/mcufinder/images/
2026-05-22 03:34:16,512 [WARN] DbFile:41 - Overriding database path with different value: C:\Users\Admin\.stmcufinder\plugins\mcufinder/ => C:\Users\Admin\.stmcufinder\plugins\mcufinder
2026-05-22 03:34:16,512 [INFO] ApiDb:250 - Set database path to: C:\Users\Admin\.stmcufinder\plugins\mcufinder//mcu/
2026-05-22 03:34:16,512 [WARN] DbFile:41 - Overriding database path with different value: C:\Users\Admin\.stmcufinder\plugins\mcufinder/ => C:\Users\Admin\.stmcufinder\plugins\mcufinder
2026-05-22 03:34:16,512 [INFO] DbMcusAds:125 - Set database path to: C:\Users\Admin\.stmcufinder\plugins\mcufinder//mcu/
2026-05-22 03:34:16,513 [WARN] DbFile:41 - Overriding database path with different value: C:\Users\Admin\.stmcufinder\plugins\mcufinder/ => C:\Users\Admin\.stmcufinder\plugins\mcufinder
2026-05-22 03:34:16,513 [WARN] DbFile:41 - Overriding database path with different value: C:\Users\Admin\.stmcufinder\plugins\mcufinder/ => C:\Users\Admin\.stmcufinder\plugins\mcufinder
2026-05-22 03:34:16,513 [INFO] CrossReferenceDbSqlite:203 - Set database path to: C:\Users\Admin\.stmcufinder\plugins\mcufinder//mcu/cs/
2026-05-22 03:34:16,525 [INFO] ApplicationProperties:184 - Using Application install path: C:\ST\STM32CubeIDE_1.13.1\STM32CubeIDE\plugins\com.st.stm32cube.common.mx_6.9.1.202307191849
2026-05-22 03:34:16,527 [INFO] PluginManage:196 - Search for loadable plugins [exclusion list=, ]
2026-05-22 03:34:16,527 [INFO] PluginManage:310 - Check plugin analytics
2026-05-22 03:34:16,635 [INFO] AnalyticsPlugin:253 - Accepted Software Licenses: 
2026-05-22 03:34:16,635 [INFO] AnalyticsPlugin:255 - Accepted CMSIS Pack Licenses: 
2026-05-22 03:34:16,635 [INFO] AnalyticsPlugin:257 - Accepted Firmware Licenses: FW.F4.1.27.0
2026-05-22 03:34:16,637 [INFO] PluginManage:359 - Loaded plugin analytics (category:tool,tabindex:-1)
2026-05-22 03:34:16,639 [INFO] PluginManage:310 - Check plugin cadmodel
2026-05-22 03:34:16,641 [INFO] CADModel:105 - Init CAD model plugin
2026-05-22 03:34:16,642 [INFO] PluginManage:359 - Loaded plugin cadmodel (category:power,tabindex:5)
2026-05-22 03:34:16,642 [INFO] PluginManage:310 - Check plugin clock
2026-05-22 03:34:16,650 [INFO] PluginManage:359 - Loaded plugin clock (category:base,tabindex:2)
2026-05-22 03:34:16,651 [INFO] PluginManage:310 - Check plugin ddr
2026-05-22 03:34:16,653 [INFO] PluginManage:359 - Loaded plugin ddr (category:tool,tabindex:6)
2026-05-22 03:34:16,653 [INFO] PluginManage:310 - Check plugin filemanager
2026-05-22 03:34:16,746 [INFO] PluginManage:359 - Loaded plugin filemanager (category:base,tabindex:10)
2026-05-22 03:34:16,746 [INFO] PluginManage:310 - Check plugin ipmanager
2026-05-22 03:34:16,751 [INFO] PluginManage:359 - Loaded plugin ipmanager (category:base,tabindex:5)
2026-05-22 03:34:16,751 [INFO] PluginManage:310 - Check plugin lpbam
2026-05-22 03:34:16,757 [INFO] PluginManage:359 - Loaded plugin lpbam (category:base,tabindex:0)
2026-05-22 03:34:16,757 [INFO] PluginManage:310 - Check plugin memorymap
2026-05-22 03:34:16,764 [INFO] PluginManage:359 - Loaded plugin memorymap (category:base,tabindex:4)
2026-05-22 03:34:16,765 [INFO] PluginManage:310 - Check plugin pinoutandconfiguration
2026-05-22 03:34:16,769 [INFO] PluginManage:359 - Loaded plugin pinoutandconfiguration (category:base,tabindex:1)
2026-05-22 03:34:16,769 [INFO] PluginManage:310 - Check plugin pinoutconfig
2026-05-22 03:34:16,830 [WARN] SupportedApi:132 - Cannot load RTOS API schema: s4s-elt-must-match.1: The content of 'definitions' must match (annotation?, (simpleType | complexType)?, (unique | key | keyref)*)). A problem was found starting at: attribute.
2026-05-22 03:34:16,927 [INFO] PluginManage:359 - Loaded plugin pinoutconfig (category:base,tabindex:0)
2026-05-22 03:34:16,927 [INFO] PluginManage:310 - Check plugin power
2026-05-22 03:34:16,933 [INFO] PluginManage:359 - Loaded plugin power (category:power,tabindex:4)
2026-05-22 03:34:16,933 [INFO] PluginManage:310 - Check plugin projectmanager
2026-05-22 03:34:16,946 [INFO] PluginManage:359 - Loaded plugin projectmanager (category:projectmanager,tabindex:3)
2026-05-22 03:34:16,946 [INFO] PluginManage:310 - Check plugin thirdparty
2026-05-22 03:34:17,036 [INFO] PluginManage:359 - Loaded plugin thirdparty (category:base,tabindex:-1)
2026-05-22 03:34:17,036 [WARN] IntegrityCheckThread:84 - waiting for thirdparty lock release [integrity check]
2026-05-22 03:34:17,036 [INFO] PluginManage:310 - Check plugin tools
2026-05-22 03:34:17,036 [INFO] IntegrityCheckThread:86 - entering critical section [integrity check]
2026-05-22 03:34:17,037 [INFO] ThirdPartyUpdaterWithRetryManager:70 - Updater plugin not ready yet. [1/15]
2026-05-22 03:34:17,039 [INFO] PluginManage:359 - Loaded plugin tools (category:base,tabindex:7)
2026-05-22 03:34:17,039 [INFO] PluginManage:310 - Check plugin tutovideos
2026-05-22 03:34:17,178 [INFO] PluginManage:359 - Loaded plugin tutovideos (category:base,tabindex:-1)
2026-05-22 03:34:17,178 [INFO] PluginManage:310 - Check plugin updater
2026-05-22 03:34:17,186 [INFO] PluginManage:359 - Loaded plugin updater (category:base,tabindex:12)
2026-05-22 03:34:17,186 [INFO] PluginManage:310 - Check plugin userauth
2026-05-22 03:34:17,190 [INFO] UserAuth:113 - Init User Auth plugin
2026-05-22 03:34:17,190 [INFO] PluginManage:359 - Loaded plugin userauth (category:base,tabindex:14)
2026-05-22 03:34:17,190 [INFO] PluginManage:283 - PluginManage : Loaded plugins [17]
2026-05-22 03:34:17,345 [INFO] PinOutPanel:1499 - setPackage(No Configuration,No Configuration)
2026-05-22 03:34:17,417 [INFO] CADModel:165 - CPN selected for project level
2026-05-22 03:34:17,417 [INFO] CADModel:114 - Register for checkConnection events
2026-05-22 03:34:17,429 [INFO] IPUIPlugin:80 - create IPUIPlugin
2026-05-22 03:34:17,429 [INFO] PluginManager:220 - loadIPPluginJar : add adc
2026-05-22 03:34:17,431 [INFO] IPUIPlugin:80 - create IPUIPlugin
2026-05-22 03:34:17,431 [INFO] PluginManager:220 - loadIPPluginJar : add aes
2026-05-22 03:34:17,433 [INFO] IPUIPlugin:80 - create IPUIPlugin
2026-05-22 03:34:17,433 [INFO] PluginManager:220 - loadIPPluginJar : add can
2026-05-22 03:34:17,434 [INFO] IPUIPlugin:80 - create IPUIPlugin
2026-05-22 03:34:17,434 [INFO] PluginManager:220 - loadIPPluginJar : add comp
2026-05-22 03:34:17,435 [INFO] IPUIPlugin:80 - create IPUIPlugin
2026-05-22 03:34:17,435 [INFO] PluginManager:220 - loadIPPluginJar : add cryp
2026-05-22 03:34:17,437 [INFO] IPUIPlugin:80 - create IPUIPlugin
2026-05-22 03:34:17,437 [INFO] PluginManager:220 - loadIPPluginJar : add dfsdm
2026-05-22 03:34:17,441 [INFO] IPUIPlugin:80 - create IPUIPlugin
2026-05-22 03:34:17,441 [INFO] PluginManager:220 - loadIPPluginJar : add dma
2026-05-22 03:34:17,443 [INFO] IPUIPlugin:80 - create IPUIPlugin
2026-05-22 03:34:17,443 [INFO] PluginManager:220 - loadIPPluginJar : add dma3
2026-05-22 03:34:17,443 [INFO] IPUIPlugin:80 - create IPUIPlugin
2026-05-22 03:34:17,443 [INFO] PluginManager:220 - loadIPPluginJar : add fatfs
2026-05-22 03:34:17,446 [INFO] IPUIPlugin:80 - create IPUIPlugin
2026-05-22 03:34:17,446 [INFO] PluginManager:220 - loadIPPluginJar : add fmc
2026-05-22 03:34:17,449 [INFO] IPUIPlugin:80 - create IPUIPlugin
2026-05-22 03:34:17,449 [INFO] PluginManager:220 - loadIPPluginJar : add freertos
2026-05-22 03:34:17,450 [INFO] IPUIPlugin:80 - create IPUIPlugin
2026-05-22 03:34:17,450 [INFO] PluginManager:220 - loadIPPluginJar : add genericplugin
2026-05-22 03:34:17,451 [INFO] IPUIPlugin:80 - create IPUIPlugin
2026-05-22 03:34:17,451 [INFO] PluginManager:220 - loadIPPluginJar : add gfxmmu
2026-05-22 03:34:17,454 [INFO] IPUIPlugin:80 - create IPUIPlugin
2026-05-22 03:34:17,454 [INFO] PluginManager:220 - loadIPPluginJar : add gic
2026-05-22 03:34:17,456 [INFO] IPUIPlugin:80 - create IPUIPlugin
2026-05-22 03:34:17,457 [INFO] PluginManager:220 - loadIPPluginJar : add gpio
2026-05-22 03:34:17,458 [INFO] IPUIPlugin:80 - create IPUIPlugin
2026-05-22 03:34:17,458 [INFO] PluginManager:220 - loadIPPluginJar : add gtzc
2026-05-22 03:34:17,459 [INFO] IPUIPlugin:80 - create IPUIPlugin
2026-05-22 03:34:17,459 [INFO] PluginManager:220 - loadIPPluginJar : add hash
2026-05-22 03:34:17,461 [INFO] IPUIPlugin:80 - create IPUIPlugin
2026-05-22 03:34:17,461 [INFO] PluginManager:220 - loadIPPluginJar : add i2c
2026-05-22 03:34:17,462 [INFO] IPUIPlugin:80 - create IPUIPlugin
2026-05-22 03:34:17,462 [INFO] PluginManager:220 - loadIPPluginJar : add i2s
2026-05-22 03:34:17,463 [INFO] IPUIPlugin:80 - create IPUIPlugin
2026-05-22 03:34:17,463 [INFO] PluginManager:220 - loadIPPluginJar : add i3c
2026-05-22 03:34:17,465 [INFO] IPUIPlugin:80 - create IPUIPlugin
2026-05-22 03:34:17,465 [INFO] PluginManager:220 - loadIPPluginJar : add ipddr
2026-05-22 03:34:17,470 [INFO] IPUIPlugin:80 - create IPUIPlugin
2026-05-22 03:34:17,470 [INFO] PluginManager:220 - loadIPPluginJar : add linkedlist
2026-05-22 03:34:17,471 [INFO] IPUIPlugin:80 - create IPUIPlugin
2026-05-22 03:34:17,471 [INFO] PluginManager:220 - loadIPPluginJar : add lorawan
2026-05-22 03:34:17,472 [INFO] IPUIPlugin:80 - create IPUIPlugin
2026-05-22 03:34:17,472 [INFO] PluginManager:220 - loadIPPluginJar : add ltdc
2026-05-22 03:34:17,475 [INFO] IPUIPlugin:80 - create IPUIPlugin
2026-05-22 03:34:17,476 [INFO] PluginManager:220 - loadIPPluginJar : add mdma
2026-05-22 03:34:17,478 [INFO] IPUIPlugin:80 - create IPUIPlugin
2026-05-22 03:34:17,478 [INFO] PluginManager:220 - loadIPPluginJar : add nvic
2026-05-22 03:34:17,479 [INFO] IPUIPlugin:80 - create IPUIPlugin
2026-05-22 03:34:17,479 [INFO] PluginManager:220 - loadIPPluginJar : add opamp
2026-05-22 03:34:17,481 [INFO] IPUIPlugin:80 - create IPUIPlugin
2026-05-22 03:34:17,481 [INFO] PluginManager:220 - loadIPPluginJar : add openamp
2026-05-22 03:34:17,483 [INFO] IPUIPlugin:80 - create IPUIPlugin
2026-05-22 03:34:17,483 [INFO] PluginManager:220 - loadIPPluginJar : add pdm2pcm
2026-05-22 03:34:17,487 [INFO] IPUIPlugin:80 - create IPUIPlugin
2026-05-22 03:34:17,489 [INFO] PluginManager:220 - loadIPPluginJar : add plateformsettings
2026-05-22 03:34:17,490 [INFO] IPUIPlugin:80 - create IPUIPlugin
2026-05-22 03:34:17,490 [INFO] PluginManager:220 - loadIPPluginJar : add quadspi
2026-05-22 03:34:17,492 [INFO] IPUIPlugin:80 - create IPUIPlugin
2026-05-22 03:34:17,492 [INFO] PluginManager:220 - loadIPPluginJar : add resmgrutility
2026-05-22 03:34:17,494 [INFO] IPUIPlugin:80 - create IPUIPlugin
2026-05-22 03:34:17,494 [INFO] PluginManager:220 - loadIPPluginJar : add sai
2026-05-22 03:34:17,495 [INFO] IPUIPlugin:80 - create IPUIPlugin
2026-05-22 03:34:17,495 [INFO] PluginManager:220 - loadIPPluginJar : add spi
2026-05-22 03:34:17,498 [INFO] IPUIPlugin:80 - create IPUIPlugin
2026-05-22 03:34:17,498 [INFO] PluginManager:220 - loadIPPluginJar : add stm32_wpan
2026-05-22 03:34:17,499 [INFO] IPUIPlugin:80 - create IPUIPlugin
2026-05-22 03:34:17,499 [INFO] PluginManager:220 - loadIPPluginJar : add tim
2026-05-22 03:34:17,501 [INFO] IPUIPlugin:80 - create IPUIPlugin
2026-05-22 03:34:17,501 [INFO] PluginManager:220 - loadIPPluginJar : add touchsensing
2026-05-22 03:34:17,502 [INFO] IPUIPlugin:80 - create IPUIPlugin
2026-05-22 03:34:17,502 [INFO] PluginManager:220 - loadIPPluginJar : add tracer_emb
2026-05-22 03:34:17,503 [INFO] IPUIPlugin:80 - create IPUIPlugin
2026-05-22 03:34:17,503 [INFO] PluginManager:220 - loadIPPluginJar : add ts
2026-05-22 03:34:17,503 [INFO] IPUIPlugin:80 - create IPUIPlugin
2026-05-22 03:34:17,503 [INFO] PluginManager:220 - loadIPPluginJar : add tsc
2026-05-22 03:34:17,505 [INFO] IPUIPlugin:80 - create IPUIPlugin
2026-05-22 03:34:17,505 [INFO] PluginManager:220 - loadIPPluginJar : add ucpd
2026-05-22 03:34:17,506 [INFO] IPUIPlugin:80 - create IPUIPlugin
2026-05-22 03:34:17,506 [INFO] PluginManager:220 - loadIPPluginJar : add usart
2026-05-22 03:34:17,508 [INFO] IPUIPlugin:80 - create IPUIPlugin
2026-05-22 03:34:17,508 [INFO] PluginManager:220 - loadIPPluginJar : add usbx
2026-05-22 03:34:17,617 [INFO] CADModel:165 - CPN selected for project level
2026-05-22 03:34:17,617 [INFO] CADModel:114 - Register for checkConnection events
2026-05-22 03:34:17,617 [FATAL] Updater:308 - Updater called before beeing initialized
2026-05-22 03:34:17,617 [ERROR] CADModel:125 - Updater not yet initialized, retry later 
2026-05-22 03:34:17,720 [INFO] CADModel:165 - CPN selected for project level
2026-05-22 03:34:17,720 [INFO] CADModel:114 - Register for checkConnection events
2026-05-22 03:34:17,720 [FATAL] Updater:308 - Updater called before beeing initialized
2026-05-22 03:34:17,720 [ERROR] CADModel:125 - Updater not yet initialized, retry later 
2026-05-22 03:34:17,723 [FATAL] Updater:308 - Updater called before beeing initialized
2026-05-22 03:34:17,790 [FATAL] Updater:308 - Updater called before beeing initialized
2026-05-22 03:34:17,794 [INFO] DbMcusAds:53 - JSON generation date=Mon Apr 27 15:14:29 GMT+07:00 2026 (1777277669924)
2026-05-22 03:34:17,795 [FATAL] Updater:308 - Updater called before beeing initialized
2026-05-22 03:34:17,820 [WARN] DetailPanel:346 - Failed to get advertising image, set to default
2026-05-22 03:34:17,900 [FATAL] Updater:308 - Updater called before beeing initialized
2026-05-22 03:34:17,901 [FATAL] Updater:308 - Updater called before beeing initialized
2026-05-22 03:34:17,901 [FATAL] Updater:308 - Updater called before beeing initialized
2026-05-22 03:34:17,901 [WARN] DetailPanel:346 - Failed to get advertising image, set to default
2026-05-22 03:34:17,902 [FATAL] Updater:308 - Updater called before beeing initialized
2026-05-22 03:34:17,937 [ERROR] Updater:1120 - MainUpdater not yet initialized. External WinMGr cannot be set.
2026-05-22 03:34:17,938 [INFO] Updater:1056 - Updater Version found : 6.9.1
2026-05-22 03:34:17,952 [INFO] ApplicationProperties:184 - Using Application install path: C:\ST\STM32CubeIDE_1.13.1\STM32CubeIDE\plugins\com.st.stm32cube.common.mx_6.9.1.202307191849
2026-05-22 03:34:18,084 [INFO] MainUpdater:2868 - connection check result : 10
2026-05-22 03:34:18,085 [INFO] MainUpdater:285 - Updater Check For Update Now.
2026-05-22 03:34:18,085 [INFO] MicroXplorer:498 - Change Database Version : DB.6.0.91
2026-05-22 03:34:18,097 [INFO] McuFinderGlobals:63 - Set McuFinder mode to 2 (CubeIDE integrated)
2026-05-22 03:34:18,097 [INFO] UserAuth:179 - activating auth plugin
2026-05-22 03:34:18,100 [INFO] UserAuth:393 - Internet connection configuration mode: 1
2026-05-22 03:34:18,130 [INFO] JxBrowserEngine:151 - Initiate JxBrowser Engine with user profile folder
2026-05-22 03:34:18,263 [INFO] CheckServerUpdateThread:120 - End of CheckServer Thread
2026-05-22 03:34:18,760 [INFO] WebApp:157 - Instantiating new browser for Auth
2026-05-22 03:34:19,171 [INFO] WebApp:753 - Register for checkConnection events
2026-05-22 03:34:19,171 [INFO] WebApp:390 - Apply proxy settings
2026-05-22 03:34:19,171 [INFO] WebApp:475 - Chromium requires no authentication
2026-05-22 03:34:19,178 [INFO] WebApp:418 - Direct internet connection detected
2026-05-22 03:34:19,316 [INFO] WebApp:188 - Starting web application
2026-05-22 03:34:19,316 [INFO] WebApp:520 - Web application path used C:\ST\STM32CubeIDE_1.13.1\STM32CubeIDE\plugins\com.st.stm32cube.common.mx_6.9.1.202307191849\db\plugins\mcufinder\reactClient1\index.html
2026-05-22 03:34:20,157 [WARN] PackLoader:240 - Cannot read IP mode file for STMicroelectronics.X-CUBE-AZRTOS-F4.1.1.0
2026-05-22 03:34:20,172 [WARN] PackLoader:240 - Cannot read IP mode file for STMicroelectronics.X-CUBE-SMBUS.2.1.0
2026-05-22 03:34:20,204 [WARN] PackLoader:240 - Cannot read IP mode file for STMicroelectronics.X-CUBE-AZRTOS-F7.1.1.0
2026-05-22 03:34:20,216 [WARN] PackLoader:240 - Cannot read IP mode file for STMicroelectronics.X-CUBE-DISPLAY.3.0.0
2026-05-22 03:34:20,230 [INFO] LogOutputStream:77 - [STDOUT_REDIRECT] 1 : Invalid condition id : UX_CORESTACK_Condition cause : null
2026-05-22 03:34:20,230 [INFO] LogOutputStream:77 - [STDOUT_REDIRECT] 1 : Invalid condition id : UX_CORESTACK_Condition cause : null
2026-05-22 03:34:20,231 [INFO] LogOutputStream:77 - [STDOUT_REDIRECT] 1 : Invalid condition id : UX_CORESTACK_Condition cause : null
2026-05-22 03:34:20,232 [INFO] LogOutputStream:77 - [STDOUT_REDIRECT] 1 : Invalid condition id : UX_CORESTACK_Condition cause : null
2026-05-22 03:34:20,233 [INFO] LogOutputStream:77 - [STDOUT_REDIRECT] 1 : Invalid condition id : UX_CORESTACK_Condition cause : null
2026-05-22 03:34:20,236 [WARN] PackLoader:240 - Cannot read IP mode file for STMicroelectronics.X-CUBE-AZRTOS-WL.2.0.0
2026-05-22 03:34:20,254 [WARN] ConditionMgr:438 - getConditionDescription Invalid condition id : LAN8742 Phy interface Condition cause : null
2026-05-22 03:34:20,255 [WARN] PackLoader:240 - Cannot read IP mode file for STMicroelectronics.X-CUBE-AZRTOS-L4.2.0.0
2026-05-22 03:34:20,256 [WARN] ConditionMgr:1039 - genDependencies : Invalid condition id : LAN8742 Phy interface Condition cause : null
2026-05-22 03:34:20,256 [WARN] ConditionMgr:1039 - genDependencies : Invalid condition id : LAN8742 Phy interface Condition cause : null
2026-05-22 03:34:20,257 [WARN] ConditionMgr:1039 - genDependencies : Invalid condition id : LAN8742 Phy interface Condition cause : null
2026-05-22 03:34:20,268 [WARN] PackLoader:240 - Cannot read IP mode file for STMicroelectronics.X-CUBE-SFXS2LP1.4.0.0
2026-05-22 03:34:20,274 [WARN] PackLoader:240 - Cannot read IP mode file for STMicroelectronics.X-CUBE-BLE2.3.3.0
2026-05-22 03:34:20,286 [WARN] PackLoader:240 - Cannot read IP mode file for STMicroelectronics.X-CUBE-AZRTOS-G0.1.1.0
2026-05-22 03:34:20,295 [WARN] PackLoader:240 - Cannot read IP mode file for STMicroelectronics.X-CUBE-SUBG2.5.0.0
2026-05-22 03:34:20,303 [WARN] PackLoader:240 - Cannot read IP mode file for STMicroelectronics.X-CUBE-NFC4.3.0.0
2026-05-22 03:34:20,314 [WARN] PackLoader:240 - Cannot read IP mode file for STMicroelectronics.X-CUBE-AZRTOS-G4.2.0.0
2026-05-22 03:34:20,319 [WARN] PackLoader:240 - Cannot read IP mode file for STMicroelectronics.FP-ATR-SIGFOX1.3.2.0
2026-05-22 03:34:20,320 [INFO] ThirdParty:978 - Integrity check success = true
2026-05-22 03:34:20,320 [INFO] IntegrityCheckThread:100 - exiting critical section [integrity check]
2026-05-22 03:34:20,320 [INFO] IntegrityCheckThread:103 - End integrity checks thread
2026-05-22 03:34:39,911 [ERROR] LogOutputStream:75 - [STDERR_REDIRECT] SLF4J: Failed to load class "org.slf4j.impl.StaticLoggerBinder".
2026-05-22 03:34:39,912 [ERROR] LogOutputStream:75 - [STDERR_REDIRECT] SLF4J: Defaulting to no-operation (NOP) logger implementation
2026-05-22 03:34:39,913 [ERROR] LogOutputStream:75 - [STDERR_REDIRECT] SLF4J: See http://www.slf4j.org/codes.html#StaticLoggerBinder for further details.
2026-05-22 16:08:31,956 [ERROR] LogOutputStream:75 - [STDERR_REDIRECT] 
