2026-05-11 11:07:33,065 [INFO] Activator:176 - 


2026-05-11 11:07:33,070 [INFO] Activator:177 - !SESSION log4j initialized
2026-05-11 11:07:36,906 [INFO] LogOutputStream:77 - [STDOUT_REDIRECT] 
2026-05-11 11:07:37,694 [INFO] ApplicationProperties:184 - Using Application install path: C:\ST\STM32CubeIDE_1.13.1\STM32CubeIDE\plugins\com.st.stm32cube.common.mx_6.9.1.202307191849
2026-05-11 11:07:37,712 [INFO] DbMcusXml:78 - Set database path to: C:\ST\STM32CubeIDE_1.13.1\STM32CubeIDE\plugins\com.st.stm32cube.common.mx_6.9.1.202307191849\\db\/mcu/
2026-05-11 11:07:37,713 [INFO] ApiDb:274 - Set plugin database path to: C:\ST\STM32CubeIDE_1.13.1\STM32CubeIDE\plugins\com.st.stm32cube.common.mx_6.9.1.202307191849\\db\/plugins/boardmanager/
2026-05-11 11:07:37,713 [WARN] ApiDb:259 - Overriding images path with different value:  => C:\ST\STM32CubeIDE_1.13.1\STM32CubeIDE\plugins\com.st.stm32cube.common.mx_6.9.1.202307191849\\db\/plugins/mcufinder/images/
2026-05-11 11:07:37,723 [INFO] ApiDb:250 - Set database path to: C:\Users\Admin\.stmcufinder\plugins\mcufinder//mcu/
2026-05-11 11:07:37,724 [INFO] DbMcusAds:125 - Set database path to: C:\Users\Admin\.stmcufinder\plugins\mcufinder//mcu/
2026-05-11 11:07:37,725 [INFO] CrossReferenceDbSqlite:203 - Set database path to: C:\Users\Admin\.stmcufinder\plugins\mcufinder//mcu/cs/
2026-05-11 11:07:37,809 [INFO] RulesReader:64 - Compatibility file has been processed (293 Rules)
2026-05-11 11:07:37,878 [INFO] DbMcusXml:78 - Set database path to: C:\ST\STM32CubeIDE_1.13.1\STM32CubeIDE\plugins\com.st.stm32cube.common.mx_6.9.1.202307191849\\db\/mcu/
2026-05-11 11:07:37,878 [INFO] ApiDb:274 - Set plugin database path to: C:\ST\STM32CubeIDE_1.13.1\STM32CubeIDE\plugins\com.st.stm32cube.common.mx_6.9.1.202307191849\\db\/plugins/boardmanager/
2026-05-11 11:07:37,879 [INFO] ApiDb:261 - Set plugin images path to: C:\ST\STM32CubeIDE_1.13.1\STM32CubeIDE\plugins\com.st.stm32cube.common.mx_6.9.1.202307191849\\db\/plugins/mcufinder/images/
2026-05-11 11:07:37,879 [WARN] DbFile:41 - Overriding database path with different value: C:\Users\Admin\.stmcufinder\plugins\mcufinder/ => C:\Users\Admin\.stmcufinder\plugins\mcufinder
2026-05-11 11:07:37,879 [INFO] ApiDb:250 - Set database path to: C:\Users\Admin\.stmcufinder\plugins\mcufinder//mcu/
2026-05-11 11:07:37,879 [WARN] DbFile:41 - Overriding database path with different value: C:\Users\Admin\.stmcufinder\plugins\mcufinder/ => C:\Users\Admin\.stmcufinder\plugins\mcufinder
2026-05-11 11:07:37,879 [INFO] DbMcusAds:125 - Set database path to: C:\Users\Admin\.stmcufinder\plugins\mcufinder//mcu/
2026-05-11 11:07:37,879 [WARN] DbFile:41 - Overriding database path with different value: C:\Users\Admin\.stmcufinder\plugins\mcufinder/ => C:\Users\Admin\.stmcufinder\plugins\mcufinder
2026-05-11 11:07:37,879 [WARN] DbFile:41 - Overriding database path with different value: C:\Users\Admin\.stmcufinder\plugins\mcufinder/ => C:\Users\Admin\.stmcufinder\plugins\mcufinder
2026-05-11 11:07:37,879 [INFO] CrossReferenceDbSqlite:203 - Set database path to: C:\Users\Admin\.stmcufinder\plugins\mcufinder//mcu/cs/
2026-05-11 11:07:37,949 [INFO] MainPanel:262 - HeapMemory: 268435456
2026-05-11 11:07:38,027 [INFO] DbMcusXml:78 - Set database path to: C:\ST\STM32CubeIDE_1.13.1\STM32CubeIDE\plugins\com.st.stm32cube.common.mx_6.9.1.202307191849\\db\/mcu/
2026-05-11 11:07:38,027 [INFO] ApiDb:274 - Set plugin database path to: C:\ST\STM32CubeIDE_1.13.1\STM32CubeIDE\plugins\com.st.stm32cube.common.mx_6.9.1.202307191849\\db\/plugins/boardmanager/
2026-05-11 11:07:38,027 [INFO] ApiDb:261 - Set plugin images path to: C:\ST\STM32CubeIDE_1.13.1\STM32CubeIDE\plugins\com.st.stm32cube.common.mx_6.9.1.202307191849\\db\/plugins/mcufinder/images/
2026-05-11 11:07:38,028 [WARN] DbFile:41 - Overriding database path with different value: C:\Users\Admin\.stmcufinder\plugins\mcufinder/ => C:\Users\Admin\.stmcufinder\plugins\mcufinder
2026-05-11 11:07:38,028 [INFO] ApiDb:250 - Set database path to: C:\Users\Admin\.stmcufinder\plugins\mcufinder//mcu/
2026-05-11 11:07:38,028 [WARN] DbFile:41 - Overriding database path with different value: C:\Users\Admin\.stmcufinder\plugins\mcufinder/ => C:\Users\Admin\.stmcufinder\plugins\mcufinder
2026-05-11 11:07:38,028 [INFO] DbMcusAds:125 - Set database path to: C:\Users\Admin\.stmcufinder\plugins\mcufinder//mcu/
2026-05-11 11:07:38,028 [WARN] DbFile:41 - Overriding database path with different value: C:\Users\Admin\.stmcufinder\plugins\mcufinder/ => C:\Users\Admin\.stmcufinder\plugins\mcufinder
2026-05-11 11:07:38,028 [WARN] DbFile:41 - Overriding database path with different value: C:\Users\Admin\.stmcufinder\plugins\mcufinder/ => C:\Users\Admin\.stmcufinder\plugins\mcufinder
2026-05-11 11:07:38,028 [INFO] CrossReferenceDbSqlite:203 - Set database path to: C:\Users\Admin\.stmcufinder\plugins\mcufinder//mcu/cs/
2026-05-11 11:07:38,043 [INFO] ApplicationProperties:184 - Using Application install path: C:\ST\STM32CubeIDE_1.13.1\STM32CubeIDE\plugins\com.st.stm32cube.common.mx_6.9.1.202307191849
2026-05-11 11:07:38,045 [INFO] PluginManage:196 - Search for loadable plugins [exclusion list=, ]
2026-05-11 11:07:38,045 [INFO] PluginManage:310 - Check plugin analytics
2026-05-11 11:07:38,161 [INFO] AnalyticsPlugin:253 - Accepted Software Licenses: 
2026-05-11 11:07:38,161 [INFO] AnalyticsPlugin:255 - Accepted CMSIS Pack Licenses: 
2026-05-11 11:07:38,161 [INFO] AnalyticsPlugin:257 - Accepted Firmware Licenses: 
2026-05-11 11:07:38,163 [INFO] PluginManage:359 - Loaded plugin analytics (category:tool,tabindex:-1)
2026-05-11 11:07:38,164 [INFO] PluginManage:310 - Check plugin cadmodel
2026-05-11 11:07:38,169 [INFO] CADModel:105 - Init CAD model plugin
2026-05-11 11:07:38,170 [INFO] PluginManage:359 - Loaded plugin cadmodel (category:power,tabindex:5)
2026-05-11 11:07:38,170 [INFO] PluginManage:310 - Check plugin clock
2026-05-11 11:07:38,180 [INFO] PluginManage:359 - Loaded plugin clock (category:base,tabindex:2)
2026-05-11 11:07:38,180 [INFO] PluginManage:310 - Check plugin ddr
2026-05-11 11:07:38,182 [INFO] PluginManage:359 - Loaded plugin ddr (category:tool,tabindex:6)
2026-05-11 11:07:38,182 [INFO] PluginManage:310 - Check plugin filemanager
2026-05-11 11:07:38,301 [INFO] PluginManage:359 - Loaded plugin filemanager (category:base,tabindex:10)
2026-05-11 11:07:38,301 [INFO] PluginManage:310 - Check plugin ipmanager
2026-05-11 11:07:38,306 [INFO] PluginManage:359 - Loaded plugin ipmanager (category:base,tabindex:5)
2026-05-11 11:07:38,306 [INFO] PluginManage:310 - Check plugin lpbam
2026-05-11 11:07:38,315 [INFO] PluginManage:359 - Loaded plugin lpbam (category:base,tabindex:0)
2026-05-11 11:07:38,315 [INFO] PluginManage:310 - Check plugin memorymap
2026-05-11 11:07:38,328 [INFO] PluginManage:359 - Loaded plugin memorymap (category:base,tabindex:4)
2026-05-11 11:07:38,328 [INFO] PluginManage:310 - Check plugin pinoutandconfiguration
2026-05-11 11:07:38,335 [INFO] PluginManage:359 - Loaded plugin pinoutandconfiguration (category:base,tabindex:1)
2026-05-11 11:07:38,335 [INFO] PluginManage:310 - Check plugin pinoutconfig
2026-05-11 11:07:38,408 [WARN] SupportedApi:132 - Cannot load RTOS API schema: s4s-elt-must-match.1: The content of 'definitions' must match (annotation?, (simpleType | complexType)?, (unique | key | keyref)*)). A problem was found starting at: attribute.
2026-05-11 11:07:38,514 [INFO] PluginManage:359 - Loaded plugin pinoutconfig (category:base,tabindex:0)
2026-05-11 11:07:38,514 [INFO] PluginManage:310 - Check plugin power
2026-05-11 11:07:38,523 [INFO] PluginManage:359 - Loaded plugin power (category:power,tabindex:4)
2026-05-11 11:07:38,524 [INFO] PluginManage:310 - Check plugin projectmanager
2026-05-11 11:07:38,535 [INFO] PluginManage:359 - Loaded plugin projectmanager (category:projectmanager,tabindex:3)
2026-05-11 11:07:38,535 [INFO] PluginManage:310 - Check plugin thirdparty
2026-05-11 11:07:38,638 [INFO] PluginManage:359 - Loaded plugin thirdparty (category:base,tabindex:-1)
2026-05-11 11:07:38,638 [WARN] IntegrityCheckThread:84 - waiting for thirdparty lock release [integrity check]
2026-05-11 11:07:38,638 [INFO] IntegrityCheckThread:86 - entering critical section [integrity check]
2026-05-11 11:07:38,638 [INFO] PluginManage:310 - Check plugin tools
2026-05-11 11:07:38,639 [INFO] ThirdPartyUpdaterWithRetryManager:70 - Updater plugin not ready yet. [1/15]
2026-05-11 11:07:38,641 [INFO] PluginManage:359 - Loaded plugin tools (category:base,tabindex:7)
2026-05-11 11:07:38,641 [INFO] PluginManage:310 - Check plugin tutovideos
2026-05-11 11:07:38,787 [INFO] PluginManage:359 - Loaded plugin tutovideos (category:base,tabindex:-1)
2026-05-11 11:07:38,788 [INFO] PluginManage:310 - Check plugin updater
2026-05-11 11:07:38,798 [INFO] PluginManage:359 - Loaded plugin updater (category:base,tabindex:12)
2026-05-11 11:07:38,798 [INFO] PluginManage:310 - Check plugin userauth
2026-05-11 11:07:38,802 [INFO] UserAuth:113 - Init User Auth plugin
2026-05-11 11:07:38,802 [INFO] PluginManage:359 - Loaded plugin userauth (category:base,tabindex:14)
2026-05-11 11:07:38,802 [INFO] PluginManage:283 - PluginManage : Loaded plugins [17]
2026-05-11 11:07:38,968 [INFO] PinOutPanel:1499 - setPackage(No Configuration,No Configuration)
2026-05-11 11:07:39,045 [INFO] CADModel:165 - CPN selected for project level
2026-05-11 11:07:39,045 [INFO] CADModel:114 - Register for checkConnection events
2026-05-11 11:07:39,058 [INFO] IPUIPlugin:80 - create IPUIPlugin
2026-05-11 11:07:39,058 [INFO] PluginManager:220 - loadIPPluginJar : add adc
2026-05-11 11:07:39,060 [INFO] IPUIPlugin:80 - create IPUIPlugin
2026-05-11 11:07:39,060 [INFO] PluginManager:220 - loadIPPluginJar : add aes
2026-05-11 11:07:39,062 [INFO] IPUIPlugin:80 - create IPUIPlugin
2026-05-11 11:07:39,062 [INFO] PluginManager:220 - loadIPPluginJar : add can
2026-05-11 11:07:39,063 [INFO] IPUIPlugin:80 - create IPUIPlugin
2026-05-11 11:07:39,063 [INFO] PluginManager:220 - loadIPPluginJar : add comp
2026-05-11 11:07:39,065 [INFO] IPUIPlugin:80 - create IPUIPlugin
2026-05-11 11:07:39,065 [INFO] PluginManager:220 - loadIPPluginJar : add cryp
2026-05-11 11:07:39,067 [INFO] IPUIPlugin:80 - create IPUIPlugin
2026-05-11 11:07:39,067 [INFO] PluginManager:220 - loadIPPluginJar : add dfsdm
2026-05-11 11:07:39,071 [INFO] IPUIPlugin:80 - create IPUIPlugin
2026-05-11 11:07:39,072 [INFO] PluginManager:220 - loadIPPluginJar : add dma
2026-05-11 11:07:39,074 [INFO] IPUIPlugin:80 - create IPUIPlugin
2026-05-11 11:07:39,074 [INFO] PluginManager:220 - loadIPPluginJar : add dma3
2026-05-11 11:07:39,075 [INFO] IPUIPlugin:80 - create IPUIPlugin
2026-05-11 11:07:39,075 [INFO] PluginManager:220 - loadIPPluginJar : add fatfs
2026-05-11 11:07:39,078 [INFO] IPUIPlugin:80 - create IPUIPlugin
2026-05-11 11:07:39,078 [INFO] PluginManager:220 - loadIPPluginJar : add fmc
2026-05-11 11:07:39,082 [INFO] IPUIPlugin:80 - create IPUIPlugin
2026-05-11 11:07:39,082 [INFO] PluginManager:220 - loadIPPluginJar : add freertos
2026-05-11 11:07:39,083 [INFO] IPUIPlugin:80 - create IPUIPlugin
2026-05-11 11:07:39,083 [INFO] PluginManager:220 - loadIPPluginJar : add genericplugin
2026-05-11 11:07:39,085 [INFO] IPUIPlugin:80 - create IPUIPlugin
2026-05-11 11:07:39,085 [INFO] PluginManager:220 - loadIPPluginJar : add gfxmmu
2026-05-11 11:07:39,087 [INFO] IPUIPlugin:80 - create IPUIPlugin
2026-05-11 11:07:39,087 [INFO] PluginManager:220 - loadIPPluginJar : add gic
2026-05-11 11:07:39,090 [INFO] IPUIPlugin:80 - create IPUIPlugin
2026-05-11 11:07:39,090 [INFO] PluginManager:220 - loadIPPluginJar : add gpio
2026-05-11 11:07:39,093 [INFO] IPUIPlugin:80 - create IPUIPlugin
2026-05-11 11:07:39,093 [INFO] PluginManager:220 - loadIPPluginJar : add gtzc
2026-05-11 11:07:39,094 [INFO] IPUIPlugin:80 - create IPUIPlugin
2026-05-11 11:07:39,094 [INFO] PluginManager:220 - loadIPPluginJar : add hash
2026-05-11 11:07:39,095 [INFO] IPUIPlugin:80 - create IPUIPlugin
2026-05-11 11:07:39,095 [INFO] PluginManager:220 - loadIPPluginJar : add i2c
2026-05-11 11:07:39,097 [INFO] IPUIPlugin:80 - create IPUIPlugin
2026-05-11 11:07:39,097 [INFO] PluginManager:220 - loadIPPluginJar : add i2s
2026-05-11 11:07:39,099 [INFO] IPUIPlugin:80 - create IPUIPlugin
2026-05-11 11:07:39,099 [INFO] PluginManager:220 - loadIPPluginJar : add i3c
2026-05-11 11:07:39,101 [INFO] IPUIPlugin:80 - create IPUIPlugin
2026-05-11 11:07:39,101 [INFO] PluginManager:220 - loadIPPluginJar : add ipddr
2026-05-11 11:07:39,107 [INFO] IPUIPlugin:80 - create IPUIPlugin
2026-05-11 11:07:39,107 [INFO] PluginManager:220 - loadIPPluginJar : add linkedlist
2026-05-11 11:07:39,109 [INFO] IPUIPlugin:80 - create IPUIPlugin
2026-05-11 11:07:39,109 [INFO] PluginManager:220 - loadIPPluginJar : add lorawan
2026-05-11 11:07:39,110 [INFO] IPUIPlugin:80 - create IPUIPlugin
2026-05-11 11:07:39,110 [INFO] PluginManager:220 - loadIPPluginJar : add ltdc
2026-05-11 11:07:39,115 [INFO] IPUIPlugin:80 - create IPUIPlugin
2026-05-11 11:07:39,115 [INFO] PluginManager:220 - loadIPPluginJar : add mdma
2026-05-11 11:07:39,117 [INFO] IPUIPlugin:80 - create IPUIPlugin
2026-05-11 11:07:39,117 [INFO] PluginManager:220 - loadIPPluginJar : add nvic
2026-05-11 11:07:39,119 [INFO] IPUIPlugin:80 - create IPUIPlugin
2026-05-11 11:07:39,119 [INFO] PluginManager:220 - loadIPPluginJar : add opamp
2026-05-11 11:07:39,121 [INFO] IPUIPlugin:80 - create IPUIPlugin
2026-05-11 11:07:39,121 [INFO] PluginManager:220 - loadIPPluginJar : add openamp
2026-05-11 11:07:39,123 [INFO] IPUIPlugin:80 - create IPUIPlugin
2026-05-11 11:07:39,123 [INFO] PluginManager:220 - loadIPPluginJar : add pdm2pcm
2026-05-11 11:07:39,128 [INFO] IPUIPlugin:80 - create IPUIPlugin
2026-05-11 11:07:39,129 [INFO] PluginManager:220 - loadIPPluginJar : add plateformsettings
2026-05-11 11:07:39,131 [INFO] IPUIPlugin:80 - create IPUIPlugin
2026-05-11 11:07:39,131 [INFO] PluginManager:220 - loadIPPluginJar : add quadspi
2026-05-11 11:07:39,134 [INFO] IPUIPlugin:80 - create IPUIPlugin
2026-05-11 11:07:39,134 [INFO] PluginManager:220 - loadIPPluginJar : add resmgrutility
2026-05-11 11:07:39,136 [INFO] IPUIPlugin:80 - create IPUIPlugin
2026-05-11 11:07:39,136 [INFO] PluginManager:220 - loadIPPluginJar : add sai
2026-05-11 11:07:39,138 [INFO] IPUIPlugin:80 - create IPUIPlugin
2026-05-11 11:07:39,138 [INFO] PluginManager:220 - loadIPPluginJar : add spi
2026-05-11 11:07:39,141 [INFO] IPUIPlugin:80 - create IPUIPlugin
2026-05-11 11:07:39,141 [INFO] PluginManager:220 - loadIPPluginJar : add stm32_wpan
2026-05-11 11:07:39,142 [INFO] IPUIPlugin:80 - create IPUIPlugin
2026-05-11 11:07:39,143 [INFO] PluginManager:220 - loadIPPluginJar : add tim
2026-05-11 11:07:39,145 [INFO] IPUIPlugin:80 - create IPUIPlugin
2026-05-11 11:07:39,145 [INFO] PluginManager:220 - loadIPPluginJar : add touchsensing
2026-05-11 11:07:39,146 [INFO] IPUIPlugin:80 - create IPUIPlugin
2026-05-11 11:07:39,146 [INFO] PluginManager:220 - loadIPPluginJar : add tracer_emb
2026-05-11 11:07:39,147 [INFO] IPUIPlugin:80 - create IPUIPlugin
2026-05-11 11:07:39,147 [INFO] PluginManager:220 - loadIPPluginJar : add ts
2026-05-11 11:07:39,148 [INFO] IPUIPlugin:80 - create IPUIPlugin
2026-05-11 11:07:39,148 [INFO] PluginManager:220 - loadIPPluginJar : add tsc
2026-05-11 11:07:39,150 [INFO] IPUIPlugin:80 - create IPUIPlugin
2026-05-11 11:07:39,150 [INFO] PluginManager:220 - loadIPPluginJar : add ucpd
2026-05-11 11:07:39,152 [INFO] IPUIPlugin:80 - create IPUIPlugin
2026-05-11 11:07:39,152 [INFO] PluginManager:220 - loadIPPluginJar : add usart
2026-05-11 11:07:39,154 [INFO] IPUIPlugin:80 - create IPUIPlugin
2026-05-11 11:07:39,154 [INFO] PluginManager:220 - loadIPPluginJar : add usbx
2026-05-11 11:07:39,264 [INFO] CADModel:165 - CPN selected for project level
2026-05-11 11:07:39,264 [INFO] CADModel:114 - Register for checkConnection events
2026-05-11 11:07:39,264 [FATAL] Updater:308 - Updater called before beeing initialized
2026-05-11 11:07:39,264 [ERROR] CADModel:125 - Updater not yet initialized, retry later 
2026-05-11 11:07:39,385 [INFO] CADModel:165 - CPN selected for project level
2026-05-11 11:07:39,385 [INFO] CADModel:114 - Register for checkConnection events
2026-05-11 11:07:39,385 [FATAL] Updater:308 - Updater called before beeing initialized
2026-05-11 11:07:39,385 [ERROR] CADModel:125 - Updater not yet initialized, retry later 
2026-05-11 11:07:39,388 [FATAL] Updater:308 - Updater called before beeing initialized
2026-05-11 11:07:39,461 [FATAL] Updater:308 - Updater called before beeing initialized
2026-05-11 11:07:39,465 [INFO] DbMcusAds:53 - JSON generation date=Mon Apr 27 15:14:29 GMT+07:00 2026 (1777277669683)
2026-05-11 11:07:39,465 [FATAL] Updater:308 - Updater called before beeing initialized
2026-05-11 11:07:39,496 [WARN] DetailPanel:346 - Failed to get advertising image, set to default
2026-05-11 11:07:39,578 [FATAL] Updater:308 - Updater called before beeing initialized
2026-05-11 11:07:39,580 [FATAL] Updater:308 - Updater called before beeing initialized
2026-05-11 11:07:39,580 [FATAL] Updater:308 - Updater called before beeing initialized
2026-05-11 11:07:39,580 [WARN] DetailPanel:346 - Failed to get advertising image, set to default
2026-05-11 11:07:39,581 [FATAL] Updater:308 - Updater called before beeing initialized
2026-05-11 11:07:39,623 [ERROR] Updater:1120 - MainUpdater not yet initialized. External WinMGr cannot be set.
2026-05-11 11:07:39,625 [INFO] Updater:1056 - Updater Version found : 6.9.1
2026-05-11 11:07:39,643 [INFO] ApplicationProperties:184 - Using Application install path: C:\ST\STM32CubeIDE_1.13.1\STM32CubeIDE\plugins\com.st.stm32cube.common.mx_6.9.1.202307191849
2026-05-11 11:07:39,763 [INFO] MainUpdater:2868 - connection check result : 10
2026-05-11 11:07:39,765 [INFO] MainUpdater:285 - Updater Check For Update Now.
2026-05-11 11:07:39,765 [INFO] MicroXplorer:498 - Change Database Version : DB.6.0.91
2026-05-11 11:07:39,776 [INFO] McuFinderGlobals:63 - Set McuFinder mode to 2 (CubeIDE integrated)
2026-05-11 11:07:39,776 [INFO] UserAuth:179 - activating auth plugin
2026-05-11 11:07:39,780 [INFO] UserAuth:393 - Internet connection configuration mode: 1
2026-05-11 11:07:39,804 [INFO] JxBrowserEngine:151 - Initiate JxBrowser Engine with user profile folder
2026-05-11 11:07:39,942 [INFO] CheckServerUpdateThread:120 - End of CheckServer Thread
2026-05-11 11:07:40,437 [INFO] WebApp:157 - Instantiating new browser for Auth
2026-05-11 11:07:40,847 [INFO] WebApp:753 - Register for checkConnection events
2026-05-11 11:07:40,847 [INFO] WebApp:390 - Apply proxy settings
2026-05-11 11:07:40,848 [INFO] WebApp:475 - Chromium requires no authentication
2026-05-11 11:07:40,855 [INFO] WebApp:418 - Direct internet connection detected
2026-05-11 11:07:40,988 [INFO] WebApp:188 - Starting web application
2026-05-11 11:07:40,989 [INFO] WebApp:520 - Web application path used C:\ST\STM32CubeIDE_1.13.1\STM32CubeIDE\plugins\com.st.stm32cube.common.mx_6.9.1.202307191849\db\plugins\mcufinder\reactClient1\index.html
2026-05-11 11:07:41,787 [WARN] PackLoader:240 - Cannot read IP mode file for STMicroelectronics.X-CUBE-AZRTOS-F4.1.1.0
2026-05-11 11:07:41,805 [WARN] PackLoader:240 - Cannot read IP mode file for STMicroelectronics.X-CUBE-SMBUS.2.1.0
2026-05-11 11:07:41,827 [WARN] PackLoader:240 - Cannot read IP mode file for STMicroelectronics.X-CUBE-AZRTOS-F7.1.1.0
2026-05-11 11:07:41,841 [WARN] PackLoader:240 - Cannot read IP mode file for STMicroelectronics.X-CUBE-DISPLAY.3.0.0
2026-05-11 11:07:41,856 [INFO] LogOutputStream:77 - [STDOUT_REDIRECT] 1 : Invalid condition id : UX_CORESTACK_Condition cause : null
2026-05-11 11:07:41,857 [INFO] LogOutputStream:77 - [STDOUT_REDIRECT] 1 : Invalid condition id : UX_CORESTACK_Condition cause : null
2026-05-11 11:07:41,858 [INFO] LogOutputStream:77 - [STDOUT_REDIRECT] 1 : Invalid condition id : UX_CORESTACK_Condition cause : null
2026-05-11 11:07:41,859 [INFO] LogOutputStream:77 - [STDOUT_REDIRECT] 1 : Invalid condition id : UX_CORESTACK_Condition cause : null
2026-05-11 11:07:41,859 [INFO] LogOutputStream:77 - [STDOUT_REDIRECT] 1 : Invalid condition id : UX_CORESTACK_Condition cause : null
2026-05-11 11:07:41,862 [WARN] PackLoader:240 - Cannot read IP mode file for STMicroelectronics.X-CUBE-AZRTOS-WL.2.0.0
2026-05-11 11:07:41,878 [WARN] ConditionMgr:438 - getConditionDescription Invalid condition id : LAN8742 Phy interface Condition cause : null
2026-05-11 11:07:41,880 [WARN] PackLoader:240 - Cannot read IP mode file for STMicroelectronics.X-CUBE-AZRTOS-L4.2.0.0
2026-05-11 11:07:41,882 [WARN] ConditionMgr:1039 - genDependencies : Invalid condition id : LAN8742 Phy interface Condition cause : null
2026-05-11 11:07:41,883 [WARN] ConditionMgr:1039 - genDependencies : Invalid condition id : LAN8742 Phy interface Condition cause : null
2026-05-11 11:07:41,883 [WARN] ConditionMgr:1039 - genDependencies : Invalid condition id : LAN8742 Phy interface Condition cause : null
2026-05-11 11:07:41,896 [WARN] PackLoader:240 - Cannot read IP mode file for STMicroelectronics.X-CUBE-SFXS2LP1.4.0.0
2026-05-11 11:07:41,903 [WARN] PackLoader:240 - Cannot read IP mode file for STMicroelectronics.X-CUBE-BLE2.3.3.0
2026-05-11 11:07:41,915 [WARN] PackLoader:240 - Cannot read IP mode file for STMicroelectronics.X-CUBE-AZRTOS-G0.1.1.0
2026-05-11 11:07:41,925 [WARN] PackLoader:240 - Cannot read IP mode file for STMicroelectronics.X-CUBE-SUBG2.5.0.0
2026-05-11 11:07:41,934 [WARN] PackLoader:240 - Cannot read IP mode file for STMicroelectronics.X-CUBE-NFC4.3.0.0
2026-05-11 11:07:41,945 [WARN] PackLoader:240 - Cannot read IP mode file for STMicroelectronics.X-CUBE-AZRTOS-G4.2.0.0
2026-05-11 11:07:41,951 [WARN] PackLoader:240 - Cannot read IP mode file for STMicroelectronics.FP-ATR-SIGFOX1.3.2.0
2026-05-11 11:07:41,952 [INFO] ThirdParty:978 - Integrity check success = true
2026-05-11 11:07:41,953 [INFO] IntegrityCheckThread:100 - exiting critical section [integrity check]
2026-05-11 11:07:41,953 [INFO] IntegrityCheckThread:103 - End integrity checks thread
2026-05-11 11:08:01,574 [ERROR] LogOutputStream:75 - [STDERR_REDIRECT] SLF4J: Failed to load class "org.slf4j.impl.StaticLoggerBinder".
2026-05-11 11:08:01,574 [ERROR] LogOutputStream:75 - [STDERR_REDIRECT] SLF4J: Defaulting to no-operation (NOP) logger implementation
2026-05-11 11:08:01,575 [ERROR] LogOutputStream:75 - [STDERR_REDIRECT] SLF4J: See http://www.slf4j.org/codes.html#StaticLoggerBinder for further details.
2026-05-11 12:17:31,296 [INFO] McuFinderGlobals:63 - Set McuFinder mode to 2 (CubeIDE integrated)
2026-05-11 12:17:31,299 [INFO] MainUpdater:2868 - connection check result : 10
2026-05-11 12:17:31,300 [INFO] MainUpdater:2868 - connection check result : 10
2026-05-11 12:17:31,324 [INFO] MicroXplorer:468 - Change Database Path : 
2026-05-11 12:17:31,324 [INFO] MicroXplorer:498 - Change Database Version : DB.6.0.91
2026-05-11 12:17:31,327 [WARN] ThirdParty:871 - waiting for thirdparty lock release [close project]
2026-05-11 12:17:31,327 [INFO] ThirdParty:873 - entering critical section [close project]
2026-05-11 12:17:31,328 [INFO] ThirdParty:883 - exiting critical section [close project]
2026-05-11 12:17:31,329 [INFO] PinOutPanel:1499 - setPackage(No Configuration,No Configuration)
2026-05-11 12:17:31,334 [INFO] UtilMem:75 - Begin LoadConfig() Used Memory: 923158904 Bytes (1073741824)
2026-05-11 12:17:31,335 [INFO] MicroXplorer:468 - Change Database Path : 
2026-05-11 12:17:31,335 [INFO] MicroXplorer:498 - Change Database Version : DB.6.0.91
2026-05-11 12:17:31,335 [INFO] OpenFileManager:308 - Change cursor
2026-05-11 12:17:31,361 [INFO] Mcu:1946 - Initializing MCU STM32F103C(8-B)Tx STM32F103C8Tx STM32F103C8T6
2026-05-11 12:17:31,934 [INFO] Context:659 - Trying to add GPIOservice into a context  which must be forbidden
2026-05-11 12:17:32,137 [WARN] ModelIntegratedComponent:63 - No mode defined for component null
2026-05-11 12:17:32,137 [WARN] ModelIntegratedComponent:63 - No mode defined for component null
2026-05-11 12:17:32,137 [WARN] ModelIntegratedComponent:63 - No mode defined for component null
2026-05-11 12:17:32,137 [WARN] ModelIntegratedComponent:63 - No mode defined for component null
2026-05-11 12:17:32,137 [WARN] ModelIntegratedComponent:63 - No mode defined for component null
2026-05-11 12:17:32,137 [WARN] ModelIntegratedComponent:63 - No mode defined for component null
2026-05-11 12:17:32,137 [WARN] ModelIntegratedComponent:63 - No mode defined for component null
2026-05-11 12:17:32,137 [WARN] ModelIntegratedComponent:63 - No mode defined for component null
2026-05-11 12:17:32,137 [WARN] ModelIntegratedComponent:63 - No mode defined for component null
2026-05-11 12:17:32,137 [WARN] ModelIntegratedComponent:63 - No mode defined for component null
2026-05-11 12:17:32,138 [WARN] ModelIntegratedComponent:63 - No mode defined for component null
2026-05-11 12:17:32,138 [WARN] ModelIntegratedComponent:63 - No mode defined for component null
2026-05-11 12:17:32,138 [WARN] ModelIntegratedComponent:63 - No mode defined for component null
2026-05-11 12:17:32,138 [WARN] ModelIntegratedComponent:63 - No mode defined for component null
2026-05-11 12:17:32,138 [WARN] ModelIntegratedComponent:63 - No mode defined for component null
2026-05-11 12:17:32,138 [WARN] ModelIntegratedComponent:63 - No mode defined for component null
2026-05-11 12:17:32,138 [WARN] ModelIntegratedComponent:63 - No mode defined for component null
2026-05-11 12:17:32,138 [WARN] ModelIntegratedComponent:63 - No mode defined for component null
2026-05-11 12:17:32,138 [WARN] ModelIntegratedComponent:63 - No mode defined for component null
2026-05-11 12:17:32,138 [WARN] ModelIntegratedComponent:63 - No mode defined for component null
2026-05-11 12:17:32,138 [WARN] ModelIntegratedComponent:63 - No mode defined for component null
2026-05-11 12:17:32,138 [WARN] ModelIntegratedComponent:63 - No mode defined for component null
2026-05-11 12:17:32,138 [WARN] ModelIntegratedComponent:63 - No mode defined for component null
2026-05-11 12:17:32,138 [WARN] ModelIntegratedComponent:63 - No mode defined for component null
2026-05-11 12:17:32,138 [WARN] ModelIntegratedComponent:63 - No mode defined for component null
2026-05-11 12:17:32,138 [WARN] ModelIntegratedComponent:63 - No mode defined for component null
2026-05-11 12:17:32,138 [WARN] ModelIntegratedComponent:63 - No mode defined for component null
2026-05-11 12:17:32,138 [WARN] ModelIntegratedComponent:63 - No mode defined for component null
2026-05-11 12:17:32,138 [WARN] ModelIntegratedComponent:63 - No mode defined for component null
2026-05-11 12:17:32,139 [WARN] ModelIntegratedComponent:63 - No mode defined for component null
2026-05-11 12:17:32,139 [WARN] ModelIntegratedComponent:63 - No mode defined for component null
2026-05-11 12:17:32,139 [WARN] ModelIntegratedComponent:63 - No mode defined for component null
2026-05-11 12:17:32,139 [WARN] ModelIntegratedComponent:63 - No mode defined for component null
2026-05-11 12:17:32,146 [INFO] RtosManager:555 - Registered RTOS mode: class=CMSIS, group=RTOS, mode=CMSIS_V1, owner=FREERTOS
2026-05-11 12:17:32,146 [INFO] RtosManager:555 - Registered RTOS mode: class=CMSIS, group=RTOS2, mode=CMSIS_V2, owner=FREERTOS
2026-05-11 12:17:32,146 [INFO] RtosManager:555 - Registered RTOS mode: class=RTOS, group=Core, mode=CMSIS_V1, owner=FREERTOS
2026-05-11 12:17:32,146 [INFO] RtosManager:555 - Registered RTOS mode: class=RTOS, group=Core, mode=CMSIS_V2, owner=FREERTOS
2026-05-11 12:17:32,146 [WARN] ModelIntegratedComponent:184 - Missing modes for component STMicroelectronics:FreeRTOS:0.0.1:STMicroelectronics:RTOS:FreeRTOS:Core:::10.2.0:
2026-05-11 12:17:32,158 [INFO] ThirdPartyModel:298 - Start build external matchings
2026-05-11 12:17:32,179 [INFO] ThirdPartyModel:316 - End build external matchings
2026-05-11 12:17:32,383 [INFO] UtilMem:75 - End LoadConfig() Used Memory: 687757552 Bytes (1073741824)
2026-05-11 12:17:32,467 [INFO] ApiDb:581 - Connected to CubeFinder SQLite database (C:\Users\Admin\.stmcufinder\plugins\mcufinder\mcu\cube-finder-db.db)
2026-05-11 12:17:32,563 [INFO] ApiDb:668 - CubeFinder database Data Model version=2.1
2026-05-11 12:17:32,564 [INFO] ApiDb:669 - CubeFinder database Configuration version=3.0.42
2026-05-11 12:17:32,566 [INFO] ApiDb:670 - CubeFinder database generation date=2026-05-06 (1778060171)
2026-05-11 12:17:32,566 [INFO] ApiDb:671 - CubeFinder database FW Pack versions=[FP-ATR-ASTRA1_V2.0.0, FP-SNS-FLIGHT1_V5.1.0, FP-SNS-MOTENV1_V5.1.0, FP-SNS-MOTENVWB1_V1.5.0, FP-SNS-SMARTAG2_V1.2.0, FP-SNS-STBOX1_V2.1.0, STM32Cube_FW_C0_V1.4.0, STM32Cube_FW_F4_V1.28.3, STM32Cube_FW_F7_V1.17.4, STM32Cube_FW_G0_V1.6.3, STM32Cube_FW_G4_V1.6.2, STM32Cube_FW_H5_V1.6.0, STM32Cube_FW_H7RS_V1.3.0, STM32Cube_FW_H7_V1.13.0, STM32Cube_FW_L0_V1.12.2, STM32Cube_FW_L4_V1.18.2, STM32Cube_FW_L5_V1.6.0, STM32Cube_FW_N6_V1.3.0, STM32Cube_FW_U0_V1.3.0, STM32Cube_FW_U3_V1.3.0, STM32Cube_FW_U5_V1.8.0, STM32Cube_FW_WB0_V1.4.0, STM32Cube_FW_WBA_V1.9.0, STM32Cube_FW_WB_V1.24.0, STM32Cube_FW_WL3_V1.4.0, STM32Cube_FW_WL_V1.5.0, X-CUBE-ALGOBUILD_V1.4.0, X-CUBE-ALS_V1.0.2, X-CUBE-AZRTOS-F4_V1.1.0, X-CUBE-AZRTOS-F7_V1.1.0, X-CUBE-AZRTOS-G0_V1.1.0, X-CUBE-AZRTOS-G4_V2.0.0, X-CUBE-AZRTOS-H7RS_V1.1.0, X-CUBE-AZRTOS-H7_V3.5.0, X-CUBE-AZRTOS-L4_V2.0.0, X-CUBE-AZRTOS-L5_V2.0.0, X-CUBE-AZRTOS-WB_V2.0.0, X-CUBE-AZRTOS-WL_V2.0.0, X-CUBE-BLE1_V7.1.0, X-CUBE-BLE2_V3.3.0, X-CUBE-BLEMGR_V4.1.0, X-CUBE-EEPRMA1_V5.2.0, X-CUBE-FREERTOS_V1.5.0, X-CUBE-GNSS1_V6.0.0, X-CUBE-MEMS1_V12.0.0, X-CUBE-NFC4_V3.0.0, X-CUBE-NFC7_V2.0.0, X-CUBE-SFXS2LP1_V4.0.0, X-CUBE-ST67W61_V1.2.0, X-CUBE-SUBG2_V5.0.0, X-CUBE-TOF1_V3.4.3]
2026-05-11 12:17:35,048 [INFO] ApiDb:240 - Found 323 in-development CPN: [B-G473E-ZEST1S, B-WB1M-WPAN1, B-WL5M-SUBG1, NUCLEO-C031C6, NUCLEO-H503RB, NUCLEO-H563ZI, NUCLEO-U545RE-Q, NUCLEO-U5A5ZJ-Q, NUCLEO-WBA52CG, STEVAL-PROTEUS1, STEVAL-SMARTAG2, STEVAL-STWINBX1, STM320518-EVAL, STM32C0116-DK, STM32C011D6Y3TR, STM32C011D6Y6TR, STM32C011F4P3, STM32C011F4P6, STM32C011F4U3, STM32C011F4U6TR, STM32C011F6P3, STM32C011F6P6, STM32C011F6U3, STM32C011F6U6TR, STM32C011J4M3, STM32C011J4M6, STM32C011J6M3, STM32C011J6M6, STM32C0316-DK, STM32C031C4T3, STM32C031C4T6, STM32C031C4U3, STM32C031C4U6, STM32C031C6T3, STM32C031C6T6, STM32C031C6U3, STM32C031C6U6, STM32C031F4P3, STM32C031F4P6, STM32C031F6P3, STM32C031F6P6, STM32C031G4U3, STM32C031G4U6, STM32C031G6U3, STM32C031G6U6, STM32C031K4T3, STM32C031K4T6, STM32C031K4U3, STM32C031K4U6, STM32C031K6T3, STM32C031K6T6, STM32C031K6U3, STM32C031K6U6, STM32G071K8TXN, STM32G071K8UXN, STM32G081GBU6N, STM32G081KBT6N, STM32G081KBUXN, STM32G0B1CCT6N, STM32G0B1KCT6, STM32G0B1NEY6TR, STM32G0B1RCT6N, STM32G0C1CCT6, STM32G0C1CCT6N, STM32G0C1CCU6N, STM32G0C1CET6N, STM32G0C1CEU6N, STM32G0C1KCT6, STM32G0C1NEY6TR, STM32G0C1RCI6N, STM32G0C1RCT6N, STM32G0C1REI6N, STM32G0C1RET6N, STM32G0C1VCI6, STM32G0C1VEI6, STM32G471CCT6, STM32G471CCU6, STM32G471CET3, STM32G471CET6, STM32G471CEU3, STM32G471CEU6, STM32G471MCT6, STM32G471MET3, STM32G471MET6, STM32G471MEY6TR, STM32G471QCT6, STM32G471QET3, STM32G471RCT6, STM32G471RET3, STM32G471RET6, STM32G471VCH6, STM32G471VCI6, STM32G471VCT6, STM32G471VEH3, STM32G471VEH6, STM32G471VEI3, STM32G471VEI6, STM32G471VET3, STM32G471VET6, STM32G474CCT6, STM32H503CBT6, STM32H503CBU6, STM32H503EBY6TR, STM32H503KBU6, STM32H503RBT6, STM32H562AGI6, STM32H562AII6, STM32H562IGK6, STM32H562IGT6, STM32H562IIK6, STM32H562IIT6, STM32H562RGT6, STM32H562RGV6, STM32H562RIT6, STM32H562RIV6, STM32H562VGT6, STM32H562VIT6, STM32H562ZGT6, STM32H562ZIT6, STM32H563AGI6, STM32H563AII3Q, STM32H563AII6, STM32H563IGK6, STM32H563IGT6, STM32H563IIK3Q, STM32H563IIK6, STM32H563IIT3Q, STM32H563IIT6, STM32H563MIY3QTR, STM32H563RGT6, STM32H563RGV6, STM32H563RIT6, STM32H563RIV6, STM32H563VGT6, STM32H563VIT3Q, STM32H563VIT6, STM32H563ZGT6, STM32H563ZIT3Q, STM32H563ZIT6, STM32H573AII3Q, STM32H573AII6, STM32H573I-DK, STM32H573IIK3Q, STM32H573IIK6, STM32H573IIT3Q, STM32H573IIT6, STM32H573MIY3QTR, STM32H573RIT6, STM32H573RIV6, STM32H573VIT3Q, STM32H573VIT6, STM32H573ZIT3Q, STM32H573ZIT6, STM32L4R5QGI6STR, STM32MP131AAE3, STM32MP131AAF3, STM32MP131AAG3, STM32MP131CAE3, STM32MP131CAF3, STM32MP131CAG3, STM32MP131DAE7, STM32MP131DAF7, STM32MP131DAG7, STM32MP131FAE7, STM32MP131FAF7, STM32MP131FAG7, STM32MP133AAE3, STM32MP133AAF3, STM32MP133AAG3, STM32MP133CAE3, STM32MP133CAF3, STM32MP133CAG3, STM32MP133DAE7, STM32MP133DAF7, STM32MP133DAG7, STM32MP133FAE7, STM32MP133FAF7, STM32MP133FAG7, STM32MP135AAE3, STM32MP135AAF3, STM32MP135AAG3, STM32MP135CAE3, STM32MP135CAF3, STM32MP135CAG3, STM32MP135DAE7, STM32MP135DAF7, STM32MP135DAG7, STM32MP135F-DK, STM32MP135FAE7, STM32MP135FAF7, STM32MP135FAF7T, STM32MP135FAF7U, STM32MP135FAG7, STM32U535CBT6, STM32U535CBT6Q, STM32U535CBU6, STM32U535CBU6Q, STM32U535CCT6, STM32U535CCT6Q, STM32U535CCU6, STM32U535CCU6Q, STM32U535CET6, STM32U535CET6Q, STM32U535CEU6, STM32U535CEU6Q, STM32U535JEY6QTR, STM32U535NCY6QTR, STM32U535NEY6QTR, STM32U535RBI6, STM32U535RBI6Q, STM32U535RBT6, STM32U535RBT6Q, STM32U535RCI6, STM32U535RCI6Q, STM32U535RCT6, STM32U535RCT6Q, STM32U535REI6, STM32U535REI6Q, STM32U535RET6, STM32U535RET6Q, STM32U535VCI6, STM32U535VCI6Q, STM32U535VCT6, STM32U535VCT6Q, STM32U535VEI6, STM32U535VEI6Q, STM32U535VET6, STM32U535VET6Q, STM32U545CET6, STM32U545CET6Q, STM32U545CEU6, STM32U545CEU6Q, STM32U545JEY6QTR, STM32U545NEY6QTR, STM32U545REI6, STM32U545REI6Q, STM32U545RET6, STM32U545RET6Q, STM32U545VEI6, STM32U545VEI6Q, STM32U545VET6, STM32U545VET6Q, STM32U595AIH6, STM32U595AIH6Q, STM32U595AJH6, STM32U595AJH6Q, STM32U595QII6, STM32U595QII6Q, STM32U595QJI6, STM32U595QJI6Q, STM32U595RIT6, STM32U595RIT6Q, STM32U595RJT6, STM32U595RJT6Q, STM32U595VIT6, STM32U595VIT6Q, STM32U595VJT6, STM32U595VJT6Q, STM32U595ZIT6, STM32U595ZIT6Q, STM32U595ZIY6QTR, STM32U595ZJT6, STM32U595ZJT6Q, STM32U595ZJY6QTR, STM32U599BJY6QTR, STM32U599NIH6Q, STM32U599NJH6Q, STM32U599VIT6Q, STM32U599VJT6, STM32U599VJT6Q, STM32U599ZIT6Q, STM32U599ZIY6QTR, STM32U599ZJT6Q, STM32U599ZJY6QTR, STM32U5A5AJH6, STM32U5A5AJH6Q, STM32U5A5QJI6, STM32U5A5QJI6Q, STM32U5A5RJT6, STM32U5A5RJT6Q, STM32U5A5VJT6, STM32U5A5VJT6Q, STM32U5A5ZJT6, STM32U5A5ZJT6Q, STM32U5A5ZJY6QTR, STM32U5A9BJY6QTR, STM32U5A9J-DK, STM32U5A9NJH6Q, STM32U5A9VJT6Q, STM32U5A9ZJT6Q, STM32U5A9ZJY6QTR, STM32U5F7VIT6, STM32U5F7VIT6Q, STM32U5F7VJT6, STM32U5F7VJT6Q, STM32U5F9BJY6QTR, STM32U5F9NJH6Q, STM32U5F9VIT6Q, STM32U5F9VJT6Q, STM32U5F9ZIJ6QTR, STM32U5F9ZIT6Q, STM32U5F9ZJJ6QTR, STM32U5F9ZJT6Q, STM32U5G7VJT6, STM32U5G7VJT6Q, STM32U5G9BJY6QTR, STM32U5G9J-DK1, STM32U5G9J-DK2, STM32U5G9NJH6Q, STM32U5G9VJT6Q, STM32U5G9ZJJ6QTR, STM32U5G9ZJT6Q, STM32WB1MMCH6, STM32WBA52CEU6, STM32WBA52CEU6T, STM32WBA52CGU6, STM32WBA52CGU6T, STM32WBA52KEU6, STM32WBA52KEU6T, STM32WBA52KGU6, STM32WBA52KGU6T, STM32WL5MOCH6, STM32WL5MOCH6TR]
2026-05-11 12:17:35,052 [INFO] DbMcus:217 - Found 5061 MCUs, 4943 are supported
2026-05-11 12:17:35,053 [INFO] ApiDb:423 - Load user favorites file C:\Users\Admin/.stm32cubeide/favorites.mcus.txt: 1 item(s)
2026-05-11 12:17:35,053 [INFO] ApiDb:427 - User favorites MCUs=[STM32F103C8T6]
2026-05-11 12:17:35,053 [INFO] DbMcus:223 - Set 1 / 1 favorites MCUs
2026-05-11 12:17:35,512 [WARN] ThirdParty:833 - waiting for thirdparty lock release [change project]
2026-05-11 12:17:35,512 [INFO] ThirdParty:835 - entering critical section [change project]
2026-05-11 12:17:35,512 [INFO] ThirdParty:1030 - CMSIS Pack Vendor :STMicroelectronics USBPD 4.1
2026-05-11 12:17:35,512 [INFO] ThirdParty:1030 - CMSIS Pack Vendor :STMicroelectronics X-CUBE-DISPLAY 3.0.0
2026-05-11 12:17:35,512 [INFO] ThirdParty:1030 - CMSIS Pack Vendor :STMicroelectronics USB_HOST 2.0.0
2026-05-11 12:17:35,512 [INFO] ThirdParty:1030 - CMSIS Pack Vendor :STMicroelectronics X-CUBE-AZRTOS-F4 1.1.0
2026-05-11 12:17:35,512 [INFO] ThirdParty:1030 - CMSIS Pack Vendor :STMicroelectronics LIBJPEG 8.0.0
2026-05-11 12:17:35,512 [INFO] ThirdParty:1030 - CMSIS Pack Vendor :STMicroelectronics FP-ATR-SIGFOX1 3.2.0
2026-05-11 12:17:35,512 [INFO] ThirdParty:1030 - CMSIS Pack Vendor :STMicroelectronics X-CUBE-SMBUS 2.1.0
2026-05-11 12:17:35,512 [INFO] ThirdParty:1030 - CMSIS Pack Vendor :STMicroelectronics USB_DEVICE 3.0.0
2026-05-11 12:17:35,512 [INFO] ThirdParty:1030 - CMSIS Pack Vendor :STMicroelectronics HAL Drivers 0.0.0
2026-05-11 12:17:35,513 [INFO] ThirdParty:1030 - CMSIS Pack Vendor :STMicroelectronics MBEDTLS 2.16.2
2026-05-11 12:17:35,513 [INFO] ThirdParty:1030 - CMSIS Pack Vendor :STMicroelectronics MBEDTLS 2.14.1
2026-05-11 12:17:35,513 [INFO] ThirdParty:1030 - CMSIS Pack Vendor :STMicroelectronics X-CUBE-AZRTOS-F7 1.1.0
2026-05-11 12:17:35,513 [INFO] ThirdParty:1030 - CMSIS Pack Vendor :STMicroelectronics USB_DEVICE 2.0.0
2026-05-11 12:17:35,513 [INFO] ThirdParty:1030 - CMSIS Pack Vendor :STMicroelectronics ThreadX 1.0.0
2026-05-11 12:17:35,513 [INFO] ThirdParty:1030 - CMSIS Pack Vendor :STMicroelectronics X-CUBE-AZRTOS-WL 2.0.0
2026-05-11 12:17:35,513 [INFO] ThirdParty:1030 - CMSIS Pack Vendor :STMicroelectronics FreeRTOS 0.0.1
2026-05-11 12:17:35,513 [INFO] ThirdParty:1030 - CMSIS Pack Vendor :STMicroelectronics X-CUBE-AZRTOS-G0 1.1.0
2026-05-11 12:17:35,513 [INFO] ThirdParty:1030 - CMSIS Pack Vendor :STMicroelectronics USB_DEVICE 1.0.0
2026-05-11 12:17:35,513 [INFO] ThirdParty:1030 - CMSIS Pack Vendor :STMicroelectronics X-CUBE-SUBG2 5.0.0
2026-05-11 12:17:35,513 [INFO] ThirdParty:1030 - CMSIS Pack Vendor :STMicroelectronics X-CUBE-NFC4 3.0.0
2026-05-11 12:17:35,513 [INFO] ThirdParty:1030 - CMSIS Pack Vendor :STMicroelectronics STM32_WPAN 1.0.0
2026-05-11 12:17:35,513 [INFO] ThirdParty:1030 - CMSIS Pack Vendor :STMicroelectronics X-CUBE-AZRTOS-L4 2.0.0
2026-05-11 12:17:35,513 [INFO] ThirdParty:1030 - CMSIS Pack Vendor :STMicroelectronics ThreadX 0.0.2
2026-05-11 12:17:35,513 [INFO] ThirdParty:1030 - CMSIS Pack Vendor :STMicroelectronics lwIP 2.0.3
2026-05-11 12:17:35,513 [INFO] ThirdParty:1030 - CMSIS Pack Vendor :STMicroelectronics lwIP 2.1.2
2026-05-11 12:17:35,513 [INFO] ThirdParty:1030 - CMSIS Pack Vendor :STMicroelectronics X-CUBE-SFXS2LP1 4.0.0
2026-05-11 12:17:35,513 [INFO] ThirdParty:1030 - CMSIS Pack Vendor :STMicroelectronics X-CUBE-BLE2 3.3.0
2026-05-11 12:17:35,513 [INFO] ThirdParty:1030 - CMSIS Pack Vendor :STMicroelectronics USB_HOST 1.0.0
2026-05-11 12:17:35,513 [INFO] ThirdParty:1030 - CMSIS Pack Vendor :STMicroelectronics X-CUBE-AZRTOS-G4 2.0.0
2026-05-11 12:17:35,513 [INFO] ThirdParty:1030 - CMSIS Pack Vendor :STMicroelectronics PDM2PCM 3.1.0
2026-05-11 12:17:35,513 [INFO] ThirdParty:1030 - CMSIS Pack Vendor :STMicroelectronics PDM2PCM 3.2.0
2026-05-11 12:17:35,513 [INFO] ThirdParty:1030 - CMSIS Pack Vendor :STMicroelectronics PDM2PCM 3.3.0
2026-05-11 12:17:35,513 [INFO] ThirdParty:841 - exiting critical section [change project]
2026-05-11 12:17:35,696 [INFO] PinOutPanel:1499 - setPackage(No Configuration,No Configuration)
2026-05-11 12:17:35,697 [INFO] PinOutPanel:1499 - setPackage(STM32F103C8Tx,LQFP48)
2026-05-11 12:17:36,037 [INFO] UtilMem:75 - Before build in PCC Used Memory: 668423696 Bytes (1073741824)
2026-05-11 12:17:36,997 [INFO] UtilMem:75 - After build in PCC Used Memory: 716091216 Bytes (1073741824)
2026-05-11 12:17:37,022 [INFO] IPUIPlugin:80 - create IPUIPlugin
2026-05-11 12:17:37,022 [INFO] IPUIPlugin:80 - create IPUIPlugin
2026-05-11 12:17:37,022 [INFO] IPUIPlugin:80 - create IPUIPlugin
2026-05-11 12:17:37,023 [INFO] IPUIPlugin:80 - create IPUIPlugin
2026-05-11 12:17:37,023 [INFO] IPUIPlugin:80 - create IPUIPlugin
2026-05-11 12:17:37,023 [INFO] IPUIPlugin:80 - create IPUIPlugin
2026-05-11 12:17:37,023 [INFO] IPUIPlugin:80 - create IPUIPlugin
2026-05-11 12:17:37,023 [INFO] IPUIPlugin:80 - create IPUIPlugin
2026-05-11 12:17:37,023 [INFO] IPUIPlugin:80 - create IPUIPlugin
2026-05-11 12:17:37,023 [INFO] IPUIPlugin:80 - create IPUIPlugin
2026-05-11 12:17:37,024 [INFO] IPUIPlugin:80 - create IPUIPlugin
2026-05-11 12:17:37,024 [INFO] IPUIPlugin:80 - create IPUIPlugin
2026-05-11 12:17:37,024 [INFO] IPUIPlugin:80 - create IPUIPlugin
2026-05-11 12:17:37,024 [INFO] IPUIPlugin:80 - create IPUIPlugin
2026-05-11 12:17:37,024 [INFO] IPUIPlugin:80 - create IPUIPlugin
2026-05-11 12:17:37,024 [INFO] IPUIPlugin:80 - create IPUIPlugin
2026-05-11 12:17:37,025 [INFO] IPUIPlugin:80 - create IPUIPlugin
2026-05-11 12:17:37,025 [INFO] IPUIPlugin:80 - create IPUIPlugin
2026-05-11 12:17:37,025 [INFO] IPUIPlugin:80 - create IPUIPlugin
2026-05-11 12:17:37,025 [INFO] IPUIPlugin:80 - create IPUIPlugin
2026-05-11 12:17:37,025 [INFO] IPUIPlugin:80 - create IPUIPlugin
2026-05-11 12:17:37,025 [INFO] IPUIPlugin:80 - create IPUIPlugin
2026-05-11 12:17:37,026 [INFO] IPUIPlugin:80 - create IPUIPlugin
2026-05-11 12:17:37,026 [INFO] IPUIPlugin:80 - create IPUIPlugin
2026-05-11 12:17:37,026 [INFO] IPUIPlugin:80 - create IPUIPlugin
2026-05-11 12:17:37,026 [INFO] IPUIPlugin:80 - create IPUIPlugin
2026-05-11 12:17:37,026 [INFO] IPUIPlugin:80 - create IPUIPlugin
2026-05-11 12:17:37,037 [WARN] IP:2114 - I2C_Coeff_DF not found: check if there is a RefParameter without a condition.
2026-05-11 12:17:37,037 [WARN] IP:2114 - Analog_Filter not found: check if there is a RefParameter without a condition.
2026-05-11 12:17:37,285 [INFO] CADModel:165 - CPN selected for project levelSTM32F103C8T6
2026-05-11 12:17:37,285 [INFO] CADModel:114 - Register for checkConnection events
2026-05-11 12:17:37,341 [INFO] OpenFileManager:328 - Restore cursor
2026-05-11 12:17:37,479 [WARN] IP:2114 - I2C_Coeff_DF not found: check if there is a RefParameter without a condition.
2026-05-11 12:17:37,479 [WARN] IP:2114 - Analog_Filter not found: check if there is a RefParameter without a condition.
2026-05-11 12:17:37,480 [WARN] IP:2114 - I2C_Coeff_DF not found: check if there is a RefParameter without a condition.
2026-05-11 12:17:37,480 [WARN] IP:2114 - Analog_Filter not found: check if there is a RefParameter without a condition.
2026-05-11 12:18:32,748 [WARN] IP:2114 - I2C_Coeff_DF not found: check if there is a RefParameter without a condition.
2026-05-11 12:18:32,748 [WARN] IP:2114 - Analog_Filter not found: check if there is a RefParameter without a condition.
2026-05-11 12:18:32,748 [WARN] IP:2114 - I2C_Coeff_DF not found: check if there is a RefParameter without a condition.
2026-05-11 12:18:32,748 [WARN] IP:2114 - Analog_Filter not found: check if there is a RefParameter without a condition.
2026-05-11 12:23:05,977 [WARN] IP:2114 - I2C_Coeff_DF not found: check if there is a RefParameter without a condition.
2026-05-11 12:23:05,978 [WARN] IP:2114 - Analog_Filter not found: check if there is a RefParameter without a condition.
2026-05-11 12:23:05,978 [WARN] IP:2114 - I2C_Coeff_DF not found: check if there is a RefParameter without a condition.
2026-05-11 12:23:05,978 [WARN] IP:2114 - Analog_Filter not found: check if there is a RefParameter without a condition.
2026-05-11 13:26:43,247 [ERROR] LogOutputStream:75 - [STDERR_REDIRECT] 
2026-05-11 22:09:57,274 [INFO] Activator:176 - 


2026-05-11 22:09:57,277 [INFO] Activator:177 - !SESSION log4j initialized
2026-05-11 22:10:01,192 [INFO] LogOutputStream:77 - [STDOUT_REDIRECT] 
2026-05-11 22:10:02,010 [INFO] ApplicationProperties:184 - Using Application install path: C:\ST\STM32CubeIDE_1.13.1\STM32CubeIDE\plugins\com.st.stm32cube.common.mx_6.9.1.202307191849
2026-05-11 22:10:02,027 [INFO] DbMcusXml:78 - Set database path to: C:\ST\STM32CubeIDE_1.13.1\STM32CubeIDE\plugins\com.st.stm32cube.common.mx_6.9.1.202307191849\\db\/mcu/
2026-05-11 22:10:02,027 [INFO] ApiDb:274 - Set plugin database path to: C:\ST\STM32CubeIDE_1.13.1\STM32CubeIDE\plugins\com.st.stm32cube.common.mx_6.9.1.202307191849\\db\/plugins/boardmanager/
2026-05-11 22:10:02,028 [WARN] ApiDb:259 - Overriding images path with different value:  => C:\ST\STM32CubeIDE_1.13.1\STM32CubeIDE\plugins\com.st.stm32cube.common.mx_6.9.1.202307191849\\db\/plugins/mcufinder/images/
2026-05-11 22:10:02,036 [INFO] ApiDb:250 - Set database path to: C:\Users\Admin\.stmcufinder\plugins\mcufinder//mcu/
2026-05-11 22:10:02,037 [INFO] DbMcusAds:125 - Set database path to: C:\Users\Admin\.stmcufinder\plugins\mcufinder//mcu/
2026-05-11 22:10:02,039 [INFO] CrossReferenceDbSqlite:203 - Set database path to: C:\Users\Admin\.stmcufinder\plugins\mcufinder//mcu/cs/
2026-05-11 22:10:02,121 [INFO] RulesReader:64 - Compatibility file has been processed (293 Rules)
2026-05-11 22:10:02,195 [INFO] DbMcusXml:78 - Set database path to: C:\ST\STM32CubeIDE_1.13.1\STM32CubeIDE\plugins\com.st.stm32cube.common.mx_6.9.1.202307191849\\db\/mcu/
2026-05-11 22:10:02,195 [INFO] ApiDb:274 - Set plugin database path to: C:\ST\STM32CubeIDE_1.13.1\STM32CubeIDE\plugins\com.st.stm32cube.common.mx_6.9.1.202307191849\\db\/plugins/boardmanager/
2026-05-11 22:10:02,195 [INFO] ApiDb:261 - Set plugin images path to: C:\ST\STM32CubeIDE_1.13.1\STM32CubeIDE\plugins\com.st.stm32cube.common.mx_6.9.1.202307191849\\db\/plugins/mcufinder/images/
2026-05-11 22:10:02,196 [WARN] DbFile:41 - Overriding database path with different value: C:\Users\Admin\.stmcufinder\plugins\mcufinder/ => C:\Users\Admin\.stmcufinder\plugins\mcufinder
2026-05-11 22:10:02,196 [INFO] ApiDb:250 - Set database path to: C:\Users\Admin\.stmcufinder\plugins\mcufinder//mcu/
2026-05-11 22:10:02,196 [WARN] DbFile:41 - Overriding database path with different value: C:\Users\Admin\.stmcufinder\plugins\mcufinder/ => C:\Users\Admin\.stmcufinder\plugins\mcufinder
2026-05-11 22:10:02,196 [INFO] DbMcusAds:125 - Set database path to: C:\Users\Admin\.stmcufinder\plugins\mcufinder//mcu/
2026-05-11 22:10:02,196 [WARN] DbFile:41 - Overriding database path with different value: C:\Users\Admin\.stmcufinder\plugins\mcufinder/ => C:\Users\Admin\.stmcufinder\plugins\mcufinder
2026-05-11 22:10:02,196 [WARN] DbFile:41 - Overriding database path with different value: C:\Users\Admin\.stmcufinder\plugins\mcufinder/ => C:\Users\Admin\.stmcufinder\plugins\mcufinder
2026-05-11 22:10:02,196 [INFO] CrossReferenceDbSqlite:203 - Set database path to: C:\Users\Admin\.stmcufinder\plugins\mcufinder//mcu/cs/
2026-05-11 22:10:02,263 [INFO] MainPanel:262 - HeapMemory: 268435456
2026-05-11 22:10:02,351 [INFO] DbMcusXml:78 - Set database path to: C:\ST\STM32CubeIDE_1.13.1\STM32CubeIDE\plugins\com.st.stm32cube.common.mx_6.9.1.202307191849\\db\/mcu/
2026-05-11 22:10:02,352 [INFO] ApiDb:274 - Set plugin database path to: C:\ST\STM32CubeIDE_1.13.1\STM32CubeIDE\plugins\com.st.stm32cube.common.mx_6.9.1.202307191849\\db\/plugins/boardmanager/
2026-05-11 22:10:02,352 [INFO] ApiDb:261 - Set plugin images path to: C:\ST\STM32CubeIDE_1.13.1\STM32CubeIDE\plugins\com.st.stm32cube.common.mx_6.9.1.202307191849\\db\/plugins/mcufinder/images/
2026-05-11 22:10:02,352 [WARN] DbFile:41 - Overriding database path with different value: C:\Users\Admin\.stmcufinder\plugins\mcufinder/ => C:\Users\Admin\.stmcufinder\plugins\mcufinder
2026-05-11 22:10:02,352 [INFO] ApiDb:250 - Set database path to: C:\Users\Admin\.stmcufinder\plugins\mcufinder//mcu/
2026-05-11 22:10:02,352 [WARN] DbFile:41 - Overriding database path with different value: C:\Users\Admin\.stmcufinder\plugins\mcufinder/ => C:\Users\Admin\.stmcufinder\plugins\mcufinder
2026-05-11 22:10:02,352 [INFO] DbMcusAds:125 - Set database path to: C:\Users\Admin\.stmcufinder\plugins\mcufinder//mcu/
2026-05-11 22:10:02,352 [WARN] DbFile:41 - Overriding database path with different value: C:\Users\Admin\.stmcufinder\plugins\mcufinder/ => C:\Users\Admin\.stmcufinder\plugins\mcufinder
2026-05-11 22:10:02,352 [WARN] DbFile:41 - Overriding database path with different value: C:\Users\Admin\.stmcufinder\plugins\mcufinder/ => C:\Users\Admin\.stmcufinder\plugins\mcufinder
2026-05-11 22:10:02,352 [INFO] CrossReferenceDbSqlite:203 - Set database path to: C:\Users\Admin\.stmcufinder\plugins\mcufinder//mcu/cs/
2026-05-11 22:10:02,369 [INFO] ApplicationProperties:184 - Using Application install path: C:\ST\STM32CubeIDE_1.13.1\STM32CubeIDE\plugins\com.st.stm32cube.common.mx_6.9.1.202307191849
2026-05-11 22:10:02,370 [INFO] PluginManage:196 - Search for loadable plugins [exclusion list=, ]
2026-05-11 22:10:02,371 [INFO] PluginManage:310 - Check plugin analytics
2026-05-11 22:10:02,497 [INFO] AnalyticsPlugin:253 - Accepted Software Licenses: 
2026-05-11 22:10:02,498 [INFO] AnalyticsPlugin:255 - Accepted CMSIS Pack Licenses: 
2026-05-11 22:10:02,498 [INFO] AnalyticsPlugin:257 - Accepted Firmware Licenses: 
2026-05-11 22:10:02,500 [INFO] PluginManage:359 - Loaded plugin analytics (category:tool,tabindex:-1)
2026-05-11 22:10:02,500 [INFO] PluginManage:310 - Check plugin cadmodel
2026-05-11 22:10:02,506 [INFO] CADModel:105 - Init CAD model plugin
2026-05-11 22:10:02,506 [INFO] PluginManage:359 - Loaded plugin cadmodel (category:power,tabindex:5)
2026-05-11 22:10:02,506 [INFO] PluginManage:310 - Check plugin clock
2026-05-11 22:10:02,515 [INFO] PluginManage:359 - Loaded plugin clock (category:base,tabindex:2)
2026-05-11 22:10:02,516 [INFO] PluginManage:310 - Check plugin ddr
2026-05-11 22:10:02,518 [INFO] PluginManage:359 - Loaded plugin ddr (category:tool,tabindex:6)
2026-05-11 22:10:02,518 [INFO] PluginManage:310 - Check plugin filemanager
2026-05-11 22:10:02,634 [INFO] PluginManage:359 - Loaded plugin filemanager (category:base,tabindex:10)
2026-05-11 22:10:02,634 [INFO] PluginManage:310 - Check plugin ipmanager
2026-05-11 22:10:02,639 [INFO] PluginManage:359 - Loaded plugin ipmanager (category:base,tabindex:5)
2026-05-11 22:10:02,640 [INFO] PluginManage:310 - Check plugin lpbam
2026-05-11 22:10:02,647 [INFO] PluginManage:359 - Loaded plugin lpbam (category:base,tabindex:0)
2026-05-11 22:10:02,647 [INFO] PluginManage:310 - Check plugin memorymap
2026-05-11 22:10:02,659 [INFO] PluginManage:359 - Loaded plugin memorymap (category:base,tabindex:4)
2026-05-11 22:10:02,659 [INFO] PluginManage:310 - Check plugin pinoutandconfiguration
2026-05-11 22:10:02,667 [INFO] PluginManage:359 - Loaded plugin pinoutandconfiguration (category:base,tabindex:1)
2026-05-11 22:10:02,667 [INFO] PluginManage:310 - Check plugin pinoutconfig
2026-05-11 22:10:02,741 [WARN] SupportedApi:132 - Cannot load RTOS API schema: s4s-elt-must-match.1: The content of 'definitions' must match (annotation?, (simpleType | complexType)?, (unique | key | keyref)*)). A problem was found starting at: attribute.
2026-05-11 22:10:02,855 [INFO] PluginManage:359 - Loaded plugin pinoutconfig (category:base,tabindex:0)
2026-05-11 22:10:02,855 [INFO] PluginManage:310 - Check plugin power
2026-05-11 22:10:02,865 [INFO] PluginManage:359 - Loaded plugin power (category:power,tabindex:4)
2026-05-11 22:10:02,865 [INFO] PluginManage:310 - Check plugin projectmanager
2026-05-11 22:10:02,878 [INFO] PluginManage:359 - Loaded plugin projectmanager (category:projectmanager,tabindex:3)
2026-05-11 22:10:02,878 [INFO] PluginManage:310 - Check plugin thirdparty
2026-05-11 22:10:02,993 [INFO] PluginManage:359 - Loaded plugin thirdparty (category:base,tabindex:-1)
2026-05-11 22:10:02,993 [WARN] IntegrityCheckThread:84 - waiting for thirdparty lock release [integrity check]
2026-05-11 22:10:02,993 [INFO] PluginManage:310 - Check plugin tools
2026-05-11 22:10:02,993 [INFO] IntegrityCheckThread:86 - entering critical section [integrity check]
2026-05-11 22:10:02,993 [INFO] ThirdPartyUpdaterWithRetryManager:70 - Updater plugin not ready yet. [1/15]
2026-05-11 22:10:02,995 [INFO] PluginManage:359 - Loaded plugin tools (category:base,tabindex:7)
2026-05-11 22:10:02,995 [INFO] PluginManage:310 - Check plugin tutovideos
2026-05-11 22:10:03,161 [INFO] PluginManage:359 - Loaded plugin tutovideos (category:base,tabindex:-1)
2026-05-11 22:10:03,161 [INFO] PluginManage:310 - Check plugin updater
2026-05-11 22:10:03,174 [INFO] PluginManage:359 - Loaded plugin updater (category:base,tabindex:12)
2026-05-11 22:10:03,174 [INFO] PluginManage:310 - Check plugin userauth
2026-05-11 22:10:03,180 [INFO] UserAuth:113 - Init User Auth plugin
2026-05-11 22:10:03,180 [INFO] PluginManage:359 - Loaded plugin userauth (category:base,tabindex:14)
2026-05-11 22:10:03,180 [INFO] PluginManage:283 - PluginManage : Loaded plugins [17]
2026-05-11 22:10:03,379 [INFO] PinOutPanel:1499 - setPackage(No Configuration,No Configuration)
2026-05-11 22:10:03,475 [INFO] CADModel:165 - CPN selected for project level
2026-05-11 22:10:03,475 [INFO] CADModel:114 - Register for checkConnection events
2026-05-11 22:10:03,496 [INFO] IPUIPlugin:80 - create IPUIPlugin
2026-05-11 22:10:03,497 [INFO] PluginManager:220 - loadIPPluginJar : add adc
2026-05-11 22:10:03,499 [INFO] IPUIPlugin:80 - create IPUIPlugin
2026-05-11 22:10:03,499 [INFO] PluginManager:220 - loadIPPluginJar : add aes
2026-05-11 22:10:03,501 [INFO] IPUIPlugin:80 - create IPUIPlugin
2026-05-11 22:10:03,501 [INFO] PluginManager:220 - loadIPPluginJar : add can
2026-05-11 22:10:03,502 [INFO] IPUIPlugin:80 - create IPUIPlugin
2026-05-11 22:10:03,502 [INFO] PluginManager:220 - loadIPPluginJar : add comp
2026-05-11 22:10:03,506 [INFO] IPUIPlugin:80 - create IPUIPlugin
2026-05-11 22:10:03,506 [INFO] PluginManager:220 - loadIPPluginJar : add cryp
2026-05-11 22:10:03,509 [INFO] IPUIPlugin:80 - create IPUIPlugin
2026-05-11 22:10:03,509 [INFO] PluginManager:220 - loadIPPluginJar : add dfsdm
2026-05-11 22:10:03,513 [INFO] IPUIPlugin:80 - create IPUIPlugin
2026-05-11 22:10:03,514 [INFO] PluginManager:220 - loadIPPluginJar : add dma
2026-05-11 22:10:03,516 [INFO] IPUIPlugin:80 - create IPUIPlugin
2026-05-11 22:10:03,516 [INFO] PluginManager:220 - loadIPPluginJar : add dma3
2026-05-11 22:10:03,517 [INFO] IPUIPlugin:80 - create IPUIPlugin
2026-05-11 22:10:03,517 [INFO] PluginManager:220 - loadIPPluginJar : add fatfs
2026-05-11 22:10:03,521 [INFO] IPUIPlugin:80 - create IPUIPlugin
2026-05-11 22:10:03,522 [INFO] PluginManager:220 - loadIPPluginJar : add fmc
2026-05-11 22:10:03,528 [INFO] IPUIPlugin:80 - create IPUIPlugin
2026-05-11 22:10:03,528 [INFO] PluginManager:220 - loadIPPluginJar : add freertos
2026-05-11 22:10:03,529 [INFO] IPUIPlugin:80 - create IPUIPlugin
2026-05-11 22:10:03,529 [INFO] PluginManager:220 - loadIPPluginJar : add genericplugin
2026-05-11 22:10:03,531 [INFO] IPUIPlugin:80 - create IPUIPlugin
2026-05-11 22:10:03,531 [INFO] PluginManager:220 - loadIPPluginJar : add gfxmmu
2026-05-11 22:10:03,535 [INFO] IPUIPlugin:80 - create IPUIPlugin
2026-05-11 22:10:03,535 [INFO] PluginManager:220 - loadIPPluginJar : add gic
2026-05-11 22:10:03,541 [INFO] IPUIPlugin:80 - create IPUIPlugin
2026-05-11 22:10:03,541 [INFO] PluginManager:220 - loadIPPluginJar : add gpio
2026-05-11 22:10:03,545 [INFO] IPUIPlugin:80 - create IPUIPlugin
2026-05-11 22:10:03,545 [INFO] PluginManager:220 - loadIPPluginJar : add gtzc
2026-05-11 22:10:03,547 [INFO] IPUIPlugin:80 - create IPUIPlugin
2026-05-11 22:10:03,547 [INFO] PluginManager:220 - loadIPPluginJar : add hash
2026-05-11 22:10:03,549 [INFO] IPUIPlugin:80 - create IPUIPlugin
2026-05-11 22:10:03,549 [INFO] PluginManager:220 - loadIPPluginJar : add i2c
2026-05-11 22:10:03,551 [INFO] IPUIPlugin:80 - create IPUIPlugin
2026-05-11 22:10:03,551 [INFO] PluginManager:220 - loadIPPluginJar : add i2s
2026-05-11 22:10:03,553 [INFO] IPUIPlugin:80 - create IPUIPlugin
2026-05-11 22:10:03,554 [INFO] PluginManager:220 - loadIPPluginJar : add i3c
2026-05-11 22:10:03,558 [INFO] IPUIPlugin:80 - create IPUIPlugin
2026-05-11 22:10:03,558 [INFO] PluginManager:220 - loadIPPluginJar : add ipddr
2026-05-11 22:10:03,564 [INFO] IPUIPlugin:80 - create IPUIPlugin
2026-05-11 22:10:03,564 [INFO] PluginManager:220 - loadIPPluginJar : add linkedlist
2026-05-11 22:10:03,567 [INFO] IPUIPlugin:80 - create IPUIPlugin
2026-05-11 22:10:03,567 [INFO] PluginManager:220 - loadIPPluginJar : add lorawan
2026-05-11 22:10:03,568 [INFO] IPUIPlugin:80 - create IPUIPlugin
2026-05-11 22:10:03,568 [INFO] PluginManager:220 - loadIPPluginJar : add ltdc
2026-05-11 22:10:03,576 [INFO] IPUIPlugin:80 - create IPUIPlugin
2026-05-11 22:10:03,576 [INFO] PluginManager:220 - loadIPPluginJar : add mdma
2026-05-11 22:10:03,579 [INFO] IPUIPlugin:80 - create IPUIPlugin
2026-05-11 22:10:03,579 [INFO] PluginManager:220 - loadIPPluginJar : add nvic
2026-05-11 22:10:03,582 [INFO] IPUIPlugin:80 - create IPUIPlugin
2026-05-11 22:10:03,582 [INFO] PluginManager:220 - loadIPPluginJar : add opamp
2026-05-11 22:10:03,584 [INFO] IPUIPlugin:80 - create IPUIPlugin
2026-05-11 22:10:03,584 [INFO] PluginManager:220 - loadIPPluginJar : add openamp
2026-05-11 22:10:03,588 [INFO] IPUIPlugin:80 - create IPUIPlugin
2026-05-11 22:10:03,588 [INFO] PluginManager:220 - loadIPPluginJar : add pdm2pcm
2026-05-11 22:10:03,594 [INFO] IPUIPlugin:80 - create IPUIPlugin
2026-05-11 22:10:03,596 [INFO] PluginManager:220 - loadIPPluginJar : add plateformsettings
2026-05-11 22:10:03,598 [INFO] IPUIPlugin:80 - create IPUIPlugin
2026-05-11 22:10:03,598 [INFO] PluginManager:220 - loadIPPluginJar : add quadspi
2026-05-11 22:10:03,601 [INFO] IPUIPlugin:80 - create IPUIPlugin
2026-05-11 22:10:03,601 [INFO] PluginManager:220 - loadIPPluginJar : add resmgrutility
2026-05-11 22:10:03,605 [INFO] IPUIPlugin:80 - create IPUIPlugin
2026-05-11 22:10:03,605 [INFO] PluginManager:220 - loadIPPluginJar : add sai
2026-05-11 22:10:03,608 [INFO] IPUIPlugin:80 - create IPUIPlugin
2026-05-11 22:10:03,608 [INFO] PluginManager:220 - loadIPPluginJar : add spi
2026-05-11 22:10:03,612 [INFO] IPUIPlugin:80 - create IPUIPlugin
2026-05-11 22:10:03,612 [INFO] PluginManager:220 - loadIPPluginJar : add stm32_wpan
2026-05-11 22:10:03,613 [INFO] IPUIPlugin:80 - create IPUIPlugin
2026-05-11 22:10:03,613 [INFO] PluginManager:220 - loadIPPluginJar : add tim
2026-05-11 22:10:03,616 [INFO] IPUIPlugin:80 - create IPUIPlugin
2026-05-11 22:10:03,616 [INFO] PluginManager:220 - loadIPPluginJar : add touchsensing
2026-05-11 22:10:03,616 [INFO] IPUIPlugin:80 - create IPUIPlugin
2026-05-11 22:10:03,617 [INFO] PluginManager:220 - loadIPPluginJar : add tracer_emb
2026-05-11 22:10:03,618 [INFO] IPUIPlugin:80 - create IPUIPlugin
2026-05-11 22:10:03,619 [INFO] PluginManager:220 - loadIPPluginJar : add ts
2026-05-11 22:10:03,620 [INFO] IPUIPlugin:80 - create IPUIPlugin
2026-05-11 22:10:03,620 [INFO] PluginManager:220 - loadIPPluginJar : add tsc
2026-05-11 22:10:03,622 [INFO] IPUIPlugin:80 - create IPUIPlugin
2026-05-11 22:10:03,622 [INFO] PluginManager:220 - loadIPPluginJar : add ucpd
2026-05-11 22:10:03,625 [INFO] IPUIPlugin:80 - create IPUIPlugin
2026-05-11 22:10:03,625 [INFO] PluginManager:220 - loadIPPluginJar : add usart
2026-05-11 22:10:03,627 [INFO] IPUIPlugin:80 - create IPUIPlugin
2026-05-11 22:10:03,627 [INFO] PluginManager:220 - loadIPPluginJar : add usbx
2026-05-11 22:10:03,742 [INFO] CADModel:165 - CPN selected for project level
2026-05-11 22:10:03,743 [INFO] CADModel:114 - Register for checkConnection events
2026-05-11 22:10:03,743 [FATAL] Updater:308 - Updater called before beeing initialized
2026-05-11 22:10:03,743 [ERROR] CADModel:125 - Updater not yet initialized, retry later 
2026-05-11 22:10:03,877 [INFO] CADModel:165 - CPN selected for project level
2026-05-11 22:10:03,877 [INFO] CADModel:114 - Register for checkConnection events
2026-05-11 22:10:03,877 [FATAL] Updater:308 - Updater called before beeing initialized
2026-05-11 22:10:03,877 [ERROR] CADModel:125 - Updater not yet initialized, retry later 
2026-05-11 22:10:03,880 [FATAL] Updater:308 - Updater called before beeing initialized
2026-05-11 22:10:03,964 [FATAL] Updater:308 - Updater called before beeing initialized
2026-05-11 22:10:03,968 [INFO] DbMcusAds:53 - JSON generation date=Mon Apr 27 15:14:29 GMT+07:00 2026 (1777277669683)
2026-05-11 22:10:03,968 [FATAL] Updater:308 - Updater called before beeing initialized
2026-05-11 22:10:04,003 [WARN] DetailPanel:346 - Failed to get advertising image, set to default
2026-05-11 22:10:04,108 [FATAL] Updater:308 - Updater called before beeing initialized
2026-05-11 22:10:04,110 [FATAL] Updater:308 - Updater called before beeing initialized
2026-05-11 22:10:04,110 [FATAL] Updater:308 - Updater called before beeing initialized
2026-05-11 22:10:04,110 [WARN] DetailPanel:346 - Failed to get advertising image, set to default
2026-05-11 22:10:04,110 [FATAL] Updater:308 - Updater called before beeing initialized
2026-05-11 22:10:04,147 [ERROR] Updater:1120 - MainUpdater not yet initialized. External WinMGr cannot be set.
2026-05-11 22:10:04,149 [INFO] Updater:1056 - Updater Version found : 6.9.1
2026-05-11 22:10:04,167 [INFO] ApplicationProperties:184 - Using Application install path: C:\ST\STM32CubeIDE_1.13.1\STM32CubeIDE\plugins\com.st.stm32cube.common.mx_6.9.1.202307191849
2026-05-11 22:10:04,359 [INFO] MainUpdater:2868 - connection check result : 10
2026-05-11 22:10:04,360 [INFO] MainUpdater:285 - Updater Check For Update Now.
2026-05-11 22:10:04,360 [INFO] MicroXplorer:498 - Change Database Version : DB.6.0.91
2026-05-11 22:10:04,364 [INFO] McuFinderGlobals:63 - Set McuFinder mode to 2 (CubeIDE integrated)
2026-05-11 22:10:04,365 [INFO] UserAuth:179 - activating auth plugin
2026-05-11 22:10:04,367 [INFO] UserAuth:393 - Internet connection configuration mode: 1
2026-05-11 22:10:04,390 [INFO] JxBrowserEngine:151 - Initiate JxBrowser Engine with user profile folder
2026-05-11 22:10:04,528 [INFO] CheckServerUpdateThread:120 - End of CheckServer Thread
2026-05-11 22:10:05,061 [INFO] WebApp:157 - Instantiating new browser for Auth
2026-05-11 22:10:05,639 [INFO] WebApp:753 - Register for checkConnection events
2026-05-11 22:10:05,640 [INFO] WebApp:390 - Apply proxy settings
2026-05-11 22:10:05,640 [INFO] WebApp:475 - Chromium requires no authentication
2026-05-11 22:10:05,647 [INFO] WebApp:418 - Direct internet connection detected
2026-05-11 22:10:05,789 [INFO] WebApp:188 - Starting web application
2026-05-11 22:10:05,790 [INFO] WebApp:520 - Web application path used C:\ST\STM32CubeIDE_1.13.1\STM32CubeIDE\plugins\com.st.stm32cube.common.mx_6.9.1.202307191849\db\plugins\mcufinder\reactClient1\index.html
2026-05-11 22:10:06,137 [WARN] PackLoader:240 - Cannot read IP mode file for STMicroelectronics.X-CUBE-AZRTOS-F4.1.1.0
2026-05-11 22:10:06,162 [WARN] PackLoader:240 - Cannot read IP mode file for STMicroelectronics.X-CUBE-SMBUS.2.1.0
2026-05-11 22:10:06,190 [WARN] PackLoader:240 - Cannot read IP mode file for STMicroelectronics.X-CUBE-AZRTOS-F7.1.1.0
2026-05-11 22:10:06,204 [WARN] PackLoader:240 - Cannot read IP mode file for STMicroelectronics.X-CUBE-DISPLAY.3.0.0
2026-05-11 22:10:06,219 [INFO] LogOutputStream:77 - [STDOUT_REDIRECT] 1 : Invalid condition id : UX_CORESTACK_Condition cause : null
2026-05-11 22:10:06,219 [INFO] LogOutputStream:77 - [STDOUT_REDIRECT] 1 : Invalid condition id : UX_CORESTACK_Condition cause : null
2026-05-11 22:10:06,220 [INFO] LogOutputStream:77 - [STDOUT_REDIRECT] 1 : Invalid condition id : UX_CORESTACK_Condition cause : null
2026-05-11 22:10:06,221 [INFO] LogOutputStream:77 - [STDOUT_REDIRECT] 1 : Invalid condition id : UX_CORESTACK_Condition cause : null
2026-05-11 22:10:06,222 [INFO] LogOutputStream:77 - [STDOUT_REDIRECT] 1 : Invalid condition id : UX_CORESTACK_Condition cause : null
2026-05-11 22:10:06,225 [WARN] PackLoader:240 - Cannot read IP mode file for STMicroelectronics.X-CUBE-AZRTOS-WL.2.0.0
2026-05-11 22:10:06,243 [WARN] ConditionMgr:438 - getConditionDescription Invalid condition id : LAN8742 Phy interface Condition cause : null
2026-05-11 22:10:06,244 [WARN] PackLoader:240 - Cannot read IP mode file for STMicroelectronics.X-CUBE-AZRTOS-L4.2.0.0
2026-05-11 22:10:06,246 [WARN] ConditionMgr:1039 - genDependencies : Invalid condition id : LAN8742 Phy interface Condition cause : null
2026-05-11 22:10:06,247 [WARN] ConditionMgr:1039 - genDependencies : Invalid condition id : LAN8742 Phy interface Condition cause : null
2026-05-11 22:10:06,247 [WARN] ConditionMgr:1039 - genDependencies : Invalid condition id : LAN8742 Phy interface Condition cause : null
2026-05-11 22:10:06,261 [WARN] PackLoader:240 - Cannot read IP mode file for STMicroelectronics.X-CUBE-SFXS2LP1.4.0.0
2026-05-11 22:10:06,269 [WARN] PackLoader:240 - Cannot read IP mode file for STMicroelectronics.X-CUBE-BLE2.3.3.0
2026-05-11 22:10:06,282 [WARN] PackLoader:240 - Cannot read IP mode file for STMicroelectronics.X-CUBE-AZRTOS-G0.1.1.0
2026-05-11 22:10:06,293 [WARN] PackLoader:240 - Cannot read IP mode file for STMicroelectronics.X-CUBE-SUBG2.5.0.0
2026-05-11 22:10:06,308 [WARN] PackLoader:240 - Cannot read IP mode file for STMicroelectronics.X-CUBE-NFC4.3.0.0
2026-05-11 22:10:06,329 [WARN] PackLoader:240 - Cannot read IP mode file for STMicroelectronics.X-CUBE-AZRTOS-G4.2.0.0
2026-05-11 22:10:06,340 [WARN] PackLoader:240 - Cannot read IP mode file for STMicroelectronics.FP-ATR-SIGFOX1.3.2.0
2026-05-11 22:10:06,343 [INFO] ThirdParty:978 - Integrity check success = true
2026-05-11 22:10:06,344 [INFO] IntegrityCheckThread:100 - exiting critical section [integrity check]
2026-05-11 22:10:06,344 [INFO] IntegrityCheckThread:103 - End integrity checks thread
2026-05-11 22:10:26,363 [ERROR] LogOutputStream:75 - [STDERR_REDIRECT] SLF4J: Failed to load class "org.slf4j.impl.StaticLoggerBinder".
2026-05-11 22:10:26,363 [ERROR] LogOutputStream:75 - [STDERR_REDIRECT] SLF4J: Defaulting to no-operation (NOP) logger implementation
2026-05-11 22:10:26,364 [ERROR] LogOutputStream:75 - [STDERR_REDIRECT] SLF4J: See http://www.slf4j.org/codes.html#StaticLoggerBinder for further details.
