2026-05-20 18:35:10,532 [INFO] Activator:176 - 


2026-05-20 18:35:10,538 [INFO] Activator:177 - !SESSION log4j initialized
2026-05-20 18:35:12,483 [INFO] ApplicationProperties:184 - Using Application install path: C:\ST\STM32CubeIDE_1.13.1\STM32CubeIDE\plugins\com.st.stm32cube.common.mx_6.9.1.202307191849
2026-05-20 18:35:12,501 [INFO] DbMcusXml:78 - Set database path to: C:\ST\STM32CubeIDE_1.13.1\STM32CubeIDE\plugins\com.st.stm32cube.common.mx_6.9.1.202307191849\\db\/mcu/
2026-05-20 18:35:12,501 [INFO] ApiDb:274 - Set plugin database path to: C:\ST\STM32CubeIDE_1.13.1\STM32CubeIDE\plugins\com.st.stm32cube.common.mx_6.9.1.202307191849\\db\/plugins/boardmanager/
2026-05-20 18:35:12,501 [WARN] ApiDb:259 - Overriding images path with different value:  => C:\ST\STM32CubeIDE_1.13.1\STM32CubeIDE\plugins\com.st.stm32cube.common.mx_6.9.1.202307191849\\db\/plugins/mcufinder/images/
2026-05-20 18:35:12,514 [INFO] ApiDb:250 - Set database path to: C:\Users\Admin\.stmcufinder\plugins\mcufinder//mcu/
2026-05-20 18:35:12,515 [INFO] DbMcusAds:125 - Set database path to: C:\Users\Admin\.stmcufinder\plugins\mcufinder//mcu/
2026-05-20 18:35:12,526 [INFO] CrossReferenceDbSqlite:203 - Set database path to: C:\Users\Admin\.stmcufinder\plugins\mcufinder//mcu/cs/
2026-05-20 18:35:12,620 [INFO] RulesReader:64 - Compatibility file has been processed (293 Rules)
2026-05-20 18:35:12,699 [INFO] DbMcusXml:78 - Set database path to: C:\ST\STM32CubeIDE_1.13.1\STM32CubeIDE\plugins\com.st.stm32cube.common.mx_6.9.1.202307191849\\db\/mcu/
2026-05-20 18:35:12,699 [INFO] ApiDb:274 - Set plugin database path to: C:\ST\STM32CubeIDE_1.13.1\STM32CubeIDE\plugins\com.st.stm32cube.common.mx_6.9.1.202307191849\\db\/plugins/boardmanager/
2026-05-20 18:35:12,699 [INFO] ApiDb:261 - Set plugin images path to: C:\ST\STM32CubeIDE_1.13.1\STM32CubeIDE\plugins\com.st.stm32cube.common.mx_6.9.1.202307191849\\db\/plugins/mcufinder/images/
2026-05-20 18:35:12,699 [WARN] DbFile:41 - Overriding database path with different value: C:\Users\Admin\.stmcufinder\plugins\mcufinder/ => C:\Users\Admin\.stmcufinder\plugins\mcufinder
2026-05-20 18:35:12,699 [INFO] ApiDb:250 - Set database path to: C:\Users\Admin\.stmcufinder\plugins\mcufinder//mcu/
2026-05-20 18:35:12,699 [WARN] DbFile:41 - Overriding database path with different value: C:\Users\Admin\.stmcufinder\plugins\mcufinder/ => C:\Users\Admin\.stmcufinder\plugins\mcufinder
2026-05-20 18:35:12,700 [INFO] DbMcusAds:125 - Set database path to: C:\Users\Admin\.stmcufinder\plugins\mcufinder//mcu/
2026-05-20 18:35:12,700 [WARN] DbFile:41 - Overriding database path with different value: C:\Users\Admin\.stmcufinder\plugins\mcufinder/ => C:\Users\Admin\.stmcufinder\plugins\mcufinder
2026-05-20 18:35:12,700 [WARN] DbFile:41 - Overriding database path with different value: C:\Users\Admin\.stmcufinder\plugins\mcufinder/ => C:\Users\Admin\.stmcufinder\plugins\mcufinder
2026-05-20 18:35:12,700 [INFO] CrossReferenceDbSqlite:203 - Set database path to: C:\Users\Admin\.stmcufinder\plugins\mcufinder//mcu/cs/
2026-05-20 18:35:12,774 [INFO] MainPanel:262 - HeapMemory: 268435456
2026-05-20 18:35:12,864 [INFO] DbMcusXml:78 - Set database path to: C:\ST\STM32CubeIDE_1.13.1\STM32CubeIDE\plugins\com.st.stm32cube.common.mx_6.9.1.202307191849\\db\/mcu/
2026-05-20 18:35:12,864 [INFO] ApiDb:274 - Set plugin database path to: C:\ST\STM32CubeIDE_1.13.1\STM32CubeIDE\plugins\com.st.stm32cube.common.mx_6.9.1.202307191849\\db\/plugins/boardmanager/
2026-05-20 18:35:12,864 [INFO] ApiDb:261 - Set plugin images path to: C:\ST\STM32CubeIDE_1.13.1\STM32CubeIDE\plugins\com.st.stm32cube.common.mx_6.9.1.202307191849\\db\/plugins/mcufinder/images/
2026-05-20 18:35:12,864 [WARN] DbFile:41 - Overriding database path with different value: C:\Users\Admin\.stmcufinder\plugins\mcufinder/ => C:\Users\Admin\.stmcufinder\plugins\mcufinder
2026-05-20 18:35:12,864 [INFO] ApiDb:250 - Set database path to: C:\Users\Admin\.stmcufinder\plugins\mcufinder//mcu/
2026-05-20 18:35:12,864 [WARN] DbFile:41 - Overriding database path with different value: C:\Users\Admin\.stmcufinder\plugins\mcufinder/ => C:\Users\Admin\.stmcufinder\plugins\mcufinder
2026-05-20 18:35:12,865 [INFO] DbMcusAds:125 - Set database path to: C:\Users\Admin\.stmcufinder\plugins\mcufinder//mcu/
2026-05-20 18:35:12,865 [WARN] DbFile:41 - Overriding database path with different value: C:\Users\Admin\.stmcufinder\plugins\mcufinder/ => C:\Users\Admin\.stmcufinder\plugins\mcufinder
2026-05-20 18:35:12,865 [WARN] DbFile:41 - Overriding database path with different value: C:\Users\Admin\.stmcufinder\plugins\mcufinder/ => C:\Users\Admin\.stmcufinder\plugins\mcufinder
2026-05-20 18:35:12,865 [INFO] CrossReferenceDbSqlite:203 - Set database path to: C:\Users\Admin\.stmcufinder\plugins\mcufinder//mcu/cs/
2026-05-20 18:35:12,883 [INFO] ApplicationProperties:184 - Using Application install path: C:\ST\STM32CubeIDE_1.13.1\STM32CubeIDE\plugins\com.st.stm32cube.common.mx_6.9.1.202307191849
2026-05-20 18:35:12,884 [INFO] PluginManage:196 - Search for loadable plugins [exclusion list=, ]
2026-05-20 18:35:12,885 [INFO] PluginManage:310 - Check plugin analytics
2026-05-20 18:35:13,127 [INFO] AnalyticsPlugin:253 - Accepted Software Licenses: 
2026-05-20 18:35:13,127 [INFO] AnalyticsPlugin:255 - Accepted CMSIS Pack Licenses: 
2026-05-20 18:35:13,128 [INFO] AnalyticsPlugin:257 - Accepted Firmware Licenses: FW.F4.1.27.0
2026-05-20 18:35:13,132 [INFO] PluginManage:359 - Loaded plugin analytics (category:tool,tabindex:-1)
2026-05-20 18:35:13,133 [INFO] PluginManage:310 - Check plugin cadmodel
2026-05-20 18:35:13,183 [INFO] CADModel:105 - Init CAD model plugin
2026-05-20 18:35:13,183 [INFO] PluginManage:359 - Loaded plugin cadmodel (category:power,tabindex:5)
2026-05-20 18:35:13,184 [INFO] PluginManage:310 - Check plugin clock
2026-05-20 18:35:13,201 [INFO] PluginManage:359 - Loaded plugin clock (category:base,tabindex:2)
2026-05-20 18:35:13,201 [INFO] PluginManage:310 - Check plugin ddr
2026-05-20 18:35:13,206 [INFO] PluginManage:359 - Loaded plugin ddr (category:tool,tabindex:6)
2026-05-20 18:35:13,206 [INFO] PluginManage:310 - Check plugin filemanager
2026-05-20 18:35:13,408 [INFO] PluginManage:359 - Loaded plugin filemanager (category:base,tabindex:10)
2026-05-20 18:35:13,408 [INFO] PluginManage:310 - Check plugin ipmanager
2026-05-20 18:35:13,420 [INFO] PluginManage:359 - Loaded plugin ipmanager (category:base,tabindex:5)
2026-05-20 18:35:13,420 [INFO] PluginManage:310 - Check plugin lpbam
2026-05-20 18:35:13,430 [INFO] PluginManage:359 - Loaded plugin lpbam (category:base,tabindex:0)
2026-05-20 18:35:13,431 [INFO] PluginManage:310 - Check plugin memorymap
2026-05-20 18:35:13,450 [INFO] PluginManage:359 - Loaded plugin memorymap (category:base,tabindex:4)
2026-05-20 18:35:13,451 [INFO] PluginManage:310 - Check plugin pinoutandconfiguration
2026-05-20 18:35:13,466 [INFO] PluginManage:359 - Loaded plugin pinoutandconfiguration (category:base,tabindex:1)
2026-05-20 18:35:13,467 [INFO] PluginManage:310 - Check plugin pinoutconfig
2026-05-20 18:35:13,575 [WARN] SupportedApi:132 - Cannot load RTOS API schema: s4s-elt-must-match.1: The content of 'definitions' must match (annotation?, (simpleType | complexType)?, (unique | key | keyref)*)). A problem was found starting at: attribute.
2026-05-20 18:35:13,734 [INFO] PluginManage:359 - Loaded plugin pinoutconfig (category:base,tabindex:0)
2026-05-20 18:35:13,734 [INFO] PluginManage:310 - Check plugin power
2026-05-20 18:35:13,751 [INFO] PluginManage:359 - Loaded plugin power (category:power,tabindex:4)
2026-05-20 18:35:13,751 [INFO] PluginManage:310 - Check plugin projectmanager
2026-05-20 18:35:13,769 [INFO] PluginManage:359 - Loaded plugin projectmanager (category:projectmanager,tabindex:3)
2026-05-20 18:35:13,770 [INFO] PluginManage:310 - Check plugin thirdparty
2026-05-20 18:35:13,912 [INFO] PluginManage:359 - Loaded plugin thirdparty (category:base,tabindex:-1)
2026-05-20 18:35:13,912 [INFO] PluginManage:310 - Check plugin tools
2026-05-20 18:35:13,914 [WARN] IntegrityCheckThread:84 - waiting for thirdparty lock release [integrity check]
2026-05-20 18:35:13,915 [INFO] IntegrityCheckThread:86 - entering critical section [integrity check]
2026-05-20 18:35:13,916 [INFO] ThirdPartyUpdaterWithRetryManager:70 - Updater plugin not ready yet. [1/15]
2026-05-20 18:35:13,919 [INFO] PluginManage:359 - Loaded plugin tools (category:base,tabindex:7)
2026-05-20 18:35:13,919 [INFO] PluginManage:310 - Check plugin tutovideos
2026-05-20 18:35:14,098 [INFO] PluginManage:359 - Loaded plugin tutovideos (category:base,tabindex:-1)
2026-05-20 18:35:14,098 [INFO] PluginManage:310 - Check plugin updater
2026-05-20 18:35:14,109 [INFO] PluginManage:359 - Loaded plugin updater (category:base,tabindex:12)
2026-05-20 18:35:14,110 [INFO] PluginManage:310 - Check plugin userauth
2026-05-20 18:35:14,117 [INFO] UserAuth:113 - Init User Auth plugin
2026-05-20 18:35:14,118 [INFO] PluginManage:359 - Loaded plugin userauth (category:base,tabindex:14)
2026-05-20 18:35:14,118 [INFO] PluginManage:283 - PluginManage : Loaded plugins [17]
2026-05-20 18:35:14,350 [INFO] PinOutPanel:1499 - setPackage(No Configuration,No Configuration)
2026-05-20 18:35:14,486 [INFO] CADModel:165 - CPN selected for project level
2026-05-20 18:35:14,487 [INFO] CADModel:114 - Register for checkConnection events
2026-05-20 18:35:14,510 [INFO] IPUIPlugin:80 - create IPUIPlugin
2026-05-20 18:35:14,510 [INFO] PluginManager:220 - loadIPPluginJar : add adc
2026-05-20 18:35:14,515 [INFO] IPUIPlugin:80 - create IPUIPlugin
2026-05-20 18:35:14,515 [INFO] PluginManager:220 - loadIPPluginJar : add aes
2026-05-20 18:35:14,519 [INFO] IPUIPlugin:80 - create IPUIPlugin
2026-05-20 18:35:14,519 [INFO] PluginManager:220 - loadIPPluginJar : add can
2026-05-20 18:35:14,522 [INFO] IPUIPlugin:80 - create IPUIPlugin
2026-05-20 18:35:14,522 [INFO] PluginManager:220 - loadIPPluginJar : add comp
2026-05-20 18:35:14,525 [INFO] IPUIPlugin:80 - create IPUIPlugin
2026-05-20 18:35:14,526 [INFO] PluginManager:220 - loadIPPluginJar : add cryp
2026-05-20 18:35:14,529 [INFO] IPUIPlugin:80 - create IPUIPlugin
2026-05-20 18:35:14,529 [INFO] PluginManager:220 - loadIPPluginJar : add dfsdm
2026-05-20 18:35:14,536 [INFO] IPUIPlugin:80 - create IPUIPlugin
2026-05-20 18:35:14,537 [INFO] PluginManager:220 - loadIPPluginJar : add dma
2026-05-20 18:35:14,542 [INFO] IPUIPlugin:80 - create IPUIPlugin
2026-05-20 18:35:14,542 [INFO] PluginManager:220 - loadIPPluginJar : add dma3
2026-05-20 18:35:14,545 [INFO] IPUIPlugin:80 - create IPUIPlugin
2026-05-20 18:35:14,545 [INFO] PluginManager:220 - loadIPPluginJar : add fatfs
2026-05-20 18:35:14,552 [INFO] IPUIPlugin:80 - create IPUIPlugin
2026-05-20 18:35:14,552 [INFO] PluginManager:220 - loadIPPluginJar : add fmc
2026-05-20 18:35:14,559 [INFO] IPUIPlugin:80 - create IPUIPlugin
2026-05-20 18:35:14,560 [INFO] PluginManager:220 - loadIPPluginJar : add freertos
2026-05-20 18:35:14,562 [INFO] IPUIPlugin:80 - create IPUIPlugin
2026-05-20 18:35:14,562 [INFO] PluginManager:220 - loadIPPluginJar : add genericplugin
2026-05-20 18:35:14,565 [INFO] IPUIPlugin:80 - create IPUIPlugin
2026-05-20 18:35:14,565 [INFO] PluginManager:220 - loadIPPluginJar : add gfxmmu
2026-05-20 18:35:14,571 [INFO] IPUIPlugin:80 - create IPUIPlugin
2026-05-20 18:35:14,571 [INFO] PluginManager:220 - loadIPPluginJar : add gic
2026-05-20 18:35:14,579 [INFO] IPUIPlugin:80 - create IPUIPlugin
2026-05-20 18:35:14,579 [INFO] PluginManager:220 - loadIPPluginJar : add gpio
2026-05-20 18:35:14,584 [INFO] IPUIPlugin:80 - create IPUIPlugin
2026-05-20 18:35:14,584 [INFO] PluginManager:220 - loadIPPluginJar : add gtzc
2026-05-20 18:35:14,587 [INFO] IPUIPlugin:80 - create IPUIPlugin
2026-05-20 18:35:14,587 [INFO] PluginManager:220 - loadIPPluginJar : add hash
2026-05-20 18:35:14,590 [INFO] IPUIPlugin:80 - create IPUIPlugin
2026-05-20 18:35:14,590 [INFO] PluginManager:220 - loadIPPluginJar : add i2c
2026-05-20 18:35:14,593 [INFO] IPUIPlugin:80 - create IPUIPlugin
2026-05-20 18:35:14,594 [INFO] PluginManager:220 - loadIPPluginJar : add i2s
2026-05-20 18:35:14,600 [INFO] IPUIPlugin:80 - create IPUIPlugin
2026-05-20 18:35:14,600 [INFO] PluginManager:220 - loadIPPluginJar : add i3c
2026-05-20 18:35:14,603 [INFO] IPUIPlugin:80 - create IPUIPlugin
2026-05-20 18:35:14,604 [INFO] PluginManager:220 - loadIPPluginJar : add ipddr
2026-05-20 18:35:14,614 [INFO] IPUIPlugin:80 - create IPUIPlugin
2026-05-20 18:35:14,614 [INFO] PluginManager:220 - loadIPPluginJar : add linkedlist
2026-05-20 18:35:14,617 [INFO] IPUIPlugin:80 - create IPUIPlugin
2026-05-20 18:35:14,618 [INFO] PluginManager:220 - loadIPPluginJar : add lorawan
2026-05-20 18:35:14,619 [INFO] IPUIPlugin:80 - create IPUIPlugin
2026-05-20 18:35:14,620 [INFO] PluginManager:220 - loadIPPluginJar : add ltdc
2026-05-20 18:35:14,626 [INFO] IPUIPlugin:80 - create IPUIPlugin
2026-05-20 18:35:14,627 [INFO] PluginManager:220 - loadIPPluginJar : add mdma
2026-05-20 18:35:14,630 [INFO] IPUIPlugin:80 - create IPUIPlugin
2026-05-20 18:35:14,631 [INFO] PluginManager:220 - loadIPPluginJar : add nvic
2026-05-20 18:35:14,633 [INFO] IPUIPlugin:80 - create IPUIPlugin
2026-05-20 18:35:14,633 [INFO] PluginManager:220 - loadIPPluginJar : add opamp
2026-05-20 18:35:14,636 [INFO] IPUIPlugin:80 - create IPUIPlugin
2026-05-20 18:35:14,636 [INFO] PluginManager:220 - loadIPPluginJar : add openamp
2026-05-20 18:35:14,639 [INFO] IPUIPlugin:80 - create IPUIPlugin
2026-05-20 18:35:14,639 [INFO] PluginManager:220 - loadIPPluginJar : add pdm2pcm
2026-05-20 18:35:14,650 [INFO] IPUIPlugin:80 - create IPUIPlugin
2026-05-20 18:35:14,651 [INFO] PluginManager:220 - loadIPPluginJar : add plateformsettings
2026-05-20 18:35:14,653 [INFO] IPUIPlugin:80 - create IPUIPlugin
2026-05-20 18:35:14,653 [INFO] PluginManager:220 - loadIPPluginJar : add quadspi
2026-05-20 18:35:14,657 [INFO] IPUIPlugin:80 - create IPUIPlugin
2026-05-20 18:35:14,657 [INFO] PluginManager:220 - loadIPPluginJar : add resmgrutility
2026-05-20 18:35:14,659 [INFO] IPUIPlugin:80 - create IPUIPlugin
2026-05-20 18:35:14,659 [INFO] PluginManager:220 - loadIPPluginJar : add sai
2026-05-20 18:35:14,661 [INFO] IPUIPlugin:80 - create IPUIPlugin
2026-05-20 18:35:14,661 [INFO] PluginManager:220 - loadIPPluginJar : add spi
2026-05-20 18:35:14,665 [INFO] IPUIPlugin:80 - create IPUIPlugin
2026-05-20 18:35:14,665 [INFO] PluginManager:220 - loadIPPluginJar : add stm32_wpan
2026-05-20 18:35:14,666 [INFO] IPUIPlugin:80 - create IPUIPlugin
2026-05-20 18:35:14,667 [INFO] PluginManager:220 - loadIPPluginJar : add tim
2026-05-20 18:35:14,669 [INFO] IPUIPlugin:80 - create IPUIPlugin
2026-05-20 18:35:14,669 [INFO] PluginManager:220 - loadIPPluginJar : add touchsensing
2026-05-20 18:35:14,671 [INFO] IPUIPlugin:80 - create IPUIPlugin
2026-05-20 18:35:14,671 [INFO] PluginManager:220 - loadIPPluginJar : add tracer_emb
2026-05-20 18:35:14,672 [INFO] IPUIPlugin:80 - create IPUIPlugin
2026-05-20 18:35:14,672 [INFO] PluginManager:220 - loadIPPluginJar : add ts
2026-05-20 18:35:14,674 [INFO] IPUIPlugin:80 - create IPUIPlugin
2026-05-20 18:35:14,674 [INFO] PluginManager:220 - loadIPPluginJar : add tsc
2026-05-20 18:35:14,676 [INFO] IPUIPlugin:80 - create IPUIPlugin
2026-05-20 18:35:14,676 [INFO] PluginManager:220 - loadIPPluginJar : add ucpd
2026-05-20 18:35:14,679 [INFO] IPUIPlugin:80 - create IPUIPlugin
2026-05-20 18:35:14,679 [INFO] PluginManager:220 - loadIPPluginJar : add usart
2026-05-20 18:35:14,681 [INFO] IPUIPlugin:80 - create IPUIPlugin
2026-05-20 18:35:14,682 [INFO] PluginManager:220 - loadIPPluginJar : add usbx
2026-05-20 18:35:14,802 [INFO] CADModel:165 - CPN selected for project level
2026-05-20 18:35:14,802 [INFO] CADModel:114 - Register for checkConnection events
2026-05-20 18:35:14,802 [FATAL] Updater:308 - Updater called before beeing initialized
2026-05-20 18:35:14,802 [ERROR] CADModel:125 - Updater not yet initialized, retry later 
2026-05-20 18:35:14,937 [INFO] CADModel:165 - CPN selected for project level
2026-05-20 18:35:14,937 [INFO] CADModel:114 - Register for checkConnection events
2026-05-20 18:35:14,937 [FATAL] Updater:308 - Updater called before beeing initialized
2026-05-20 18:35:14,937 [ERROR] CADModel:125 - Updater not yet initialized, retry later 
2026-05-20 18:35:14,941 [FATAL] Updater:308 - Updater called before beeing initialized
2026-05-20 18:35:15,034 [FATAL] Updater:308 - Updater called before beeing initialized
2026-05-20 18:35:15,038 [INFO] DbMcusAds:53 - JSON generation date=Mon Apr 27 15:14:29 GMT+07:00 2026 (1777277669683)
2026-05-20 18:35:15,038 [FATAL] Updater:308 - Updater called before beeing initialized
2026-05-20 18:35:15,071 [WARN] DetailPanel:346 - Failed to get advertising image, set to default
2026-05-20 18:35:15,156 [FATAL] Updater:308 - Updater called before beeing initialized
2026-05-20 18:35:15,157 [FATAL] Updater:308 - Updater called before beeing initialized
2026-05-20 18:35:15,158 [FATAL] Updater:308 - Updater called before beeing initialized
2026-05-20 18:35:15,158 [WARN] DetailPanel:346 - Failed to get advertising image, set to default
2026-05-20 18:35:15,159 [FATAL] Updater:308 - Updater called before beeing initialized
2026-05-20 18:35:15,202 [ERROR] Updater:1120 - MainUpdater not yet initialized. External WinMGr cannot be set.
2026-05-20 18:35:15,204 [INFO] Updater:1056 - Updater Version found : 6.9.1
2026-05-20 18:35:15,224 [INFO] ApplicationProperties:184 - Using Application install path: C:\ST\STM32CubeIDE_1.13.1\STM32CubeIDE\plugins\com.st.stm32cube.common.mx_6.9.1.202307191849
2026-05-20 18:35:15,446 [INFO] MainUpdater:2868 - connection check result : 10
2026-05-20 18:35:15,446 [INFO] MainUpdater:3562 - Updater definition file requires update
2026-05-20 18:35:15,449 [INFO] MainUpdater:285 - Updater Check For Update Now.
2026-05-20 18:35:15,450 [INFO] MicroXplorer:498 - Change Database Version : DB.6.0.91
2026-05-20 18:35:15,476 [INFO] ServerAccessManage:473 - Download File updaters.zip
2026-05-20 18:35:15,533 [INFO] FileExtend:240 - Unzip File : updaters.zip
2026-05-20 18:35:15,533 [INFO] FileExtend:255 - Standard Zip Deflate
2026-05-20 18:35:15,753 [INFO] ServerAccessManage:473 - Download File PacksControlFlags.xml
2026-05-20 18:35:15,788 [INFO] ServerAccessManage:473 - Download File cubemx.pidx
2026-05-20 18:35:15,863 [INFO] LoadServerUpdatesThread:373 - End of LoadServerUpdate Thread
2026-05-20 18:35:16,021 [INFO] CheckServerUpdateThread:120 - End of CheckServer Thread
2026-05-20 18:35:16,083 [INFO] MainUpdater:2868 - connection check result : 10
2026-05-20 18:35:16,085 [INFO] MainUpdater:2868 - connection check result : 10
2026-05-20 18:35:16,137 [INFO] MicroXplorer:468 - Change Database Path : 
2026-05-20 18:35:16,138 [INFO] MicroXplorer:498 - Change Database Version : DB.6.0.91
2026-05-20 18:35:16,143 [WARN] ThirdParty:871 - waiting for thirdparty lock release [close project]
2026-05-20 18:35:17,068 [WARN] PackLoader:240 - Cannot read IP mode file for STMicroelectronics.X-CUBE-AZRTOS-F4.1.1.0
2026-05-20 18:35:17,090 [WARN] PackLoader:240 - Cannot read IP mode file for STMicroelectronics.X-CUBE-SMBUS.2.1.0
2026-05-20 18:35:17,120 [WARN] PackLoader:240 - Cannot read IP mode file for STMicroelectronics.X-CUBE-AZRTOS-F7.1.1.0
2026-05-20 18:35:17,139 [WARN] PackLoader:240 - Cannot read IP mode file for STMicroelectronics.X-CUBE-DISPLAY.3.0.0
2026-05-20 18:35:17,158 [INFO] LogOutputStream:77 - [STDOUT_REDIRECT] 1 : Invalid condition id : UX_CORESTACK_Condition cause : null
2026-05-20 18:35:17,159 [INFO] LogOutputStream:77 - [STDOUT_REDIRECT] 1 : Invalid condition id : UX_CORESTACK_Condition cause : null
2026-05-20 18:35:17,161 [INFO] LogOutputStream:77 - [STDOUT_REDIRECT] 1 : Invalid condition id : UX_CORESTACK_Condition cause : null
2026-05-20 18:35:17,162 [INFO] LogOutputStream:77 - [STDOUT_REDIRECT] 1 : Invalid condition id : UX_CORESTACK_Condition cause : null
2026-05-20 18:35:17,164 [INFO] LogOutputStream:77 - [STDOUT_REDIRECT] 1 : Invalid condition id : UX_CORESTACK_Condition cause : null
2026-05-20 18:35:17,172 [WARN] PackLoader:240 - Cannot read IP mode file for STMicroelectronics.X-CUBE-AZRTOS-WL.2.0.0
2026-05-20 18:35:17,217 [WARN] ConditionMgr:438 - getConditionDescription Invalid condition id : LAN8742 Phy interface Condition cause : null
2026-05-20 18:35:17,219 [WARN] PackLoader:240 - Cannot read IP mode file for STMicroelectronics.X-CUBE-AZRTOS-L4.2.0.0
2026-05-20 18:35:17,224 [WARN] ConditionMgr:1039 - genDependencies : Invalid condition id : LAN8742 Phy interface Condition cause : null
2026-05-20 18:35:17,225 [WARN] ConditionMgr:1039 - genDependencies : Invalid condition id : LAN8742 Phy interface Condition cause : null
2026-05-20 18:35:17,226 [WARN] ConditionMgr:1039 - genDependencies : Invalid condition id : LAN8742 Phy interface Condition cause : null
2026-05-20 18:35:17,249 [WARN] PackLoader:240 - Cannot read IP mode file for STMicroelectronics.X-CUBE-SFXS2LP1.4.0.0
2026-05-20 18:35:17,261 [WARN] PackLoader:240 - Cannot read IP mode file for STMicroelectronics.X-CUBE-BLE2.3.3.0
2026-05-20 18:35:17,283 [WARN] PackLoader:240 - Cannot read IP mode file for STMicroelectronics.X-CUBE-AZRTOS-G0.1.1.0
2026-05-20 18:35:17,298 [WARN] PackLoader:240 - Cannot read IP mode file for STMicroelectronics.X-CUBE-SUBG2.5.0.0
2026-05-20 18:35:17,324 [WARN] PackLoader:240 - Cannot read IP mode file for STMicroelectronics.X-CUBE-NFC4.3.0.0
2026-05-20 18:35:17,341 [WARN] PackLoader:240 - Cannot read IP mode file for STMicroelectronics.X-CUBE-AZRTOS-G4.2.0.0
2026-05-20 18:35:17,350 [WARN] PackLoader:240 - Cannot read IP mode file for STMicroelectronics.FP-ATR-SIGFOX1.3.2.0
2026-05-20 18:35:17,351 [INFO] ThirdParty:978 - Integrity check success = true
2026-05-20 18:35:17,352 [INFO] IntegrityCheckThread:100 - exiting critical section [integrity check]
2026-05-20 18:35:17,352 [INFO] IntegrityCheckThread:103 - End integrity checks thread
2026-05-20 18:35:17,352 [INFO] ThirdParty:873 - entering critical section [close project]
2026-05-20 18:35:17,353 [INFO] ThirdParty:883 - exiting critical section [close project]
2026-05-20 18:35:17,357 [INFO] PinOutPanel:1499 - setPackage(No Configuration,No Configuration)
2026-05-20 18:35:17,364 [INFO] UtilMem:75 - Begin LoadConfig() Used Memory: 205790328 Bytes (391118848)
2026-05-20 18:35:17,366 [INFO] MicroXplorer:468 - Change Database Path : 
2026-05-20 18:35:17,366 [INFO] MicroXplorer:498 - Change Database Version : DB.6.0.91
2026-05-20 18:35:17,366 [INFO] OpenFileManager:308 - Change cursor
2026-05-20 18:35:17,395 [INFO] Mcu:1946 - Initializing MCU STM32F103C(8-B)Tx STM32F103C8Tx STM32F103C8T6
2026-05-20 18:35:18,087 [INFO] Context:659 - Trying to add GPIOservice into a context  which must be forbidden
2026-05-20 18:35:18,347 [WARN] ModelIntegratedComponent:63 - No mode defined for component null
2026-05-20 18:35:18,347 [WARN] ModelIntegratedComponent:63 - No mode defined for component null
2026-05-20 18:35:18,347 [WARN] ModelIntegratedComponent:63 - No mode defined for component null
2026-05-20 18:35:18,347 [WARN] ModelIntegratedComponent:63 - No mode defined for component null
2026-05-20 18:35:18,347 [WARN] ModelIntegratedComponent:63 - No mode defined for component null
2026-05-20 18:35:18,347 [WARN] ModelIntegratedComponent:63 - No mode defined for component null
2026-05-20 18:35:18,347 [WARN] ModelIntegratedComponent:63 - No mode defined for component null
2026-05-20 18:35:18,347 [WARN] ModelIntegratedComponent:63 - No mode defined for component null
2026-05-20 18:35:18,347 [WARN] ModelIntegratedComponent:63 - No mode defined for component null
2026-05-20 18:35:18,348 [WARN] ModelIntegratedComponent:63 - No mode defined for component null
2026-05-20 18:35:18,348 [WARN] ModelIntegratedComponent:63 - No mode defined for component null
2026-05-20 18:35:18,348 [WARN] ModelIntegratedComponent:63 - No mode defined for component null
2026-05-20 18:35:18,348 [WARN] ModelIntegratedComponent:63 - No mode defined for component null
2026-05-20 18:35:18,348 [WARN] ModelIntegratedComponent:63 - No mode defined for component null
2026-05-20 18:35:18,348 [WARN] ModelIntegratedComponent:63 - No mode defined for component null
2026-05-20 18:35:18,348 [WARN] ModelIntegratedComponent:63 - No mode defined for component null
2026-05-20 18:35:18,348 [WARN] ModelIntegratedComponent:63 - No mode defined for component null
2026-05-20 18:35:18,348 [WARN] ModelIntegratedComponent:63 - No mode defined for component null
2026-05-20 18:35:18,348 [WARN] ModelIntegratedComponent:63 - No mode defined for component null
2026-05-20 18:35:18,348 [WARN] ModelIntegratedComponent:63 - No mode defined for component null
2026-05-20 18:35:18,349 [WARN] ModelIntegratedComponent:63 - No mode defined for component null
2026-05-20 18:35:18,349 [WARN] ModelIntegratedComponent:63 - No mode defined for component null
2026-05-20 18:35:18,349 [WARN] ModelIntegratedComponent:63 - No mode defined for component null
2026-05-20 18:35:18,349 [WARN] ModelIntegratedComponent:63 - No mode defined for component null
2026-05-20 18:35:18,349 [WARN] ModelIntegratedComponent:63 - No mode defined for component null
2026-05-20 18:35:18,349 [WARN] ModelIntegratedComponent:63 - No mode defined for component null
2026-05-20 18:35:18,349 [WARN] ModelIntegratedComponent:63 - No mode defined for component null
2026-05-20 18:35:18,349 [WARN] ModelIntegratedComponent:63 - No mode defined for component null
2026-05-20 18:35:18,349 [WARN] ModelIntegratedComponent:63 - No mode defined for component null
2026-05-20 18:35:18,349 [WARN] ModelIntegratedComponent:63 - No mode defined for component null
2026-05-20 18:35:18,349 [WARN] ModelIntegratedComponent:63 - No mode defined for component null
2026-05-20 18:35:18,350 [WARN] ModelIntegratedComponent:63 - No mode defined for component null
2026-05-20 18:35:18,350 [WARN] ModelIntegratedComponent:63 - No mode defined for component null
2026-05-20 18:35:18,359 [INFO] RtosManager:555 - Registered RTOS mode: class=CMSIS, group=RTOS, mode=CMSIS_V1, owner=FREERTOS
2026-05-20 18:35:18,359 [INFO] RtosManager:555 - Registered RTOS mode: class=CMSIS, group=RTOS2, mode=CMSIS_V2, owner=FREERTOS
2026-05-20 18:35:18,359 [INFO] RtosManager:555 - Registered RTOS mode: class=RTOS, group=Core, mode=CMSIS_V1, owner=FREERTOS
2026-05-20 18:35:18,359 [INFO] RtosManager:555 - Registered RTOS mode: class=RTOS, group=Core, mode=CMSIS_V2, owner=FREERTOS
2026-05-20 18:35:18,359 [WARN] ModelIntegratedComponent:184 - Missing modes for component STMicroelectronics:FreeRTOS:0.0.1:STMicroelectronics:RTOS:FreeRTOS:Core:::10.2.0:
2026-05-20 18:35:18,379 [INFO] ThirdPartyModel:298 - Start build external matchings
2026-05-20 18:35:18,401 [INFO] ThirdPartyModel:316 - End build external matchings
2026-05-20 18:35:18,408 [WARN] IP:2114 - I2C_Coeff_DF not found: check if there is a RefParameter without a condition.
2026-05-20 18:35:18,409 [WARN] IP:2114 - Analog_Filter not found: check if there is a RefParameter without a condition.
2026-05-20 18:35:18,605 [INFO] UtilMem:75 - End LoadConfig() Used Memory: 129217560 Bytes (391118848)
2026-05-20 18:35:18,673 [INFO] ApiDb:581 - Connected to CubeFinder SQLite database (C:\Users\Admin\.stmcufinder\plugins\mcufinder\mcu\cube-finder-db.db)
2026-05-20 18:35:18,768 [INFO] ApiDb:668 - CubeFinder database Data Model version=2.1
2026-05-20 18:35:18,768 [INFO] ApiDb:669 - CubeFinder database Configuration version=3.0.42
2026-05-20 18:35:18,768 [INFO] ApiDb:670 - CubeFinder database generation date=2026-05-06 (1778060171)
2026-05-20 18:35:18,768 [INFO] ApiDb:671 - CubeFinder database FW Pack versions=[FP-ATR-ASTRA1_V2.0.0, FP-SNS-FLIGHT1_V5.1.0, FP-SNS-MOTENV1_V5.1.0, FP-SNS-MOTENVWB1_V1.5.0, FP-SNS-SMARTAG2_V1.2.0, FP-SNS-STBOX1_V2.1.0, STM32Cube_FW_C0_V1.4.0, STM32Cube_FW_F4_V1.28.3, STM32Cube_FW_F7_V1.17.4, STM32Cube_FW_G0_V1.6.3, STM32Cube_FW_G4_V1.6.2, STM32Cube_FW_H5_V1.6.0, STM32Cube_FW_H7RS_V1.3.0, STM32Cube_FW_H7_V1.13.0, STM32Cube_FW_L0_V1.12.2, STM32Cube_FW_L4_V1.18.2, STM32Cube_FW_L5_V1.6.0, STM32Cube_FW_N6_V1.3.0, STM32Cube_FW_U0_V1.3.0, STM32Cube_FW_U3_V1.3.0, STM32Cube_FW_U5_V1.8.0, STM32Cube_FW_WB0_V1.4.0, STM32Cube_FW_WBA_V1.9.0, STM32Cube_FW_WB_V1.24.0, STM32Cube_FW_WL3_V1.4.0, STM32Cube_FW_WL_V1.5.0, X-CUBE-ALGOBUILD_V1.4.0, X-CUBE-ALS_V1.0.2, X-CUBE-AZRTOS-F4_V1.1.0, X-CUBE-AZRTOS-F7_V1.1.0, X-CUBE-AZRTOS-G0_V1.1.0, X-CUBE-AZRTOS-G4_V2.0.0, X-CUBE-AZRTOS-H7RS_V1.1.0, X-CUBE-AZRTOS-H7_V3.5.0, X-CUBE-AZRTOS-L4_V2.0.0, X-CUBE-AZRTOS-L5_V2.0.0, X-CUBE-AZRTOS-WB_V2.0.0, X-CUBE-AZRTOS-WL_V2.0.0, X-CUBE-BLE1_V7.1.0, X-CUBE-BLE2_V3.3.0, X-CUBE-BLEMGR_V4.1.0, X-CUBE-EEPRMA1_V5.2.0, X-CUBE-FREERTOS_V1.5.0, X-CUBE-GNSS1_V6.0.0, X-CUBE-MEMS1_V12.0.0, X-CUBE-NFC4_V3.0.0, X-CUBE-NFC7_V2.0.0, X-CUBE-SFXS2LP1_V4.0.0, X-CUBE-ST67W61_V1.2.0, X-CUBE-SUBG2_V5.0.0, X-CUBE-TOF1_V3.4.3]
2026-05-20 18:35:21,621 [INFO] ApiDb:240 - Found 323 in-development CPN: [B-G473E-ZEST1S, B-WB1M-WPAN1, B-WL5M-SUBG1, NUCLEO-C031C6, NUCLEO-H503RB, NUCLEO-H563ZI, NUCLEO-U545RE-Q, NUCLEO-U5A5ZJ-Q, NUCLEO-WBA52CG, STEVAL-PROTEUS1, STEVAL-SMARTAG2, STEVAL-STWINBX1, STM320518-EVAL, STM32C0116-DK, STM32C011D6Y3TR, STM32C011D6Y6TR, STM32C011F4P3, STM32C011F4P6, STM32C011F4U3, STM32C011F4U6TR, STM32C011F6P3, STM32C011F6P6, STM32C011F6U3, STM32C011F6U6TR, STM32C011J4M3, STM32C011J4M6, STM32C011J6M3, STM32C011J6M6, STM32C0316-DK, STM32C031C4T3, STM32C031C4T6, STM32C031C4U3, STM32C031C4U6, STM32C031C6T3, STM32C031C6T6, STM32C031C6U3, STM32C031C6U6, STM32C031F4P3, STM32C031F4P6, STM32C031F6P3, STM32C031F6P6, STM32C031G4U3, STM32C031G4U6, STM32C031G6U3, STM32C031G6U6, STM32C031K4T3, STM32C031K4T6, STM32C031K4U3, STM32C031K4U6, STM32C031K6T3, STM32C031K6T6, STM32C031K6U3, STM32C031K6U6, STM32G071K8TXN, STM32G071K8UXN, STM32G081GBU6N, STM32G081KBT6N, STM32G081KBUXN, STM32G0B1CCT6N, STM32G0B1KCT6, STM32G0B1NEY6TR, STM32G0B1RCT6N, STM32G0C1CCT6, STM32G0C1CCT6N, STM32G0C1CCU6N, STM32G0C1CET6N, STM32G0C1CEU6N, STM32G0C1KCT6, STM32G0C1NEY6TR, STM32G0C1RCI6N, STM32G0C1RCT6N, STM32G0C1REI6N, STM32G0C1RET6N, STM32G0C1VCI6, STM32G0C1VEI6, STM32G471CCT6, STM32G471CCU6, STM32G471CET3, STM32G471CET6, STM32G471CEU3, STM32G471CEU6, STM32G471MCT6, STM32G471MET3, STM32G471MET6, STM32G471MEY6TR, STM32G471QCT6, STM32G471QET3, STM32G471RCT6, STM32G471RET3, STM32G471RET6, STM32G471VCH6, STM32G471VCI6, STM32G471VCT6, STM32G471VEH3, STM32G471VEH6, STM32G471VEI3, STM32G471VEI6, STM32G471VET3, STM32G471VET6, STM32G474CCT6, STM32H503CBT6, STM32H503CBU6, STM32H503EBY6TR, STM32H503KBU6, STM32H503RBT6, STM32H562AGI6, STM32H562AII6, STM32H562IGK6, STM32H562IGT6, STM32H562IIK6, STM32H562IIT6, STM32H562RGT6, STM32H562RGV6, STM32H562RIT6, STM32H562RIV6, STM32H562VGT6, STM32H562VIT6, STM32H562ZGT6, STM32H562ZIT6, STM32H563AGI6, STM32H563AII3Q, STM32H563AII6, STM32H563IGK6, STM32H563IGT6, STM32H563IIK3Q, STM32H563IIK6, STM32H563IIT3Q, STM32H563IIT6, STM32H563MIY3QTR, STM32H563RGT6, STM32H563RGV6, STM32H563RIT6, STM32H563RIV6, STM32H563VGT6, STM32H563VIT3Q, STM32H563VIT6, STM32H563ZGT6, STM32H563ZIT3Q, STM32H563ZIT6, STM32H573AII3Q, STM32H573AII6, STM32H573I-DK, STM32H573IIK3Q, STM32H573IIK6, STM32H573IIT3Q, STM32H573IIT6, STM32H573MIY3QTR, STM32H573RIT6, STM32H573RIV6, STM32H573VIT3Q, STM32H573VIT6, STM32H573ZIT3Q, STM32H573ZIT6, STM32L4R5QGI6STR, STM32MP131AAE3, STM32MP131AAF3, STM32MP131AAG3, STM32MP131CAE3, STM32MP131CAF3, STM32MP131CAG3, STM32MP131DAE7, STM32MP131DAF7, STM32MP131DAG7, STM32MP131FAE7, STM32MP131FAF7, STM32MP131FAG7, STM32MP133AAE3, STM32MP133AAF3, STM32MP133AAG3, STM32MP133CAE3, STM32MP133CAF3, STM32MP133CAG3, STM32MP133DAE7, STM32MP133DAF7, STM32MP133DAG7, STM32MP133FAE7, STM32MP133FAF7, STM32MP133FAG7, STM32MP135AAE3, STM32MP135AAF3, STM32MP135AAG3, STM32MP135CAE3, STM32MP135CAF3, STM32MP135CAG3, STM32MP135DAE7, STM32MP135DAF7, STM32MP135DAG7, STM32MP135F-DK, STM32MP135FAE7, STM32MP135FAF7, STM32MP135FAF7T, STM32MP135FAF7U, STM32MP135FAG7, STM32U535CBT6, STM32U535CBT6Q, STM32U535CBU6, STM32U535CBU6Q, STM32U535CCT6, STM32U535CCT6Q, STM32U535CCU6, STM32U535CCU6Q, STM32U535CET6, STM32U535CET6Q, STM32U535CEU6, STM32U535CEU6Q, STM32U535JEY6QTR, STM32U535NCY6QTR, STM32U535NEY6QTR, STM32U535RBI6, STM32U535RBI6Q, STM32U535RBT6, STM32U535RBT6Q, STM32U535RCI6, STM32U535RCI6Q, STM32U535RCT6, STM32U535RCT6Q, STM32U535REI6, STM32U535REI6Q, STM32U535RET6, STM32U535RET6Q, STM32U535VCI6, STM32U535VCI6Q, STM32U535VCT6, STM32U535VCT6Q, STM32U535VEI6, STM32U535VEI6Q, STM32U535VET6, STM32U535VET6Q, STM32U545CET6, STM32U545CET6Q, STM32U545CEU6, STM32U545CEU6Q, STM32U545JEY6QTR, STM32U545NEY6QTR, STM32U545REI6, STM32U545REI6Q, STM32U545RET6, STM32U545RET6Q, STM32U545VEI6, STM32U545VEI6Q, STM32U545VET6, STM32U545VET6Q, STM32U595AIH6, STM32U595AIH6Q, STM32U595AJH6, STM32U595AJH6Q, STM32U595QII6, STM32U595QII6Q, STM32U595QJI6, STM32U595QJI6Q, STM32U595RIT6, STM32U595RIT6Q, STM32U595RJT6, STM32U595RJT6Q, STM32U595VIT6, STM32U595VIT6Q, STM32U595VJT6, STM32U595VJT6Q, STM32U595ZIT6, STM32U595ZIT6Q, STM32U595ZIY6QTR, STM32U595ZJT6, STM32U595ZJT6Q, STM32U595ZJY6QTR, STM32U599BJY6QTR, STM32U599NIH6Q, STM32U599NJH6Q, STM32U599VIT6Q, STM32U599VJT6, STM32U599VJT6Q, STM32U599ZIT6Q, STM32U599ZIY6QTR, STM32U599ZJT6Q, STM32U599ZJY6QTR, STM32U5A5AJH6, STM32U5A5AJH6Q, STM32U5A5QJI6, STM32U5A5QJI6Q, STM32U5A5RJT6, STM32U5A5RJT6Q, STM32U5A5VJT6, STM32U5A5VJT6Q, STM32U5A5ZJT6, STM32U5A5ZJT6Q, STM32U5A5ZJY6QTR, STM32U5A9BJY6QTR, STM32U5A9J-DK, STM32U5A9NJH6Q, STM32U5A9VJT6Q, STM32U5A9ZJT6Q, STM32U5A9ZJY6QTR, STM32U5F7VIT6, STM32U5F7VIT6Q, STM32U5F7VJT6, STM32U5F7VJT6Q, STM32U5F9BJY6QTR, STM32U5F9NJH6Q, STM32U5F9VIT6Q, STM32U5F9VJT6Q, STM32U5F9ZIJ6QTR, STM32U5F9ZIT6Q, STM32U5F9ZJJ6QTR, STM32U5F9ZJT6Q, STM32U5G7VJT6, STM32U5G7VJT6Q, STM32U5G9BJY6QTR, STM32U5G9J-DK1, STM32U5G9J-DK2, STM32U5G9NJH6Q, STM32U5G9VJT6Q, STM32U5G9ZJJ6QTR, STM32U5G9ZJT6Q, STM32WB1MMCH6, STM32WBA52CEU6, STM32WBA52CEU6T, STM32WBA52CGU6, STM32WBA52CGU6T, STM32WBA52KEU6, STM32WBA52KEU6T, STM32WBA52KGU6, STM32WBA52KGU6T, STM32WL5MOCH6, STM32WL5MOCH6TR]
2026-05-20 18:35:21,626 [INFO] DbMcus:217 - Found 5061 MCUs, 4943 are supported
2026-05-20 18:35:21,627 [INFO] ApiDb:423 - Load user favorites file C:\Users\Admin/.stm32cubeide/favorites.mcus.txt: 2 item(s)
2026-05-20 18:35:21,627 [INFO] ApiDb:427 - User favorites MCUs=[STM32F103C8T6, STM32F405RGT6]
2026-05-20 18:35:21,628 [INFO] DbMcus:223 - Set 2 / 2 favorites MCUs
2026-05-20 18:35:22,103 [WARN] ThirdParty:833 - waiting for thirdparty lock release [change project]
2026-05-20 18:35:22,103 [INFO] ThirdParty:835 - entering critical section [change project]
2026-05-20 18:35:22,103 [INFO] ThirdParty:1030 - CMSIS Pack Vendor :STMicroelectronics USBPD 4.1
2026-05-20 18:35:22,103 [INFO] ThirdParty:1030 - CMSIS Pack Vendor :STMicroelectronics X-CUBE-DISPLAY 3.0.0
2026-05-20 18:35:22,103 [INFO] ThirdParty:1030 - CMSIS Pack Vendor :STMicroelectronics USB_HOST 2.0.0
2026-05-20 18:35:22,103 [INFO] ThirdParty:1030 - CMSIS Pack Vendor :STMicroelectronics X-CUBE-AZRTOS-F4 1.1.0
2026-05-20 18:35:22,103 [INFO] ThirdParty:1030 - CMSIS Pack Vendor :STMicroelectronics LIBJPEG 8.0.0
2026-05-20 18:35:22,103 [INFO] ThirdParty:1030 - CMSIS Pack Vendor :STMicroelectronics FP-ATR-SIGFOX1 3.2.0
2026-05-20 18:35:22,103 [INFO] ThirdParty:1030 - CMSIS Pack Vendor :STMicroelectronics X-CUBE-SMBUS 2.1.0
2026-05-20 18:35:22,103 [INFO] ThirdParty:1030 - CMSIS Pack Vendor :STMicroelectronics USB_DEVICE 3.0.0
2026-05-20 18:35:22,104 [INFO] ThirdParty:1030 - CMSIS Pack Vendor :STMicroelectronics HAL Drivers 0.0.0
2026-05-20 18:35:22,104 [INFO] ThirdParty:1030 - CMSIS Pack Vendor :STMicroelectronics MBEDTLS 2.16.2
2026-05-20 18:35:22,104 [INFO] ThirdParty:1030 - CMSIS Pack Vendor :STMicroelectronics MBEDTLS 2.14.1
2026-05-20 18:35:22,104 [INFO] ThirdParty:1030 - CMSIS Pack Vendor :STMicroelectronics X-CUBE-AZRTOS-F7 1.1.0
2026-05-20 18:35:22,104 [INFO] ThirdParty:1030 - CMSIS Pack Vendor :STMicroelectronics USB_DEVICE 2.0.0
2026-05-20 18:35:22,104 [INFO] ThirdParty:1030 - CMSIS Pack Vendor :STMicroelectronics ThreadX 1.0.0
2026-05-20 18:35:22,104 [INFO] ThirdParty:1030 - CMSIS Pack Vendor :STMicroelectronics X-CUBE-AZRTOS-WL 2.0.0
2026-05-20 18:35:22,104 [INFO] ThirdParty:1030 - CMSIS Pack Vendor :STMicroelectronics FreeRTOS 0.0.1
2026-05-20 18:35:22,104 [INFO] ThirdParty:1030 - CMSIS Pack Vendor :STMicroelectronics X-CUBE-AZRTOS-G0 1.1.0
2026-05-20 18:35:22,104 [INFO] ThirdParty:1030 - CMSIS Pack Vendor :STMicroelectronics USB_DEVICE 1.0.0
2026-05-20 18:35:22,104 [INFO] ThirdParty:1030 - CMSIS Pack Vendor :STMicroelectronics X-CUBE-SUBG2 5.0.0
2026-05-20 18:35:22,104 [INFO] ThirdParty:1030 - CMSIS Pack Vendor :STMicroelectronics X-CUBE-NFC4 3.0.0
2026-05-20 18:35:22,104 [INFO] ThirdParty:1030 - CMSIS Pack Vendor :STMicroelectronics STM32_WPAN 1.0.0
2026-05-20 18:35:22,104 [INFO] ThirdParty:1030 - CMSIS Pack Vendor :STMicroelectronics X-CUBE-AZRTOS-L4 2.0.0
2026-05-20 18:35:22,104 [INFO] ThirdParty:1030 - CMSIS Pack Vendor :STMicroelectronics ThreadX 0.0.2
2026-05-20 18:35:22,104 [INFO] ThirdParty:1030 - CMSIS Pack Vendor :STMicroelectronics lwIP 2.0.3
2026-05-20 18:35:22,104 [INFO] ThirdParty:1030 - CMSIS Pack Vendor :STMicroelectronics lwIP 2.1.2
2026-05-20 18:35:22,104 [INFO] ThirdParty:1030 - CMSIS Pack Vendor :STMicroelectronics X-CUBE-SFXS2LP1 4.0.0
2026-05-20 18:35:22,104 [INFO] ThirdParty:1030 - CMSIS Pack Vendor :STMicroelectronics X-CUBE-BLE2 3.3.0
2026-05-20 18:35:22,104 [INFO] ThirdParty:1030 - CMSIS Pack Vendor :STMicroelectronics USB_HOST 1.0.0
2026-05-20 18:35:22,104 [INFO] ThirdParty:1030 - CMSIS Pack Vendor :STMicroelectronics X-CUBE-AZRTOS-G4 2.0.0
2026-05-20 18:35:22,104 [INFO] ThirdParty:1030 - CMSIS Pack Vendor :STMicroelectronics PDM2PCM 3.1.0
2026-05-20 18:35:22,104 [INFO] ThirdParty:1030 - CMSIS Pack Vendor :STMicroelectronics PDM2PCM 3.2.0
2026-05-20 18:35:22,104 [INFO] ThirdParty:1030 - CMSIS Pack Vendor :STMicroelectronics PDM2PCM 3.3.0
2026-05-20 18:35:22,104 [INFO] ThirdParty:841 - exiting critical section [change project]
2026-05-20 18:35:22,425 [INFO] PinOutPanel:1499 - setPackage(No Configuration,No Configuration)
2026-05-20 18:35:22,427 [INFO] PinOutPanel:1499 - setPackage(STM32F103C8Tx,LQFP48)
2026-05-20 18:35:22,803 [INFO] UtilMem:75 - Before build in PCC Used Memory: 176451072 Bytes (391118848)
2026-05-20 18:35:23,702 [INFO] UtilMem:75 - After build in PCC Used Memory: 248856760 Bytes (391118848)
2026-05-20 18:35:23,747 [INFO] IPUIPlugin:80 - create IPUIPlugin
2026-05-20 18:35:23,748 [INFO] IPUIPlugin:80 - create IPUIPlugin
2026-05-20 18:35:23,748 [INFO] IPUIPlugin:80 - create IPUIPlugin
2026-05-20 18:35:23,748 [INFO] IPUIPlugin:80 - create IPUIPlugin
2026-05-20 18:35:23,748 [INFO] IPUIPlugin:80 - create IPUIPlugin
2026-05-20 18:35:23,748 [INFO] IPUIPlugin:80 - create IPUIPlugin
2026-05-20 18:35:23,749 [INFO] IPUIPlugin:80 - create IPUIPlugin
2026-05-20 18:35:23,749 [INFO] IPUIPlugin:80 - create IPUIPlugin
2026-05-20 18:35:23,749 [INFO] IPUIPlugin:80 - create IPUIPlugin
2026-05-20 18:35:23,749 [INFO] IPUIPlugin:80 - create IPUIPlugin
2026-05-20 18:35:23,749 [INFO] IPUIPlugin:80 - create IPUIPlugin
2026-05-20 18:35:23,749 [INFO] IPUIPlugin:80 - create IPUIPlugin
2026-05-20 18:35:23,749 [INFO] IPUIPlugin:80 - create IPUIPlugin
2026-05-20 18:35:23,750 [INFO] IPUIPlugin:80 - create IPUIPlugin
2026-05-20 18:35:23,750 [INFO] IPUIPlugin:80 - create IPUIPlugin
2026-05-20 18:35:23,750 [INFO] IPUIPlugin:80 - create IPUIPlugin
2026-05-20 18:35:23,750 [INFO] IPUIPlugin:80 - create IPUIPlugin
2026-05-20 18:35:23,751 [INFO] IPUIPlugin:80 - create IPUIPlugin
2026-05-20 18:35:23,751 [INFO] IPUIPlugin:80 - create IPUIPlugin
2026-05-20 18:35:23,751 [INFO] IPUIPlugin:80 - create IPUIPlugin
2026-05-20 18:35:23,751 [INFO] IPUIPlugin:80 - create IPUIPlugin
2026-05-20 18:35:23,752 [INFO] IPUIPlugin:80 - create IPUIPlugin
2026-05-20 18:35:23,752 [INFO] IPUIPlugin:80 - create IPUIPlugin
2026-05-20 18:35:23,752 [INFO] IPUIPlugin:80 - create IPUIPlugin
2026-05-20 18:35:23,752 [INFO] IPUIPlugin:80 - create IPUIPlugin
2026-05-20 18:35:23,753 [INFO] IPUIPlugin:80 - create IPUIPlugin
2026-05-20 18:35:23,753 [INFO] IPUIPlugin:80 - create IPUIPlugin
2026-05-20 18:35:23,762 [WARN] IP:2114 - I2C_Coeff_DF not found: check if there is a RefParameter without a condition.
2026-05-20 18:35:23,762 [WARN] IP:2114 - Analog_Filter not found: check if there is a RefParameter without a condition.
2026-05-20 18:35:24,012 [INFO] CADModel:165 - CPN selected for project levelSTM32F103C8T6
2026-05-20 18:35:24,012 [INFO] CADModel:114 - Register for checkConnection events
2026-05-20 18:35:24,067 [INFO] OpenFileManager:328 - Restore cursor
2026-05-20 18:35:24,202 [WARN] IP:2114 - I2C_Coeff_DF not found: check if there is a RefParameter without a condition.
2026-05-20 18:35:24,203 [WARN] IP:2114 - Analog_Filter not found: check if there is a RefParameter without a condition.
2026-05-20 18:35:24,203 [WARN] IP:2114 - I2C_Coeff_DF not found: check if there is a RefParameter without a condition.
2026-05-20 18:35:24,203 [WARN] IP:2114 - Analog_Filter not found: check if there is a RefParameter without a condition.
2026-05-20 18:35:25,608 [INFO] LogOutputStream:77 - [STDOUT_REDIRECT] 
2026-05-20 18:35:26,951 [INFO] McuFinderGlobals:63 - Set McuFinder mode to 2 (CubeIDE integrated)
2026-05-20 18:35:26,951 [INFO] UserAuth:179 - activating auth plugin
2026-05-20 18:35:26,954 [INFO] UserAuth:393 - Internet connection configuration mode: 1
2026-05-20 18:35:26,971 [INFO] JxBrowserEngine:151 - Initiate JxBrowser Engine with user profile folder
2026-05-20 18:35:27,594 [INFO] WebApp:157 - Instantiating new browser for Auth
2026-05-20 18:35:28,040 [INFO] WebApp:753 - Register for checkConnection events
2026-05-20 18:35:28,041 [INFO] WebApp:390 - Apply proxy settings
2026-05-20 18:35:28,041 [INFO] WebApp:475 - Chromium requires no authentication
2026-05-20 18:35:28,047 [INFO] WebApp:418 - Direct internet connection detected
2026-05-20 18:35:28,186 [INFO] WebApp:188 - Starting web application
2026-05-20 18:35:28,186 [INFO] WebApp:520 - Web application path used C:\ST\STM32CubeIDE_1.13.1\STM32CubeIDE\plugins\com.st.stm32cube.common.mx_6.9.1.202307191849\db\plugins\mcufinder\reactClient1\index.html
2026-05-20 18:35:48,828 [ERROR] LogOutputStream:75 - [STDERR_REDIRECT] SLF4J: Failed to load class "org.slf4j.impl.StaticLoggerBinder".
2026-05-20 18:35:48,829 [ERROR] LogOutputStream:75 - [STDERR_REDIRECT] SLF4J: Defaulting to no-operation (NOP) logger implementation
2026-05-20 18:35:48,830 [ERROR] LogOutputStream:75 - [STDERR_REDIRECT] SLF4J: See http://www.slf4j.org/codes.html#StaticLoggerBinder for further details.
