2026-05-12 04:55:46,881 [ERROR] LogOutputStream:75 - [STDERR_REDIRECT] 
2026-05-12 21:34:20,156 [INFO] Activator:176 - 


2026-05-12 21:34:20,156 [INFO] Activator:177 - !SESSION log4j initialized
2026-05-12 21:34:24,244 [INFO] LogOutputStream:77 - [STDOUT_REDIRECT] 
2026-05-12 21:34:25,042 [INFO] ApplicationProperties:184 - Using Application install path: C:\ST\STM32CubeIDE_1.13.1\STM32CubeIDE\plugins\com.st.stm32cube.common.mx_6.9.1.202307191849
2026-05-12 21:34:25,057 [INFO] DbMcusXml:78 - Set database path to: C:\ST\STM32CubeIDE_1.13.1\STM32CubeIDE\plugins\com.st.stm32cube.common.mx_6.9.1.202307191849\\db\/mcu/
2026-05-12 21:34:25,058 [INFO] ApiDb:274 - Set plugin database path to: C:\ST\STM32CubeIDE_1.13.1\STM32CubeIDE\plugins\com.st.stm32cube.common.mx_6.9.1.202307191849\\db\/plugins/boardmanager/
2026-05-12 21:34:25,058 [WARN] ApiDb:259 - Overriding images path with different value:  => C:\ST\STM32CubeIDE_1.13.1\STM32CubeIDE\plugins\com.st.stm32cube.common.mx_6.9.1.202307191849\\db\/plugins/mcufinder/images/
2026-05-12 21:34:25,066 [INFO] ApiDb:250 - Set database path to: C:\Users\Admin\.stmcufinder\plugins\mcufinder//mcu/
2026-05-12 21:34:25,067 [INFO] DbMcusAds:125 - Set database path to: C:\Users\Admin\.stmcufinder\plugins\mcufinder//mcu/
2026-05-12 21:34:25,069 [INFO] CrossReferenceDbSqlite:203 - Set database path to: C:\Users\Admin\.stmcufinder\plugins\mcufinder//mcu/cs/
2026-05-12 21:34:25,146 [INFO] RulesReader:64 - Compatibility file has been processed (293 Rules)
2026-05-12 21:34:25,210 [INFO] DbMcusXml:78 - Set database path to: C:\ST\STM32CubeIDE_1.13.1\STM32CubeIDE\plugins\com.st.stm32cube.common.mx_6.9.1.202307191849\\db\/mcu/
2026-05-12 21:34:25,210 [INFO] ApiDb:274 - Set plugin database path to: C:\ST\STM32CubeIDE_1.13.1\STM32CubeIDE\plugins\com.st.stm32cube.common.mx_6.9.1.202307191849\\db\/plugins/boardmanager/
2026-05-12 21:34:25,210 [INFO] ApiDb:261 - Set plugin images path to: C:\ST\STM32CubeIDE_1.13.1\STM32CubeIDE\plugins\com.st.stm32cube.common.mx_6.9.1.202307191849\\db\/plugins/mcufinder/images/
2026-05-12 21:34:25,211 [WARN] DbFile:41 - Overriding database path with different value: C:\Users\Admin\.stmcufinder\plugins\mcufinder/ => C:\Users\Admin\.stmcufinder\plugins\mcufinder
2026-05-12 21:34:25,211 [INFO] ApiDb:250 - Set database path to: C:\Users\Admin\.stmcufinder\plugins\mcufinder//mcu/
2026-05-12 21:34:25,211 [WARN] DbFile:41 - Overriding database path with different value: C:\Users\Admin\.stmcufinder\plugins\mcufinder/ => C:\Users\Admin\.stmcufinder\plugins\mcufinder
2026-05-12 21:34:25,211 [INFO] DbMcusAds:125 - Set database path to: C:\Users\Admin\.stmcufinder\plugins\mcufinder//mcu/
2026-05-12 21:34:25,211 [WARN] DbFile:41 - Overriding database path with different value: C:\Users\Admin\.stmcufinder\plugins\mcufinder/ => C:\Users\Admin\.stmcufinder\plugins\mcufinder
2026-05-12 21:34:25,211 [WARN] DbFile:41 - Overriding database path with different value: C:\Users\Admin\.stmcufinder\plugins\mcufinder/ => C:\Users\Admin\.stmcufinder\plugins\mcufinder
2026-05-12 21:34:25,211 [INFO] CrossReferenceDbSqlite:203 - Set database path to: C:\Users\Admin\.stmcufinder\plugins\mcufinder//mcu/cs/
2026-05-12 21:34:25,273 [INFO] MainPanel:262 - HeapMemory: 268435456
2026-05-12 21:34:25,346 [INFO] DbMcusXml:78 - Set database path to: C:\ST\STM32CubeIDE_1.13.1\STM32CubeIDE\plugins\com.st.stm32cube.common.mx_6.9.1.202307191849\\db\/mcu/
2026-05-12 21:34:25,346 [INFO] ApiDb:274 - Set plugin database path to: C:\ST\STM32CubeIDE_1.13.1\STM32CubeIDE\plugins\com.st.stm32cube.common.mx_6.9.1.202307191849\\db\/plugins/boardmanager/
2026-05-12 21:34:25,346 [INFO] ApiDb:261 - Set plugin images path to: C:\ST\STM32CubeIDE_1.13.1\STM32CubeIDE\plugins\com.st.stm32cube.common.mx_6.9.1.202307191849\\db\/plugins/mcufinder/images/
2026-05-12 21:34:25,346 [WARN] DbFile:41 - Overriding database path with different value: C:\Users\Admin\.stmcufinder\plugins\mcufinder/ => C:\Users\Admin\.stmcufinder\plugins\mcufinder
2026-05-12 21:34:25,346 [INFO] ApiDb:250 - Set database path to: C:\Users\Admin\.stmcufinder\plugins\mcufinder//mcu/
2026-05-12 21:34:25,346 [WARN] DbFile:41 - Overriding database path with different value: C:\Users\Admin\.stmcufinder\plugins\mcufinder/ => C:\Users\Admin\.stmcufinder\plugins\mcufinder
2026-05-12 21:34:25,346 [INFO] DbMcusAds:125 - Set database path to: C:\Users\Admin\.stmcufinder\plugins\mcufinder//mcu/
2026-05-12 21:34:25,346 [WARN] DbFile:41 - Overriding database path with different value: C:\Users\Admin\.stmcufinder\plugins\mcufinder/ => C:\Users\Admin\.stmcufinder\plugins\mcufinder
2026-05-12 21:34:25,346 [WARN] DbFile:41 - Overriding database path with different value: C:\Users\Admin\.stmcufinder\plugins\mcufinder/ => C:\Users\Admin\.stmcufinder\plugins\mcufinder
2026-05-12 21:34:25,347 [INFO] CrossReferenceDbSqlite:203 - Set database path to: C:\Users\Admin\.stmcufinder\plugins\mcufinder//mcu/cs/
2026-05-12 21:34:25,363 [INFO] ApplicationProperties:184 - Using Application install path: C:\ST\STM32CubeIDE_1.13.1\STM32CubeIDE\plugins\com.st.stm32cube.common.mx_6.9.1.202307191849
2026-05-12 21:34:25,364 [INFO] PluginManage:196 - Search for loadable plugins [exclusion list=, ]
2026-05-12 21:34:25,365 [INFO] PluginManage:310 - Check plugin analytics
2026-05-12 21:34:25,481 [INFO] AnalyticsPlugin:253 - Accepted Software Licenses: 
2026-05-12 21:34:25,481 [INFO] AnalyticsPlugin:255 - Accepted CMSIS Pack Licenses: 
2026-05-12 21:34:25,481 [INFO] AnalyticsPlugin:257 - Accepted Firmware Licenses: FW.F4.1.27.0
2026-05-12 21:34:25,483 [INFO] PluginManage:359 - Loaded plugin analytics (category:tool,tabindex:-1)
2026-05-12 21:34:25,483 [INFO] PluginManage:310 - Check plugin cadmodel
2026-05-12 21:34:25,488 [INFO] CADModel:105 - Init CAD model plugin
2026-05-12 21:34:25,489 [INFO] PluginManage:359 - Loaded plugin cadmodel (category:power,tabindex:5)
2026-05-12 21:34:25,489 [INFO] PluginManage:310 - Check plugin clock
2026-05-12 21:34:25,497 [INFO] PluginManage:359 - Loaded plugin clock (category:base,tabindex:2)
2026-05-12 21:34:25,498 [INFO] PluginManage:310 - Check plugin ddr
2026-05-12 21:34:25,499 [INFO] PluginManage:359 - Loaded plugin ddr (category:tool,tabindex:6)
2026-05-12 21:34:25,500 [INFO] PluginManage:310 - Check plugin filemanager
2026-05-12 21:34:25,603 [INFO] PluginManage:359 - Loaded plugin filemanager (category:base,tabindex:10)
2026-05-12 21:34:25,603 [INFO] PluginManage:310 - Check plugin ipmanager
2026-05-12 21:34:25,608 [INFO] PluginManage:359 - Loaded plugin ipmanager (category:base,tabindex:5)
2026-05-12 21:34:25,609 [INFO] PluginManage:310 - Check plugin lpbam
2026-05-12 21:34:25,616 [INFO] PluginManage:359 - Loaded plugin lpbam (category:base,tabindex:0)
2026-05-12 21:34:25,616 [INFO] PluginManage:310 - Check plugin memorymap
2026-05-12 21:34:25,626 [INFO] PluginManage:359 - Loaded plugin memorymap (category:base,tabindex:4)
2026-05-12 21:34:25,626 [INFO] PluginManage:310 - Check plugin pinoutandconfiguration
2026-05-12 21:34:25,633 [INFO] PluginManage:359 - Loaded plugin pinoutandconfiguration (category:base,tabindex:1)
2026-05-12 21:34:25,633 [INFO] PluginManage:310 - Check plugin pinoutconfig
2026-05-12 21:34:25,701 [WARN] SupportedApi:132 - Cannot load RTOS API schema: s4s-elt-must-match.1: The content of 'definitions' must match (annotation?, (simpleType | complexType)?, (unique | key | keyref)*)). A problem was found starting at: attribute.
2026-05-12 21:34:25,799 [INFO] PluginManage:359 - Loaded plugin pinoutconfig (category:base,tabindex:0)
2026-05-12 21:34:25,800 [INFO] PluginManage:310 - Check plugin power
2026-05-12 21:34:25,809 [INFO] PluginManage:359 - Loaded plugin power (category:power,tabindex:4)
2026-05-12 21:34:25,809 [INFO] PluginManage:310 - Check plugin projectmanager
2026-05-12 21:34:25,820 [INFO] PluginManage:359 - Loaded plugin projectmanager (category:projectmanager,tabindex:3)
2026-05-12 21:34:25,820 [INFO] PluginManage:310 - Check plugin thirdparty
2026-05-12 21:34:25,917 [INFO] PluginManage:359 - Loaded plugin thirdparty (category:base,tabindex:-1)
2026-05-12 21:34:25,917 [WARN] IntegrityCheckThread:84 - waiting for thirdparty lock release [integrity check]
2026-05-12 21:34:25,918 [INFO] PluginManage:310 - Check plugin tools
2026-05-12 21:34:25,918 [INFO] IntegrityCheckThread:86 - entering critical section [integrity check]
2026-05-12 21:34:25,918 [INFO] ThirdPartyUpdaterWithRetryManager:70 - Updater plugin not ready yet. [1/15]
2026-05-12 21:34:25,920 [INFO] PluginManage:359 - Loaded plugin tools (category:base,tabindex:7)
2026-05-12 21:34:25,920 [INFO] PluginManage:310 - Check plugin tutovideos
2026-05-12 21:34:26,053 [INFO] PluginManage:359 - Loaded plugin tutovideos (category:base,tabindex:-1)
2026-05-12 21:34:26,053 [INFO] PluginManage:310 - Check plugin updater
2026-05-12 21:34:26,062 [INFO] PluginManage:359 - Loaded plugin updater (category:base,tabindex:12)
2026-05-12 21:34:26,062 [INFO] PluginManage:310 - Check plugin userauth
2026-05-12 21:34:26,067 [INFO] UserAuth:113 - Init User Auth plugin
2026-05-12 21:34:26,067 [INFO] PluginManage:359 - Loaded plugin userauth (category:base,tabindex:14)
2026-05-12 21:34:26,067 [INFO] PluginManage:283 - PluginManage : Loaded plugins [17]
2026-05-12 21:34:26,224 [INFO] PinOutPanel:1499 - setPackage(No Configuration,No Configuration)
2026-05-12 21:34:26,297 [INFO] CADModel:165 - CPN selected for project level
2026-05-12 21:34:26,297 [INFO] CADModel:114 - Register for checkConnection events
2026-05-12 21:34:26,311 [INFO] IPUIPlugin:80 - create IPUIPlugin
2026-05-12 21:34:26,311 [INFO] PluginManager:220 - loadIPPluginJar : add adc
2026-05-12 21:34:26,313 [INFO] IPUIPlugin:80 - create IPUIPlugin
2026-05-12 21:34:26,313 [INFO] PluginManager:220 - loadIPPluginJar : add aes
2026-05-12 21:34:26,315 [INFO] IPUIPlugin:80 - create IPUIPlugin
2026-05-12 21:34:26,315 [INFO] PluginManager:220 - loadIPPluginJar : add can
2026-05-12 21:34:26,316 [INFO] IPUIPlugin:80 - create IPUIPlugin
2026-05-12 21:34:26,316 [INFO] PluginManager:220 - loadIPPluginJar : add comp
2026-05-12 21:34:26,318 [INFO] IPUIPlugin:80 - create IPUIPlugin
2026-05-12 21:34:26,318 [INFO] PluginManager:220 - loadIPPluginJar : add cryp
2026-05-12 21:34:26,320 [INFO] IPUIPlugin:80 - create IPUIPlugin
2026-05-12 21:34:26,320 [INFO] PluginManager:220 - loadIPPluginJar : add dfsdm
2026-05-12 21:34:26,324 [INFO] IPUIPlugin:80 - create IPUIPlugin
2026-05-12 21:34:26,324 [INFO] PluginManager:220 - loadIPPluginJar : add dma
2026-05-12 21:34:26,326 [INFO] IPUIPlugin:80 - create IPUIPlugin
2026-05-12 21:34:26,326 [INFO] PluginManager:220 - loadIPPluginJar : add dma3
2026-05-12 21:34:26,327 [INFO] IPUIPlugin:80 - create IPUIPlugin
2026-05-12 21:34:26,327 [INFO] PluginManager:220 - loadIPPluginJar : add fatfs
2026-05-12 21:34:26,330 [INFO] IPUIPlugin:80 - create IPUIPlugin
2026-05-12 21:34:26,330 [INFO] PluginManager:220 - loadIPPluginJar : add fmc
2026-05-12 21:34:26,334 [INFO] IPUIPlugin:80 - create IPUIPlugin
2026-05-12 21:34:26,335 [INFO] PluginManager:220 - loadIPPluginJar : add freertos
2026-05-12 21:34:26,335 [INFO] IPUIPlugin:80 - create IPUIPlugin
2026-05-12 21:34:26,336 [INFO] PluginManager:220 - loadIPPluginJar : add genericplugin
2026-05-12 21:34:26,337 [INFO] IPUIPlugin:80 - create IPUIPlugin
2026-05-12 21:34:26,337 [INFO] PluginManager:220 - loadIPPluginJar : add gfxmmu
2026-05-12 21:34:26,341 [INFO] IPUIPlugin:80 - create IPUIPlugin
2026-05-12 21:34:26,341 [INFO] PluginManager:220 - loadIPPluginJar : add gic
2026-05-12 21:34:26,344 [INFO] IPUIPlugin:80 - create IPUIPlugin
2026-05-12 21:34:26,344 [INFO] PluginManager:220 - loadIPPluginJar : add gpio
2026-05-12 21:34:26,346 [INFO] IPUIPlugin:80 - create IPUIPlugin
2026-05-12 21:34:26,346 [INFO] PluginManager:220 - loadIPPluginJar : add gtzc
2026-05-12 21:34:26,348 [INFO] IPUIPlugin:80 - create IPUIPlugin
2026-05-12 21:34:26,348 [INFO] PluginManager:220 - loadIPPluginJar : add hash
2026-05-12 21:34:26,350 [INFO] IPUIPlugin:80 - create IPUIPlugin
2026-05-12 21:34:26,350 [INFO] PluginManager:220 - loadIPPluginJar : add i2c
2026-05-12 21:34:26,351 [INFO] IPUIPlugin:80 - create IPUIPlugin
2026-05-12 21:34:26,351 [INFO] PluginManager:220 - loadIPPluginJar : add i2s
2026-05-12 21:34:26,353 [INFO] IPUIPlugin:80 - create IPUIPlugin
2026-05-12 21:34:26,353 [INFO] PluginManager:220 - loadIPPluginJar : add i3c
2026-05-12 21:34:26,355 [INFO] IPUIPlugin:80 - create IPUIPlugin
2026-05-12 21:34:26,355 [INFO] PluginManager:220 - loadIPPluginJar : add ipddr
2026-05-12 21:34:26,361 [INFO] IPUIPlugin:80 - create IPUIPlugin
2026-05-12 21:34:26,362 [INFO] PluginManager:220 - loadIPPluginJar : add linkedlist
2026-05-12 21:34:26,363 [INFO] IPUIPlugin:80 - create IPUIPlugin
2026-05-12 21:34:26,363 [INFO] PluginManager:220 - loadIPPluginJar : add lorawan
2026-05-12 21:34:26,364 [INFO] IPUIPlugin:80 - create IPUIPlugin
2026-05-12 21:34:26,364 [INFO] PluginManager:220 - loadIPPluginJar : add ltdc
2026-05-12 21:34:26,369 [INFO] IPUIPlugin:80 - create IPUIPlugin
2026-05-12 21:34:26,369 [INFO] PluginManager:220 - loadIPPluginJar : add mdma
2026-05-12 21:34:26,372 [INFO] IPUIPlugin:80 - create IPUIPlugin
2026-05-12 21:34:26,372 [INFO] PluginManager:220 - loadIPPluginJar : add nvic
2026-05-12 21:34:26,374 [INFO] IPUIPlugin:80 - create IPUIPlugin
2026-05-12 21:34:26,374 [INFO] PluginManager:220 - loadIPPluginJar : add opamp
2026-05-12 21:34:26,376 [INFO] IPUIPlugin:80 - create IPUIPlugin
2026-05-12 21:34:26,376 [INFO] PluginManager:220 - loadIPPluginJar : add openamp
2026-05-12 21:34:26,378 [INFO] IPUIPlugin:80 - create IPUIPlugin
2026-05-12 21:34:26,378 [INFO] PluginManager:220 - loadIPPluginJar : add pdm2pcm
2026-05-12 21:34:26,383 [INFO] IPUIPlugin:80 - create IPUIPlugin
2026-05-12 21:34:26,384 [INFO] PluginManager:220 - loadIPPluginJar : add plateformsettings
2026-05-12 21:34:26,385 [INFO] IPUIPlugin:80 - create IPUIPlugin
2026-05-12 21:34:26,385 [INFO] PluginManager:220 - loadIPPluginJar : add quadspi
2026-05-12 21:34:26,388 [INFO] IPUIPlugin:80 - create IPUIPlugin
2026-05-12 21:34:26,388 [INFO] PluginManager:220 - loadIPPluginJar : add resmgrutility
2026-05-12 21:34:26,390 [INFO] IPUIPlugin:80 - create IPUIPlugin
2026-05-12 21:34:26,390 [INFO] PluginManager:220 - loadIPPluginJar : add sai
2026-05-12 21:34:26,393 [INFO] IPUIPlugin:80 - create IPUIPlugin
2026-05-12 21:34:26,393 [INFO] PluginManager:220 - loadIPPluginJar : add spi
2026-05-12 21:34:26,396 [INFO] IPUIPlugin:80 - create IPUIPlugin
2026-05-12 21:34:26,396 [INFO] PluginManager:220 - loadIPPluginJar : add stm32_wpan
2026-05-12 21:34:26,397 [INFO] IPUIPlugin:80 - create IPUIPlugin
2026-05-12 21:34:26,397 [INFO] PluginManager:220 - loadIPPluginJar : add tim
2026-05-12 21:34:26,399 [INFO] IPUIPlugin:80 - create IPUIPlugin
2026-05-12 21:34:26,399 [INFO] PluginManager:220 - loadIPPluginJar : add touchsensing
2026-05-12 21:34:26,400 [INFO] IPUIPlugin:80 - create IPUIPlugin
2026-05-12 21:34:26,400 [INFO] PluginManager:220 - loadIPPluginJar : add tracer_emb
2026-05-12 21:34:26,401 [INFO] IPUIPlugin:80 - create IPUIPlugin
2026-05-12 21:34:26,401 [INFO] PluginManager:220 - loadIPPluginJar : add ts
2026-05-12 21:34:26,402 [INFO] IPUIPlugin:80 - create IPUIPlugin
2026-05-12 21:34:26,402 [INFO] PluginManager:220 - loadIPPluginJar : add tsc
2026-05-12 21:34:26,403 [INFO] IPUIPlugin:80 - create IPUIPlugin
2026-05-12 21:34:26,403 [INFO] PluginManager:220 - loadIPPluginJar : add ucpd
2026-05-12 21:34:26,406 [INFO] IPUIPlugin:80 - create IPUIPlugin
2026-05-12 21:34:26,406 [INFO] PluginManager:220 - loadIPPluginJar : add usart
2026-05-12 21:34:26,408 [INFO] IPUIPlugin:80 - create IPUIPlugin
2026-05-12 21:34:26,408 [INFO] PluginManager:220 - loadIPPluginJar : add usbx
2026-05-12 21:34:26,517 [INFO] CADModel:165 - CPN selected for project level
2026-05-12 21:34:26,518 [INFO] CADModel:114 - Register for checkConnection events
2026-05-12 21:34:26,518 [FATAL] Updater:308 - Updater called before beeing initialized
2026-05-12 21:34:26,518 [ERROR] CADModel:125 - Updater not yet initialized, retry later 
2026-05-12 21:34:26,640 [INFO] CADModel:165 - CPN selected for project level
2026-05-12 21:34:26,640 [INFO] CADModel:114 - Register for checkConnection events
2026-05-12 21:34:26,640 [FATAL] Updater:308 - Updater called before beeing initialized
2026-05-12 21:34:26,641 [ERROR] CADModel:125 - Updater not yet initialized, retry later 
2026-05-12 21:34:26,643 [FATAL] Updater:308 - Updater called before beeing initialized
2026-05-12 21:34:26,722 [FATAL] Updater:308 - Updater called before beeing initialized
2026-05-12 21:34:26,726 [INFO] DbMcusAds:53 - JSON generation date=Mon Apr 27 15:14:29 GMT+07:00 2026 (1777277669577)
2026-05-12 21:34:26,726 [FATAL] Updater:308 - Updater called before beeing initialized
2026-05-12 21:34:26,757 [WARN] DetailPanel:346 - Failed to get advertising image, set to default
2026-05-12 21:34:26,848 [FATAL] Updater:308 - Updater called before beeing initialized
2026-05-12 21:34:26,850 [FATAL] Updater:308 - Updater called before beeing initialized
2026-05-12 21:34:26,850 [FATAL] Updater:308 - Updater called before beeing initialized
2026-05-12 21:34:26,850 [WARN] DetailPanel:346 - Failed to get advertising image, set to default
2026-05-12 21:34:26,851 [FATAL] Updater:308 - Updater called before beeing initialized
2026-05-12 21:34:26,885 [ERROR] Updater:1120 - MainUpdater not yet initialized. External WinMGr cannot be set.
2026-05-12 21:34:26,887 [INFO] Updater:1056 - Updater Version found : 6.9.1
2026-05-12 21:34:26,903 [INFO] ApplicationProperties:184 - Using Application install path: C:\ST\STM32CubeIDE_1.13.1\STM32CubeIDE\plugins\com.st.stm32cube.common.mx_6.9.1.202307191849
2026-05-12 21:34:27,088 [INFO] MainUpdater:2868 - connection check result : 10
2026-05-12 21:34:27,089 [INFO] MainUpdater:285 - Updater Check For Update Now.
2026-05-12 21:34:27,089 [INFO] MicroXplorer:498 - Change Database Version : DB.6.0.91
2026-05-12 21:34:27,096 [INFO] McuFinderGlobals:63 - Set McuFinder mode to 2 (CubeIDE integrated)
2026-05-12 21:34:27,096 [INFO] UserAuth:179 - activating auth plugin
2026-05-12 21:34:27,099 [INFO] UserAuth:393 - Internet connection configuration mode: 1
2026-05-12 21:34:27,118 [INFO] JxBrowserEngine:151 - Initiate JxBrowser Engine with user profile folder
2026-05-12 21:34:27,250 [INFO] CheckServerUpdateThread:120 - End of CheckServer Thread
2026-05-12 21:34:27,702 [INFO] WebApp:157 - Instantiating new browser for Auth
2026-05-12 21:34:28,106 [INFO] WebApp:753 - Register for checkConnection events
2026-05-12 21:34:28,106 [INFO] WebApp:390 - Apply proxy settings
2026-05-12 21:34:28,107 [INFO] WebApp:475 - Chromium requires no authentication
2026-05-12 21:34:28,114 [INFO] WebApp:418 - Direct internet connection detected
2026-05-12 21:34:28,246 [INFO] WebApp:188 - Starting web application
2026-05-12 21:34:28,246 [INFO] WebApp:520 - Web application path used C:\ST\STM32CubeIDE_1.13.1\STM32CubeIDE\plugins\com.st.stm32cube.common.mx_6.9.1.202307191849\db\plugins\mcufinder\reactClient1\index.html
2026-05-12 21:34:29,062 [WARN] PackLoader:240 - Cannot read IP mode file for STMicroelectronics.X-CUBE-AZRTOS-F4.1.1.0
2026-05-12 21:34:29,079 [WARN] PackLoader:240 - Cannot read IP mode file for STMicroelectronics.X-CUBE-SMBUS.2.1.0
2026-05-12 21:34:29,117 [WARN] PackLoader:240 - Cannot read IP mode file for STMicroelectronics.X-CUBE-AZRTOS-F7.1.1.0
2026-05-12 21:34:29,145 [WARN] PackLoader:240 - Cannot read IP mode file for STMicroelectronics.X-CUBE-DISPLAY.3.0.0
2026-05-12 21:34:29,157 [INFO] LogOutputStream:77 - [STDOUT_REDIRECT] 1 : Invalid condition id : UX_CORESTACK_Condition cause : null
2026-05-12 21:34:29,158 [INFO] LogOutputStream:77 - [STDOUT_REDIRECT] 1 : Invalid condition id : UX_CORESTACK_Condition cause : null
2026-05-12 21:34:29,159 [INFO] LogOutputStream:77 - [STDOUT_REDIRECT] 1 : Invalid condition id : UX_CORESTACK_Condition cause : null
2026-05-12 21:34:29,160 [INFO] LogOutputStream:77 - [STDOUT_REDIRECT] 1 : Invalid condition id : UX_CORESTACK_Condition cause : null
2026-05-12 21:34:29,161 [INFO] LogOutputStream:77 - [STDOUT_REDIRECT] 1 : Invalid condition id : UX_CORESTACK_Condition cause : null
2026-05-12 21:34:29,164 [WARN] PackLoader:240 - Cannot read IP mode file for STMicroelectronics.X-CUBE-AZRTOS-WL.2.0.0
2026-05-12 21:34:29,179 [WARN] ConditionMgr:438 - getConditionDescription Invalid condition id : LAN8742 Phy interface Condition cause : null
2026-05-12 21:34:29,180 [WARN] PackLoader:240 - Cannot read IP mode file for STMicroelectronics.X-CUBE-AZRTOS-L4.2.0.0
2026-05-12 21:34:29,181 [WARN] ConditionMgr:1039 - genDependencies : Invalid condition id : LAN8742 Phy interface Condition cause : null
2026-05-12 21:34:29,182 [WARN] ConditionMgr:1039 - genDependencies : Invalid condition id : LAN8742 Phy interface Condition cause : null
2026-05-12 21:34:29,182 [WARN] ConditionMgr:1039 - genDependencies : Invalid condition id : LAN8742 Phy interface Condition cause : null
2026-05-12 21:34:29,193 [WARN] PackLoader:240 - Cannot read IP mode file for STMicroelectronics.X-CUBE-SFXS2LP1.4.0.0
2026-05-12 21:34:29,200 [WARN] PackLoader:240 - Cannot read IP mode file for STMicroelectronics.X-CUBE-BLE2.3.3.0
2026-05-12 21:34:29,212 [WARN] PackLoader:240 - Cannot read IP mode file for STMicroelectronics.X-CUBE-AZRTOS-G0.1.1.0
2026-05-12 21:34:29,221 [WARN] PackLoader:240 - Cannot read IP mode file for STMicroelectronics.X-CUBE-SUBG2.5.0.0
2026-05-12 21:34:29,230 [WARN] PackLoader:240 - Cannot read IP mode file for STMicroelectronics.X-CUBE-NFC4.3.0.0
2026-05-12 21:34:29,241 [WARN] PackLoader:240 - Cannot read IP mode file for STMicroelectronics.X-CUBE-AZRTOS-G4.2.0.0
2026-05-12 21:34:29,246 [WARN] PackLoader:240 - Cannot read IP mode file for STMicroelectronics.FP-ATR-SIGFOX1.3.2.0
2026-05-12 21:34:29,248 [INFO] ThirdParty:978 - Integrity check success = true
2026-05-12 21:34:29,249 [INFO] IntegrityCheckThread:100 - exiting critical section [integrity check]
2026-05-12 21:34:29,249 [INFO] IntegrityCheckThread:103 - End integrity checks thread
2026-05-12 21:34:36,239 [INFO] McuFinderGlobals:63 - Set McuFinder mode to 2 (CubeIDE integrated)
2026-05-12 21:34:36,239 [INFO] UserAuth:179 - activating auth plugin
2026-05-12 21:34:36,241 [INFO] UserAuth:393 - Internet connection configuration mode: 1
2026-05-12 21:34:48,778 [ERROR] LogOutputStream:75 - [STDERR_REDIRECT] SLF4J: Failed to load class "org.slf4j.impl.StaticLoggerBinder".
2026-05-12 21:34:48,779 [ERROR] LogOutputStream:75 - [STDERR_REDIRECT] SLF4J: Defaulting to no-operation (NOP) logger implementation
2026-05-12 21:34:48,780 [ERROR] LogOutputStream:75 - [STDERR_REDIRECT] SLF4J: See http://www.slf4j.org/codes.html#StaticLoggerBinder for further details.
2026-05-12 21:35:20,592 [INFO] WebApp:588 - userauth.ini deleted or not created
