Archive member included to satisfy reference by file (symbol)

C:/ST/STM32CubeIDE_1.13.1/STM32CubeIDE/plugins/com.st.stm32cube.ide.mcu.externaltools.gnu-tools-for-stm32.11.3.rel1.win32_1.1.0.202305231506/tools/bin/../lib/gcc/arm-none-eabi/11.3.1/../../../../arm-none-eabi/lib/thumb/v7-m/nofp\libc_nano.a(libc_a-exit.o)
                              C:/ST/STM32CubeIDE_1.13.1/STM32CubeIDE/plugins/com.st.stm32cube.ide.mcu.externaltools.gnu-tools-for-stm32.11.3.rel1.win32_1.1.0.202305231506/tools/bin/../lib/gcc/arm-none-eabi/11.3.1/../../../../arm-none-eabi/lib/thumb/v7-m/nofp/crt0.o (exit)
C:/ST/STM32CubeIDE_1.13.1/STM32CubeIDE/plugins/com.st.stm32cube.ide.mcu.externaltools.gnu-tools-for-stm32.11.3.rel1.win32_1.1.0.202305231506/tools/bin/../lib/gcc/arm-none-eabi/11.3.1/../../../../arm-none-eabi/lib/thumb/v7-m/nofp\libc_nano.a(libc_a-findfp.o)
                              C:/ST/STM32CubeIDE_1.13.1/STM32CubeIDE/plugins/com.st.stm32cube.ide.mcu.externaltools.gnu-tools-for-stm32.11.3.rel1.win32_1.1.0.202305231506/tools/bin/../lib/gcc/arm-none-eabi/11.3.1/../../../../arm-none-eabi/lib/thumb/v7-m/nofp\libc_nano.a(libc_a-exit.o) (__stdio_exit_handler)
C:/ST/STM32CubeIDE_1.13.1/STM32CubeIDE/plugins/com.st.stm32cube.ide.mcu.externaltools.gnu-tools-for-stm32.11.3.rel1.win32_1.1.0.202305231506/tools/bin/../lib/gcc/arm-none-eabi/11.3.1/../../../../arm-none-eabi/lib/thumb/v7-m/nofp\libc_nano.a(libc_a-fwalk.o)
                              C:/ST/STM32CubeIDE_1.13.1/STM32CubeIDE/plugins/com.st.stm32cube.ide.mcu.externaltools.gnu-tools-for-stm32.11.3.rel1.win32_1.1.0.202305231506/tools/bin/../lib/gcc/arm-none-eabi/11.3.1/../../../../arm-none-eabi/lib/thumb/v7-m/nofp\libc_nano.a(libc_a-findfp.o) (_fwalk_sglue)
C:/ST/STM32CubeIDE_1.13.1/STM32CubeIDE/plugins/com.st.stm32cube.ide.mcu.externaltools.gnu-tools-for-stm32.11.3.rel1.win32_1.1.0.202305231506/tools/bin/../lib/gcc/arm-none-eabi/11.3.1/../../../../arm-none-eabi/lib/thumb/v7-m/nofp\libc_nano.a(libc_a-sprintf.o)
                              ./Core/Src/main.o (sprintf)
C:/ST/STM32CubeIDE_1.13.1/STM32CubeIDE/plugins/com.st.stm32cube.ide.mcu.externaltools.gnu-tools-for-stm32.11.3.rel1.win32_1.1.0.202305231506/tools/bin/../lib/gcc/arm-none-eabi/11.3.1/../../../../arm-none-eabi/lib/thumb/v7-m/nofp\libc_nano.a(libc_a-stdio.o)
                              C:/ST/STM32CubeIDE_1.13.1/STM32CubeIDE/plugins/com.st.stm32cube.ide.mcu.externaltools.gnu-tools-for-stm32.11.3.rel1.win32_1.1.0.202305231506/tools/bin/../lib/gcc/arm-none-eabi/11.3.1/../../../../arm-none-eabi/lib/thumb/v7-m/nofp\libc_nano.a(libc_a-findfp.o) (__sread)
C:/ST/STM32CubeIDE_1.13.1/STM32CubeIDE/plugins/com.st.stm32cube.ide.mcu.externaltools.gnu-tools-for-stm32.11.3.rel1.win32_1.1.0.202305231506/tools/bin/../lib/gcc/arm-none-eabi/11.3.1/../../../../arm-none-eabi/lib/thumb/v7-m/nofp\libc_nano.a(libc_a-memset.o)
                              C:/ST/STM32CubeIDE_1.13.1/STM32CubeIDE/plugins/com.st.stm32cube.ide.mcu.externaltools.gnu-tools-for-stm32.11.3.rel1.win32_1.1.0.202305231506/tools/bin/../lib/gcc/arm-none-eabi/11.3.1/../../../../arm-none-eabi/lib/thumb/v7-m/nofp/crt0.o (memset)
C:/ST/STM32CubeIDE_1.13.1/STM32CubeIDE/plugins/com.st.stm32cube.ide.mcu.externaltools.gnu-tools-for-stm32.11.3.rel1.win32_1.1.0.202305231506/tools/bin/../lib/gcc/arm-none-eabi/11.3.1/../../../../arm-none-eabi/lib/thumb/v7-m/nofp\libc_nano.a(libc_a-closer.o)
                              C:/ST/STM32CubeIDE_1.13.1/STM32CubeIDE/plugins/com.st.stm32cube.ide.mcu.externaltools.gnu-tools-for-stm32.11.3.rel1.win32_1.1.0.202305231506/tools/bin/../lib/gcc/arm-none-eabi/11.3.1/../../../../arm-none-eabi/lib/thumb/v7-m/nofp\libc_nano.a(libc_a-stdio.o) (_close_r)
C:/ST/STM32CubeIDE_1.13.1/STM32CubeIDE/plugins/com.st.stm32cube.ide.mcu.externaltools.gnu-tools-for-stm32.11.3.rel1.win32_1.1.0.202305231506/tools/bin/../lib/gcc/arm-none-eabi/11.3.1/../../../../arm-none-eabi/lib/thumb/v7-m/nofp\libc_nano.a(libc_a-reent.o)
                              C:/ST/STM32CubeIDE_1.13.1/STM32CubeIDE/plugins/com.st.stm32cube.ide.mcu.externaltools.gnu-tools-for-stm32.11.3.rel1.win32_1.1.0.202305231506/tools/bin/../lib/gcc/arm-none-eabi/11.3.1/../../../../arm-none-eabi/lib/thumb/v7-m/nofp\libc_nano.a(libc_a-closer.o) (errno)
C:/ST/STM32CubeIDE_1.13.1/STM32CubeIDE/plugins/com.st.stm32cube.ide.mcu.externaltools.gnu-tools-for-stm32.11.3.rel1.win32_1.1.0.202305231506/tools/bin/../lib/gcc/arm-none-eabi/11.3.1/../../../../arm-none-eabi/lib/thumb/v7-m/nofp\libc_nano.a(libc_a-impure.o)
                              C:/ST/STM32CubeIDE_1.13.1/STM32CubeIDE/plugins/com.st.stm32cube.ide.mcu.externaltools.gnu-tools-for-stm32.11.3.rel1.win32_1.1.0.202305231506/tools/bin/../lib/gcc/arm-none-eabi/11.3.1/../../../../arm-none-eabi/lib/thumb/v7-m/nofp\libc_nano.a(libc_a-sprintf.o) (_impure_ptr)
[...]
Memory Configuration

Name             Origin             Length             Attributes
RAM              0x0000000020000000 0x0000000000005000 xrw
FLASH            0x0000000008000000 0x0000000000010000 xr
*default*        0x0000000000000000 0xffffffffffffffff

Linker script and memory map

LOAD C:/ST/STM32CubeIDE_1.13.1/STM32CubeIDE/plugins/com.st.stm32cube.ide.mcu.externaltools.gnu-tools-for-stm32.11.3.rel1.win32_1.1.0.202305231506/tools/bin/../lib/gcc/arm-none-eabi/11.3.1/thumb/v7-m/nofp/crti.o
LOAD C:/ST/STM32CubeIDE_1.13.1/STM32CubeIDE/plugins/com.st.stm32cube.ide.mcu.externaltools.gnu-tools-for-stm32.11.3.rel1.win32_1.1.0.202305231506/tools/bin/../lib/gcc/arm-none-eabi/11.3.1/thumb/v7-m/nofp/crtbegin.o
LOAD C:/ST/STM32CubeIDE_1.13.1/STM32CubeIDE/plugins/com.st.stm32cube.ide.mcu.externaltools.gnu-tools-for-stm32.11.3.rel1.win32_1.1.0.202305231506/tools/bin/../lib/gcc/arm-none-eabi/11.3.1/../../../../arm-none-eabi/lib/thumb/v7-m/nofp/crt0.o
LOAD ./Core/Src/DS3231.o
LOAD ./Core/Src/LoRa.o
LOAD ./Core/Src/LoRa_network.o
LOAD ./Core/Src/gateway.o
LOAD ./Core/Src/main.o
LOAD ./Core/Src/stm32f1xx_hal_msp.o
LOAD ./Core/Src/stm32f1xx_it.o
LOAD ./Core/Src/syscalls.o
LOAD ./Core/Src/sysmem.o
LOAD ./Core/Src/system_stm32f1xx.o
LOAD ./Core/Startup/startup_stm32f103c8tx.o
LOAD ./Drivers/STM32F1xx_HAL_Driver/Src/stm32f1xx_hal.o
LOAD ./Drivers/STM32F1xx_HAL_Driver/Src/stm32f1xx_hal_cortex.o
LOAD ./Drivers/STM32F1xx_HAL_Driver/Src/stm32f1xx_hal_dma.o
LOAD ./Drivers/STM32F1xx_HAL_Driver/Src/stm32f1xx_hal_exti.o
LOAD ./Drivers/STM32F1xx_HAL_Driver/Src/stm32f1xx_hal_flash.o
LOAD ./Drivers/STM32F1xx_HAL_Driver/Src/stm32f1xx_hal_flash_ex.o
LOAD ./Drivers/STM32F1xx_HAL_Driver/Src/stm32f1xx_hal_gpio.o
LOAD ./Drivers/STM32F1xx_HAL_Driver/Src/stm32f1xx_hal_gpio_ex.o
LOAD ./Drivers/STM32F1xx_HAL_Driver/Src/stm32f1xx_hal_i2c.o
LOAD ./Drivers/STM32F1xx_HAL_Driver/Src/stm32f1xx_hal_pwr.o
LOAD ./Drivers/STM32F1xx_HAL_Driver/Src/stm32f1xx_hal_rcc.o
LOAD ./Drivers/STM32F1xx_HAL_Driver/Src/stm32f1xx_hal_rcc_ex.o
LOAD ./Drivers/STM32F1xx_HAL_Driver/Src/stm32f1xx_hal_rtc.o
LOAD ./Drivers/STM32F1xx_HAL_Driver/Src/stm32f1xx_hal_rtc_ex.o
LOAD ./Drivers/STM32F1xx_HAL_Driver/Src/stm32f1xx_hal_spi.o
LOAD ./Drivers/STM32F1xx_HAL_Driver/Src/stm32f1xx_hal_tim.o
LOAD ./Drivers/STM32F1xx_HAL_Driver/Src/stm32f1xx_hal_tim_ex.o
LOAD ./Drivers/STM32F1xx_HAL_Driver/Src/stm32f1xx_hal_uart.o
START GROUP
LOAD C:/ST/STM32CubeIDE_1.13.1/STM32CubeIDE/plugins/com.st.stm32cube.ide.mcu.externaltools.gnu-tools-for-stm32.11.3.rel1.win32_1.1.0.202305231506/tools/bin/../lib/gcc/arm-none-eabi/11.3.1/../../../../arm-none-eabi/lib/thumb/v7-m/nofp\libc_nano.a
LOAD C:/ST/STM32CubeIDE_1.13.1/STM32CubeIDE/plugins/com.st.stm32cube.ide.mcu.externaltools.gnu-tools-for-stm32.11.3.rel1.win32_1.1.0.202305231506/tools/bin/../lib/gcc/arm-none-eabi/11.3.1/../../../../arm-none-eabi/lib/thumb/v7-m/nofp\libm.a
END GROUP
START GROUP
LOAD C:/ST/STM32CubeIDE_1.13.1/STM32CubeIDE/plugins/com.st.stm32cube.ide.mcu.externaltools.gnu-tools-for-stm32.11.3.rel1.win32_1.1.0.202305231506/tools/bin/../lib/gcc/arm-none-eabi/11.3.1/thumb/v7-m/nofp\libgcc.a
LOAD C:/ST/STM32CubeIDE_1.13.1/STM32CubeIDE/plugins/com.st.stm32cube.ide.mcu.externaltools.gnu-tools-for-stm32.11.3.rel1.win32_1.1.0.202305231506/tools/bin/../lib/gcc/arm-none-eabi/11.3.1/../../../../arm-none-eabi/lib/thumb/v7-m/nofp\libc_nano.a
END GROUP
START GROUP
LOAD C:/ST/STM32CubeIDE_1.13.1/STM32CubeIDE/plugins/com.st.stm32cube.ide.mcu.externaltools.gnu-tools-for-stm32.11.3.rel1.win32_1.1.0.202305231506/tools/bin/../lib/gcc/arm-none-eabi/11.3.1/thumb/v7-m/nofp\libgcc.a
LOAD C:/ST/STM32CubeIDE_1.13.1/STM32CubeIDE/plugins/com.st.stm32cube.ide.mcu.externaltools.gnu-tools-for-stm32.11.3.rel1.win32_1.1.0.202305231506/tools/bin/../lib/gcc/arm-none-eabi/11.3.1/../../../../arm-none-eabi/lib/thumb/v7-m/nofp\libc_nano.a
LOAD C:/ST/STM32CubeIDE_1.13.1/STM32CubeIDE/plugins/com.st.stm32cube.ide.mcu.externaltools.gnu-tools-for-stm32.11.3.rel1.win32_1.1.0.202305231506/tools/bin/../lib/gcc/arm-none-eabi/11.3.1/../../../../arm-none-eabi/lib/thumb/v7-m/nofp\libnosys.a
END GROUP
START GROUP
LOAD C:/ST/STM32CubeIDE_1.13.1/STM32CubeIDE/plugins/com.st.stm32cube.ide.mcu.externaltools.gnu-tools-for-stm32.11.3.rel1.win32_1.1.0.202305231506/tools/bin/../lib/gcc/arm-none-eabi/11.3.1/thumb/v7-m/nofp\libgcc.a
LOAD C:/ST/STM32CubeIDE_1.13.1/STM32CubeIDE/plugins/com.st.stm32cube.ide.mcu.externaltools.gnu-tools-for-stm32.11.3.rel1.win32_1.1.0.202305231506/tools/bin/../lib/gcc/arm-none-eabi/11.3.1/../../../../arm-none-eabi/lib/thumb/v7-m/nofp\libc_nano.a
LOAD C:/ST/STM32CubeIDE_1.13.1/STM32CubeIDE/plugins/com.st.stm32cube.ide.mcu.externaltools.gnu-tools-for-stm32.11.3.rel1.win32_1.1.0.202305231506/tools/bin/../lib/gcc/arm-none-eabi/11.3.1/../../../../arm-none-eabi/lib/thumb/v7-m/nofp\libnosys.a
END GROUP
LOAD C:/ST/STM32CubeIDE_1.13.1/STM32CubeIDE/plugins/com.st.stm32cube.ide.mcu.externaltools.gnu-tools-for-stm32.11.3.rel1.win32_1.1.0.202305231506/tools/bin/../lib/gcc/arm-none-eabi/11.3.1/thumb/v7-m/nofp/crtend.o
LOAD C:/ST/STM32CubeIDE_1.13.1/STM32CubeIDE/plugins/com.st.stm32cube.ide.mcu.externaltools.gnu-tools-for-stm32.11.3.rel1.win32_1.1.0.202305231506/tools/bin/../lib/gcc/arm-none-eabi/11.3.1/thumb/v7-m/nofp/crtn.o
                0x0000000020005000                _estack = (ORIGIN (RAM) + LENGTH (RAM))
                0x0000000000000200                _Min_Heap_Size = 0x200
                0x0000000000000400                _Min_Stack_Size = 0x400

.isr_vector     0x0000000008000000      0x10c
                0x0000000008000000                . = ALIGN (0x4)
 *(.isr_vector)
 .isr_vector    0x0000000008000000      0x10c ./Core/Startup/startup_stm32f103c8tx.o
                0x0000000008000000                g_pfnVectors
                0x000000000800010c                . = ALIGN (0x4)

.text           0x000000000800010c     0x791c
                0x000000000800010c                . = ALIGN (0x4)
 *(.text)
 .text          0x000000000800010c       0x40 C:/ST/STM32CubeIDE_1.13.1/STM32CubeIDE/plugins/com.st.stm32cube.ide.mcu.externaltools.gnu-tools-for-stm32.11.3.rel1.win32_1.1.0.202305231506/tools/bin/../lib/gcc/arm-none-eabi/11.3.1/thumb/v7-m/nofp/crtbegin.o
 .text          0x000000000800014c       0x10 C:/ST/STM32CubeIDE_1.13.1/STM32CubeIDE/plugins/com.st.stm32cube.ide.mcu.externaltools.gnu-tools-for-stm32.11.3.rel1.win32_1.1.0.202305231506/tools/bin/../lib/gcc/arm-none-eabi/11.3.1/../../../../arm-none-eabi/lib/thumb/v7-m/nofp\libc_nano.a(libc_a-strlen.o)
                0x000000000800014c                strlen
 .text          0x000000000800015c      0x378 C:/ST/STM32CubeIDE_1.13.1/STM32CubeIDE/plugins/com.st.stm32cube.ide.mcu.externaltools.gnu-tools-for-stm32.11.3.rel1.win32_1.1.0.202305231506/tools/bin/../lib/gcc/arm-none-eabi/11.3.1/thumb/v7-m/nofp\libgcc.a(_arm_addsubdf3.o)
                0x000000000800015c                __aeabi_drsub
                0x0000000008000164                __aeabi_dsub
                0x0000000008000164                __subdf3
                0x0000000008000168                __aeabi_dadd
                0x0000000008000168                __adddf3
                0x00000000080003e0                __floatunsidf
                0x00000000080003e0                __aeabi_ui2d
                0x0000000008000400                __floatsidf
                0x0000000008000400                __aeabi_i2d
                0x0000000008000424                __aeabi_f2d
                0x0000000008000424                __extendsfdf2
                0x0000000008000468                __floatundidf
                0x0000000008000468                __aeabi_ul2d
                0x0000000008000478                __floatdidf
                0x0000000008000478                __aeabi_l2d
 .text          0x00000000080004d4      0x424 C:/ST/STM32CubeIDE_1.13.1/STM32CubeIDE/plugins/com.st.stm32cube.ide.mcu.externaltools.gnu-tools-for-stm32.11.3.rel1.win32_1.1.0.202305231506/tools/bin/../lib/gcc/arm-none-eabi/11.3.1/thumb/v7-m/nofp\libgcc.a(_arm_muldivdf3.o)
                0x00000000080004d4                __aeabi_dmul
                0x00000000080004d4                __muldf3
                0x0000000008000728                __divdf3
                0x0000000008000728                __aeabi_ddiv
 .text          0x00000000080008f8       0x50 C:/ST/STM32CubeIDE_1.13.1/STM32CubeIDE/plugins/com.st.stm32cube.ide.mcu.externaltools.gnu-tools-for-stm32.11.3.rel1.win32_1.1.0.202305231506/tools/bin/../lib/gcc/arm-none-eabi/11.3.1/thumb/v7-m/nofp\libgcc.a(_arm_fixdfsi.o)
                0x00000000080008f8                __aeabi_d2iz
                0x00000000080008f8                __fixdfsi
 *(.text*)
 .text.BCD2dec  0x0000000008000948       0x30 ./Core/Src/DS3231.o
                0x0000000008000948                BCD2dec
 .text.dec2BCD  0x0000000008000978       0x48 ./Core/Src/DS3231.o
                0x0000000008000978                dec2BCD
 .text.RTC_init
                0x00000000080009c0       0x4e ./Core/Src/DS3231.o
                0x00000000080009c0                RTC_init
 .text.RTC_write_data
                0x0000000008000a0e       0x9e ./Core/Src/DS3231.o
                0x0000000008000a0e                RTC_write_data
 .text.RTC_read_data
                0x0000000008000aac       0xc6 ./Core/Src/DS3231.o
                0x0000000008000aac                RTC_read_data
 .text.newLoRa  0x0000000008000b72       0x52 ./Core/Src/LoRa.o
                0x0000000008000b72                newLoRa
 .text.LoRa_reset
                0x0000000008000bc4       0x3c ./Core/Src/LoRa.o
                0x0000000008000bc4                LoRa_reset
 .text.LoRa_gotoMode
                0x0000000008000c00       0xc2 ./Core/Src/LoRa.o
                0x0000000008000c00                LoRa_gotoMode
 .text.LoRa_readReg
                0x0000000008000cc2       0x7c ./Core/Src/LoRa.o
                0x0000000008000cc2                LoRa_readReg
 .text.LoRa_writeReg
                0x0000000008000d3e       0x7c ./Core/Src/LoRa.o
                0x0000000008000d3e                LoRa_writeReg
 .text.LoRa_setLowDaraRateOptimization
                0x0000000008000dba       0x4a ./Core/Src/LoRa.o
                0x0000000008000dba                LoRa_setLowDaraRateOptimization
 .text.LoRa_setAutoLDO
                0x0000000008000e04       0x6c ./Core/Src/LoRa.o
                0x0000000008000e04                LoRa_setAutoLDO
 .text.LoRa_setFrequency
                0x0000000008000e70       0x60 ./Core/Src/LoRa.o
                0x0000000008000e70                LoRa_setFrequency
 .text.LoRa_setSpreadingFactor
                0x0000000008000ed0       0x64 ./Core/Src/LoRa.o
                0x0000000008000ed0                LoRa_setSpreadingFactor
 .text.LoRa_setPower
                0x0000000008000f34       0x26 ./Core/Src/LoRa.o
                0x0000000008000f34                LoRa_setPower
 *fill*         0x0000000008000f5a        0x2 
 .text.LoRa_setOCP
                0x0000000008000f5c       0x7c ./Core/Src/LoRa.o
                0x0000000008000f5c                LoRa_setOCP
 .text.LoRa_setTOMsb_setCRCon
                0x0000000008000fd8       0x36 ./Core/Src/LoRa.o
                0x0000000008000fd8                LoRa_setTOMsb_setCRCon
 .text.LoRa_read
                0x000000000800100e       0x34 ./Core/Src/LoRa.o
                0x000000000800100e                LoRa_read
 .text.LoRa_write
                0x0000000008001042       0x40 ./Core/Src/LoRa.o
                0x0000000008001042                LoRa_write
 .text.LoRa_BurstWrite
                0x0000000008001082       0x8e ./Core/Src/LoRa.o
                0x0000000008001082                LoRa_BurstWrite
 .text.LoRa_isvalid
                0x0000000008001110       0x14 ./Core/Src/LoRa.o
                0x0000000008001110                LoRa_isvalid
 .text.LoRa_transmit
                0x0000000008001124       0xee ./Core/Src/LoRa.o
                0x0000000008001124                LoRa_transmit
 .text.LoRa_startReceiving
                0x0000000008001212       0x18 ./Core/Src/LoRa.o
                0x0000000008001212                LoRa_startReceiving
 .text.LoRa_init
                0x000000000800122a      0x13e ./Core/Src/LoRa.o
                0x000000000800122a                LoRa_init
 .text.RTC_SetTime
                0x0000000008001368       0x4e ./Core/Src/LoRa_network.o
                0x0000000008001368                RTC_SetTime
 *fill*         0x00000000080013b6        0x2 
 .text.RTC_SetTime_Calib
                0x00000000080013b8       0xdc ./Core/Src/LoRa_network.o
                0x00000000080013b8                RTC_SetTime_Calib
 .text.RTC_SetAlarm
                0x0000000008001494       0xac ./Core/Src/LoRa_network.o
                0x0000000008001494                RTC_SetAlarm
 .text.RTC_SetAlarm_NextPeriod
                0x0000000008001540       0x3e ./Core/Src/LoRa_network.o
                0x0000000008001540                RTC_SetAlarm_NextPeriod
 .text.RTC_ReadCounter
                0x000000000800157e       0x60 ./Core/Src/LoRa_network.o
                0x000000000800157e                RTC_ReadCounter
 .text.find_first_empty_TimeSlot
                0x00000000080015de       0x40 ./Core/Src/LoRa_network.o
                0x00000000080015de                find_first_empty_TimeSlot
 .text.set_first_empty_TimeSlot
                0x000000000800161e       0x50 ./Core/Src/LoRa_network.o
                0x000000000800161e                set_first_empty_TimeSlot
 .text.calculate_crc
                0x000000000800166e       0x3e ./Core/Src/LoRa_network.o
                0x000000000800166e                calculate_crc
 .text.Clear_Frame
                0x00000000080016ac       0x60 ./Core/Src/LoRa_network.o
                0x00000000080016ac                Clear_Frame
 .text.Node_Joined_Num
                0x000000000800170c       0x42 ./Core/Src/LoRa_network.o
                0x000000000800170c                Node_Joined_Num
 *fill*         0x000000000800174e        0x2 
 .text.Gateway_Lora_Init
                0x0000000008001750       0x9c ./Core/Src/gateway.o
                0x0000000008001750                Gateway_Lora_Init
 .text.Gateway_setup
                0x00000000080017ec       0x50 ./Core/Src/gateway.o
                0x00000000080017ec                Gateway_setup
 .text.data_buffer_update
                0x000000000800183c       0x3c ./Core/Src/gateway.o
                0x000000000800183c                data_buffer_update
 .text.Create_Beacon_Frame
                0x0000000008001878       0x3e ./Core/Src/gateway.o
                0x0000000008001878                Create_Beacon_Frame
 .text.Create_ACK_Frame
                0x00000000080018b6       0x28 ./Core/Src/gateway.o
                0x00000000080018b6                Create_ACK_Frame
 .text.Create_JoinAccept_Frame
                0x00000000080018de       0x84 ./Core/Src/gateway.o
                0x00000000080018de                Create_JoinAccept_Frame
 *fill*         0x0000000008001962        0x2 
 .text.Create_Frame
                0x0000000008001964       0x50 ./Core/Src/gateway.o
                0x0000000008001964                Create_Frame
 .text.create_payload_gateway
                0x00000000080019b4      0x12c ./Core/Src/gateway.o
                0x00000000080019b4                create_payload_gateway
 .text.Gateway_Tx_Beacon
                0x0000000008001ae0       0x28 ./Core/Src/gateway.o
                0x0000000008001ae0                Gateway_Tx_Beacon
 .text.Gateway_Tx_JoinResponse
                0x0000000008001b08       0x34 ./Core/Src/gateway.o
                0x0000000008001b08                Gateway_Tx_JoinResponse
 .text.Gateway_GetTime_Sync
                0x0000000008001b3c       0x3e ./Core/Src/gateway.o
                0x0000000008001b3c                Gateway_GetTime_Sync
 .text.Gateway_Rx_JoinReq
                0x0000000008001b7a      0x124 ./Core/Src/gateway.o
                0x0000000008001b7a                Gateway_Rx_JoinReq
 .text.Gateway_Rx_Data
                0x0000000008001c9e      0x1d0 ./Core/Src/gateway.o
                0x0000000008001c9e                Gateway_Rx_Data
 .text.Gateway_Get_Data
                0x0000000008001e6e       0xc8 ./Core/Src/gateway.o
                0x0000000008001e6e                Gateway_Get_Data
 .text.Gateway_Get_UID
                0x0000000008001f36       0x54 ./Core/Src/gateway.o
                0x0000000008001f36                Gateway_Get_UID
 .text.Node_Data_Buff_Init
                0x0000000008001f8a       0xbc ./Core/Src/main.o
                0x0000000008001f8a                Node_Data_Buff_Init
 .text.Node_List
                0x0000000008002046       0xec ./Core/Src/main.o
                0x0000000008002046                Node_List
 *fill*         0x0000000008002132        0x2 
 .text.HAL_RTC_AlarmAEventCallback
                0x0000000008002134       0x1c ./Core/Src/main.o
                0x0000000008002134                HAL_RTC_AlarmAEventCallback
 .text.HAL_GPIO_EXTI_Callback
                0x0000000008002150       0x28 ./Core/Src/main.o
                0x0000000008002150                HAL_GPIO_EXTI_Callback
 .text.main     0x0000000008002178      0x650 ./Core/Src/main.o
                0x0000000008002178                main
 .text.SystemClock_Config
                0x00000000080027c8       0xb2 ./Core/Src/main.o
                0x00000000080027c8                SystemClock_Config
 *fill*         0x000000000800287a        0x2 
 .text.MX_I2C1_Init
                0x000000000800287c       0x5c ./Core/Src/main.o
 .text.MX_RTC_Init
                0x00000000080028d8       0x94 ./Core/Src/main.o
 .text.MX_SPI1_Init
                0x000000000800296c       0x6c ./Core/Src/main.o
 .text.MX_USART1_UART_Init
                0x00000000080029d8       0x54 ./Core/Src/main.o
 .text.MX_GPIO_Init
                0x0000000008002a2c      0x140 ./Core/Src/main.o
 .text.Error_Handler
                0x0000000008002b6c       0x48 ./Core/Src/main.o
                0x0000000008002b6c                Error_Handler
 .text.HAL_MspInit
                0x0000000008002bb4       0x64 ./Core/Src/stm32f1xx_hal_msp.o
                0x0000000008002bb4                HAL_MspInit
 .text.HAL_I2C_MspInit
                0x0000000008002c18       0x7c ./Core/Src/stm32f1xx_hal_msp.o
                0x0000000008002c18                HAL_I2C_MspInit
 .text.HAL_RTC_MspInit
                0x0000000008002c94       0x58 ./Core/Src/stm32f1xx_hal_msp.o
                0x0000000008002c94                HAL_RTC_MspInit
 .text.HAL_SPI_MspInit
                0x0000000008002cec       0x94 ./Core/Src/stm32f1xx_hal_msp.o
                0x0000000008002cec                HAL_SPI_MspInit
 .text.HAL_UART_MspInit
                0x0000000008002d80       0x98 ./Core/Src/stm32f1xx_hal_msp.o
                0x0000000008002d80                HAL_UART_MspInit
 .text.NMI_Handler
                0x0000000008002e18        0x6 ./Core/Src/stm32f1xx_it.o
                0x0000000008002e18                NMI_Handler
 .text.HardFault_Handler
                0x0000000008002e1e        0x6 ./Core/Src/stm32f1xx_it.o
                0x0000000008002e1e                HardFault_Handler
 .text.MemManage_Handler
                0x0000000008002e24        0x6 ./Core/Src/stm32f1xx_it.o
                0x0000000008002e24                MemManage_Handler
 .text.BusFault_Handler
                0x0000000008002e2a        0x6 ./Core/Src/stm32f1xx_it.o
                0x0000000008002e2a                BusFault_Handler
 .text.UsageFault_Handler
                0x0000000008002e30        0x6 ./Core/Src/stm32f1xx_it.o
                0x0000000008002e30                UsageFault_Handler
 .text.SVC_Handler
                0x0000000008002e36        0xc ./Core/Src/stm32f1xx_it.o
                0x0000000008002e36                SVC_Handler
 .text.DebugMon_Handler
                0x0000000008002e42        0xc ./Core/Src/stm32f1xx_it.o
                0x0000000008002e42                DebugMon_Handler
 .text.PendSV_Handler
                0x0000000008002e4e        0xc ./Core/Src/stm32f1xx_it.o
                0x0000000008002e4e                PendSV_Handler
 .text.SysTick_Handler
                0x0000000008002e5a        0xc ./Core/Src/stm32f1xx_it.o
                0x0000000008002e5a                SysTick_Handler
 .text.EXTI9_5_IRQHandler
                0x0000000008002e66       0x10 ./Core/Src/stm32f1xx_it.o
                0x0000000008002e66                EXTI9_5_IRQHandler
 *fill*         0x0000000008002e76        0x2 
 .text.RTC_Alarm_IRQHandler
                0x0000000008002e78       0x14 ./Core/Src/stm32f1xx_it.o
                0x0000000008002e78                RTC_Alarm_IRQHandler
 .text._sbrk    0x0000000008002e8c       0x6c ./Core/Src/sysmem.o
                0x0000000008002e8c                _sbrk
 .text.SystemInit
                0x0000000008002ef8        0xc ./Core/Src/system_stm32f1xx.o
                0x0000000008002ef8                SystemInit
 .text.Reset_Handler
                0x0000000008002f04       0x48 ./Core/Startup/startup_stm32f103c8tx.o
                0x0000000008002f04                Reset_Handler
 .text.Default_Handler
                0x0000000008002f4c        0x2 ./Core/Startup/startup_stm32f103c8tx.o
                0x0000000008002f4c                EXTI2_IRQHandler
                0x0000000008002f4c                TIM1_CC_IRQHandler
                0x0000000008002f4c                PVD_IRQHandler
                0x0000000008002f4c                EXTI3_IRQHandler
                0x0000000008002f4c                EXTI0_IRQHandler
                0x0000000008002f4c                I2C2_EV_IRQHandler
                0x0000000008002f4c                ADC1_2_IRQHandler
                0x0000000008002f4c                SPI1_IRQHandler
                0x0000000008002f4c                TAMPER_IRQHandler
                0x0000000008002f4c                DMA1_Channel4_IRQHandler
                0x0000000008002f4c                USART3_IRQHandler
                0x0000000008002f4c                RTC_IRQHandler
                0x0000000008002f4c                DMA1_Channel7_IRQHandler
                0x0000000008002f4c                CAN1_RX1_IRQHandler
                0x0000000008002f4c                TIM4_IRQHandler
                0x0000000008002f4c                I2C1_EV_IRQHandler
                0x0000000008002f4c                DMA1_Channel6_IRQHandler
                0x0000000008002f4c                TIM3_IRQHandler
                0x0000000008002f4c                RCC_IRQHandler
                0x0000000008002f4c                TIM1_TRG_COM_IRQHandler
                0x0000000008002f4c                DMA1_Channel1_IRQHandler
                0x0000000008002f4c                Default_Handler
                0x0000000008002f4c                EXTI15_10_IRQHandler
                0x0000000008002f4c                SPI2_IRQHandler
                0x0000000008002f4c                DMA1_Channel5_IRQHandler
                0x0000000008002f4c                EXTI4_IRQHandler
                0x0000000008002f4c                USB_LP_CAN1_RX0_IRQHandler
                0x0000000008002f4c                USB_HP_CAN1_TX_IRQHandler
                0x0000000008002f4c                DMA1_Channel3_IRQHandler
                0x0000000008002f4c                TIM1_UP_IRQHandler
                0x0000000008002f4c                WWDG_IRQHandler
                0x0000000008002f4c                TIM2_IRQHandler
                0x0000000008002f4c                TIM1_BRK_IRQHandler
                0x0000000008002f4c                EXTI1_IRQHandler
                0x0000000008002f4c                USART2_IRQHandler
                0x0000000008002f4c                I2C2_ER_IRQHandler
                0x0000000008002f4c                DMA1_Channel2_IRQHandler
                0x0000000008002f4c                CAN1_SCE_IRQHandler
                0x0000000008002f4c                FLASH_IRQHandler
                0x0000000008002f4c                USART1_IRQHandler
                0x0000000008002f4c                I2C1_ER_IRQHandler
                0x0000000008002f4c                USBWakeUp_IRQHandler
 *fill*         0x0000000008002f4e        0x2 
 .text.HAL_Init
                0x0000000008002f50       0x2c ./Drivers/STM32F1xx_HAL_Driver/Src/stm32f1xx_hal.o
                0x0000000008002f50                HAL_Init
 .text.HAL_InitTick
                0x0000000008002f7c       0x60 ./Drivers/STM32F1xx_HAL_Driver/Src/stm32f1xx_hal.o
                0x0000000008002f7c                HAL_InitTick
 .text.HAL_IncTick
                0x0000000008002fdc       0x24 ./Drivers/STM32F1xx_HAL_Driver/Src/stm32f1xx_hal.o
                0x0000000008002fdc                HAL_IncTick
 .text.HAL_GetTick
                0x0000000008003000       0x14 ./Drivers/STM32F1xx_HAL_Driver/Src/stm32f1xx_hal.o
                0x0000000008003000                HAL_GetTick
 .text.HAL_Delay
                0x0000000008003014       0x48 ./Drivers/STM32F1xx_HAL_Driver/Src/stm32f1xx_hal.o
                0x0000000008003014                HAL_Delay
 .text.__NVIC_SetPriorityGrouping
                0x000000000800305c       0x48 ./Drivers/STM32F1xx_HAL_Driver/Src/stm32f1xx_hal_cortex.o
 .text.__NVIC_GetPriorityGrouping
                0x00000000080030a4       0x1c ./Drivers/STM32F1xx_HAL_Driver/Src/stm32f1xx_hal_cortex.o
 .text.__NVIC_EnableIRQ
                0x00000000080030c0       0x38 ./Drivers/STM32F1xx_HAL_Driver/Src/stm32f1xx_hal_cortex.o
 .text.__NVIC_DisableIRQ
                0x00000000080030f8       0x48 ./Drivers/STM32F1xx_HAL_Driver/Src/stm32f1xx_hal_cortex.o
 .text.__NVIC_SetPriority
                0x0000000008003140       0x54 ./Drivers/STM32F1xx_HAL_Driver/Src/stm32f1xx_hal_cortex.o
 .text.NVIC_EncodePriority
                0x0000000008003194       0x64 ./Drivers/STM32F1xx_HAL_Driver/Src/stm32f1xx_hal_cortex.o
 .text.SysTick_Config
                0x00000000080031f8       0x44 ./Drivers/STM32F1xx_HAL_Driver/Src/stm32f1xx_hal_cortex.o
 .text.HAL_NVIC_SetPriorityGrouping
                0x000000000800323c       0x16 ./Drivers/STM32F1xx_HAL_Driver/Src/stm32f1xx_hal_cortex.o
                0x000000000800323c                HAL_NVIC_SetPriorityGrouping
 .text.HAL_NVIC_SetPriority
                0x0000000008003252       0x38 ./Drivers/STM32F1xx_HAL_Driver/Src/stm32f1xx_hal_cortex.o
                0x0000000008003252                HAL_NVIC_SetPriority
 .text.HAL_NVIC_EnableIRQ
                0x000000000800328a       0x1c ./Drivers/STM32F1xx_HAL_Driver/Src/stm32f1xx_hal_cortex.o
                0x000000000800328a                HAL_NVIC_EnableIRQ
 .text.HAL_NVIC_DisableIRQ
                0x00000000080032a6       0x1c ./Drivers/STM32F1xx_HAL_Driver/Src/stm32f1xx_hal_cortex.o
                0x00000000080032a6                HAL_NVIC_DisableIRQ
 .text.HAL_SYSTICK_Config
                0x00000000080032c2       0x18 ./Drivers/STM32F1xx_HAL_Driver/Src/stm32f1xx_hal_cortex.o
                0x00000000080032c2                HAL_SYSTICK_Config
 *fill*         0x00000000080032da        0x2 
 .text.HAL_GPIO_Init
                0x00000000080032dc      0x308 ./Drivers/STM32F1xx_HAL_Driver/Src/stm32f1xx_hal_gpio.o
                0x00000000080032dc                HAL_GPIO_Init
 .text.HAL_GPIO_WritePin
                0x00000000080035e4       0x30 ./Drivers/STM32F1xx_HAL_Driver/Src/stm32f1xx_hal_gpio.o
                0x00000000080035e4                HAL_GPIO_WritePin
 .text.HAL_GPIO_TogglePin
                0x0000000008003614       0x32 ./Drivers/STM32F1xx_HAL_Driver/Src/stm32f1xx_hal_gpio.o
                0x0000000008003614                HAL_GPIO_TogglePin
 *fill*         0x0000000008003646        0x2 
 .text.HAL_GPIO_EXTI_IRQHandler
                0x0000000008003648       0x30 ./Drivers/STM32F1xx_HAL_Driver/Src/stm32f1xx_hal_gpio.o
                0x0000000008003648                HAL_GPIO_EXTI_IRQHandler
 .text.HAL_I2C_Init
                0x0000000008003678      0x288 ./Drivers/STM32F1xx_HAL_Driver/Src/stm32f1xx_hal_i2c.o
                0x0000000008003678                HAL_I2C_Init
 .text.HAL_I2C_Mem_Write
                0x0000000008003900      0x1f4 ./Drivers/STM32F1xx_HAL_Driver/Src/stm32f1xx_hal_i2c.o
                0x0000000008003900                HAL_I2C_Mem_Write
 .text.HAL_I2C_Mem_Read
                0x0000000008003af4      0x4e8 ./Drivers/STM32F1xx_HAL_Driver/Src/stm32f1xx_hal_i2c.o
                0x0000000008003af4                HAL_I2C_Mem_Read
 .text.HAL_I2C_IsDeviceReady
                0x0000000008003fdc      0x25c ./Drivers/STM32F1xx_HAL_Driver/Src/stm32f1xx_hal_i2c.o
                0x0000000008003fdc                HAL_I2C_IsDeviceReady
 .text.I2C_RequestMemoryWrite
                0x0000000008004238      0x12c ./Drivers/STM32F1xx_HAL_Driver/Src/stm32f1xx_hal_i2c.o
 .text.I2C_RequestMemoryRead
                0x0000000008004364      0x1d0 ./Drivers/STM32F1xx_HAL_Driver/Src/stm32f1xx_hal_i2c.o
 .text.I2C_WaitOnFlagUntilTimeout
                0x0000000008004534       0xf4 ./Drivers/STM32F1xx_HAL_Driver/Src/stm32f1xx_hal_i2c.o
 .text.I2C_WaitOnMasterAddressFlagUntilTimeout
                0x0000000008004628      0x140 ./Drivers/STM32F1xx_HAL_Driver/Src/stm32f1xx_hal_i2c.o
 .text.I2C_WaitOnTXEFlagUntilTimeout
                0x0000000008004768       0x90 ./Drivers/STM32F1xx_HAL_Driver/Src/stm32f1xx_hal_i2c.o
 .text.I2C_WaitOnBTFFlagUntilTimeout
                0x00000000080047f8       0x90 ./Drivers/STM32F1xx_HAL_Driver/Src/stm32f1xx_hal_i2c.o
 .text.I2C_WaitOnRXNEFlagUntilTimeout
                0x0000000008004888       0xba ./Drivers/STM32F1xx_HAL_Driver/Src/stm32f1xx_hal_i2c.o
 .text.I2C_IsAcknowledgeFailed
                0x0000000008004942       0x5c ./Drivers/STM32F1xx_HAL_Driver/Src/stm32f1xx_hal_i2c.o
 *fill*         0x000000000800499e        0x2 
 .text.HAL_PWR_EnableBkUpAccess
                0x00000000080049a0       0x18 ./Drivers/STM32F1xx_HAL_Driver/Src/stm32f1xx_hal_pwr.o
                0x00000000080049a0                HAL_PWR_EnableBkUpAccess
 .text.HAL_RCC_OscConfig
                0x00000000080049b8      0x504 ./Drivers/STM32F1xx_HAL_Driver/Src/stm32f1xx_hal_rcc.o
                0x00000000080049b8                HAL_RCC_OscConfig
 .text.HAL_RCC_ClockConfig
                0x0000000008004ebc      0x1d4 ./Drivers/STM32F1xx_HAL_Driver/Src/stm32f1xx_hal_rcc.o
                0x0000000008004ebc                HAL_RCC_ClockConfig
 .text.HAL_RCC_GetSysClockFreq
                0x0000000008005090       0xa8 ./Drivers/STM32F1xx_HAL_Driver/Src/stm32f1xx_hal_rcc.o
                0x0000000008005090                HAL_RCC_GetSysClockFreq
 .text.HAL_RCC_GetHCLKFreq
                0x0000000008005138       0x14 ./Drivers/STM32F1xx_HAL_Driver/Src/stm32f1xx_hal_rcc.o
                0x0000000008005138                HAL_RCC_GetHCLKFreq
 .text.HAL_RCC_GetPCLK1Freq
                0x000000000800514c       0x28 ./Drivers/STM32F1xx_HAL_Driver/Src/stm32f1xx_hal_rcc.o
                0x000000000800514c                HAL_RCC_GetPCLK1Freq
 .text.HAL_RCC_GetPCLK2Freq
                0x0000000008005174       0x28 ./Drivers/STM32F1xx_HAL_Driver/Src/stm32f1xx_hal_rcc.o
                0x0000000008005174                HAL_RCC_GetPCLK2Freq
 .text.RCC_Delay
                0x000000000800519c       0x3c ./Drivers/STM32F1xx_HAL_Driver/Src/stm32f1xx_hal_rcc.o
 .text.HAL_RCCEx_PeriphCLKConfig
                0x00000000080051d8      0x16c ./Drivers/STM32F1xx_HAL_Driver/Src/stm32f1xx_hal_rcc_ex.o
                0x00000000080051d8                HAL_RCCEx_PeriphCLKConfig
 .text.HAL_RCCEx_GetPeriphCLKFreq
                0x0000000008005344      0x16c ./Drivers/STM32F1xx_HAL_Driver/Src/stm32f1xx_hal_rcc_ex.o
                0x0000000008005344                HAL_RCCEx_GetPeriphCLKFreq
 .text.HAL_RTC_Init
                0x00000000080054b0      0x118 ./Drivers/STM32F1xx_HAL_Driver/Src/stm32f1xx_hal_rtc.o
                0x00000000080054b0                HAL_RTC_Init
 .text.HAL_RTC_SetTime
                0x00000000080055c8      0x12e ./Drivers/STM32F1xx_HAL_Driver/Src/stm32f1xx_hal_rtc.o
                0x00000000080055c8                HAL_RTC_SetTime
 *fill*         0x00000000080056f6        0x2 
 .text.HAL_RTC_GetTime
                0x00000000080056f8      0x1b0 ./Drivers/STM32F1xx_HAL_Driver/Src/stm32f1xx_hal_rtc.o
                0x00000000080056f8                HAL_RTC_GetTime
 .text.HAL_RTC_SetDate
                0x00000000080058a8      0x16c ./Drivers/STM32F1xx_HAL_Driver/Src/stm32f1xx_hal_rtc.o
                0x00000000080058a8                HAL_RTC_SetDate
 .text.HAL_RTC_SetAlarm_IT
                0x0000000008005a14      0x170 ./Drivers/STM32F1xx_HAL_Driver/Src/stm32f1xx_hal_rtc.o
                0x0000000008005a14                HAL_RTC_SetAlarm_IT
 .text.HAL_RTC_AlarmIRQHandler
                0x0000000008005b84       0x54 ./Drivers/STM32F1xx_HAL_Driver/Src/stm32f1xx_hal_rtc.o
                0x0000000008005b84                HAL_RTC_AlarmIRQHandler
 .text.HAL_RTC_WaitForSynchro
                0x0000000008005bd8       0x5a ./Drivers/STM32F1xx_HAL_Driver/Src/stm32f1xx_hal_rtc.o
                0x0000000008005bd8                HAL_RTC_WaitForSynchro
 .text.RTC_ReadTimeCounter
                0x0000000008005c32       0x60 ./Drivers/STM32F1xx_HAL_Driver/Src/stm32f1xx_hal_rtc.o
 .text.RTC_WriteTimeCounter
                0x0000000008005c92       0x4e ./Drivers/STM32F1xx_HAL_Driver/Src/stm32f1xx_hal_rtc.o
 .text.RTC_ReadAlarmCounter
                0x0000000008005ce0       0x32 ./Drivers/STM32F1xx_HAL_Driver/Src/stm32f1xx_hal_rtc.o
 .text.RTC_WriteAlarmCounter
                0x0000000008005d12       0x4e ./Drivers/STM32F1xx_HAL_Driver/Src/stm32f1xx_hal_rtc.o
 .text.RTC_EnterInitMode
                0x0000000008005d60       0x50 ./Drivers/STM32F1xx_HAL_Driver/Src/stm32f1xx_hal_rtc.o
 .text.RTC_ExitInitMode
                0x0000000008005db0       0x50 ./Drivers/STM32F1xx_HAL_Driver/Src/stm32f1xx_hal_rtc.o
 .text.RTC_ByteToBcd2
                0x0000000008005e00       0x3a ./Drivers/STM32F1xx_HAL_Driver/Src/stm32f1xx_hal_rtc.o
 .text.RTC_Bcd2ToByte
                0x0000000008005e3a       0x3a ./Drivers/STM32F1xx_HAL_Driver/Src/stm32f1xx_hal_rtc.o
 .text.RTC_DateUpdate
                0x0000000008005e74      0x152 ./Drivers/STM32F1xx_HAL_Driver/Src/stm32f1xx_hal_rtc.o
 *fill*         0x0000000008005fc6        0x2 
 .text.RTC_IsLeapYear
                0x0000000008005fc8       0x64 ./Drivers/STM32F1xx_HAL_Driver/Src/stm32f1xx_hal_rtc.o
 .text.RTC_WeekDayNum
                0x000000000800602c       0xf0 ./Drivers/STM32F1xx_HAL_Driver/Src/stm32f1xx_hal_rtc.o
 .text.HAL_SPI_Init
                0x000000000800611c      0x108 ./Drivers/STM32F1xx_HAL_Driver/Src/stm32f1xx_hal_spi.o
                0x000000000800611c                HAL_SPI_Init
 .text.HAL_SPI_Transmit
                0x0000000008006224      0x288 ./Drivers/STM32F1xx_HAL_Driver/Src/stm32f1xx_hal_spi.o
                0x0000000008006224                HAL_SPI_Transmit
 .text.HAL_SPI_Receive
                0x00000000080064ac      0x232 ./Drivers/STM32F1xx_HAL_Driver/Src/stm32f1xx_hal_spi.o
                0x00000000080064ac                HAL_SPI_Receive
 .text.HAL_SPI_TransmitReceive
                0x00000000080066de      0x352 ./Drivers/STM32F1xx_HAL_Driver/Src/stm32f1xx_hal_spi.o
                0x00000000080066de                HAL_SPI_TransmitReceive
 .text.HAL_SPI_GetState
                0x0000000008006a30       0x1a ./Drivers/STM32F1xx_HAL_Driver/Src/stm32f1xx_hal_spi.o
                0x0000000008006a30                HAL_SPI_GetState
 *fill*         0x0000000008006a4a        0x2 
 .text.SPI_WaitFlagStateUntilTimeout
                0x0000000008006a4c      0x110 ./Drivers/STM32F1xx_HAL_Driver/Src/stm32f1xx_hal_spi.o
 .text.SPI_EndRxTransaction
                0x0000000008006b5c       0xa4 ./Drivers/STM32F1xx_HAL_Driver/Src/stm32f1xx_hal_spi.o
 .text.SPI_EndRxTxTransaction
                0x0000000008006c00       0x62 ./Drivers/STM32F1xx_HAL_Driver/Src/stm32f1xx_hal_spi.o
 .text.HAL_UART_Init
                0x0000000008006c62       0xa0 ./Drivers/STM32F1xx_HAL_Driver/Src/stm32f1xx_hal_uart.o
                0x0000000008006c62                HAL_UART_Init
 .text.HAL_UART_Transmit
                0x0000000008006d02      0x116 ./Drivers/STM32F1xx_HAL_Driver/Src/stm32f1xx_hal_uart.o
                0x0000000008006d02                HAL_UART_Transmit
 .text.UART_WaitOnFlagUntilTimeout
                0x0000000008006e18       0xb2 ./Drivers/STM32F1xx_HAL_Driver/Src/stm32f1xx_hal_uart.o
 .text.UART_EndRxTransfer
                0x0000000008006eca       0xc4 ./Drivers/STM32F1xx_HAL_Driver/Src/stm32f1xx_hal_uart.o
 *fill*         0x0000000008006f8e        0x2 
 .text.UART_SetConfig
                0x0000000008006f90      0x11c ./Drivers/STM32F1xx_HAL_Driver/Src/stm32f1xx_hal_uart.o
 .text.sprintf  0x00000000080070ac       0x40 C:/ST/STM32CubeIDE_1.13.1/STM32CubeIDE/plugins/com.st.stm32cube.ide.mcu.externaltools.gnu-tools-for-stm32.11.3.rel1.win32_1.1.0.202305231506/tools/bin/../lib/gcc/arm-none-eabi/11.3.1/../../../../arm-none-eabi/lib/thumb/v7-m/nofp\libc_nano.a(libc_a-sprintf.o)
                0x00000000080070ac                siprintf
                0x00000000080070ac                sprintf
 .text.memset   0x00000000080070ec       0x10 C:/ST/STM32CubeIDE_1.13.1/STM32CubeIDE/plugins/com.st.stm32cube.ide.mcu.externaltools.gnu-tools-for-stm32.11.3.rel1.win32_1.1.0.202305231506/tools/bin/../lib/gcc/arm-none-eabi/11.3.1/../../../../arm-none-eabi/lib/thumb/v7-m/nofp\libc_nano.a(libc_a-memset.o)
                0x00000000080070ec                memset
 .text.__errno  0x00000000080070fc        0xc C:/ST/STM32CubeIDE_1.13.1/STM32CubeIDE/plugins/com.st.stm32cube.ide.mcu.externaltools.gnu-tools-for-stm32.11.3.rel1.win32_1.1.0.202305231506/tools/bin/../lib/gcc/arm-none-eabi/11.3.1/../../../../arm-none-eabi/lib/thumb/v7-m/nofp\libc_nano.a(libc_a-errno.o)
                0x00000000080070fc                __errno
 .text.__libc_init_array
                0x0000000008007108       0x48 C:/ST/STM32CubeIDE_1.13.1/STM32CubeIDE/plugins/com.st.stm32cube.ide.mcu.externaltools.gnu-tools-for-stm32.11.3.rel1.win32_1.1.0.202305231506/tools/bin/../lib/gcc/arm-none-eabi/11.3.1/../../../../arm-none-eabi/lib/thumb/v7-m/nofp\libc_nano.a(libc_a-init.o)
                0x0000000008007108                __libc_init_array
 .text.__retarget_lock_acquire_recursive
                0x0000000008007150        0x2 C:/ST/STM32CubeIDE_1.13.1/STM32CubeIDE/plugins/com.st.stm32cube.ide.mcu.externaltools.gnu-tools-for-stm32.11.3.rel1.win32_1.1.0.202305231506/tools/bin/../lib/gcc/arm-none-eabi/11.3.1/../../../../arm-none-eabi/lib/thumb/v7-m/nofp\libc_nano.a(libc_a-lock.o)
                0x0000000008007150                __retarget_lock_acquire_recursive
 .text.__retarget_lock_release_recursive
                0x0000000008007152        0x2 C:/ST/STM32CubeIDE_1.13.1/STM32CubeIDE/plugins/com.st.stm32cube.ide.mcu.externaltools.gnu-tools-for-stm32.11.3.rel1.win32_1.1.0.202305231506/tools/bin/../lib/gcc/arm-none-eabi/11.3.1/../../../../arm-none-eabi/lib/thumb/v7-m/nofp\libc_nano.a(libc_a-lock.o)
                0x0000000008007152                __retarget_lock_release_recursive
 .text.memcpy   0x0000000008007154       0x1c C:/ST/STM32CubeIDE_1.13.1/STM32CubeIDE/plugins/com.st.stm32cube.ide.mcu.externaltools.gnu-tools-for-stm32.11.3.rel1.win32_1.1.0.202305231506/tools/bin/../lib/gcc/arm-none-eabi/11.3.1/../../../../arm-none-eabi/lib/thumb/v7-m/nofp\libc_nano.a(libc_a-memcpy-stub.o)
                0x0000000008007154                memcpy
 .text._free_r  0x0000000008007170       0x90 C:/ST/STM32CubeIDE_1.13.1/STM32CubeIDE/plugins/com.st.stm32cube.ide.mcu.externaltools.gnu-tools-for-stm32.11.3.rel1.win32_1.1.0.202305231506/tools/bin/../lib/gcc/arm-none-eabi/11.3.1/../../../../arm-none-eabi/lib/thumb/v7-m/nofp\libc_nano.a(libc_a-freer.o)
                0x0000000008007170                _free_r
 .text.sbrk_aligned
                0x0000000008007200       0x40 C:/ST/STM32CubeIDE_1.13.1/STM32CubeIDE/plugins/com.st.stm32cube.ide.mcu.externaltools.gnu-tools-for-stm32.11.3.rel1.win32_1.1.0.202305231506/tools/bin/../lib/gcc/arm-none-eabi/11.3.1/../../../../arm-none-eabi/lib/thumb/v7-m/nofp\libc_nano.a(libc_a-mallocr.o)
 .text._malloc_r
                0x0000000008007240      0x100 C:/ST/STM32CubeIDE_1.13.1/STM32CubeIDE/plugins/com.st.stm32cube.ide.mcu.externaltools.gnu-tools-for-stm32.11.3.rel1.win32_1.1.0.202305231506/tools/bin/../lib/gcc/arm-none-eabi/11.3.1/../../../../arm-none-eabi/lib/thumb/v7-m/nofp\libc_nano.a(libc_a-mallocr.o)
                0x0000000008007240                _malloc_r
 .text.__malloc_lock
                0x0000000008007340        0xc C:/ST/STM32CubeIDE_1.13.1/STM32CubeIDE/plugins/com.st.stm32cube.ide.mcu.externaltools.gnu-tools-for-stm32.11.3.rel1.win32_1.1.0.202305231506/tools/bin/../lib/gcc/arm-none-eabi/11.3.1/../../../../arm-none-eabi/lib/thumb/v7-m/nofp\libc_nano.a(libc_a-mlock.o)
                0x0000000008007340                __malloc_lock
 .text.__malloc_unlock
                0x000000000800734c        0xc C:/ST/STM32CubeIDE_1.13.1/STM32CubeIDE/plugins/com.st.stm32cube.ide.mcu.externaltools.gnu-tools-for-stm32.11.3.rel1.win32_1.1.0.202305231506/tools/bin/../lib/gcc/arm-none-eabi/11.3.1/../../../../arm-none-eabi/lib/thumb/v7-m/nofp\libc_nano.a(libc_a-mlock.o)
                0x000000000800734c                __malloc_unlock
 .text.__ssputs_r
                0x0000000008007358       0xb4 C:/ST/STM32CubeIDE_1.13.1/STM32CubeIDE/plugins/com.st.stm32cube.ide.mcu.externaltools.gnu-tools-for-stm32.11.3.rel1.win32_1.1.0.202305231506/tools/bin/../lib/gcc/arm-none-eabi/11.3.1/../../../../arm-none-eabi/lib/thumb/v7-m/nofp\libc_nano.a(libc_a-nano-svfprintf.o)
                0x0000000008007358                __ssputs_r
 .text._svfprintf_r
                0x000000000800740c      0x1fc C:/ST/STM32CubeIDE_1.13.1/STM32CubeIDE/plugins/com.st.stm32cube.ide.mcu.externaltools.gnu-tools-for-stm32.11.3.rel1.win32_1.1.0.202305231506/tools/bin/../lib/gcc/arm-none-eabi/11.3.1/../../../../arm-none-eabi/lib/thumb/v7-m/nofp\libc_nano.a(libc_a-nano-svfprintf.o)
                0x000000000800740c                _svfiprintf_r
                0x000000000800740c                _svfprintf_r
 .text._printf_common
                0x0000000008007608       0xe4 C:/ST/STM32CubeIDE_1.13.1/STM32CubeIDE/plugins/com.st.stm32cube.ide.mcu.externaltools.gnu-tools-for-stm32.11.3.rel1.win32_1.1.0.202305231506/tools/bin/../lib/gcc/arm-none-eabi/11.3.1/../../../../arm-none-eabi/lib/thumb/v7-m/nofp\libc_nano.a(libc_a-nano-vfprintf_i.o)
                0x0000000008007608                _printf_common
 .text._printf_i
                0x00000000080076ec      0x244 C:/ST/STM32CubeIDE_1.13.1/STM32CubeIDE/plugins/com.st.stm32cube.ide.mcu.externaltools.gnu-tools-for-stm32.11.3.rel1.win32_1.1.0.202305231506/tools/bin/../lib/gcc/arm-none-eabi/11.3.1/../../../../arm-none-eabi/lib/thumb/v7-m/nofp\libc_nano.a(libc_a-nano-vfprintf_i.o)
                0x00000000080076ec                _printf_i
 .text.memmove  0x0000000008007930       0x34 C:/ST/STM32CubeIDE_1.13.1/STM32CubeIDE/plugins/com.st.stm32cube.ide.mcu.externaltools.gnu-tools-for-stm32.11.3.rel1.win32_1.1.0.202305231506/tools/bin/../lib/gcc/arm-none-eabi/11.3.1/../../../../arm-none-eabi/lib/thumb/v7-m/nofp\libc_nano.a(libc_a-memmove.o)
                0x0000000008007930                memmove
 .text._sbrk_r  0x0000000008007964       0x20 C:/ST/STM32CubeIDE_1.13.1/STM32CubeIDE/plugins/com.st.stm32cube.ide.mcu.externaltools.gnu-tools-for-stm32.11.3.rel1.win32_1.1.0.202305231506/tools/bin/../lib/gcc/arm-none-eabi/11.3.1/../../../../arm-none-eabi/lib/thumb/v7-m/nofp\libc_nano.a(libc_a-sbrkr.o)
                0x0000000008007964                _sbrk_r
 .text.memchr   0x0000000008007984       0x1c C:/ST/STM32CubeIDE_1.13.1/STM32CubeIDE/plugins/com.st.stm32cube.ide.mcu.externaltools.gnu-tools-for-stm32.11.3.rel1.win32_1.1.0.202305231506/tools/bin/../lib/gcc/arm-none-eabi/11.3.1/../../../../arm-none-eabi/lib/thumb/v7-m/nofp\libc_nano.a(libc_a-memchr-stub.o)
                0x0000000008007984                memchr
 .text._realloc_r
                0x00000000080079a0       0x5e C:/ST/STM32CubeIDE_1.13.1/STM32CubeIDE/plugins/com.st.stm32cube.ide.mcu.externaltools.gnu-tools-for-stm32.11.3.rel1.win32_1.1.0.202305231506/tools/bin/../lib/gcc/arm-none-eabi/11.3.1/../../../../arm-none-eabi/lib/thumb/v7-m/nofp\libc_nano.a(libc_a-reallocr.o)
                0x00000000080079a0                _realloc_r
 .text._malloc_usable_size_r
                0x00000000080079fe       0x10 C:/ST/STM32CubeIDE_1.13.1/STM32CubeIDE/plugins/com.st.stm32cube.ide.mcu.externaltools.gnu-tools-for-stm32.11.3.rel1.win32_1.1.0.202305231506/tools/bin/../lib/gcc/arm-none-eabi/11.3.1/../../../../arm-none-eabi/lib/thumb/v7-m/nofp\libc_nano.a(libc_a-msizer.o)
                0x00000000080079fe                _malloc_usable_size_r
 *(.glue_7)
 .glue_7        0x0000000008007a0e        0x0 linker stubs
 *(.glue_7t)
 .glue_7t       0x0000000008007a0e        0x0 linker stubs
 *(.eh_frame)
 *fill*         0x0000000008007a0e        0x2 
 .eh_frame      0x0000000008007a10        0x0 C:/ST/STM32CubeIDE_1.13.1/STM32CubeIDE/plugins/com.st.stm32cube.ide.mcu.externaltools.gnu-tools-for-stm32.11.3.rel1.win32_1.1.0.202305231506/tools/bin/../lib/gcc/arm-none-eabi/11.3.1/thumb/v7-m/nofp/crtbegin.o
 *(.init)
 .init          0x0000000008007a10        0x4 C:/ST/STM32CubeIDE_1.13.1/STM32CubeIDE/plugins/com.st.stm32cube.ide.mcu.externaltools.gnu-tools-for-stm32.11.3.rel1.win32_1.1.0.202305231506/tools/bin/../lib/gcc/arm-none-eabi/11.3.1/thumb/v7-m/nofp/crti.o
                0x0000000008007a10                _init
 .init          0x0000000008007a14        0x8 C:/ST/STM32CubeIDE_1.13.1/STM32CubeIDE/plugins/com.st.stm32cube.ide.mcu.externaltools.gnu-tools-for-stm32.11.3.rel1.win32_1.1.0.202305231506/tools/bin/../lib/gcc/arm-none-eabi/11.3.1/thumb/v7-m/nofp/crtn.o
 *(.fini)
 .fini          0x0000000008007a1c        0x4 C:/ST/STM32CubeIDE_1.13.1/STM32CubeIDE/plugins/com.st.stm32cube.ide.mcu.externaltools.gnu-tools-for-stm32.11.3.rel1.win32_1.1.0.202305231506/tools/bin/../lib/gcc/arm-none-eabi/11.3.1/thumb/v7-m/nofp/crti.o
                0x0000000008007a1c                _fini
 .fini          0x0000000008007a20        0x8 C:/ST/STM32CubeIDE_1.13.1/STM32CubeIDE/plugins/com.st.stm32cube.ide.mcu.externaltools.gnu-tools-for-stm32.11.3.rel1.win32_1.1.0.202305231506/tools/bin/../lib/gcc/arm-none-eabi/11.3.1/thumb/v7-m/nofp/crtn.o
                0x0000000008007a28                . = ALIGN (0x4)
                0x0000000008007a28                _etext = .

.vfp11_veneer   0x0000000008007a28        0x0
 .vfp11_veneer  0x0000000008007a28        0x0 linker stubs

.v4_bx          0x0000000008007a28        0x0
 .v4_bx         0x0000000008007a28        0x0 linker stubs

.iplt           0x0000000008007a28        0x0
 .iplt          0x0000000008007a28        0x0 C:/ST/STM32CubeIDE_1.13.1/STM32CubeIDE/plugins/com.st.stm32cube.ide.mcu.externaltools.gnu-tools-for-stm32.11.3.rel1.win32_1.1.0.202305231506/tools/bin/../lib/gcc/arm-none-eabi/11.3.1/thumb/v7-m/nofp/crtbegin.o

.rodata         0x0000000008007a28       0xec
                0x0000000008007a28                . = ALIGN (0x4)
 *(.rodata)
 .rodata        0x0000000008007a28       0x50 ./Core/Src/LoRa.o
 .rodata        0x0000000008007a78       0x28 ./Core/Src/main.o
 *(.rodata*)
 .rodata.AHBPrescTable
                0x0000000008007aa0       0x10 ./Core/Src/system_stm32f1xx.o
                0x0000000008007aa0                AHBPrescTable
 .rodata.APBPrescTable
                0x0000000008007ab0        0x8 ./Core/Src/system_stm32f1xx.o
                0x0000000008007ab0                APBPrescTable
 .rodata.aPLLMULFactorTable.1
                0x0000000008007ab8       0x10 ./Drivers/STM32F1xx_HAL_Driver/Src/stm32f1xx_hal_rcc.o
 .rodata.aPredivFactorTable.0
                0x0000000008007ac8        0x2 ./Drivers/STM32F1xx_HAL_Driver/Src/stm32f1xx_hal_rcc.o
 *fill*         0x0000000008007aca        0x2 
 .rodata.aPLLMULFactorTable.1
                0x0000000008007acc       0x10 ./Drivers/STM32F1xx_HAL_Driver/Src/stm32f1xx_hal_rcc_ex.o
 .rodata.aPredivFactorTable.0
                0x0000000008007adc        0x2 ./Drivers/STM32F1xx_HAL_Driver/Src/stm32f1xx_hal_rcc_ex.o
 .rodata._svfprintf_r.str1.1
                0x0000000008007ade       0x11 C:/ST/STM32CubeIDE_1.13.1/STM32CubeIDE/plugins/com.st.stm32cube.ide.mcu.externaltools.gnu-tools-for-stm32.11.3.rel1.win32_1.1.0.202305231506/tools/bin/../lib/gcc/arm-none-eabi/11.3.1/../../../../arm-none-eabi/lib/thumb/v7-m/nofp\libc_nano.a(libc_a-nano-svfprintf.o)
 .rodata._printf_i.str1.1
                0x0000000008007aef       0x22 C:/ST/STM32CubeIDE_1.13.1/STM32CubeIDE/plugins/com.st.stm32cube.ide.mcu.externaltools.gnu-tools-for-stm32.11.3.rel1.win32_1.1.0.202305231506/tools/bin/../lib/gcc/arm-none-eabi/11.3.1/../../../../arm-none-eabi/lib/thumb/v7-m/nofp\libc_nano.a(libc_a-nano-vfprintf_i.o)
                0x0000000008007b14                . = ALIGN (0x4)
 *fill*         0x0000000008007b11        0x3 

.rel.dyn        0x0000000008007b14        0x0
 .rel.iplt      0x0000000008007b14        0x0 C:/ST/STM32CubeIDE_1.13.1/STM32CubeIDE/plugins/com.st.stm32cube.ide.mcu.externaltools.gnu-tools-for-stm32.11.3.rel1.win32_1.1.0.202305231506/tools/bin/../lib/gcc/arm-none-eabi/11.3.1/thumb/v7-m/nofp/crtbegin.o

.ARM.extab      0x0000000008007b14        0x0
                0x0000000008007b14                . = ALIGN (0x4)
 *(.ARM.extab* .gnu.linkonce.armextab.*)
                0x0000000008007b14                . = ALIGN (0x4)

.ARM            0x0000000008007b14        0x0
                0x0000000008007b14                . = ALIGN (0x4)
                0x0000000008007b14                __exidx_start = .
 *(.ARM.exidx*)
                0x0000000008007b14                __exidx_end = .
                0x0000000008007b14                . = ALIGN (0x4)

.preinit_array  0x0000000008007b14        0x0
                0x0000000008007b14                . = ALIGN (0x4)
                0x0000000008007b14                PROVIDE (__preinit_array_start = .)
 *(.preinit_array*)
                0x0000000008007b14                PROVIDE (__preinit_array_end = .)
                0x0000000008007b14                . = ALIGN (0x4)

.init_array     0x0000000008007b14        0x4
                0x0000000008007b14                . = ALIGN (0x4)
                0x0000000008007b14                PROVIDE (__init_array_start = .)
 *(SORT_BY_NAME(.init_array.*))
 *(.init_array*)
 .init_array    0x0000000008007b14        0x4 C:/ST/STM32CubeIDE_1.13.1/STM32CubeIDE/plugins/com.st.stm32cube.ide.mcu.externaltools.gnu-tools-for-stm32.11.3.rel1.win32_1.1.0.202305231506/tools/bin/../lib/gcc/arm-none-eabi/11.3.1/thumb/v7-m/nofp/crtbegin.o
                0x0000000008007b18                PROVIDE (__init_array_end = .)
                0x0000000008007b18                . = ALIGN (0x4)

.fini_array     0x0000000008007b18        0x4
                0x0000000008007b18                . = ALIGN (0x4)
                [!provide]                        PROVIDE (__fini_array_start = .)
 *(SORT_BY_NAME(.fini_array.*))
 *(.fini_array*)
 .fini_array    0x0000000008007b18        0x4 C:/ST/STM32CubeIDE_1.13.1/STM32CubeIDE/plugins/com.st.stm32cube.ide.mcu.externaltools.gnu-tools-for-stm32.11.3.rel1.win32_1.1.0.202305231506/tools/bin/../lib/gcc/arm-none-eabi/11.3.1/thumb/v7-m/nofp/crtbegin.o
                [!provide]                        PROVIDE (__fini_array_end = .)
                0x0000000008007b1c                . = ALIGN (0x4)
                0x0000000008007b1c                _sidata = LOADADDR (.data)

.data           0x0000000020000000       0x60 load address 0x0000000008007b1c
                0x0000000020000000                . = ALIGN (0x4)
                0x0000000020000000                _sdata = .
 *(.data)
 *(.data*)
 .data.bitmap   0x0000000020000000        0x2 ./Core/Src/main.o
                0x0000000020000000                bitmap
 *fill*         0x0000000020000002        0x2 
 .data.SystemCoreClock
                0x0000000020000004        0x4 ./Core/Src/system_stm32f1xx.o
                0x0000000020000004                SystemCoreClock
 .data.uwTickPrio
                0x0000000020000008        0x4 ./Drivers/STM32F1xx_HAL_Driver/Src/stm32f1xx_hal.o
                0x0000000020000008                uwTickPrio
 .data.uwTickFreq
                0x000000002000000c        0x1 ./Drivers/STM32F1xx_HAL_Driver/Src/stm32f1xx_hal.o
                0x000000002000000c                uwTickFreq
 *fill*         0x000000002000000d        0x3 
 .data._impure_data
                0x0000000020000010       0x4c C:/ST/STM32CubeIDE_1.13.1/STM32CubeIDE/plugins/com.st.stm32cube.ide.mcu.externaltools.gnu-tools-for-stm32.11.3.rel1.win32_1.1.0.202305231506/tools/bin/../lib/gcc/arm-none-eabi/11.3.1/../../../../arm-none-eabi/lib/thumb/v7-m/nofp\libc_nano.a(libc_a-impure.o)
                0x0000000020000010                _impure_data
 .data._impure_ptr
                0x000000002000005c        0x4 C:/ST/STM32CubeIDE_1.13.1/STM32CubeIDE/plugins/com.st.stm32cube.ide.mcu.externaltools.gnu-tools-for-stm32.11.3.rel1.win32_1.1.0.202305231506/tools/bin/../lib/gcc/arm-none-eabi/11.3.1/../../../../arm-none-eabi/lib/thumb/v7-m/nofp\libc_nano.a(libc_a-impure.o)
                0x000000002000005c                _impure_ptr
 *(.RamFunc)
 *(.RamFunc*)
                0x0000000020000060                . = ALIGN (0x4)
                0x0000000020000060                _edata = .

.igot.plt       0x0000000020000060        0x0 load address 0x0000000008007b7c
 .igot.plt      0x0000000020000060        0x0 C:/ST/STM32CubeIDE_1.13.1/STM32CubeIDE/plugins/com.st.stm32cube.ide.mcu.externaltools.gnu-tools-for-stm32.11.3.rel1.win32_1.1.0.202305231506/tools/bin/../lib/gcc/arm-none-eabi/11.3.1/thumb/v7-m/nofp/crtbegin.o
                0x0000000020000060                . = ALIGN (0x4)

.bss            0x0000000020000060      0x320 load address 0x0000000008007b7c
                0x0000000020000060                _sbss = .
                0x0000000020000060                __bss_start__ = _sbss
 *(.bss)
 .bss           0x0000000020000060       0x1c C:/ST/STM32CubeIDE_1.13.1/STM32CubeIDE/plugins/com.st.stm32cube.ide.mcu.externaltools.gnu-tools-for-stm32.11.3.rel1.win32_1.1.0.202305231506/tools/bin/../lib/gcc/arm-none-eabi/11.3.1/thumb/v7-m/nofp/crtbegin.o
 *(.bss*)
 .bss.payload   0x000000002000007c        0xc ./Core/Src/gateway.o
 .bss.hi2c1     0x0000000020000088       0x54 ./Core/Src/main.o
                0x0000000020000088                hi2c1
 .bss.hrtc      0x00000000200000dc       0x14 ./Core/Src/main.o
                0x00000000200000dc                hrtc
 .bss.hspi1     0x00000000200000f0       0x58 ./Core/Src/main.o
                0x00000000200000f0                hspi1
 .bss.huart1    0x0000000020000148       0x48 ./Core/Src/main.o
                0x0000000020000148                huart1
 .bss.frame     0x0000000020000190        0xc ./Core/Src/main.o
                0x0000000020000190                frame
 .bss.stt       0x000000002000019c        0x1 ./Core/Src/main.o
                0x000000002000019c                stt
 *fill*         0x000000002000019d        0x3 
 .bss.date      0x00000000200001a0        0x7 ./Core/Src/main.o
                0x00000000200001a0                date
 *fill*         0x00000000200001a7        0x1 
 .bss.Time      0x00000000200001a8        0x3 ./Core/Src/main.o
                0x00000000200001a8                Time
 .bss.Alarm_flag
                0x00000000200001ab        0x1 ./Core/Src/main.o
                0x00000000200001ab                Alarm_flag
 .bss.Rx_done_flag
                0x00000000200001ac        0x1 ./Core/Src/main.o
                0x00000000200001ac                Rx_done_flag
 *fill*         0x00000000200001ad        0x3 
 .bss.data_buff
                0x00000000200001b0        0xa ./Core/Src/main.o
                0x00000000200001b0                data_buff
 *fill*         0x00000000200001ba        0x2 
 .bss.data_payload
                0x00000000200001bc       0x70 ./Core/Src/main.o
                0x00000000200001bc                data_payload
 .bss.unjoined_node_num
                0x000000002000022c        0x1 ./Core/Src/main.o
                0x000000002000022c                unjoined_node_num
 .bss.joined_node_num
                0x000000002000022d        0x1 ./Core/Src/main.o
                0x000000002000022d                joined_node_num
 *fill*         0x000000002000022e        0x2 
 .bss.__sbrk_heap_end
                0x0000000020000230        0x4 ./Core/Src/sysmem.o
 .bss.uwTick    0x0000000020000234        0x4 ./Drivers/STM32F1xx_HAL_Driver/Src/stm32f1xx_hal.o
                0x0000000020000234                uwTick
 .bss.__sf      0x0000000020000238      0x138 C:/ST/STM32CubeIDE_1.13.1/STM32CubeIDE/plugins/com.st.stm32cube.ide.mcu.externaltools.gnu-tools-for-stm32.11.3.rel1.win32_1.1.0.202305231506/tools/bin/../lib/gcc/arm-none-eabi/11.3.1/../../../../arm-none-eabi/lib/thumb/v7-m/nofp\libc_nano.a(libc_a-findfp.o)
                0x0000000020000238                __sf
 .bss.errno     0x0000000020000370        0x4 C:/ST/STM32CubeIDE_1.13.1/STM32CubeIDE/plugins/com.st.stm32cube.ide.mcu.externaltools.gnu-tools-for-stm32.11.3.rel1.win32_1.1.0.202305231506/tools/bin/../lib/gcc/arm-none-eabi/11.3.1/../../../../arm-none-eabi/lib/thumb/v7-m/nofp\libc_nano.a(libc_a-reent.o)
                0x0000000020000370                errno
 .bss.__lock___malloc_recursive_mutex
                0x0000000020000374        0x1 C:/ST/STM32CubeIDE_1.13.1/STM32CubeIDE/plugins/com.st.stm32cube.ide.mcu.externaltools.gnu-tools-for-stm32.11.3.rel1.win32_1.1.0.202305231506/tools/bin/../lib/gcc/arm-none-eabi/11.3.1/../../../../arm-none-eabi/lib/thumb/v7-m/nofp\libc_nano.a(libc_a-lock.o)
                0x0000000020000374                __lock___malloc_recursive_mutex
 *fill*         0x0000000020000375        0x3 
 .bss.__malloc_free_list
                0x0000000020000378        0x4 C:/ST/STM32CubeIDE_1.13.1/STM32CubeIDE/plugins/com.st.stm32cube.ide.mcu.externaltools.gnu-tools-for-stm32.11.3.rel1.win32_1.1.0.202305231506/tools/bin/../lib/gcc/arm-none-eabi/11.3.1/../../../../arm-none-eabi/lib/thumb/v7-m/nofp\libc_nano.a(libc_a-mallocr.o)
                0x0000000020000378                __malloc_free_list
 .bss.__malloc_sbrk_start
                0x000000002000037c        0x4 C:/ST/STM32CubeIDE_1.13.1/STM32CubeIDE/plugins/com.st.stm32cube.ide.mcu.externaltools.gnu-tools-for-stm32.11.3.rel1.win32_1.1.0.202305231506/tools/bin/../lib/gcc/arm-none-eabi/11.3.1/../../../../arm-none-eabi/lib/thumb/v7-m/nofp\libc_nano.a(libc_a-mallocr.o)
                0x000000002000037c                __malloc_sbrk_start
 *(COMMON)
                0x0000000020000380                . = ALIGN (0x4)
                0x0000000020000380                _ebss = .
                0x0000000020000380                __bss_end__ = _ebss

._user_heap_stack
                0x0000000020000380      0x600 load address 0x0000000008007b7c
                0x0000000020000380                . = ALIGN (0x8)
                [!provide]                        PROVIDE (end = .)
                0x0000000020000380                PROVIDE (_end = .)
                0x0000000020000580                . = (. + _Min_Heap_Size)
 *fill*         0x0000000020000380      0x200 
                0x0000000020000980                . = (. + _Min_Stack_Size)
 *fill*         0x0000000020000580      0x400 
                0x0000000020000980                . = ALIGN (0x8)

/DISCARD/
 libc.a(*)
 libm.a(*)
 libgcc.a(*)

.ARM.attributes
                0x0000000000000000       0x29
 *(.ARM.attributes)
 .ARM.attributes
                0x0000000000000000       0x1d C:/ST/STM32CubeIDE_1.13.1/STM32CubeIDE/plugins/com.st.stm32cube.ide.mcu.externaltools.gnu-tools-for-stm32.11.3.rel1.win32_1.1.0.202305231506/tools/bin/../lib/gcc/arm-none-eabi/11.3.1/thumb/v7-m/nofp/crti.o
 .ARM.attributes
                0x000000000000001d       0x2d C:/ST/STM32CubeIDE_1.13.1/STM32CubeIDE/plugins/com.st.stm32cube.ide.mcu.externaltools.gnu-tools-for-stm32.11.3.rel1.win32_1.1.0.202305231506/tools/bin/../lib/gcc/arm-none-eabi/11.3.1/thumb/v7-m/nofp/crtbegin.o
 .ARM.attributes
                0x000000000000004a       0x2d ./Core/Src/DS3231.o
 .ARM.attributes
                0x0000000000000077       0x2d ./Core/Src/LoRa.o
 .ARM.attributes
                0x00000000000000a4       0x2d ./Core/Src/LoRa_network.o
 .ARM.attributes
                0x00000000000000d1       0x2d ./Core/Src/gateway.o
 .ARM.attributes
                0x00000000000000fe       0x2d ./Core/Src/main.o
 .ARM.attributes
                0x000000000000012b       0x2d ./Core/Src/stm32f1xx_hal_msp.o
 .ARM.attributes
                0x0000000000000158       0x2d ./Core/Src/stm32f1xx_it.o
 .ARM.attributes
                0x0000000000000185       0x2d ./Core/Src/sysmem.o
 .ARM.attributes
                0x00000000000001b2       0x2d ./Core/Src/system_stm32f1xx.o
 .ARM.attributes
                0x00000000000001df       0x21 ./Core/Startup/startup_stm32f103c8tx.o
 .ARM.attributes
                0x0000000000000200       0x2d ./Drivers/STM32F1xx_HAL_Driver/Src/stm32f1xx_hal.o
 .ARM.attributes
                0x000000000000022d       0x2d ./Drivers/STM32F1xx_HAL_Driver/Src/stm32f1xx_hal_cortex.o
 .ARM.attributes
                0x000000000000025a       0x2d ./Drivers/STM32F1xx_HAL_Driver/Src/stm32f1xx_hal_gpio.o
 .ARM.attributes
                0x0000000000000287       0x2d ./Drivers/STM32F1xx_HAL_Driver/Src/stm32f1xx_hal_i2c.o
 .ARM.attributes
                0x00000000000002b4       0x2d ./Drivers/STM32F1xx_HAL_Driver/Src/stm32f1xx_hal_pwr.o
 .ARM.attributes
                0x00000000000002e1       0x2d ./Drivers/STM32F1xx_HAL_Driver/Src/stm32f1xx_hal_rcc.o
 .ARM.attributes
                0x000000000000030e       0x2d ./Drivers/STM32F1xx_HAL_Driver/Src/stm32f1xx_hal_rcc_ex.o
 .ARM.attributes
                0x000000000000033b       0x2d ./Drivers/STM32F1xx_HAL_Driver/Src/stm32f1xx_hal_rtc.o
 .ARM.attributes
                0x0000000000000368       0x2d ./Drivers/STM32F1xx_HAL_Driver/Src/stm32f1xx_hal_spi.o
 .ARM.attributes
                0x0000000000000395       0x2d ./Drivers/STM32F1xx_HAL_Driver/Src/stm32f1xx_hal_uart.o
 .ARM.attributes
                0x00000000000003c2       0x2d C:/ST/STM32CubeIDE_1.13.1/STM32CubeIDE/plugins/com.st.stm32cube.ide.mcu.externaltools.gnu-tools-for-stm32.11.3.rel1.win32_1.1.0.202305231506/tools/bin/../lib/gcc/arm-none-eabi/11.3.1/../../../../arm-none-eabi/lib/thumb/v7-m/nofp\libc_nano.a(libc_a-findfp.o)
 .ARM.attributes
                0x00000000000003ef       0x2d C:/ST/STM32CubeIDE_1.13.1/STM32CubeIDE/plugins/com.st.stm32cube.ide.mcu.externaltools.gnu-tools-for-stm32.11.3.rel1.win32_1.1.0.202305231506/tools/bin/../lib/gcc/arm-none-eabi/11.3.1/../../../../arm-none-eabi/lib/thumb/v7-m/nofp\libc_nano.a(libc_a-sprintf.o)
 .ARM.attributes
                0x000000000000041c       0x2d C:/ST/STM32CubeIDE_1.13.1/STM32CubeIDE/plugins/com.st.stm32cube.ide.mcu.externaltools.gnu-tools-for-stm32.11.3.rel1.win32_1.1.0.202305231506/tools/bin/../lib/gcc/arm-none-eabi/11.3.1/../../../../arm-none-eabi/lib/thumb/v7-m/nofp\libc_nano.a(libc_a-memset.o)
 .ARM.attributes
                0x0000000000000449       0x2d C:/ST/STM32CubeIDE_1.13.1/STM32CubeIDE/plugins/com.st.stm32cube.ide.mcu.externaltools.gnu-tools-for-stm32.11.3.rel1.win32_1.1.0.202305231506/tools/bin/../lib/gcc/arm-none-eabi/11.3.1/../../../../arm-none-eabi/lib/thumb/v7-m/nofp\libc_nano.a(libc_a-reent.o)
 .ARM.attributes
                0x0000000000000476       0x2d C:/ST/STM32CubeIDE_1.13.1/STM32CubeIDE/plugins/com.st.stm32cube.ide.mcu.externaltools.gnu-tools-for-stm32.11.3.rel1.win32_1.1.0.202305231506/tools/bin/../lib/gcc/arm-none-eabi/11.3.1/../../../../arm-none-eabi/lib/thumb/v7-m/nofp\libc_nano.a(libc_a-impure.o)
 .ARM.attributes
                0x00000000000004a3       0x2d C:/ST/STM32CubeIDE_1.13.1/STM32CubeIDE/plugins/com.st.stm32cube.ide.mcu.externaltools.gnu-tools-for-stm32.11.3.rel1.win32_1.1.0.202305231506/tools/bin/../lib/gcc/arm-none-eabi/11.3.1/../../../../arm-none-eabi/lib/thumb/v7-m/nofp\libc_nano.a(libc_a-errno.o)
 .ARM.attributes
                0x00000000000004d0       0x2d C:/ST/STM32CubeIDE_1.13.1/STM32CubeIDE/plugins/com.st.stm32cube.ide.mcu.externaltools.gnu-tools-for-stm32.11.3.rel1.win32_1.1.0.202305231506/tools/bin/../lib/gcc/arm-none-eabi/11.3.1/../../../../arm-none-eabi/lib/thumb/v7-m/nofp\libc_nano.a(libc_a-init.o)
 .ARM.attributes
                0x00000000000004fd       0x2d C:/ST/STM32CubeIDE_1.13.1/STM32CubeIDE/plugins/com.st.stm32cube.ide.mcu.externaltools.gnu-tools-for-stm32.11.3.rel1.win32_1.1.0.202305231506/tools/bin/../lib/gcc/arm-none-eabi/11.3.1/../../../../arm-none-eabi/lib/thumb/v7-m/nofp\libc_nano.a(libc_a-lock.o)
 .ARM.attributes
                0x000000000000052a       0x2d C:/ST/STM32CubeIDE_1.13.1/STM32CubeIDE/plugins/com.st.stm32cube.ide.mcu.externaltools.gnu-tools-for-stm32.11.3.rel1.win32_1.1.0.202305231506/tools/bin/../lib/gcc/arm-none-eabi/11.3.1/../../../../arm-none-eabi/lib/thumb/v7-m/nofp\libc_nano.a(libc_a-memcpy-stub.o)
 .ARM.attributes
                0x0000000000000557       0x17 C:/ST/STM32CubeIDE_1.13.1/STM32CubeIDE/plugins/com.st.stm32cube.ide.mcu.externaltools.gnu-tools-for-stm32.11.3.rel1.win32_1.1.0.202305231506/tools/bin/../lib/gcc/arm-none-eabi/11.3.1/../../../../arm-none-eabi/lib/thumb/v7-m/nofp\libc_nano.a(libc_a-strlen.o)
 .ARM.attributes
                0x000000000000056e       0x2d C:/ST/STM32CubeIDE_1.13.1/STM32CubeIDE/plugins/com.st.stm32cube.ide.mcu.externaltools.gnu-tools-for-stm32.11.3.rel1.win32_1.1.0.202305231506/tools/bin/../lib/gcc/arm-none-eabi/11.3.1/../../../../arm-none-eabi/lib/thumb/v7-m/nofp\libc_nano.a(libc_a-freer.o)
 .ARM.attributes
                0x000000000000059b       0x2d C:/ST/STM32CubeIDE_1.13.1/STM32CubeIDE/plugins/com.st.stm32cube.ide.mcu.externaltools.gnu-tools-for-stm32.11.3.rel1.win32_1.1.0.202305231506/tools/bin/../lib/gcc/arm-none-eabi/11.3.1/../../../../arm-none-eabi/lib/thumb/v7-m/nofp\libc_nano.a(libc_a-mallocr.o)
 .ARM.attributes
                0x00000000000005c8       0x2d C:/ST/STM32CubeIDE_1.13.1/STM32CubeIDE/plugins/com.st.stm32cube.ide.mcu.externaltools.gnu-tools-for-stm32.11.3.rel1.win32_1.1.0.202305231506/tools/bin/../lib/gcc/arm-none-eabi/11.3.1/../../../../arm-none-eabi/lib/thumb/v7-m/nofp\libc_nano.a(libc_a-mlock.o)
 .ARM.attributes
                0x00000000000005f5       0x2d C:/ST/STM32CubeIDE_1.13.1/STM32CubeIDE/plugins/com.st.stm32cube.ide.mcu.externaltools.gnu-tools-for-stm32.11.3.rel1.win32_1.1.0.202305231506/tools/bin/../lib/gcc/arm-none-eabi/11.3.1/../../../../arm-none-eabi/lib/thumb/v7-m/nofp\libc_nano.a(libc_a-nano-svfprintf.o)
 .ARM.attributes
                0x0000000000000622       0x2d C:/ST/STM32CubeIDE_1.13.1/STM32CubeIDE/plugins/com.st.stm32cube.ide.mcu.externaltools.gnu-tools-for-stm32.11.3.rel1.win32_1.1.0.202305231506/tools/bin/../lib/gcc/arm-none-eabi/11.3.1/../../../../arm-none-eabi/lib/thumb/v7-m/nofp\libc_nano.a(libc_a-nano-vfprintf_i.o)
 .ARM.attributes
                0x000000000000064f       0x2d C:/ST/STM32CubeIDE_1.13.1/STM32CubeIDE/plugins/com.st.stm32cube.ide.mcu.externaltools.gnu-tools-for-stm32.11.3.rel1.win32_1.1.0.202305231506/tools/bin/../lib/gcc/arm-none-eabi/11.3.1/../../../../arm-none-eabi/lib/thumb/v7-m/nofp\libc_nano.a(libc_a-memmove.o)
 .ARM.attributes
                0x000000000000067c       0x2d C:/ST/STM32CubeIDE_1.13.1/STM32CubeIDE/plugins/com.st.stm32cube.ide.mcu.externaltools.gnu-tools-for-stm32.11.3.rel1.win32_1.1.0.202305231506/tools/bin/../lib/gcc/arm-none-eabi/11.3.1/../../../../arm-none-eabi/lib/thumb/v7-m/nofp\libc_nano.a(libc_a-sbrkr.o)
 .ARM.attributes
                0x00000000000006a9       0x2d C:/ST/STM32CubeIDE_1.13.1/STM32CubeIDE/plugins/com.st.stm32cube.ide.mcu.externaltools.gnu-tools-for-stm32.11.3.rel1.win32_1.1.0.202305231506/tools/bin/../lib/gcc/arm-none-eabi/11.3.1/../../../../arm-none-eabi/lib/thumb/v7-m/nofp\libc_nano.a(libc_a-memchr-stub.o)
 .ARM.attributes
                0x00000000000006d6       0x2d C:/ST/STM32CubeIDE_1.13.1/STM32CubeIDE/plugins/com.st.stm32cube.ide.mcu.externaltools.gnu-tools-for-stm32.11.3.rel1.win32_1.1.0.202305231506/tools/bin/../lib/gcc/arm-none-eabi/11.3.1/../../../../arm-none-eabi/lib/thumb/v7-m/nofp\libc_nano.a(libc_a-reallocr.o)
 .ARM.attributes
                0x0000000000000703       0x2d C:/ST/STM32CubeIDE_1.13.1/STM32CubeIDE/plugins/com.st.stm32cube.ide.mcu.externaltools.gnu-tools-for-stm32.11.3.rel1.win32_1.1.0.202305231506/tools/bin/../lib/gcc/arm-none-eabi/11.3.1/../../../../arm-none-eabi/lib/thumb/v7-m/nofp\libc_nano.a(libc_a-msizer.o)
 .ARM.attributes
                0x0000000000000730       0x1d C:/ST/STM32CubeIDE_1.13.1/STM32CubeIDE/plugins/com.st.stm32cube.ide.mcu.externaltools.gnu-tools-for-stm32.11.3.rel1.win32_1.1.0.202305231506/tools/bin/../lib/gcc/arm-none-eabi/11.3.1/thumb/v7-m/nofp\libgcc.a(_arm_addsubdf3.o)
 .ARM.attributes
                0x000000000000074d       0x1d C:/ST/STM32CubeIDE_1.13.1/STM32CubeIDE/plugins/com.st.stm32cube.ide.mcu.externaltools.gnu-tools-for-stm32.11.3.rel1.win32_1.1.0.202305231506/tools/bin/../lib/gcc/arm-none-eabi/11.3.1/thumb/v7-m/nofp\libgcc.a(_arm_muldivdf3.o)
 .ARM.attributes
                0x000000000000076a       0x1d C:/ST/STM32CubeIDE_1.13.1/STM32CubeIDE/plugins/com.st.stm32cube.ide.mcu.externaltools.gnu-tools-for-stm32.11.3.rel1.win32_1.1.0.202305231506/tools/bin/../lib/gcc/arm-none-eabi/11.3.1/thumb/v7-m/nofp\libgcc.a(_arm_fixdfsi.o)
 .ARM.attributes
                0x0000000000000787       0x1d C:/ST/STM32CubeIDE_1.13.1/STM32CubeIDE/plugins/com.st.stm32cube.ide.mcu.externaltools.gnu-tools-for-stm32.11.3.rel1.win32_1.1.0.202305231506/tools/bin/../lib/gcc/arm-none-eabi/11.3.1/thumb/v7-m/nofp/crtn.o
OUTPUT(Gateway.elf elf32-littlearm)
LOAD linker stubs
LOAD C:/ST/STM32CubeIDE_1.13.1/STM32CubeIDE/plugins/com.st.stm32cube.ide.mcu.externaltools.gnu-tools-for-stm32.11.3.rel1.win32_1.1.0.202305231506/tools/bin/../lib/gcc/arm-none-eabi/11.3.1/../../../../arm-none-eabi/lib/thumb/v7-m/nofp\libc.a
LOAD C:/ST/STM32CubeIDE_1.13.1/STM32CubeIDE/plugins/com.st.stm32cube.ide.mcu.externaltools.gnu-tools-for-stm32.11.3.rel1.win32_1.1.0.202305231506/tools/bin/../lib/gcc/arm-none-eabi/11.3.1/../../../../arm-none-eabi/lib/thumb/v7-m/nofp\libm.a
LOAD C:/ST/STM32CubeIDE_1.13.1/STM32CubeIDE/plugins/com.st.stm32cube.ide.mcu.externaltools.gnu-tools-for-stm32.11.3.rel1.win32_1.1.0.202305231506/tools/bin/../lib/gcc/arm-none-eabi/11.3.1/thumb/v7-m/nofp\libgcc.a

.comment        0x0000000000000000       0x43
 .comment       0x0000000000000000       0x43 C:/ST/STM32CubeIDE_1.13.1/STM32CubeIDE/plugins/com.st.stm32cube.ide.mcu.externaltools.gnu-tools-for-stm32.11.3.rel1.win32_1.1.0.202305231506/tools/bin/../lib/gcc/arm-none-eabi/11.3.1/thumb/v7-m/nofp/crtbegin.o
                                         0x44 (size before relaxing)
 .comment       0x0000000000000043       0x44 ./Core/Src/DS3231.o
 .comment       0x0000000000000043       0x44 ./Core/Src/LoRa.o
 .comment       0x0000000000000043       0x44 ./Core/Src/LoRa_network.o
 .comment       0x0000000000000043       0x44 ./Core/Src/gateway.o
 .comment       0x0000000000000043       0x44 ./Core/Src/main.o
 .comment       0x0000000000000043       0x44 ./Core/Src/stm32f1xx_hal_msp.o
 .comment       0x0000000000000043       0x44 ./Core/Src/stm32f1xx_it.o
 .comment       0x0000000000000043       0x44 ./Core/Src/sysmem.o
 .comment       0x0000000000000043       0x44 ./Core/Src/system_stm32f1xx.o
 .comment       0x0000000000000043       0x44 ./Drivers/STM32F1xx_HAL_Driver/Src/stm32f1xx_hal.o
 .comment       0x0000000000000043       0x44 ./Drivers/STM32F1xx_HAL_Driver/Src/stm32f1xx_hal_cortex.o
 .comment       0x0000000000000043       0x44 ./Drivers/STM32F1xx_HAL_Driver/Src/stm32f1xx_hal_gpio.o
 .comment       0x0000000000000043       0x44 ./Drivers/STM32F1xx_HAL_Driver/Src/stm32f1xx_hal_i2c.o
 .comment       0x0000000000000043       0x44 ./Drivers/STM32F1xx_HAL_Driver/Src/stm32f1xx_hal_pwr.o
 .comment       0x0000000000000043       0x44 ./Drivers/STM32F1xx_HAL_Driver/Src/stm32f1xx_hal_rcc.o
 .comment       0x0000000000000043       0x44 ./Drivers/STM32F1xx_HAL_Driver/Src/stm32f1xx_hal_rcc_ex.o
 .comment       0x0000000000000043       0x44 ./Drivers/STM32F1xx_HAL_Driver/Src/stm32f1xx_hal_rtc.o
 .comment       0x0000000000000043       0x44 ./Drivers/STM32F1xx_HAL_Driver/Src/stm32f1xx_hal_spi.o
 .comment       0x0000000000000043       0x44 ./Drivers/STM32F1xx_HAL_Driver/Src/stm32f1xx_hal_uart.o

.debug_info     0x0000000000000000    0x10a51
 .debug_info    0x0000000000000000      0x81e ./Core/Src/DS3231.o
 .debug_info    0x000000000000081e      0xe02 ./Core/Src/LoRa.o
 .debug_info    0x0000000000001620      0xf85 ./Core/Src/LoRa_network.o
 .debug_info    0x00000000000025a5     0x1080 ./Core/Src/gateway.o
 .debug_info    0x0000000000003625     0x1db9 ./Core/Src/main.o
 .debug_info    0x00000000000053de     0x11ba ./Core/Src/stm32f1xx_hal_msp.o
 .debug_info    0x0000000000006598      0x368 ./Core/Src/stm32f1xx_it.o
 .debug_info    0x0000000000006900      0x168 ./Core/Src/sysmem.o
 .debug_info    0x0000000000006a68      0x222 ./Core/Src/system_stm32f1xx.o
 .debug_info    0x0000000000006c8a       0x23 ./Core/Startup/startup_stm32f103c8tx.o
 .debug_info    0x0000000000006cad      0x704 ./Drivers/STM32F1xx_HAL_Driver/Src/stm32f1xx_hal.o
 .debug_info    0x00000000000073b1      0xa87 ./Drivers/STM32F1xx_HAL_Driver/Src/stm32f1xx_hal_cortex.o
 .debug_info    0x0000000000007e38      0x5ab ./Drivers/STM32F1xx_HAL_Driver/Src/stm32f1xx_hal_gpio.o
 .debug_info    0x00000000000083e3     0x2524 ./Drivers/STM32F1xx_HAL_Driver/Src/stm32f1xx_hal_i2c.o
 .debug_info    0x000000000000a907      0x628 ./Drivers/STM32F1xx_HAL_Driver/Src/stm32f1xx_hal_pwr.o
 .debug_info    0x000000000000af2f      0x7d5 ./Drivers/STM32F1xx_HAL_Driver/Src/stm32f1xx_hal_rcc.o
 .debug_info    0x000000000000b704      0x3c0 ./Drivers/STM32F1xx_HAL_Driver/Src/stm32f1xx_hal_rcc_ex.o
 .debug_info    0x000000000000bac4      0xc73 ./Drivers/STM32F1xx_HAL_Driver/Src/stm32f1xx_hal_rtc.o
 .debug_info    0x000000000000c737     0x142d ./Drivers/STM32F1xx_HAL_Driver/Src/stm32f1xx_hal_spi.o
 .debug_info    0x000000000000db64     0x2eed ./Drivers/STM32F1xx_HAL_Driver/Src/stm32f1xx_hal_uart.o

.debug_abbrev   0x0000000000000000     0x297e
 .debug_abbrev  0x0000000000000000      0x1fc ./Core/Src/DS3231.o
 .debug_abbrev  0x00000000000001fc      0x28a ./Core/Src/LoRa.o
 .debug_abbrev  0x0000000000000486      0x262 ./Core/Src/LoRa_network.o
 .debug_abbrev  0x00000000000006e8      0x2b4 ./Core/Src/gateway.o
 .debug_abbrev  0x000000000000099c      0x314 ./Core/Src/main.o
 .debug_abbrev  0x0000000000000cb0      0x21f ./Core/Src/stm32f1xx_hal_msp.o
 .debug_abbrev  0x0000000000000ecf      0x15f ./Core/Src/stm32f1xx_it.o
 .debug_abbrev  0x000000000000102e       0xbc ./Core/Src/sysmem.o
 .debug_abbrev  0x00000000000010ea      0x13f ./Core/Src/system_stm32f1xx.o
 .debug_abbrev  0x0000000000001229       0x12 ./Core/Startup/startup_stm32f103c8tx.o
 .debug_abbrev  0x000000000000123b      0x201 ./Drivers/STM32F1xx_HAL_Driver/Src/stm32f1xx_hal.o
 .debug_abbrev  0x000000000000143c      0x2f8 ./Drivers/STM32F1xx_HAL_Driver/Src/stm32f1xx_hal_cortex.o
 .debug_abbrev  0x0000000000001734      0x1ca ./Drivers/STM32F1xx_HAL_Driver/Src/stm32f1xx_hal_gpio.o
 .debug_abbrev  0x00000000000018fe      0x2a3 ./Drivers/STM32F1xx_HAL_Driver/Src/stm32f1xx_hal_i2c.o
 .debug_abbrev  0x0000000000001ba1      0x1f6 ./Drivers/STM32F1xx_HAL_Driver/Src/stm32f1xx_hal_pwr.o
 .debug_abbrev  0x0000000000001d97      0x2b3 ./Drivers/STM32F1xx_HAL_Driver/Src/stm32f1xx_hal_rcc.o
 .debug_abbrev  0x000000000000204a      0x188 ./Drivers/STM32F1xx_HAL_Driver/Src/stm32f1xx_hal_rcc_ex.o
 .debug_abbrev  0x00000000000021d2      0x23a ./Drivers/STM32F1xx_HAL_Driver/Src/stm32f1xx_hal_rtc.o
 .debug_abbrev  0x000000000000240c      0x27a ./Drivers/STM32F1xx_HAL_Driver/Src/stm32f1xx_hal_spi.o
 .debug_abbrev  0x0000000000002686      0x2f8 ./Drivers/STM32F1xx_HAL_Driver/Src/stm32f1xx_hal_uart.o

.debug_aranges  0x0000000000000000      0xf08
 .debug_aranges
                0x0000000000000000       0x40 ./Core/Src/DS3231.o
 .debug_aranges
                0x0000000000000040       0xc8 ./Core/Src/LoRa.o
 .debug_aranges
                0x0000000000000108       0x90 ./Core/Src/LoRa_network.o
 .debug_aranges
                0x0000000000000198       0x98 ./Core/Src/gateway.o
 .debug_aranges
                0x0000000000000230       0x80 ./Core/Src/main.o
 .debug_aranges
                0x00000000000002b0       0x60 ./Core/Src/stm32f1xx_hal_msp.o
 .debug_aranges
                0x0000000000000310       0x70 ./Core/Src/stm32f1xx_it.o
 .debug_aranges
                0x0000000000000380       0x20 ./Core/Src/sysmem.o
 .debug_aranges
                0x00000000000003a0       0x28 ./Core/Src/system_stm32f1xx.o
 .debug_aranges
                0x00000000000003c8       0x28 ./Core/Startup/startup_stm32f103c8tx.o
 .debug_aranges
                0x00000000000003f0       0xe0 ./Drivers/STM32F1xx_HAL_Driver/Src/stm32f1xx_hal.o
 .debug_aranges
                0x00000000000004d0      0x100 ./Drivers/STM32F1xx_HAL_Driver/Src/stm32f1xx_hal_cortex.o
 .debug_aranges
                0x00000000000005d0       0x58 ./Drivers/STM32F1xx_HAL_Driver/Src/stm32f1xx_hal_gpio.o
 .debug_aranges
                0x0000000000000628      0x2a8 ./Drivers/STM32F1xx_HAL_Driver/Src/stm32f1xx_hal_i2c.o
 .debug_aranges
                0x00000000000008d0       0xa8 ./Drivers/STM32F1xx_HAL_Driver/Src/stm32f1xx_hal_pwr.o
 .debug_aranges
                0x0000000000000978       0x90 ./Drivers/STM32F1xx_HAL_Driver/Src/stm32f1xx_hal_rcc.o
 .debug_aranges
                0x0000000000000a08       0x30 ./Drivers/STM32F1xx_HAL_Driver/Src/stm32f1xx_hal_rcc_ex.o
 .debug_aranges
                0x0000000000000a38       0xf8 ./Drivers/STM32F1xx_HAL_Driver/Src/stm32f1xx_hal_rtc.o
 .debug_aranges
                0x0000000000000b30      0x1d0 ./Drivers/STM32F1xx_HAL_Driver/Src/stm32f1xx_hal_spi.o
 .debug_aranges
                0x0000000000000d00      0x208 ./Drivers/STM32F1xx_HAL_Driver/Src/stm32f1xx_hal_uart.o

.debug_rnglists
                0x0000000000000000      0xba5
 .debug_rnglists
                0x0000000000000000       0x2d ./Core/Src/DS3231.o
 .debug_rnglists
                0x000000000000002d       0x96 ./Core/Src/LoRa.o
 .debug_rnglists
                0x00000000000000c3       0x69 ./Core/Src/LoRa_network.o
 .debug_rnglists
                0x000000000000012c       0x73 ./Core/Src/gateway.o
 .debug_rnglists
                0x000000000000019f       0x61 ./Core/Src/main.o
 .debug_rnglists
                0x0000000000000200       0x45 ./Core/Src/stm32f1xx_hal_msp.o
 .debug_rnglists
                0x0000000000000245       0x4f ./Core/Src/stm32f1xx_it.o
 .debug_rnglists
                0x0000000000000294       0x13 ./Core/Src/sysmem.o
 .debug_rnglists
                0x00000000000002a7       0x1a ./Core/Src/system_stm32f1xx.o
 .debug_rnglists
                0x00000000000002c1       0x19 ./Core/Startup/startup_stm32f103c8tx.o
 .debug_rnglists
                0x00000000000002da       0xa3 ./Drivers/STM32F1xx_HAL_Driver/Src/stm32f1xx_hal.o
 .debug_rnglists
                0x000000000000037d       0xbb ./Drivers/STM32F1xx_HAL_Driver/Src/stm32f1xx_hal_cortex.o
 .debug_rnglists
                0x0000000000000438       0x3f ./Drivers/STM32F1xx_HAL_Driver/Src/stm32f1xx_hal_gpio.o
 .debug_rnglists
                0x0000000000000477      0x23c ./Drivers/STM32F1xx_HAL_Driver/Src/stm32f1xx_hal_i2c.o
 .debug_rnglists
                0x00000000000006b3       0x7a ./Drivers/STM32F1xx_HAL_Driver/Src/stm32f1xx_hal_pwr.o
 .debug_rnglists
                0x000000000000072d       0x6c ./Drivers/STM32F1xx_HAL_Driver/Src/stm32f1xx_hal_rcc.o
 .debug_rnglists
                0x0000000000000799       0x21 ./Drivers/STM32F1xx_HAL_Driver/Src/stm32f1xx_hal_rcc_ex.o
 .debug_rnglists
                0x00000000000007ba       0xc1 ./Drivers/STM32F1xx_HAL_Driver/Src/stm32f1xx_hal_rtc.o
 .debug_rnglists
                0x000000000000087b      0x16e ./Drivers/STM32F1xx_HAL_Driver/Src/stm32f1xx_hal_spi.o
 .debug_rnglists
                0x00000000000009e9      0x1bc ./Drivers/STM32F1xx_HAL_Driver/Src/stm32f1xx_hal_uart.o

.debug_macro    0x0000000000000000    0x18ded
 .debug_macro   0x0000000000000000      0x1d5 ./Core/Src/DS3231.o
 .debug_macro   0x00000000000001d5      0xa9c ./Core/Src/DS3231.o
 .debug_macro   0x0000000000000c71      0x227 ./Core/Src/DS3231.o
 .debug_macro   0x0000000000000e98       0x2e ./Core/Src/DS3231.o
 .debug_macro   0x0000000000000ec6       0x22 ./Core/Src/DS3231.o
 .debug_macro   0x0000000000000ee8       0x22 ./Core/Src/DS3231.o
 .debug_macro   0x0000000000000f0a       0x8e ./Core/Src/DS3231.o
 .debug_macro   0x0000000000000f98       0x51 ./Core/Src/DS3231.o
 .debug_macro   0x0000000000000fe9      0x103 ./Core/Src/DS3231.o
 .debug_macro   0x00000000000010ec       0x6a ./Core/Src/DS3231.o
 .debug_macro   0x0000000000001156      0x1df ./Core/Src/DS3231.o
 .debug_macro   0x0000000000001335       0x1c ./Core/Src/DS3231.o
 .debug_macro   0x0000000000001351       0x22 ./Core/Src/DS3231.o
 .debug_macro   0x0000000000001373       0xbd ./Core/Src/DS3231.o
 .debug_macro   0x0000000000001430      0xd23 ./Core/Src/DS3231.o
 .debug_macro   0x0000000000002153     0xe09e ./Core/Src/DS3231.o
 .debug_macro   0x00000000000101f1       0x6d ./Core/Src/DS3231.o
 .debug_macro   0x000000000001025e     0x34a2 ./Core/Src/DS3231.o
 .debug_macro   0x0000000000013700      0x174 ./Core/Src/DS3231.o
 .debug_macro   0x0000000000013874       0x5c ./Core/Src/DS3231.o
 .debug_macro   0x00000000000138d0      0x5bc ./Core/Src/DS3231.o
 .debug_macro   0x0000000000013e8c      0x289 ./Core/Src/DS3231.o
 .debug_macro   0x0000000000014115      0x1cb ./Core/Src/DS3231.o
 .debug_macro   0x00000000000142e0      0x114 ./Core/Src/DS3231.o
 .debug_macro   0x00000000000143f4      0x1b2 ./Core/Src/DS3231.o
 .debug_macro   0x00000000000145a6       0x27 ./Core/Src/DS3231.o
 .debug_macro   0x00000000000145cd      0x136 ./Core/Src/DS3231.o
 .debug_macro   0x0000000000014703      0x1bc ./Core/Src/DS3231.o
 .debug_macro   0x00000000000148bf       0x34 ./Core/Src/DS3231.o
 .debug_macro   0x00000000000148f3       0x3c ./Core/Src/DS3231.o
 .debug_macro   0x000000000001492f       0x57 ./Core/Src/DS3231.o
 .debug_macro   0x0000000000014986       0x87 ./Core/Src/DS3231.o
 .debug_macro   0x0000000000014a0d      0x240 ./Core/Src/DS3231.o
 .debug_macro   0x0000000000014c4d      0x287 ./Core/Src/DS3231.o
 .debug_macro   0x0000000000014ed4      0x140 ./Core/Src/DS3231.o
 .debug_macro   0x0000000000015014      0x1ef ./Core/Src/DS3231.o
 .debug_macro   0x0000000000015203       0xeb ./Core/Src/DS3231.o
 .debug_macro   0x00000000000152ee      0x217 ./Core/Src/DS3231.o
 .debug_macro   0x0000000000015505      0x28e ./Core/Src/DS3231.o
 .debug_macro   0x0000000000015793       0x83 ./Core/Src/DS3231.o
 .debug_macro   0x0000000000015816       0x52 ./Core/Src/DS3231.o
 .debug_macro   0x0000000000015868      0x1d4 ./Core/Src/LoRa.o
 .debug_macro   0x0000000000015a3c      0x178 ./Core/Src/LoRa.o
 .debug_macro   0x0000000000015bb4      0x2be ./Core/Src/LoRa_network.o
 .debug_macro   0x0000000000015e72       0x5b ./Core/Src/LoRa_network.o
 .debug_macro   0x0000000000015ecd       0x24 ./Core/Src/LoRa_network.o
 .debug_macro   0x0000000000015ef1       0x94 ./Core/Src/LoRa_network.o
 .debug_macro   0x0000000000015f85       0x43 ./Core/Src/LoRa_network.o
 .debug_macro   0x0000000000015fc8       0x34 ./Core/Src/LoRa_network.o
 .debug_macro   0x0000000000015ffc       0x16 ./Core/Src/LoRa_network.o
 .debug_macro   0x0000000000016012       0x57 ./Core/Src/LoRa_network.o
 .debug_macro   0x0000000000016069       0x97 ./Core/Src/LoRa_network.o
 .debug_macro   0x0000000000016100      0x369 ./Core/Src/LoRa_network.o
 .debug_macro   0x0000000000016469       0xfd ./Core/Src/LoRa_network.o
 .debug_macro   0x0000000000016566       0x10 ./Core/Src/LoRa_network.o
 .debug_macro   0x0000000000016576       0x16 ./Core/Src/LoRa_network.o
 .debug_macro   0x000000000001658c       0x43 ./Core/Src/LoRa_network.o
 .debug_macro   0x00000000000165cf       0x34 ./Core/Src/LoRa_network.o
 .debug_macro   0x0000000000016603       0x10 ./Core/Src/LoRa_network.o
 .debug_macro   0x0000000000016613       0x58 ./Core/Src/LoRa_network.o
 .debug_macro   0x000000000001666b       0x8e ./Core/Src/LoRa_network.o
 .debug_macro   0x00000000000166f9       0x1c ./Core/Src/LoRa_network.o
 .debug_macro   0x0000000000016715      0x177 ./Core/Src/LoRa_network.o
 .debug_macro   0x000000000001688c       0x16 ./Core/Src/LoRa_network.o
 .debug_macro   0x00000000000168a2       0x16 ./Core/Src/LoRa_network.o
 .debug_macro   0x00000000000168b8      0x147 ./Core/Src/LoRa_network.o
 .debug_macro   0x00000000000169ff       0x56 ./Core/Src/LoRa_network.o
 .debug_macro   0x0000000000016a55       0x10 ./Core/Src/LoRa_network.o
 .debug_macro   0x0000000000016a65       0x76 ./Core/Src/LoRa_network.o
 .debug_macro   0x0000000000016adb      0x2c8 ./Core/Src/gateway.o
 .debug_macro   0x0000000000016da3      0x2f8 ./Core/Src/main.o
 .debug_macro   0x000000000001709b       0x61 ./Core/Src/main.o
 .debug_macro   0x00000000000170fc       0x35 ./Core/Src/main.o
 .debug_macro   0x0000000000017131      0x17e ./Core/Src/main.o
 .debug_macro   0x00000000000172af       0x16 ./Core/Src/main.o
 .debug_macro   0x00000000000172c5       0x20 ./Core/Src/main.o
 .debug_macro   0x00000000000172e5      0x1c5 ./Core/Src/stm32f1xx_hal_msp.o
 .debug_macro   0x00000000000174aa      0x1cf ./Core/Src/stm32f1xx_it.o
 .debug_macro   0x0000000000017679       0xff ./Core/Src/sysmem.o
 .debug_macro   0x0000000000017778      0x23c ./Core/Src/sysmem.o
 .debug_macro   0x00000000000179b4      0x1b6 ./Core/Src/system_stm32f1xx.o
 .debug_macro   0x0000000000017b6a      0x1da ./Drivers/STM32F1xx_HAL_Driver/Src/stm32f1xx_hal.o
 .debug_macro   0x0000000000017d44      0x1b6 ./Drivers/STM32F1xx_HAL_Driver/Src/stm32f1xx_hal_cortex.o
 .debug_macro   0x0000000000017efa      0x221 ./Drivers/STM32F1xx_HAL_Driver/Src/stm32f1xx_hal_gpio.o
 .debug_macro   0x000000000001811b      0x204 ./Drivers/STM32F1xx_HAL_Driver/Src/stm32f1xx_hal_i2c.o
 .debug_macro   0x000000000001831f      0x216 ./Drivers/STM32F1xx_HAL_Driver/Src/stm32f1xx_hal_pwr.o
 .debug_macro   0x0000000000018535      0x1c8 ./Drivers/STM32F1xx_HAL_Driver/Src/stm32f1xx_hal_rcc.o
 .debug_macro   0x00000000000186fd      0x1b6 ./Drivers/STM32F1xx_HAL_Driver/Src/stm32f1xx_hal_rcc_ex.o
 .debug_macro   0x00000000000188b3      0x1c5 ./Drivers/STM32F1xx_HAL_Driver/Src/stm32f1xx_hal_rtc.o
 .debug_macro   0x0000000000018a78      0x1be ./Drivers/STM32F1xx_HAL_Driver/Src/stm32f1xx_hal_spi.o
 .debug_macro   0x0000000000018c36      0x1b7 ./Drivers/STM32F1xx_HAL_Driver/Src/stm32f1xx_hal_uart.o

.debug_line     0x0000000000000000    0x12bee
 .debug_line    0x0000000000000000      0x7ff ./Core/Src/DS3231.o
 .debug_line    0x00000000000007ff      0xbd1 ./Core/Src/LoRa.o
 .debug_line    0x00000000000013d0      0xbd8 ./Core/Src/LoRa_network.o
 .debug_line    0x0000000000001fa8      0xd25 ./Core/Src/gateway.o
 .debug_line    0x0000000000002ccd      0xe8e ./Core/Src/main.o
 .debug_line    0x0000000000003b5b      0x859 ./Core/Src/stm32f1xx_hal_msp.o
 .debug_line    0x00000000000043b4      0x81d ./Core/Src/stm32f1xx_it.o
 .debug_line    0x0000000000004bd1      0x579 ./Core/Src/sysmem.o
 .debug_line    0x000000000000514a      0x7a9 ./Core/Src/system_stm32f1xx.o
 .debug_line    0x00000000000058f3       0x78 ./Core/Startup/startup_stm32f103c8tx.o
 .debug_line    0x000000000000596b      0x9d6 ./Drivers/STM32F1xx_HAL_Driver/Src/stm32f1xx_hal.o
 .debug_line    0x0000000000006341      0xbbe ./Drivers/STM32F1xx_HAL_Driver/Src/stm32f1xx_hal_cortex.o
 .debug_line    0x0000000000006eff      0xa6f ./Drivers/STM32F1xx_HAL_Driver/Src/stm32f1xx_hal_gpio.o
 .debug_line    0x000000000000796e     0x3b7d ./Drivers/STM32F1xx_HAL_Driver/Src/stm32f1xx_hal_i2c.o
 .debug_line    0x000000000000b4eb      0x958 ./Drivers/STM32F1xx_HAL_Driver/Src/stm32f1xx_hal_pwr.o
 .debug_line    0x000000000000be43      0xddf ./Drivers/STM32F1xx_HAL_Driver/Src/stm32f1xx_hal_rcc.o
 .debug_line    0x000000000000cc22      0x91a ./Drivers/STM32F1xx_HAL_Driver/Src/stm32f1xx_hal_rcc_ex.o
 .debug_line    0x000000000000d53c     0x1148 ./Drivers/STM32F1xx_HAL_Driver/Src/stm32f1xx_hal_rtc.o
 .debug_line    0x000000000000e684     0x1cd0 ./Drivers/STM32F1xx_HAL_Driver/Src/stm32f1xx_hal_spi.o
 .debug_line    0x0000000000010354     0x289a ./Drivers/STM32F1xx_HAL_Driver/Src/stm32f1xx_hal_uart.o

.debug_str      0x0000000000000000    0x8959e
 .debug_str     0x0000000000000000    0x812c0 ./Core/Src/DS3231.o
                                      0x8169c (size before relaxing)
 .debug_str     0x00000000000812c0      0x86a ./Core/Src/LoRa.o
                                      0x81c2e (size before relaxing)
 .debug_str     0x0000000000081b2a     0x3daa ./Core/Src/LoRa_network.o
                                      0x8581c (size before relaxing)
 .debug_str     0x00000000000858d4      0x302 ./Core/Src/gateway.o
                                      0x858e7 (size before relaxing)
 .debug_str     0x0000000000085bd6      0x8d9 ./Core/Src/main.o
                                      0x864ac (size before relaxing)
 .debug_str     0x00000000000864af      0x113 ./Core/Src/stm32f1xx_hal_msp.o
                                      0x81ef3 (size before relaxing)
 .debug_str     0x00000000000865c2      0x122 ./Core/Src/stm32f1xx_it.o
                                      0x813af (size before relaxing)
 .debug_str     0x00000000000866e4      0x4dc ./Core/Src/sysmem.o
                                       0x5fe8 (size before relaxing)
 .debug_str     0x0000000000086bc0       0x7e ./Core/Src/system_stm32f1xx.o
                                      0x81083 (size before relaxing)
 .debug_str     0x0000000000086c3e       0x34 ./Core/Startup/startup_stm32f103c8tx.o
                                         0x52 (size before relaxing)
 .debug_str     0x0000000000086c72      0x36e ./Drivers/STM32F1xx_HAL_Driver/Src/stm32f1xx_hal.o
                                      0x817b6 (size before relaxing)
 .debug_str     0x0000000000086fe0      0x28a ./Drivers/STM32F1xx_HAL_Driver/Src/stm32f1xx_hal_cortex.o
                                      0x81702 (size before relaxing)
 .debug_str     0x000000000008726a      0x29a ./Drivers/STM32F1xx_HAL_Driver/Src/stm32f1xx_hal_gpio.o
                                      0x81409 (size before relaxing)
 .debug_str     0x0000000000087504      0xb9b ./Drivers/STM32F1xx_HAL_Driver/Src/stm32f1xx_hal_i2c.o
                                      0x8214a (size before relaxing)
 .debug_str     0x000000000008809f      0x4f5 ./Drivers/STM32F1xx_HAL_Driver/Src/stm32f1xx_hal_pwr.o
                                      0x815ba (size before relaxing)
 .debug_str     0x0000000000088594      0x1fd ./Drivers/STM32F1xx_HAL_Driver/Src/stm32f1xx_hal_rcc.o
                                      0x814b2 (size before relaxing)
 .debug_str     0x0000000000088791       0x95 ./Drivers/STM32F1xx_HAL_Driver/Src/stm32f1xx_hal_rcc_ex.o
                                      0x81202 (size before relaxing)
 .debug_str     0x0000000000088826      0x27a ./Drivers/STM32F1xx_HAL_Driver/Src/stm32f1xx_hal_rtc.o
                                      0x8158e (size before relaxing)
 .debug_str     0x0000000000088aa0      0x4fd ./Drivers/STM32F1xx_HAL_Driver/Src/stm32f1xx_hal_spi.o
                                      0x819a9 (size before relaxing)
 .debug_str     0x0000000000088f9d      0x601 ./Drivers/STM32F1xx_HAL_Driver/Src/stm32f1xx_hal_uart.o
                                      0x81b23 (size before relaxing)

.debug_frame    0x0000000000000000     0x445c
 .debug_frame   0x0000000000000000       0xd8 ./Core/Src/DS3231.o
 .debug_frame   0x00000000000000d8      0x338 ./Core/Src/LoRa.o
 .debug_frame   0x0000000000000410      0x244 ./Core/Src/LoRa_network.o
 .debug_frame   0x0000000000000654      0x270 ./Core/Src/gateway.o
 .debug_frame   0x00000000000008c4      0x1e4 ./Core/Src/main.o
 .debug_frame   0x0000000000000aa8      0x158 ./Core/Src/stm32f1xx_hal_msp.o
 .debug_frame   0x0000000000000c00      0x13c ./Core/Src/stm32f1xx_it.o
 .debug_frame   0x0000000000000d3c       0x34 ./Core/Src/sysmem.o
 .debug_frame   0x0000000000000d70       0x58 ./Core/Src/system_stm32f1xx.o
 .debug_frame   0x0000000000000dc8      0x334 ./Drivers/STM32F1xx_HAL_Driver/Src/stm32f1xx_hal.o
 .debug_frame   0x00000000000010fc      0x428 ./Drivers/STM32F1xx_HAL_Driver/Src/stm32f1xx_hal_cortex.o
 .debug_frame   0x0000000000001524      0x14c ./Drivers/STM32F1xx_HAL_Driver/Src/stm32f1xx_hal_gpio.o
 .debug_frame   0x0000000000001670      0xc84 ./Drivers/STM32F1xx_HAL_Driver/Src/stm32f1xx_hal_i2c.o
 .debug_frame   0x00000000000022f4      0x270 ./Drivers/STM32F1xx_HAL_Driver/Src/stm32f1xx_hal_pwr.o
 .debug_frame   0x0000000000002564      0x218 ./Drivers/STM32F1xx_HAL_Driver/Src/stm32f1xx_hal_rcc.o
 .debug_frame   0x000000000000277c       0x80 ./Drivers/STM32F1xx_HAL_Driver/Src/stm32f1xx_hal_rcc_ex.o
 .debug_frame   0x00000000000027fc      0x434 ./Drivers/STM32F1xx_HAL_Driver/Src/stm32f1xx_hal_rtc.o
 .debug_frame   0x0000000000002c30      0x824 ./Drivers/STM32F1xx_HAL_Driver/Src/stm32f1xx_hal_spi.o
 .debug_frame   0x0000000000003454      0x944 ./Drivers/STM32F1xx_HAL_Driver/Src/stm32f1xx_hal_uart.o
 .debug_frame   0x0000000000003d98      0x13c C:/ST/STM32CubeIDE_1.13.1/STM32CubeIDE/plugins/com.st.stm32cube.ide.mcu.externaltools.gnu-tools-for-stm32.11.3.rel1.win32_1.1.0.202305231506/tools/bin/../lib/gcc/arm-none-eabi/11.3.1/../../../../arm-none-eabi/lib/thumb/v7-m/nofp\libc_nano.a(libc_a-findfp.o)
 .debug_frame   0x0000000000003ed4       0x6c C:/ST/STM32CubeIDE_1.13.1/STM32CubeIDE/plugins/com.st.stm32cube.ide.mcu.externaltools.gnu-tools-for-stm32.11.3.rel1.win32_1.1.0.202305231506/tools/bin/../lib/gcc/arm-none-eabi/11.3.1/../../../../arm-none-eabi/lib/thumb/v7-m/nofp\libc_nano.a(libc_a-sprintf.o)
 .debug_frame   0x0000000000003f40       0x20 C:/ST/STM32CubeIDE_1.13.1/STM32CubeIDE/plugins/com.st.stm32cube.ide.mcu.externaltools.gnu-tools-for-stm32.11.3.rel1.win32_1.1.0.202305231506/tools/bin/../lib/gcc/arm-none-eabi/11.3.1/../../../../arm-none-eabi/lib/thumb/v7-m/nofp\libc_nano.a(libc_a-memset.o)