Archive member included to satisfy reference by file (symbol)

C:/ST/STM32CubeIDE_1.13.1/STM32CubeIDE/plugins/com.st.stm32cube.ide.mcu.externaltools.gnu-tools-for-stm32.11.3.rel1.win32_1.1.0.202305231506/tools/bin/../lib/gcc/arm-none-eabi/11.3.1/../../../../arm-none-eabi/lib/thumb/v7-m/nofp\libc_nano.a(libc_a-exit.o)
                              C:/ST/STM32CubeIDE_1.13.1/STM32CubeIDE/plugins/com.st.stm32cube.ide.mcu.externaltools.gnu-tools-for-stm32.11.3.rel1.win32_1.1.0.202305231506/tools/bin/../lib/gcc/arm-none-eabi/11.3.1/../../../../arm-none-eabi/lib/thumb/v7-m/nofp/crt0.o (exit)
C:/ST/STM32CubeIDE_1.13.1/STM32CubeIDE/plugins/com.st.stm32cube.ide.mcu.externaltools.gnu-tools-for-stm32.11.3.rel1.win32_1.1.0.202305231506/tools/bin/../lib/gcc/arm-none-eabi/11.3.1/../../../../arm-none-eabi/lib/thumb/v7-m/nofp\libc_nano.a(libc_a-findfp.o)
                              C:/ST/STM32CubeIDE_1.13.1/STM32CubeIDE/plugins/com.st.stm32cube.ide.mcu.externaltools.gnu-tools-for-stm32.11.3.rel1.win32_1.1.0.202305231506/tools/bin/../lib/gcc/arm-none-eabi/11.3.1/../../../../arm-none-eabi/lib/thumb/v7-m/nofp\libc_nano.a(libc_a-exit.o) (__stdio_exit_handler)
C:/ST/STM32CubeIDE_1.13.1/STM32CubeIDE/plugins/com.st.stm32cube.ide.mcu.externaltools.gnu-tools-for-stm32.11.3.rel1.win32_1.1.0.202305231506/tools/bin/../lib/gcc/arm-none-eabi/11.3.1/../../../../arm-none-eabi/lib/thumb/v7-m/nofp\libc_nano.a(libc_a-fwalk.o)
                              C:/ST/STM32CubeIDE_1.13.1/STM32CubeIDE/plugins/com.st.stm32cube.ide.mcu.externaltools.gnu-tools-for-stm32.11.3.rel1.win32_1.1.0.202305231506/tools/bin/../lib/gcc/arm-none-eabi/11.3.1/../../../../arm-none-eabi/lib/thumb/v7-m/nofp\libc_nano.a(libc_a-findfp.o) (_fwalk_sglue)
C:/ST/STM32CubeIDE_1.13.1/STM32CubeIDE/plugins/com.st.stm32cube.ide.mcu.externaltools.gnu-tools-for-stm32.11.3.rel1.win32_1.1.0.202305231506/tools/bin/../lib/gcc/arm-none-eabi/11.3.1/../../../../arm-none-eabi/lib/thumb/v7-m/nofp\libc_nano.a(libc_a-stdio.o)
                              C:/ST/STM32CubeIDE_1.13.1/STM32CubeIDE/plugins/com.st.stm32cube.ide.mcu.externaltools.gnu-tools-for-stm32.11.3.rel1.win32_1.1.0.202305231506/tools/bin/../lib/gcc/arm-none-eabi/11.3.1/../../../../arm-none-eabi/lib/thumb/v7-m/nofp\libc_nano.a(libc_a-findfp.o) (__sread)
C:/ST/STM32CubeIDE_1.13.1/STM32CubeIDE/plugins/com.st.stm32cube.ide.mcu.externaltools.gnu-tools-for-stm32.11.3.rel1.win32_1.1.0.202305231506/tools/bin/../lib/gcc/arm-none-eabi/11.3.1/../../../../arm-none-eabi/lib/thumb/v7-m/nofp\libc_nano.a(libc_a-memset.o)
                              C:/ST/STM32CubeIDE_1.13.1/STM32CubeIDE/plugins/com.st.stm32cube.ide.mcu.externaltools.gnu-tools-for-stm32.11.3.rel1.win32_1.1.0.202305231506/tools/bin/../lib/gcc/arm-none-eabi/11.3.1/../../../../arm-none-eabi/lib/thumb/v7-m/nofp/crt0.o (memset)
C:/ST/STM32CubeIDE_1.13.1/STM32CubeIDE/plugins/com.st.stm32cube.ide.mcu.externaltools.gnu-tools-for-stm32.11.3.rel1.win32_1.1.0.202305231506/tools/bin/../lib/gcc/arm-none-eabi/11.3.1/../../../../arm-none-eabi/lib/thumb/v7-m/nofp\libc_nano.a(libc_a-closer.o)
                              C:/ST/STM32CubeIDE_1.13.1/STM32CubeIDE/plugins/com.st.stm32cube.ide.mcu.externaltools.gnu-tools-for-stm32.11.3.rel1.win32_1.1.0.202305231506/tools/bin/../lib/gcc/arm-none-eabi/11.3.1/../../../../arm-none-eabi/lib/thumb/v7-m/nofp\libc_nano.a(libc_a-stdio.o) (_close_r)
C:/ST/STM32CubeIDE_1.13.1/STM32CubeIDE/plugins/com.st.stm32cube.ide.mcu.externaltools.gnu-tools-for-stm32.11.3.rel1.win32_1.1.0.202305231506/tools/bin/../lib/gcc/arm-none-eabi/11.3.1/../../../../arm-none-eabi/lib/thumb/v7-m/nofp\libc_nano.a(libc_a-reent.o)
                              C:/ST/STM32CubeIDE_1.13.1/STM32CubeIDE/plugins/com.st.stm32cube.ide.mcu.externaltools.gnu-tools-for-stm32.11.3.rel1.win32_1.1.0.202305231506/tools/bin/../lib/gcc/arm-none-eabi/11.3.1/../../../../arm-none-eabi/lib/thumb/v7-m/nofp\libc_nano.a(libc_a-closer.o) (errno)
C:/ST/STM32CubeIDE_1.13.1/STM32CubeIDE/plugins/com.st.stm32cube.ide.mcu.externaltools.gnu-tools-for-stm32.11.3.rel1.win32_1.1.0.202305231506/tools/bin/../lib/gcc/arm-none-eabi/11.3.1/../../../../arm-none-eabi/lib/thumb/v7-m/nofp\libc_nano.a(libc_a-impure.o)
                              C:/ST/STM32CubeIDE_1.13.1/STM32CubeIDE/plugins/com.st.stm32cube.ide.mcu.externaltools.gnu-tools-for-stm32.11.3.rel1.win32_1.1.0.202305231506/tools/bin/../lib/gcc/arm-none-eabi/11.3.1/../../../../arm-none-eabi/lib/thumb/v7-m/nofp\libc_nano.a(libc_a-reent.o) (_impure_ptr)
C:/ST/STM32CubeIDE_1.13.1/STM32CubeIDE/plugins/com.st.stm32cube.ide.mcu.externaltools.gnu-tools-for-stm32.11.3.rel1.win32_1.1.0.202305231506/tools/bin/../lib/gcc/arm-none-eabi/11.3.1/../../../../arm-none-eabi/lib/thumb/v7-m/nofp\libc_nano.a(libc_a-lseekr.o)
[...]
Memory Configuration

Name             Origin             Length             Attributes
RAM              0x0000000020000000 0x0000000000005000 xrw
FLASH            0x0000000008000000 0x0000000000010000 xr
*default*        0x0000000000000000 0xffffffffffffffff

Linker script and memory map

LOAD C:/ST/STM32CubeIDE_1.13.1/STM32CubeIDE/plugins/com.st.stm32cube.ide.mcu.externaltools.gnu-tools-for-stm32.11.3.rel1.win32_1.1.0.202305231506/tools/bin/../lib/gcc/arm-none-eabi/11.3.1/thumb/v7-m/nofp/crti.o
LOAD C:/ST/STM32CubeIDE_1.13.1/STM32CubeIDE/plugins/com.st.stm32cube.ide.mcu.externaltools.gnu-tools-for-stm32.11.3.rel1.win32_1.1.0.202305231506/tools/bin/../lib/gcc/arm-none-eabi/11.3.1/thumb/v7-m/nofp/crtbegin.o
LOAD C:/ST/STM32CubeIDE_1.13.1/STM32CubeIDE/plugins/com.st.stm32cube.ide.mcu.externaltools.gnu-tools-for-stm32.11.3.rel1.win32_1.1.0.202305231506/tools/bin/../lib/gcc/arm-none-eabi/11.3.1/../../../../arm-none-eabi/lib/thumb/v7-m/nofp/crt0.o
LOAD ./Core/Src/main.o
LOAD ./Core/Src/stm32f1xx_hal_msp.o
LOAD ./Core/Src/stm32f1xx_it.o
LOAD ./Core/Src/syscalls.o
LOAD ./Core/Src/sysmem.o
LOAD ./Core/Src/system_stm32f1xx.o
LOAD ./Core/Startup/startup_stm32f103c8tx.o
LOAD ./Drivers/STM32F1xx_HAL_Driver/Src/stm32f1xx_hal.o
LOAD ./Drivers/STM32F1xx_HAL_Driver/Src/stm32f1xx_hal_cortex.o
LOAD ./Drivers/STM32F1xx_HAL_Driver/Src/stm32f1xx_hal_dma.o
LOAD ./Drivers/STM32F1xx_HAL_Driver/Src/stm32f1xx_hal_exti.o
LOAD ./Drivers/STM32F1xx_HAL_Driver/Src/stm32f1xx_hal_flash.o
LOAD ./Drivers/STM32F1xx_HAL_Driver/Src/stm32f1xx_hal_flash_ex.o
LOAD ./Drivers/STM32F1xx_HAL_Driver/Src/stm32f1xx_hal_gpio.o
LOAD ./Drivers/STM32F1xx_HAL_Driver/Src/stm32f1xx_hal_gpio_ex.o
LOAD ./Drivers/STM32F1xx_HAL_Driver/Src/stm32f1xx_hal_pwr.o
LOAD ./Drivers/STM32F1xx_HAL_Driver/Src/stm32f1xx_hal_rcc.o
LOAD ./Drivers/STM32F1xx_HAL_Driver/Src/stm32f1xx_hal_rcc_ex.o
LOAD ./Drivers/STM32F1xx_HAL_Driver/Src/stm32f1xx_hal_tim.o
LOAD ./Drivers/STM32F1xx_HAL_Driver/Src/stm32f1xx_hal_tim_ex.o
LOAD ./Drivers/STM32F1xx_HAL_Driver/Src/stm32f1xx_hal_uart.o
START GROUP
LOAD C:/ST/STM32CubeIDE_1.13.1/STM32CubeIDE/plugins/com.st.stm32cube.ide.mcu.externaltools.gnu-tools-for-stm32.11.3.rel1.win32_1.1.0.202305231506/tools/bin/../lib/gcc/arm-none-eabi/11.3.1/../../../../arm-none-eabi/lib/thumb/v7-m/nofp\libc_nano.a
LOAD C:/ST/STM32CubeIDE_1.13.1/STM32CubeIDE/plugins/com.st.stm32cube.ide.mcu.externaltools.gnu-tools-for-stm32.11.3.rel1.win32_1.1.0.202305231506/tools/bin/../lib/gcc/arm-none-eabi/11.3.1/../../../../arm-none-eabi/lib/thumb/v7-m/nofp\libm.a
END GROUP
START GROUP
LOAD C:/ST/STM32CubeIDE_1.13.1/STM32CubeIDE/plugins/com.st.stm32cube.ide.mcu.externaltools.gnu-tools-for-stm32.11.3.rel1.win32_1.1.0.202305231506/tools/bin/../lib/gcc/arm-none-eabi/11.3.1/thumb/v7-m/nofp\libgcc.a
LOAD C:/ST/STM32CubeIDE_1.13.1/STM32CubeIDE/plugins/com.st.stm32cube.ide.mcu.externaltools.gnu-tools-for-stm32.11.3.rel1.win32_1.1.0.202305231506/tools/bin/../lib/gcc/arm-none-eabi/11.3.1/../../../../arm-none-eabi/lib/thumb/v7-m/nofp\libc_nano.a
END GROUP
START GROUP
LOAD C:/ST/STM32CubeIDE_1.13.1/STM32CubeIDE/plugins/com.st.stm32cube.ide.mcu.externaltools.gnu-tools-for-stm32.11.3.rel1.win32_1.1.0.202305231506/tools/bin/../lib/gcc/arm-none-eabi/11.3.1/thumb/v7-m/nofp\libgcc.a
LOAD C:/ST/STM32CubeIDE_1.13.1/STM32CubeIDE/plugins/com.st.stm32cube.ide.mcu.externaltools.gnu-tools-for-stm32.11.3.rel1.win32_1.1.0.202305231506/tools/bin/../lib/gcc/arm-none-eabi/11.3.1/../../../../arm-none-eabi/lib/thumb/v7-m/nofp\libc_nano.a
LOAD C:/ST/STM32CubeIDE_1.13.1/STM32CubeIDE/plugins/com.st.stm32cube.ide.mcu.externaltools.gnu-tools-for-stm32.11.3.rel1.win32_1.1.0.202305231506/tools/bin/../lib/gcc/arm-none-eabi/11.3.1/../../../../arm-none-eabi/lib/thumb/v7-m/nofp\libnosys.a
END GROUP
START GROUP
LOAD C:/ST/STM32CubeIDE_1.13.1/STM32CubeIDE/plugins/com.st.stm32cube.ide.mcu.externaltools.gnu-tools-for-stm32.11.3.rel1.win32_1.1.0.202305231506/tools/bin/../lib/gcc/arm-none-eabi/11.3.1/thumb/v7-m/nofp\libgcc.a
LOAD C:/ST/STM32CubeIDE_1.13.1/STM32CubeIDE/plugins/com.st.stm32cube.ide.mcu.externaltools.gnu-tools-for-stm32.11.3.rel1.win32_1.1.0.202305231506/tools/bin/../lib/gcc/arm-none-eabi/11.3.1/../../../../arm-none-eabi/lib/thumb/v7-m/nofp\libc_nano.a
LOAD C:/ST/STM32CubeIDE_1.13.1/STM32CubeIDE/plugins/com.st.stm32cube.ide.mcu.externaltools.gnu-tools-for-stm32.11.3.rel1.win32_1.1.0.202305231506/tools/bin/../lib/gcc/arm-none-eabi/11.3.1/../../../../arm-none-eabi/lib/thumb/v7-m/nofp\libnosys.a
END GROUP
LOAD C:/ST/STM32CubeIDE_1.13.1/STM32CubeIDE/plugins/com.st.stm32cube.ide.mcu.externaltools.gnu-tools-for-stm32.11.3.rel1.win32_1.1.0.202305231506/tools/bin/../lib/gcc/arm-none-eabi/11.3.1/thumb/v7-m/nofp/crtend.o
LOAD C:/ST/STM32CubeIDE_1.13.1/STM32CubeIDE/plugins/com.st.stm32cube.ide.mcu.externaltools.gnu-tools-for-stm32.11.3.rel1.win32_1.1.0.202305231506/tools/bin/../lib/gcc/arm-none-eabi/11.3.1/thumb/v7-m/nofp/crtn.o
                0x0000000020005000                _estack = (ORIGIN (RAM) + LENGTH (RAM))
                0x0000000000000200                _Min_Heap_Size = 0x200
                0x0000000000000400                _Min_Stack_Size = 0x400

.isr_vector     0x0000000008000000      0x10c
                0x0000000008000000                . = ALIGN (0x4)
 *(.isr_vector)
 .isr_vector    0x0000000008000000      0x10c ./Core/Startup/startup_stm32f103c8tx.o
                0x0000000008000000                g_pfnVectors
                0x000000000800010c                . = ALIGN (0x4)

.text           0x000000000800010c     0x22b0
                0x000000000800010c                . = ALIGN (0x4)
 *(.text)
 .text          0x000000000800010c       0x40 C:/ST/STM32CubeIDE_1.13.1/STM32CubeIDE/plugins/com.st.stm32cube.ide.mcu.externaltools.gnu-tools-for-stm32.11.3.rel1.win32_1.1.0.202305231506/tools/bin/../lib/gcc/arm-none-eabi/11.3.1/thumb/v7-m/nofp/crtbegin.o
 .text          0x000000000800014c       0x10 C:/ST/STM32CubeIDE_1.13.1/STM32CubeIDE/plugins/com.st.stm32cube.ide.mcu.externaltools.gnu-tools-for-stm32.11.3.rel1.win32_1.1.0.202305231506/tools/bin/../lib/gcc/arm-none-eabi/11.3.1/../../../../arm-none-eabi/lib/thumb/v7-m/nofp\libc_nano.a(libc_a-strlen.o)
                0x000000000800014c                strlen
 *(.text*)
 .text.HAL_UART_RxCpltCallback
                0x000000000800015c       0x20 ./Core/Src/main.o
                0x000000000800015c                HAL_UART_RxCpltCallback
 .text.main     0x000000000800017c       0xc8 ./Core/Src/main.o
                0x000000000800017c                main
 .text.SystemClock_Config
                0x0000000008000244       0x82 ./Core/Src/main.o
                0x0000000008000244                SystemClock_Config
 *fill*         0x00000000080002c6        0x2 
 .text.MX_USART1_UART_Init
                0x00000000080002c8       0x54 ./Core/Src/main.o
 .text.MX_GPIO_Init
                0x000000000800031c       0xb0 ./Core/Src/main.o
 .text.Error_Handler
                0x00000000080003cc        0xa ./Core/Src/main.o
                0x00000000080003cc                Error_Handler
 *fill*         0x00000000080003d6        0x2 
 .text.HAL_MspInit
                0x00000000080003d8       0x64 ./Core/Src/stm32f1xx_hal_msp.o
                0x00000000080003d8                HAL_MspInit
 .text.HAL_UART_MspInit
                0x000000000800043c       0xa8 ./Core/Src/stm32f1xx_hal_msp.o
                0x000000000800043c                HAL_UART_MspInit
 .text.NMI_Handler
                0x00000000080004e4        0x6 ./Core/Src/stm32f1xx_it.o
                0x00000000080004e4                NMI_Handler
 .text.HardFault_Handler
                0x00000000080004ea        0x6 ./Core/Src/stm32f1xx_it.o
                0x00000000080004ea                HardFault_Handler
 .text.MemManage_Handler
                0x00000000080004f0        0x6 ./Core/Src/stm32f1xx_it.o
                0x00000000080004f0                MemManage_Handler
 .text.BusFault_Handler
                0x00000000080004f6        0x6 ./Core/Src/stm32f1xx_it.o
                0x00000000080004f6                BusFault_Handler
 .text.UsageFault_Handler
                0x00000000080004fc        0x6 ./Core/Src/stm32f1xx_it.o
                0x00000000080004fc                UsageFault_Handler
 .text.SVC_Handler
                0x0000000008000502        0xc ./Core/Src/stm32f1xx_it.o
                0x0000000008000502                SVC_Handler
 .text.DebugMon_Handler
                0x000000000800050e        0xc ./Core/Src/stm32f1xx_it.o
                0x000000000800050e                DebugMon_Handler
 .text.PendSV_Handler
                0x000000000800051a        0xc ./Core/Src/stm32f1xx_it.o
                0x000000000800051a                PendSV_Handler
 .text.SysTick_Handler
                0x0000000008000526        0xc ./Core/Src/stm32f1xx_it.o
                0x0000000008000526                SysTick_Handler
 .text.EXTI1_IRQHandler
                0x0000000008000532        0xe ./Core/Src/stm32f1xx_it.o
                0x0000000008000532                EXTI1_IRQHandler
 .text.USART1_IRQHandler
                0x0000000008000540       0x14 ./Core/Src/stm32f1xx_it.o
                0x0000000008000540                USART1_IRQHandler
 .text.SystemInit
                0x0000000008000554        0xc ./Core/Src/system_stm32f1xx.o
                0x0000000008000554                SystemInit
 .text.Reset_Handler
                0x0000000008000560       0x48 ./Core/Startup/startup_stm32f103c8tx.o
                0x0000000008000560                Reset_Handler
 .text.Default_Handler
                0x00000000080005a8        0x2 ./Core/Startup/startup_stm32f103c8tx.o
                0x00000000080005a8                RTC_Alarm_IRQHandler
                0x00000000080005a8                EXTI2_IRQHandler
                0x00000000080005a8                TIM1_CC_IRQHandler
                0x00000000080005a8                PVD_IRQHandler
                0x00000000080005a8                EXTI3_IRQHandler
                0x00000000080005a8                EXTI0_IRQHandler
                0x00000000080005a8                I2C2_EV_IRQHandler
                0x00000000080005a8                ADC1_2_IRQHandler
                0x00000000080005a8                SPI1_IRQHandler
                0x00000000080005a8                TAMPER_IRQHandler
                0x00000000080005a8                DMA1_Channel4_IRQHandler
                0x00000000080005a8                USART3_IRQHandler
                0x00000000080005a8                RTC_IRQHandler
                0x00000000080005a8                DMA1_Channel7_IRQHandler
                0x00000000080005a8                CAN1_RX1_IRQHandler
                0x00000000080005a8                TIM4_IRQHandler
                0x00000000080005a8                I2C1_EV_IRQHandler
                0x00000000080005a8                DMA1_Channel6_IRQHandler
                0x00000000080005a8                TIM3_IRQHandler
                0x00000000080005a8                RCC_IRQHandler
                0x00000000080005a8                TIM1_TRG_COM_IRQHandler
                0x00000000080005a8                DMA1_Channel1_IRQHandler
                0x00000000080005a8                Default_Handler
                0x00000000080005a8                EXTI15_10_IRQHandler
                0x00000000080005a8                EXTI9_5_IRQHandler
                0x00000000080005a8                SPI2_IRQHandler
                0x00000000080005a8                DMA1_Channel5_IRQHandler
                0x00000000080005a8                EXTI4_IRQHandler
                0x00000000080005a8                USB_LP_CAN1_RX0_IRQHandler
                0x00000000080005a8                USB_HP_CAN1_TX_IRQHandler
                0x00000000080005a8                DMA1_Channel3_IRQHandler
                0x00000000080005a8                TIM1_UP_IRQHandler
                0x00000000080005a8                WWDG_IRQHandler
                0x00000000080005a8                TIM2_IRQHandler
                0x00000000080005a8                TIM1_BRK_IRQHandler
                0x00000000080005a8                USART2_IRQHandler
                0x00000000080005a8                I2C2_ER_IRQHandler
                0x00000000080005a8                DMA1_Channel2_IRQHandler
                0x00000000080005a8                CAN1_SCE_IRQHandler
                0x00000000080005a8                FLASH_IRQHandler
                0x00000000080005a8                I2C1_ER_IRQHandler
                0x00000000080005a8                USBWakeUp_IRQHandler
 *fill*         0x00000000080005aa        0x2 
 .text.HAL_Init
                0x00000000080005ac       0x2c ./Drivers/STM32F1xx_HAL_Driver/Src/stm32f1xx_hal.o
                0x00000000080005ac                HAL_Init
 .text.HAL_InitTick
                0x00000000080005d8       0x60 ./Drivers/STM32F1xx_HAL_Driver/Src/stm32f1xx_hal.o
                0x00000000080005d8                HAL_InitTick
 .text.HAL_IncTick
                0x0000000008000638       0x24 ./Drivers/STM32F1xx_HAL_Driver/Src/stm32f1xx_hal.o
                0x0000000008000638                HAL_IncTick
 .text.HAL_GetTick
                0x000000000800065c       0x14 ./Drivers/STM32F1xx_HAL_Driver/Src/stm32f1xx_hal.o
                0x000000000800065c                HAL_GetTick
 .text.HAL_Delay
                0x0000000008000670       0x48 ./Drivers/STM32F1xx_HAL_Driver/Src/stm32f1xx_hal.o
                0x0000000008000670                HAL_Delay
 .text.HAL_SuspendTick
                0x00000000080006b8       0x1c ./Drivers/STM32F1xx_HAL_Driver/Src/stm32f1xx_hal.o
                0x00000000080006b8                HAL_SuspendTick
 .text.HAL_ResumeTick
                0x00000000080006d4       0x1c ./Drivers/STM32F1xx_HAL_Driver/Src/stm32f1xx_hal.o
                0x00000000080006d4                HAL_ResumeTick
 .text.__NVIC_SetPriorityGrouping
                0x00000000080006f0       0x48 ./Drivers/STM32F1xx_HAL_Driver/Src/stm32f1xx_hal_cortex.o
 .text.__NVIC_GetPriorityGrouping
                0x0000000008000738       0x1c ./Drivers/STM32F1xx_HAL_Driver/Src/stm32f1xx_hal_cortex.o
 .text.__NVIC_EnableIRQ
                0x0000000008000754       0x38 ./Drivers/STM32F1xx_HAL_Driver/Src/stm32f1xx_hal_cortex.o
 .text.__NVIC_SetPriority
                0x000000000800078c       0x54 ./Drivers/STM32F1xx_HAL_Driver/Src/stm32f1xx_hal_cortex.o
 .text.NVIC_EncodePriority
                0x00000000080007e0       0x64 ./Drivers/STM32F1xx_HAL_Driver/Src/stm32f1xx_hal_cortex.o
 .text.SysTick_Config
                0x0000000008000844       0x44 ./Drivers/STM32F1xx_HAL_Driver/Src/stm32f1xx_hal_cortex.o
 .text.HAL_NVIC_SetPriorityGrouping
                0x0000000008000888       0x16 ./Drivers/STM32F1xx_HAL_Driver/Src/stm32f1xx_hal_cortex.o
                0x0000000008000888                HAL_NVIC_SetPriorityGrouping
 .text.HAL_NVIC_SetPriority
                0x000000000800089e       0x38 ./Drivers/STM32F1xx_HAL_Driver/Src/stm32f1xx_hal_cortex.o
                0x000000000800089e                HAL_NVIC_SetPriority
 .text.HAL_NVIC_EnableIRQ
                0x00000000080008d6       0x1c ./Drivers/STM32F1xx_HAL_Driver/Src/stm32f1xx_hal_cortex.o
                0x00000000080008d6                HAL_NVIC_EnableIRQ
 .text.HAL_SYSTICK_Config
                0x00000000080008f2       0x18 ./Drivers/STM32F1xx_HAL_Driver/Src/stm32f1xx_hal_cortex.o
                0x00000000080008f2                HAL_SYSTICK_Config
 .text.HAL_DMA_Abort
                0x000000000800090a       0x76 ./Drivers/STM32F1xx_HAL_Driver/Src/stm32f1xx_hal_dma.o
                0x000000000800090a                HAL_DMA_Abort
 .text.HAL_DMA_Abort_IT
                0x0000000008000980       0xf0 ./Drivers/STM32F1xx_HAL_Driver/Src/stm32f1xx_hal_dma.o
                0x0000000008000980                HAL_DMA_Abort_IT
 .text.HAL_GPIO_Init
                0x0000000008000a70      0x308 ./Drivers/STM32F1xx_HAL_Driver/Src/stm32f1xx_hal_gpio.o
                0x0000000008000a70                HAL_GPIO_Init
 .text.HAL_GPIO_WritePin
                0x0000000008000d78       0x30 ./Drivers/STM32F1xx_HAL_Driver/Src/stm32f1xx_hal_gpio.o
                0x0000000008000d78                HAL_GPIO_WritePin
 .text.HAL_GPIO_TogglePin
                0x0000000008000da8       0x32 ./Drivers/STM32F1xx_HAL_Driver/Src/stm32f1xx_hal_gpio.o
                0x0000000008000da8                HAL_GPIO_TogglePin
 *fill*         0x0000000008000dda        0x2 
 .text.HAL_GPIO_EXTI_IRQHandler
                0x0000000008000ddc       0x30 ./Drivers/STM32F1xx_HAL_Driver/Src/stm32f1xx_hal_gpio.o
                0x0000000008000ddc                HAL_GPIO_EXTI_IRQHandler
 .text.HAL_GPIO_EXTI_Callback
                0x0000000008000e0c       0x14 ./Drivers/STM32F1xx_HAL_Driver/Src/stm32f1xx_hal_gpio.o
                0x0000000008000e0c                HAL_GPIO_EXTI_Callback
 .text.HAL_PWR_EnterSLEEPMode
                0x0000000008000e20       0x38 ./Drivers/STM32F1xx_HAL_Driver/Src/stm32f1xx_hal_pwr.o
                0x0000000008000e20                HAL_PWR_EnterSLEEPMode
 .text.HAL_RCC_OscConfig
                0x0000000008000e58      0x504 ./Drivers/STM32F1xx_HAL_Driver/Src/stm32f1xx_hal_rcc.o
                0x0000000008000e58                HAL_RCC_OscConfig
 .text.HAL_RCC_ClockConfig
                0x000000000800135c      0x1d4 ./Drivers/STM32F1xx_HAL_Driver/Src/stm32f1xx_hal_rcc.o
                0x000000000800135c                HAL_RCC_ClockConfig
 .text.HAL_RCC_GetSysClockFreq
                0x0000000008001530       0xa8 ./Drivers/STM32F1xx_HAL_Driver/Src/stm32f1xx_hal_rcc.o
                0x0000000008001530                HAL_RCC_GetSysClockFreq
 .text.HAL_RCC_GetHCLKFreq
                0x00000000080015d8       0x14 ./Drivers/STM32F1xx_HAL_Driver/Src/stm32f1xx_hal_rcc.o
                0x00000000080015d8                HAL_RCC_GetHCLKFreq
 .text.HAL_RCC_GetPCLK1Freq
                0x00000000080015ec       0x28 ./Drivers/STM32F1xx_HAL_Driver/Src/stm32f1xx_hal_rcc.o
                0x00000000080015ec                HAL_RCC_GetPCLK1Freq
 .text.HAL_RCC_GetPCLK2Freq
                0x0000000008001614       0x28 ./Drivers/STM32F1xx_HAL_Driver/Src/stm32f1xx_hal_rcc.o
                0x0000000008001614                HAL_RCC_GetPCLK2Freq
 .text.RCC_Delay
                0x000000000800163c       0x3c ./Drivers/STM32F1xx_HAL_Driver/Src/stm32f1xx_hal_rcc.o
 .text.HAL_UART_Init
                0x0000000008001678       0xa0 ./Drivers/STM32F1xx_HAL_Driver/Src/stm32f1xx_hal_uart.o
                0x0000000008001678                HAL_UART_Init
 .text.HAL_UART_Transmit
                0x0000000008001718      0x116 ./Drivers/STM32F1xx_HAL_Driver/Src/stm32f1xx_hal_uart.o
                0x0000000008001718                HAL_UART_Transmit
 .text.HAL_UART_Receive_IT
                0x000000000800182e       0x4a ./Drivers/STM32F1xx_HAL_Driver/Src/stm32f1xx_hal_uart.o
                0x000000000800182e                HAL_UART_Receive_IT
 .text.HAL_UART_IRQHandler
                0x0000000008001878      0x524 ./Drivers/STM32F1xx_HAL_Driver/Src/stm32f1xx_hal_uart.o
                0x0000000008001878                HAL_UART_IRQHandler
 .text.HAL_UART_TxCpltCallback
                0x0000000008001d9c       0x12 ./Drivers/STM32F1xx_HAL_Driver/Src/stm32f1xx_hal_uart.o
                0x0000000008001d9c                HAL_UART_TxCpltCallback
 .text.HAL_UART_ErrorCallback
                0x0000000008001dae       0x12 ./Drivers/STM32F1xx_HAL_Driver/Src/stm32f1xx_hal_uart.o
                0x0000000008001dae                HAL_UART_ErrorCallback
 .text.HAL_UARTEx_RxEventCallback
                0x0000000008001dc0       0x16 ./Drivers/STM32F1xx_HAL_Driver/Src/stm32f1xx_hal_uart.o
                0x0000000008001dc0                HAL_UARTEx_RxEventCallback
 .text.UART_WaitOnFlagUntilTimeout
                0x0000000008001dd6       0xb2 ./Drivers/STM32F1xx_HAL_Driver/Src/stm32f1xx_hal_uart.o
 .text.UART_Start_Receive_IT
                0x0000000008001e88       0x72 ./Drivers/STM32F1xx_HAL_Driver/Src/stm32f1xx_hal_uart.o
                0x0000000008001e88                UART_Start_Receive_IT
 .text.UART_EndRxTransfer
                0x0000000008001efa       0xc4 ./Drivers/STM32F1xx_HAL_Driver/Src/stm32f1xx_hal_uart.o
 .text.UART_DMAAbortOnError
                0x0000000008001fbe       0x28 ./Drivers/STM32F1xx_HAL_Driver/Src/stm32f1xx_hal_uart.o
 .text.UART_Transmit_IT
                0x0000000008001fe6       0x9e ./Drivers/STM32F1xx_HAL_Driver/Src/stm32f1xx_hal_uart.o
 .text.UART_EndTransmit_IT
                0x0000000008002084       0x30 ./Drivers/STM32F1xx_HAL_Driver/Src/stm32f1xx_hal_uart.o
 .text.UART_Receive_IT
                0x00000000080020b4      0x17c ./Drivers/STM32F1xx_HAL_Driver/Src/stm32f1xx_hal_uart.o
 .text.UART_SetConfig
                0x0000000008002230      0x11c ./Drivers/STM32F1xx_HAL_Driver/Src/stm32f1xx_hal_uart.o
 .text.memset   0x000000000800234c       0x10 C:/ST/STM32CubeIDE_1.13.1/STM32CubeIDE/plugins/com.st.stm32cube.ide.mcu.externaltools.gnu-tools-for-stm32.11.3.rel1.win32_1.1.0.202305231506/tools/bin/../lib/gcc/arm-none-eabi/11.3.1/../../../../arm-none-eabi/lib/thumb/v7-m/nofp\libc_nano.a(libc_a-memset.o)
                0x000000000800234c                memset
 .text.__libc_init_array
                0x000000000800235c       0x48 C:/ST/STM32CubeIDE_1.13.1/STM32CubeIDE/plugins/com.st.stm32cube.ide.mcu.externaltools.gnu-tools-for-stm32.11.3.rel1.win32_1.1.0.202305231506/tools/bin/../lib/gcc/arm-none-eabi/11.3.1/../../../../arm-none-eabi/lib/thumb/v7-m/nofp\libc_nano.a(libc_a-init.o)
                0x000000000800235c                __libc_init_array
 *(.glue_7)
 .glue_7        0x00000000080023a4        0x0 linker stubs
 *(.glue_7t)
 .glue_7t       0x00000000080023a4        0x0 linker stubs
 *(.eh_frame)
 .eh_frame      0x00000000080023a4        0x0 C:/ST/STM32CubeIDE_1.13.1/STM32CubeIDE/plugins/com.st.stm32cube.ide.mcu.externaltools.gnu-tools-for-stm32.11.3.rel1.win32_1.1.0.202305231506/tools/bin/../lib/gcc/arm-none-eabi/11.3.1/thumb/v7-m/nofp/crtbegin.o
 *(.init)
 .init          0x00000000080023a4        0x4 C:/ST/STM32CubeIDE_1.13.1/STM32CubeIDE/plugins/com.st.stm32cube.ide.mcu.externaltools.gnu-tools-for-stm32.11.3.rel1.win32_1.1.0.202305231506/tools/bin/../lib/gcc/arm-none-eabi/11.3.1/thumb/v7-m/nofp/crti.o
                0x00000000080023a4                _init
 .init          0x00000000080023a8        0x8 C:/ST/STM32CubeIDE_1.13.1/STM32CubeIDE/plugins/com.st.stm32cube.ide.mcu.externaltools.gnu-tools-for-stm32.11.3.rel1.win32_1.1.0.202305231506/tools/bin/../lib/gcc/arm-none-eabi/11.3.1/thumb/v7-m/nofp/crtn.o
 *(.fini)
 .fini          0x00000000080023b0        0x4 C:/ST/STM32CubeIDE_1.13.1/STM32CubeIDE/plugins/com.st.stm32cube.ide.mcu.externaltools.gnu-tools-for-stm32.11.3.rel1.win32_1.1.0.202305231506/tools/bin/../lib/gcc/arm-none-eabi/11.3.1/thumb/v7-m/nofp/crti.o
                0x00000000080023b0                _fini
 .fini          0x00000000080023b4        0x8 C:/ST/STM32CubeIDE_1.13.1/STM32CubeIDE/plugins/com.st.stm32cube.ide.mcu.externaltools.gnu-tools-for-stm32.11.3.rel1.win32_1.1.0.202305231506/tools/bin/../lib/gcc/arm-none-eabi/11.3.1/thumb/v7-m/nofp/crtn.o
                0x00000000080023bc                . = ALIGN (0x4)
                0x00000000080023bc                _etext = .

.vfp11_veneer   0x00000000080023bc        0x0
 .vfp11_veneer  0x00000000080023bc        0x0 linker stubs

.v4_bx          0x00000000080023bc        0x0
 .v4_bx         0x00000000080023bc        0x0 linker stubs

.iplt           0x00000000080023bc        0x0
 .iplt          0x00000000080023bc        0x0 C:/ST/STM32CubeIDE_1.13.1/STM32CubeIDE/plugins/com.st.stm32cube.ide.mcu.externaltools.gnu-tools-for-stm32.11.3.rel1.win32_1.1.0.202305231506/tools/bin/../lib/gcc/arm-none-eabi/11.3.1/thumb/v7-m/nofp/crtbegin.o

.rodata         0x00000000080023bc       0x64
                0x00000000080023bc                . = ALIGN (0x4)
 *(.rodata)
 .rodata        0x00000000080023bc       0x36 ./Core/Src/main.o
 *(.rodata*)
 *fill*         0x00000000080023f2        0x2 
 .rodata.AHBPrescTable
                0x00000000080023f4       0x10 ./Core/Src/system_stm32f1xx.o
                0x00000000080023f4                AHBPrescTable
 .rodata.APBPrescTable
                0x0000000008002404        0x8 ./Core/Src/system_stm32f1xx.o
                0x0000000008002404                APBPrescTable
 .rodata.aPLLMULFactorTable.1
                0x000000000800240c       0x10 ./Drivers/STM32F1xx_HAL_Driver/Src/stm32f1xx_hal_rcc.o
 .rodata.aPredivFactorTable.0
                0x000000000800241c        0x2 ./Drivers/STM32F1xx_HAL_Driver/Src/stm32f1xx_hal_rcc.o
                0x0000000008002420                . = ALIGN (0x4)
 *fill*         0x000000000800241e        0x2 

.rel.dyn        0x0000000008002420        0x0
 .rel.iplt      0x0000000008002420        0x0 C:/ST/STM32CubeIDE_1.13.1/STM32CubeIDE/plugins/com.st.stm32cube.ide.mcu.externaltools.gnu-tools-for-stm32.11.3.rel1.win32_1.1.0.202305231506/tools/bin/../lib/gcc/arm-none-eabi/11.3.1/thumb/v7-m/nofp/crtbegin.o

.ARM.extab      0x0000000008002420        0x0
                0x0000000008002420                . = ALIGN (0x4)
 *(.ARM.extab* .gnu.linkonce.armextab.*)
                0x0000000008002420                . = ALIGN (0x4)

.ARM            0x0000000008002420        0x0
                0x0000000008002420                . = ALIGN (0x4)
                0x0000000008002420                __exidx_start = .
 *(.ARM.exidx*)
                0x0000000008002420                __exidx_end = .
                0x0000000008002420                . = ALIGN (0x4)

.preinit_array  0x0000000008002420        0x0
                0x0000000008002420                . = ALIGN (0x4)
                0x0000000008002420                PROVIDE (__preinit_array_start = .)
 *(.preinit_array*)
                0x0000000008002420                PROVIDE (__preinit_array_end = .)
                0x0000000008002420                . = ALIGN (0x4)

.init_array     0x0000000008002420        0x4
                0x0000000008002420                . = ALIGN (0x4)
                0x0000000008002420                PROVIDE (__init_array_start = .)
 *(SORT_BY_NAME(.init_array.*))
 *(.init_array*)
 .init_array    0x0000000008002420        0x4 C:/ST/STM32CubeIDE_1.13.1/STM32CubeIDE/plugins/com.st.stm32cube.ide.mcu.externaltools.gnu-tools-for-stm32.11.3.rel1.win32_1.1.0.202305231506/tools/bin/../lib/gcc/arm-none-eabi/11.3.1/thumb/v7-m/nofp/crtbegin.o
                0x0000000008002424                PROVIDE (__init_array_end = .)
                0x0000000008002424                . = ALIGN (0x4)

.fini_array     0x0000000008002424        0x4
                0x0000000008002424                . = ALIGN (0x4)
                [!provide]                        PROVIDE (__fini_array_start = .)
 *(SORT_BY_NAME(.fini_array.*))
 *(.fini_array*)
 .fini_array    0x0000000008002424        0x4 C:/ST/STM32CubeIDE_1.13.1/STM32CubeIDE/plugins/com.st.stm32cube.ide.mcu.externaltools.gnu-tools-for-stm32.11.3.rel1.win32_1.1.0.202305231506/tools/bin/../lib/gcc/arm-none-eabi/11.3.1/thumb/v7-m/nofp/crtbegin.o
                [!provide]                        PROVIDE (__fini_array_end = .)
                0x0000000008002428                . = ALIGN (0x4)
                0x0000000008002428                _sidata = LOADADDR (.data)

.data           0x0000000020000000        0xc load address 0x0000000008002428
                0x0000000020000000                . = ALIGN (0x4)
                0x0000000020000000                _sdata = .
 *(.data)
 *(.data*)
 .data.SystemCoreClock
                0x0000000020000000        0x4 ./Core/Src/system_stm32f1xx.o
                0x0000000020000000                SystemCoreClock
 .data.uwTickPrio
                0x0000000020000004        0x4 ./Drivers/STM32F1xx_HAL_Driver/Src/stm32f1xx_hal.o
                0x0000000020000004                uwTickPrio
 .data.uwTickFreq
                0x0000000020000008        0x1 ./Drivers/STM32F1xx_HAL_Driver/Src/stm32f1xx_hal.o
                0x0000000020000008                uwTickFreq
 *(.RamFunc)
 *(.RamFunc*)
                0x000000002000000c                . = ALIGN (0x4)
 *fill*         0x0000000020000009        0x3 
                0x000000002000000c                _edata = .

.igot.plt       0x000000002000000c        0x0 load address 0x0000000008002434
 .igot.plt      0x000000002000000c        0x0 C:/ST/STM32CubeIDE_1.13.1/STM32CubeIDE/plugins/com.st.stm32cube.ide.mcu.externaltools.gnu-tools-for-stm32.11.3.rel1.win32_1.1.0.202305231506/tools/bin/../lib/gcc/arm-none-eabi/11.3.1/thumb/v7-m/nofp/crtbegin.o
                0x000000002000000c                . = ALIGN (0x4)

.bss            0x000000002000000c       0x70 load address 0x0000000008002434
                0x000000002000000c                _sbss = .
                0x000000002000000c                __bss_start__ = _sbss
 *(.bss)
 .bss           0x000000002000000c       0x1c C:/ST/STM32CubeIDE_1.13.1/STM32CubeIDE/plugins/com.st.stm32cube.ide.mcu.externaltools.gnu-tools-for-stm32.11.3.rel1.win32_1.1.0.202305231506/tools/bin/../lib/gcc/arm-none-eabi/11.3.1/thumb/v7-m/nofp/crtbegin.o
 *(.bss*)
 .bss.huart1    0x0000000020000028       0x48 ./Core/Src/main.o
                0x0000000020000028                huart1
 .bss.str       0x0000000020000070        0x4 ./Core/Src/main.o
                0x0000000020000070                str
 .bss.Rxdata    0x0000000020000074        0x1 ./Core/Src/main.o
                0x0000000020000074                Rxdata
 *fill*         0x0000000020000075        0x3 
 .bss.uwTick    0x0000000020000078        0x4 ./Drivers/STM32F1xx_HAL_Driver/Src/stm32f1xx_hal.o
                0x0000000020000078                uwTick
 *(COMMON)
                0x000000002000007c                . = ALIGN (0x4)
                0x000000002000007c                _ebss = .
                0x000000002000007c                __bss_end__ = _ebss

._user_heap_stack
                0x000000002000007c      0x604 load address 0x0000000008002434
                0x0000000020000080                . = ALIGN (0x8)
 *fill*         0x000000002000007c        0x4 
                [!provide]                        PROVIDE (end = .)
                0x0000000020000080                PROVIDE (_end = .)
                0x0000000020000280                . = (. + _Min_Heap_Size)
 *fill*         0x0000000020000080      0x200 
                0x0000000020000680                . = (. + _Min_Stack_Size)
 *fill*         0x0000000020000280      0x400 
                0x0000000020000680                . = ALIGN (0x8)

/DISCARD/
 libc.a(*)
 libm.a(*)
 libgcc.a(*)

.ARM.attributes
                0x0000000000000000       0x29
 *(.ARM.attributes)
 .ARM.attributes
                0x0000000000000000       0x1d C:/ST/STM32CubeIDE_1.13.1/STM32CubeIDE/plugins/com.st.stm32cube.ide.mcu.externaltools.gnu-tools-for-stm32.11.3.rel1.win32_1.1.0.202305231506/tools/bin/../lib/gcc/arm-none-eabi/11.3.1/thumb/v7-m/nofp/crti.o
 .ARM.attributes
                0x000000000000001d       0x2d C:/ST/STM32CubeIDE_1.13.1/STM32CubeIDE/plugins/com.st.stm32cube.ide.mcu.externaltools.gnu-tools-for-stm32.11.3.rel1.win32_1.1.0.202305231506/tools/bin/../lib/gcc/arm-none-eabi/11.3.1/thumb/v7-m/nofp/crtbegin.o
 .ARM.attributes
                0x000000000000004a       0x2d ./Core/Src/main.o
 .ARM.attributes
                0x0000000000000077       0x2d ./Core/Src/stm32f1xx_hal_msp.o
 .ARM.attributes
                0x00000000000000a4       0x2d ./Core/Src/stm32f1xx_it.o
 .ARM.attributes
                0x00000000000000d1       0x2d ./Core/Src/system_stm32f1xx.o
 .ARM.attributes
                0x00000000000000fe       0x21 ./Core/Startup/startup_stm32f103c8tx.o
 .ARM.attributes
                0x000000000000011f       0x2d ./Drivers/STM32F1xx_HAL_Driver/Src/stm32f1xx_hal.o
 .ARM.attributes
                0x000000000000014c       0x2d ./Drivers/STM32F1xx_HAL_Driver/Src/stm32f1xx_hal_cortex.o
 .ARM.attributes
                0x0000000000000179       0x2d ./Drivers/STM32F1xx_HAL_Driver/Src/stm32f1xx_hal_dma.o
 .ARM.attributes
                0x00000000000001a6       0x2d ./Drivers/STM32F1xx_HAL_Driver/Src/stm32f1xx_hal_gpio.o
 .ARM.attributes
                0x00000000000001d3       0x2d ./Drivers/STM32F1xx_HAL_Driver/Src/stm32f1xx_hal_pwr.o
 .ARM.attributes
                0x0000000000000200       0x2d ./Drivers/STM32F1xx_HAL_Driver/Src/stm32f1xx_hal_rcc.o
 .ARM.attributes
                0x000000000000022d       0x2d ./Drivers/STM32F1xx_HAL_Driver/Src/stm32f1xx_hal_uart.o
 .ARM.attributes
                0x000000000000025a       0x2d C:/ST/STM32CubeIDE_1.13.1/STM32CubeIDE/plugins/com.st.stm32cube.ide.mcu.externaltools.gnu-tools-for-stm32.11.3.rel1.win32_1.1.0.202305231506/tools/bin/../lib/gcc/arm-none-eabi/11.3.1/../../../../arm-none-eabi/lib/thumb/v7-m/nofp\libc_nano.a(libc_a-memset.o)
 .ARM.attributes
                0x0000000000000287       0x2d C:/ST/STM32CubeIDE_1.13.1/STM32CubeIDE/plugins/com.st.stm32cube.ide.mcu.externaltools.gnu-tools-for-stm32.11.3.rel1.win32_1.1.0.202305231506/tools/bin/../lib/gcc/arm-none-eabi/11.3.1/../../../../arm-none-eabi/lib/thumb/v7-m/nofp\libc_nano.a(libc_a-init.o)
 .ARM.attributes
                0x00000000000002b4       0x17 C:/ST/STM32CubeIDE_1.13.1/STM32CubeIDE/plugins/com.st.stm32cube.ide.mcu.externaltools.gnu-tools-for-stm32.11.3.rel1.win32_1.1.0.202305231506/tools/bin/../lib/gcc/arm-none-eabi/11.3.1/../../../../arm-none-eabi/lib/thumb/v7-m/nofp\libc_nano.a(libc_a-strlen.o)
 .ARM.attributes
                0x00000000000002cb       0x1d C:/ST/STM32CubeIDE_1.13.1/STM32CubeIDE/plugins/com.st.stm32cube.ide.mcu.externaltools.gnu-tools-for-stm32.11.3.rel1.win32_1.1.0.202305231506/tools/bin/../lib/gcc/arm-none-eabi/11.3.1/thumb/v7-m/nofp/crtn.o
OUTPUT(Low_Power.elf elf32-littlearm)
LOAD linker stubs
LOAD C:/ST/STM32CubeIDE_1.13.1/STM32CubeIDE/plugins/com.st.stm32cube.ide.mcu.externaltools.gnu-tools-for-stm32.11.3.rel1.win32_1.1.0.202305231506/tools/bin/../lib/gcc/arm-none-eabi/11.3.1/../../../../arm-none-eabi/lib/thumb/v7-m/nofp\libc.a
LOAD C:/ST/STM32CubeIDE_1.13.1/STM32CubeIDE/plugins/com.st.stm32cube.ide.mcu.externaltools.gnu-tools-for-stm32.11.3.rel1.win32_1.1.0.202305231506/tools/bin/../lib/gcc/arm-none-eabi/11.3.1/../../../../arm-none-eabi/lib/thumb/v7-m/nofp\libm.a
LOAD C:/ST/STM32CubeIDE_1.13.1/STM32CubeIDE/plugins/com.st.stm32cube.ide.mcu.externaltools.gnu-tools-for-stm32.11.3.rel1.win32_1.1.0.202305231506/tools/bin/../lib/gcc/arm-none-eabi/11.3.1/thumb/v7-m/nofp\libgcc.a

.comment        0x0000000000000000       0x43
 .comment       0x0000000000000000       0x43 C:/ST/STM32CubeIDE_1.13.1/STM32CubeIDE/plugins/com.st.stm32cube.ide.mcu.externaltools.gnu-tools-for-stm32.11.3.rel1.win32_1.1.0.202305231506/tools/bin/../lib/gcc/arm-none-eabi/11.3.1/thumb/v7-m/nofp/crtbegin.o
                                         0x44 (size before relaxing)
 .comment       0x0000000000000043       0x44 ./Core/Src/main.o
 .comment       0x0000000000000043       0x44 ./Core/Src/stm32f1xx_hal_msp.o
 .comment       0x0000000000000043       0x44 ./Core/Src/stm32f1xx_it.o
 .comment       0x0000000000000043       0x44 ./Core/Src/system_stm32f1xx.o
 .comment       0x0000000000000043       0x44 ./Drivers/STM32F1xx_HAL_Driver/Src/stm32f1xx_hal.o
 .comment       0x0000000000000043       0x44 ./Drivers/STM32F1xx_HAL_Driver/Src/stm32f1xx_hal_cortex.o
 .comment       0x0000000000000043       0x44 ./Drivers/STM32F1xx_HAL_Driver/Src/stm32f1xx_hal_dma.o
 .comment       0x0000000000000043       0x44 ./Drivers/STM32F1xx_HAL_Driver/Src/stm32f1xx_hal_gpio.o
 .comment       0x0000000000000043       0x44 ./Drivers/STM32F1xx_HAL_Driver/Src/stm32f1xx_hal_pwr.o
 .comment       0x0000000000000043       0x44 ./Drivers/STM32F1xx_HAL_Driver/Src/stm32f1xx_hal_rcc.o
 .comment       0x0000000000000043       0x44 ./Drivers/STM32F1xx_HAL_Driver/Src/stm32f1xx_hal_uart.o

.debug_info     0x0000000000000000     0x78d4
 .debug_info    0x0000000000000000      0xc07 ./Core/Src/main.o
 .debug_info    0x0000000000000c07      0x989 ./Core/Src/stm32f1xx_hal_msp.o
 .debug_info    0x0000000000001590      0x60d ./Core/Src/stm32f1xx_it.o
 .debug_info    0x0000000000001b9d      0x222 ./Core/Src/system_stm32f1xx.o
 .debug_info    0x0000000000001dbf       0x23 ./Core/Startup/startup_stm32f103c8tx.o
 .debug_info    0x0000000000001de2      0x704 ./Drivers/STM32F1xx_HAL_Driver/Src/stm32f1xx_hal.o
 .debug_info    0x00000000000024e6      0xa87 ./Drivers/STM32F1xx_HAL_Driver/Src/stm32f1xx_hal_cortex.o
 .debug_info    0x0000000000002f6d      0x6d2 ./Drivers/STM32F1xx_HAL_Driver/Src/stm32f1xx_hal_dma.o
 .debug_info    0x000000000000363f      0x5ab ./Drivers/STM32F1xx_HAL_Driver/Src/stm32f1xx_hal_gpio.o
 .debug_info    0x0000000000003bea      0x628 ./Drivers/STM32F1xx_HAL_Driver/Src/stm32f1xx_hal_pwr.o
 .debug_info    0x0000000000004212      0x7d5 ./Drivers/STM32F1xx_HAL_Driver/Src/stm32f1xx_hal_rcc.o
 .debug_info    0x00000000000049e7     0x2eed ./Drivers/STM32F1xx_HAL_Driver/Src/stm32f1xx_hal_uart.o

.debug_abbrev   0x0000000000000000     0x17cc
 .debug_abbrev  0x0000000000000000      0x2b7 ./Core/Src/main.o
 .debug_abbrev  0x00000000000002b7      0x1ca ./Core/Src/stm32f1xx_hal_msp.o
 .debug_abbrev  0x0000000000000481      0x18b ./Core/Src/stm32f1xx_it.o
 .debug_abbrev  0x000000000000060c      0x13f ./Core/Src/system_stm32f1xx.o
 .debug_abbrev  0x000000000000074b       0x12 ./Core/Startup/startup_stm32f103c8tx.o
 .debug_abbrev  0x000000000000075d      0x201 ./Drivers/STM32F1xx_HAL_Driver/Src/stm32f1xx_hal.o
 .debug_abbrev  0x000000000000095e      0x2f8 ./Drivers/STM32F1xx_HAL_Driver/Src/stm32f1xx_hal_cortex.o
 .debug_abbrev  0x0000000000000c56      0x20b ./Drivers/STM32F1xx_HAL_Driver/Src/stm32f1xx_hal_dma.o
 .debug_abbrev  0x0000000000000e61      0x1ca ./Drivers/STM32F1xx_HAL_Driver/Src/stm32f1xx_hal_gpio.o
 .debug_abbrev  0x000000000000102b      0x1f6 ./Drivers/STM32F1xx_HAL_Driver/Src/stm32f1xx_hal_pwr.o
 .debug_abbrev  0x0000000000001221      0x2b3 ./Drivers/STM32F1xx_HAL_Driver/Src/stm32f1xx_hal_rcc.o
 .debug_abbrev  0x00000000000014d4      0x2f8 ./Drivers/STM32F1xx_HAL_Driver/Src/stm32f1xx_hal_uart.o

.debug_aranges  0x0000000000000000      0x730
 .debug_aranges
                0x0000000000000000       0x48 ./Core/Src/main.o
 .debug_aranges
                0x0000000000000048       0x30 ./Core/Src/stm32f1xx_hal_msp.o
 .debug_aranges
                0x0000000000000078       0x70 ./Core/Src/stm32f1xx_it.o
 .debug_aranges
                0x00000000000000e8       0x28 ./Core/Src/system_stm32f1xx.o
 .debug_aranges
                0x0000000000000110       0x28 ./Core/Startup/startup_stm32f103c8tx.o
 .debug_aranges
                0x0000000000000138       0xe0 ./Drivers/STM32F1xx_HAL_Driver/Src/stm32f1xx_hal.o
 .debug_aranges
                0x0000000000000218      0x100 ./Drivers/STM32F1xx_HAL_Driver/Src/stm32f1xx_hal_cortex.o
 .debug_aranges
                0x0000000000000318       0x80 ./Drivers/STM32F1xx_HAL_Driver/Src/stm32f1xx_hal_dma.o
 .debug_aranges
                0x0000000000000398       0x58 ./Drivers/STM32F1xx_HAL_Driver/Src/stm32f1xx_hal_gpio.o
 .debug_aranges
                0x00000000000003f0       0xa8 ./Drivers/STM32F1xx_HAL_Driver/Src/stm32f1xx_hal_pwr.o
 .debug_aranges
                0x0000000000000498       0x90 ./Drivers/STM32F1xx_HAL_Driver/Src/stm32f1xx_hal_rcc.o
 .debug_aranges
                0x0000000000000528      0x208 ./Drivers/STM32F1xx_HAL_Driver/Src/stm32f1xx_hal_uart.o

.debug_rnglists
                0x0000000000000000      0x579
 .debug_rnglists
                0x0000000000000000       0x34 ./Core/Src/main.o
 .debug_rnglists
                0x0000000000000034       0x20 ./Core/Src/stm32f1xx_hal_msp.o
 .debug_rnglists
                0x0000000000000054       0x4f ./Core/Src/stm32f1xx_it.o
 .debug_rnglists
                0x00000000000000a3       0x1a ./Core/Src/system_stm32f1xx.o
 .debug_rnglists
                0x00000000000000bd       0x19 ./Core/Startup/startup_stm32f103c8tx.o
 .debug_rnglists
                0x00000000000000d6       0xa3 ./Drivers/STM32F1xx_HAL_Driver/Src/stm32f1xx_hal.o
 .debug_rnglists
                0x0000000000000179       0xbb ./Drivers/STM32F1xx_HAL_Driver/Src/stm32f1xx_hal_cortex.o
 .debug_rnglists
                0x0000000000000234       0x64 ./Drivers/STM32F1xx_HAL_Driver/Src/stm32f1xx_hal_dma.o
 .debug_rnglists
                0x0000000000000298       0x3f ./Drivers/STM32F1xx_HAL_Driver/Src/stm32f1xx_hal_gpio.o
 .debug_rnglists
                0x00000000000002d7       0x7a ./Drivers/STM32F1xx_HAL_Driver/Src/stm32f1xx_hal_pwr.o
 .debug_rnglists
                0x0000000000000351       0x6c ./Drivers/STM32F1xx_HAL_Driver/Src/stm32f1xx_hal_rcc.o
 .debug_rnglists
                0x00000000000003bd      0x1bc ./Drivers/STM32F1xx_HAL_Driver/Src/stm32f1xx_hal_uart.o

.debug_macro    0x0000000000000000    0x169a9
 .debug_macro   0x0000000000000000      0x266 ./Core/Src/main.o
 .debug_macro   0x0000000000000266      0xa9c ./Core/Src/main.o
 .debug_macro   0x0000000000000d02      0x215 ./Core/Src/main.o
 .debug_macro   0x0000000000000f17       0x2e ./Core/Src/main.o
 .debug_macro   0x0000000000000f45       0x22 ./Core/Src/main.o
 .debug_macro   0x0000000000000f67       0x22 ./Core/Src/main.o
 .debug_macro   0x0000000000000f89       0x8e ./Core/Src/main.o
 .debug_macro   0x0000000000001017       0x51 ./Core/Src/main.o
 .debug_macro   0x0000000000001068      0x103 ./Core/Src/main.o
 .debug_macro   0x000000000000116b       0x6a ./Core/Src/main.o
 .debug_macro   0x00000000000011d5      0x1df ./Core/Src/main.o
 .debug_macro   0x00000000000013b4       0x1c ./Core/Src/main.o
 .debug_macro   0x00000000000013d0       0x22 ./Core/Src/main.o
 .debug_macro   0x00000000000013f2       0xbd ./Core/Src/main.o
 .debug_macro   0x00000000000014af      0xd23 ./Core/Src/main.o
 .debug_macro   0x00000000000021d2     0xe09e ./Core/Src/main.o
 .debug_macro   0x0000000000010270       0x6d ./Core/Src/main.o
 .debug_macro   0x00000000000102dd     0x34a2 ./Core/Src/main.o
 .debug_macro   0x000000000001377f      0x174 ./Core/Src/main.o
 .debug_macro   0x00000000000138f3       0x5c ./Core/Src/main.o
 .debug_macro   0x000000000001394f      0x5bc ./Core/Src/main.o
 .debug_macro   0x0000000000013f0b      0x289 ./Core/Src/main.o
 .debug_macro   0x0000000000014194      0x1cb ./Core/Src/main.o
 .debug_macro   0x000000000001435f      0x114 ./Core/Src/main.o
 .debug_macro   0x0000000000014473      0x1b2 ./Core/Src/main.o
 .debug_macro   0x0000000000014625       0x27 ./Core/Src/main.o
 .debug_macro   0x000000000001464c      0x136 ./Core/Src/main.o
 .debug_macro   0x0000000000014782      0x1bc ./Core/Src/main.o
 .debug_macro   0x000000000001493e       0x34 ./Core/Src/main.o
 .debug_macro   0x0000000000014972       0x3c ./Core/Src/main.o
 .debug_macro   0x00000000000149ae       0x57 ./Core/Src/main.o
 .debug_macro   0x0000000000014a05       0x87 ./Core/Src/main.o
 .debug_macro   0x0000000000014a8c      0x240 ./Core/Src/main.o
 .debug_macro   0x0000000000014ccc      0x140 ./Core/Src/main.o
 .debug_macro   0x0000000000014e0c      0x28e ./Core/Src/main.o
 .debug_macro   0x000000000001509a       0x83 ./Core/Src/main.o
 .debug_macro   0x000000000001511d       0x61 ./Core/Src/main.o
 .debug_macro   0x000000000001517e       0x24 ./Core/Src/main.o
 .debug_macro   0x00000000000151a2       0x43 ./Core/Src/main.o
 .debug_macro   0x00000000000151e5       0x34 ./Core/Src/main.o
 .debug_macro   0x0000000000015219       0x16 ./Core/Src/main.o
 .debug_macro   0x000000000001522f       0x43 ./Core/Src/main.o
 .debug_macro   0x0000000000015272       0x34 ./Core/Src/main.o
 .debug_macro   0x00000000000152a6       0x10 ./Core/Src/main.o
 .debug_macro   0x00000000000152b6       0x58 ./Core/Src/main.o
 .debug_macro   0x000000000001530e       0x8e ./Core/Src/main.o
 .debug_macro   0x000000000001539c       0x1c ./Core/Src/main.o
 .debug_macro   0x00000000000153b8      0x177 ./Core/Src/main.o
 .debug_macro   0x000000000001552f      0x369 ./Core/Src/main.o
 .debug_macro   0x0000000000015898       0x10 ./Core/Src/main.o
 .debug_macro   0x00000000000158a8       0x35 ./Core/Src/main.o
 .debug_macro   0x00000000000158dd       0x20 ./Core/Src/main.o
 .debug_macro   0x00000000000158fd      0x198 ./Core/Src/stm32f1xx_hal_msp.o
 .debug_macro   0x0000000000015a95      0x1a2 ./Core/Src/stm32f1xx_it.o
 .debug_macro   0x0000000000015c37      0x18e ./Core/Src/system_stm32f1xx.o
 .debug_macro   0x0000000000015dc5      0x1b2 ./Drivers/STM32F1xx_HAL_Driver/Src/stm32f1xx_hal.o
 .debug_macro   0x0000000000015f77      0x18e ./Drivers/STM32F1xx_HAL_Driver/Src/stm32f1xx_hal_cortex.o
 .debug_macro   0x0000000000016105      0x18e ./Drivers/STM32F1xx_HAL_Driver/Src/stm32f1xx_hal_dma.o
 .debug_macro   0x0000000000016293      0x1f9 ./Drivers/STM32F1xx_HAL_Driver/Src/stm32f1xx_hal_gpio.o
 .debug_macro   0x000000000001648c      0x1ee ./Drivers/STM32F1xx_HAL_Driver/Src/stm32f1xx_hal_pwr.o
 .debug_macro   0x000000000001667a      0x1a0 ./Drivers/STM32F1xx_HAL_Driver/Src/stm32f1xx_hal_rcc.o
 .debug_macro   0x000000000001681a      0x18f ./Drivers/STM32F1xx_HAL_Driver/Src/stm32f1xx_hal_uart.o

.debug_line     0x0000000000000000     0x8b69
 .debug_line    0x0000000000000000      0x95c ./Core/Src/main.o
 .debug_line    0x000000000000095c      0x723 ./Core/Src/stm32f1xx_hal_msp.o
 .debug_line    0x000000000000107f      0x7be ./Core/Src/stm32f1xx_it.o
 .debug_line    0x000000000000183d      0x74a ./Core/Src/system_stm32f1xx.o
 .debug_line    0x0000000000001f87       0x78 ./Core/Startup/startup_stm32f103c8tx.o
 .debug_line    0x0000000000001fff      0x977 ./Drivers/STM32F1xx_HAL_Driver/Src/stm32f1xx_hal.o
 .debug_line    0x0000000000002976      0xb5f ./Drivers/STM32F1xx_HAL_Driver/Src/stm32f1xx_hal_cortex.o
 .debug_line    0x00000000000034d5      0xdd0 ./Drivers/STM32F1xx_HAL_Driver/Src/stm32f1xx_hal_dma.o
 .debug_line    0x00000000000042a5      0xa10 ./Drivers/STM32F1xx_HAL_Driver/Src/stm32f1xx_hal_gpio.o
 .debug_line    0x0000000000004cb5      0x8f9 ./Drivers/STM32F1xx_HAL_Driver/Src/stm32f1xx_hal_pwr.o
 .debug_line    0x00000000000055ae      0xd80 ./Drivers/STM32F1xx_HAL_Driver/Src/stm32f1xx_hal_rcc.o
 .debug_line    0x000000000000632e     0x283b ./Drivers/STM32F1xx_HAL_Driver/Src/stm32f1xx_hal_uart.o

.debug_str      0x0000000000000000    0x81a52
 .debug_str     0x0000000000000000    0x8001f ./Core/Src/main.o
                                      0x8042d (size before relaxing)
 .debug_str     0x000000000008001f       0xa2 ./Core/Src/stm32f1xx_hal_msp.o
                                      0x7d0b8 (size before relaxing)
 .debug_str     0x00000000000800c1      0x119 ./Core/Src/stm32f1xx_it.o
                                      0x7cd92 (size before relaxing)
 .debug_str     0x00000000000801da       0x7e ./Core/Src/system_stm32f1xx.o
                                      0x7c943 (size before relaxing)
 .debug_str     0x0000000000080258       0x34 ./Core/Startup/startup_stm32f103c8tx.o
                                         0x54 (size before relaxing)
 .debug_str     0x000000000008028c      0x365 ./Drivers/STM32F1xx_HAL_Driver/Src/stm32f1xx_hal.o
                                      0x7d076 (size before relaxing)
 .debug_str     0x00000000000805f1      0x294 ./Drivers/STM32F1xx_HAL_Driver/Src/stm32f1xx_hal_cortex.o
                                      0x7cfc2 (size before relaxing)
 .debug_str     0x0000000000080885      0x23a ./Drivers/STM32F1xx_HAL_Driver/Src/stm32f1xx_hal_dma.o
                                      0x7ccec (size before relaxing)
 .debug_str     0x0000000000080abf      0x2b5 ./Drivers/STM32F1xx_HAL_Driver/Src/stm32f1xx_hal_gpio.o
                                      0x7ccc9 (size before relaxing)
 .debug_str     0x0000000000080d74      0x4f7 ./Drivers/STM32F1xx_HAL_Driver/Src/stm32f1xx_hal_pwr.o
                                      0x7ce7a (size before relaxing)
 .debug_str     0x000000000008126b      0x21d ./Drivers/STM32F1xx_HAL_Driver/Src/stm32f1xx_hal_rcc.o
                                      0x7cd72 (size before relaxing)
 .debug_str     0x0000000000081488      0x5ca ./Drivers/STM32F1xx_HAL_Driver/Src/stm32f1xx_hal_uart.o
                                      0x7d3e3 (size before relaxing)

.debug_frame    0x0000000000000000     0x1bac
 .debug_frame   0x0000000000000000       0xd0 ./Core/Src/main.o
 .debug_frame   0x00000000000000d0       0x80 ./Core/Src/stm32f1xx_hal_msp.o
 .debug_frame   0x0000000000000150      0x13c ./Core/Src/stm32f1xx_it.o
 .debug_frame   0x000000000000028c       0x58 ./Core/Src/system_stm32f1xx.o
 .debug_frame   0x00000000000002e4      0x334 ./Drivers/STM32F1xx_HAL_Driver/Src/stm32f1xx_hal.o
 .debug_frame   0x0000000000000618      0x428 ./Drivers/STM32F1xx_HAL_Driver/Src/stm32f1xx_hal_cortex.o
 .debug_frame   0x0000000000000a40      0x208 ./Drivers/STM32F1xx_HAL_Driver/Src/stm32f1xx_hal_dma.o
 .debug_frame   0x0000000000000c48      0x14c ./Drivers/STM32F1xx_HAL_Driver/Src/stm32f1xx_hal_gpio.o
 .debug_frame   0x0000000000000d94      0x270 ./Drivers/STM32F1xx_HAL_Driver/Src/stm32f1xx_hal_pwr.o
 .debug_frame   0x0000000000001004      0x218 ./Drivers/STM32F1xx_HAL_Driver/Src/stm32f1xx_hal_rcc.o
 .debug_frame   0x000000000000121c      0x944 ./Drivers/STM32F1xx_HAL_Driver/Src/stm32f1xx_hal_uart.o
 .debug_frame   0x0000000000001b60       0x20 C:/ST/STM32CubeIDE_1.13.1/STM32CubeIDE/plugins/com.st.stm32cube.ide.mcu.externaltools.gnu-tools-for-stm32.11.3.rel1.win32_1.1.0.202305231506/tools/bin/../lib/gcc/arm-none-eabi/11.3.1/../../../../arm-none-eabi/lib/thumb/v7-m/nofp\libc_nano.a(libc_a-memset.o)
 .debug_frame   0x0000000000001b80       0x2c C:/ST/STM32CubeIDE_1.13.1/STM32CubeIDE/plugins/com.st.stm32cube.ide.mcu.externaltools.gnu-tools-for-stm32.11.3.rel1.win32_1.1.0.202305231506/tools/bin/../lib/gcc/arm-none-eabi/11.3.1/../../../../arm-none-eabi/lib/thumb/v7-m/nofp\libc_nano.a(libc_a-init.o)

.debug_line_str
                0x0000000000000000       0x48
 .debug_line_str
                0x0000000000000000       0x48 ./Core/Startup/startup_stm32f103c8tx.o
                                         0x60 (size before relaxing)
