../Core/Src/main.c:165:6:clear_frame	1
../Core/Src/main.c:187:6:create_frame	3
../Core/Src/main.c:213:9:calculate_crc	2
../Core/Src/main.c:222:5:create_payload	4
../Core/Src/main.c:260:5:LoRa_rx_payload	21
../Core/Src/main.c:413:5:main	2
../Core/Src/main.c:507:6:SystemClock_Config	3
../Core/Src/main.c:546:13:MX_I2C1_Init	2
../Core/Src/main.c:580:13:MX_SPI1_Init	2
../Core/Src/main.c:618:13:MX_USART1_UART_Init	2
../Core/Src/main.c:651:13:MX_GPIO_Init	1
../Core/Src/main.c:696:6:HAL_GPIO_EXTI_Callback	2
../Core/Src/main.c:707:6:Error_Handler	1
