../Core/Src/main.c:165:6:clear_frame	16	static
../Core/Src/main.c:187:6:create_frame	24	static
../Core/Src/main.c:213:9:calculate_crc	24	static
../Core/Src/main.c:222:5:create_payload	32	static
../Core/Src/main.c:260:5:LoRa_rx_payload	24	static
../Core/Src/main.c:413:5:main	64	static
../Core/Src/main.c:507:6:SystemClock_Config	72	static
../Core/Src/main.c:546:13:MX_I2C1_Init	8	static
../Core/Src/main.c:580:13:MX_SPI1_Init	8	static
../Core/Src/main.c:618:13:MX_USART1_UART_Init	8	static
../Core/Src/main.c:651:13:MX_GPIO_Init	32	static
../Core/Src/main.c:696:6:HAL_GPIO_EXTI_Callback	16	static
../Core/Src/main.c:707:6:Error_Handler	4	static,ignoring_inline_asm
