Archive member included to satisfy reference by file (symbol)

C:/ST/STM32CubeIDE_1.13.1/STM32CubeIDE/plugins/com.st.stm32cube.ide.mcu.externaltools.gnu-tools-for-stm32.11.3.rel1.win32_1.1.0.202305231506/tools/bin/../lib/gcc/arm-none-eabi/11.3.1/../../../../arm-none-eabi/lib/thumb/v7-m/nofp\libc_nano.a(libc_a-exit.o)
                              C:/ST/STM32CubeIDE_1.13.1/STM32CubeIDE/plugins/com.st.stm32cube.ide.mcu.externaltools.gnu-tools-for-stm32.11.3.rel1.win32_1.1.0.202305231506/tools/bin/../lib/gcc/arm-none-eabi/11.3.1/../../../../arm-none-eabi/lib/thumb/v7-m/nofp/crt0.o (exit)
C:/ST/STM32CubeIDE_1.13.1/STM32CubeIDE/plugins/com.st.stm32cube.ide.mcu.externaltools.gnu-tools-for-stm32.11.3.rel1.win32_1.1.0.202305231506/tools/bin/../lib/gcc/arm-none-eabi/11.3.1/../../../../arm-none-eabi/lib/thumb/v7-m/nofp\libc_nano.a(libc_a-findfp.o)
                              C:/ST/STM32CubeIDE_1.13.1/STM32CubeIDE/plugins/com.st.stm32cube.ide.mcu.externaltools.gnu-tools-for-stm32.11.3.rel1.win32_1.1.0.202305231506/tools/bin/../lib/gcc/arm-none-eabi/11.3.1/../../../../arm-none-eabi/lib/thumb/v7-m/nofp\libc_nano.a(libc_a-exit.o) (__stdio_exit_handler)
C:/ST/STM32CubeIDE_1.13.1/STM32CubeIDE/plugins/com.st.stm32cube.ide.mcu.externaltools.gnu-tools-for-stm32.11.3.rel1.win32_1.1.0.202305231506/tools/bin/../lib/gcc/arm-none-eabi/11.3.1/../../../../arm-none-eabi/lib/thumb/v7-m/nofp\libc_nano.a(libc_a-fwalk.o)
                              C:/ST/STM32CubeIDE_1.13.1/STM32CubeIDE/plugins/com.st.stm32cube.ide.mcu.externaltools.gnu-tools-for-stm32.11.3.rel1.win32_1.1.0.202305231506/tools/bin/../lib/gcc/arm-none-eabi/11.3.1/../../../../arm-none-eabi/lib/thumb/v7-m/nofp\libc_nano.a(libc_a-findfp.o) (_fwalk_sglue)
C:/ST/STM32CubeIDE_1.13.1/STM32CubeIDE/plugins/com.st.stm32cube.ide.mcu.externaltools.gnu-tools-for-stm32.11.3.rel1.win32_1.1.0.202305231506/tools/bin/../lib/gcc/arm-none-eabi/11.3.1/../../../../arm-none-eabi/lib/thumb/v7-m/nofp\libc_nano.a(libc_a-stdio.o)
                              C:/ST/STM32CubeIDE_1.13.1/STM32CubeIDE/plugins/com.st.stm32cube.ide.mcu.externaltools.gnu-tools-for-stm32.11.3.rel1.win32_1.1.0.202305231506/tools/bin/../lib/gcc/arm-none-eabi/11.3.1/../../../../arm-none-eabi/lib/thumb/v7-m/nofp\libc_nano.a(libc_a-findfp.o) (__sread)
C:/ST/STM32CubeIDE_1.13.1/STM32CubeIDE/plugins/com.st.stm32cube.ide.mcu.externaltools.gnu-tools-for-stm32.11.3.rel1.win32_1.1.0.202305231506/tools/bin/../lib/gcc/arm-none-eabi/11.3.1/../../../../arm-none-eabi/lib/thumb/v7-m/nofp\libc_nano.a(libc_a-memset.o)
                              C:/ST/STM32CubeIDE_1.13.1/STM32CubeIDE/plugins/com.st.stm32cube.ide.mcu.externaltools.gnu-tools-for-stm32.11.3.rel1.win32_1.1.0.202305231506/tools/bin/../lib/gcc/arm-none-eabi/11.3.1/../../../../arm-none-eabi/lib/thumb/v7-m/nofp/crt0.o (memset)
C:/ST/STM32CubeIDE_1.13.1/STM32CubeIDE/plugins/com.st.stm32cube.ide.mcu.externaltools.gnu-tools-for-stm32.11.3.rel1.win32_1.1.0.202305231506/tools/bin/../lib/gcc/arm-none-eabi/11.3.1/../../../../arm-none-eabi/lib/thumb/v7-m/nofp\libc_nano.a(libc_a-closer.o)
                              C:/ST/STM32CubeIDE_1.13.1/STM32CubeIDE/plugins/com.st.stm32cube.ide.mcu.externaltools.gnu-tools-for-stm32.11.3.rel1.win32_1.1.0.202305231506/tools/bin/../lib/gcc/arm-none-eabi/11.3.1/../../../../arm-none-eabi/lib/thumb/v7-m/nofp\libc_nano.a(libc_a-stdio.o) (_close_r)
C:/ST/STM32CubeIDE_1.13.1/STM32CubeIDE/plugins/com.st.stm32cube.ide.mcu.externaltools.gnu-tools-for-stm32.11.3.rel1.win32_1.1.0.202305231506/tools/bin/../lib/gcc/arm-none-eabi/11.3.1/../../../../arm-none-eabi/lib/thumb/v7-m/nofp\libc_nano.a(libc_a-reent.o)
                              C:/ST/STM32CubeIDE_1.13.1/STM32CubeIDE/plugins/com.st.stm32cube.ide.mcu.externaltools.gnu-tools-for-stm32.11.3.rel1.win32_1.1.0.202305231506/tools/bin/../lib/gcc/arm-none-eabi/11.3.1/../../../../arm-none-eabi/lib/thumb/v7-m/nofp\libc_nano.a(libc_a-closer.o) (errno)
C:/ST/STM32CubeIDE_1.13.1/STM32CubeIDE/plugins/com.st.stm32cube.ide.mcu.externaltools.gnu-tools-for-stm32.11.3.rel1.win32_1.1.0.202305231506/tools/bin/../lib/gcc/arm-none-eabi/11.3.1/../../../../arm-none-eabi/lib/thumb/v7-m/nofp\libc_nano.a(libc_a-impure.o)
                              C:/ST/STM32CubeIDE_1.13.1/STM32CubeIDE/plugins/com.st.stm32cube.ide.mcu.externaltools.gnu-tools-for-stm32.11.3.rel1.win32_1.1.0.202305231506/tools/bin/../lib/gcc/arm-none-eabi/11.3.1/../../../../arm-none-eabi/lib/thumb/v7-m/nofp\libc_nano.a(libc_a-reent.o) (_impure_ptr)
C:/ST/STM32CubeIDE_1.13.1/STM32CubeIDE/plugins/com.st.stm32cube.ide.mcu.externaltools.gnu-tools-for-stm32.11.3.rel1.win32_1.1.0.202305231506/tools/bin/../lib/gcc/arm-none-eabi/11.3.1/../../../../arm-none-eabi/lib/thumb/v7-m/nofp\libc_nano.a(libc_a-lseekr.o)
[...]
Memory Configuration

Name             Origin             Length             Attributes
RAM              0x0000000020000000 0x0000000000005000 xrw
FLASH            0x0000000008000000 0x0000000000010000 xr
*default*        0x0000000000000000 0xffffffffffffffff

Linker script and memory map

LOAD C:/ST/STM32CubeIDE_1.13.1/STM32CubeIDE/plugins/com.st.stm32cube.ide.mcu.externaltools.gnu-tools-for-stm32.11.3.rel1.win32_1.1.0.202305231506/tools/bin/../lib/gcc/arm-none-eabi/11.3.1/thumb/v7-m/nofp/crti.o
LOAD C:/ST/STM32CubeIDE_1.13.1/STM32CubeIDE/plugins/com.st.stm32cube.ide.mcu.externaltools.gnu-tools-for-stm32.11.3.rel1.win32_1.1.0.202305231506/tools/bin/../lib/gcc/arm-none-eabi/11.3.1/thumb/v7-m/nofp/crtbegin.o
LOAD C:/ST/STM32CubeIDE_1.13.1/STM32CubeIDE/plugins/com.st.stm32cube.ide.mcu.externaltools.gnu-tools-for-stm32.11.3.rel1.win32_1.1.0.202305231506/tools/bin/../lib/gcc/arm-none-eabi/11.3.1/../../../../arm-none-eabi/lib/thumb/v7-m/nofp/crt0.o
LOAD ./Core/Src/AHT30.o
LOAD ./Core/Src/DS3231.o
LOAD ./Core/Src/LoRa.o
LOAD ./Core/Src/LoRa_network.o
LOAD ./Core/Src/SHT30.o
LOAD ./Core/Src/main.o
LOAD ./Core/Src/node.o
LOAD ./Core/Src/stm32f1xx_hal_msp.o
LOAD ./Core/Src/stm32f1xx_it.o
LOAD ./Core/Src/syscalls.o
LOAD ./Core/Src/sysmem.o
LOAD ./Core/Src/system_stm32f1xx.o
LOAD ./Core/Startup/startup_stm32f103c8tx.o
LOAD ./Drivers/STM32F1xx_HAL_Driver/Src/stm32f1xx_hal.o
LOAD ./Drivers/STM32F1xx_HAL_Driver/Src/stm32f1xx_hal_cortex.o
LOAD ./Drivers/STM32F1xx_HAL_Driver/Src/stm32f1xx_hal_dma.o
LOAD ./Drivers/STM32F1xx_HAL_Driver/Src/stm32f1xx_hal_exti.o
LOAD ./Drivers/STM32F1xx_HAL_Driver/Src/stm32f1xx_hal_flash.o
LOAD ./Drivers/STM32F1xx_HAL_Driver/Src/stm32f1xx_hal_flash_ex.o
LOAD ./Drivers/STM32F1xx_HAL_Driver/Src/stm32f1xx_hal_gpio.o
LOAD ./Drivers/STM32F1xx_HAL_Driver/Src/stm32f1xx_hal_gpio_ex.o
LOAD ./Drivers/STM32F1xx_HAL_Driver/Src/stm32f1xx_hal_i2c.o
LOAD ./Drivers/STM32F1xx_HAL_Driver/Src/stm32f1xx_hal_pwr.o
LOAD ./Drivers/STM32F1xx_HAL_Driver/Src/stm32f1xx_hal_rcc.o
LOAD ./Drivers/STM32F1xx_HAL_Driver/Src/stm32f1xx_hal_rcc_ex.o
LOAD ./Drivers/STM32F1xx_HAL_Driver/Src/stm32f1xx_hal_rtc.o
LOAD ./Drivers/STM32F1xx_HAL_Driver/Src/stm32f1xx_hal_rtc_ex.o
LOAD ./Drivers/STM32F1xx_HAL_Driver/Src/stm32f1xx_hal_spi.o
LOAD ./Drivers/STM32F1xx_HAL_Driver/Src/stm32f1xx_hal_tim.o
LOAD ./Drivers/STM32F1xx_HAL_Driver/Src/stm32f1xx_hal_tim_ex.o
LOAD ./Drivers/STM32F1xx_HAL_Driver/Src/stm32f1xx_hal_uart.o
START GROUP
LOAD C:/ST/STM32CubeIDE_1.13.1/STM32CubeIDE/plugins/com.st.stm32cube.ide.mcu.externaltools.gnu-tools-for-stm32.11.3.rel1.win32_1.1.0.202305231506/tools/bin/../lib/gcc/arm-none-eabi/11.3.1/../../../../arm-none-eabi/lib/thumb/v7-m/nofp\libc_nano.a
LOAD C:/ST/STM32CubeIDE_1.13.1/STM32CubeIDE/plugins/com.st.stm32cube.ide.mcu.externaltools.gnu-tools-for-stm32.11.3.rel1.win32_1.1.0.202305231506/tools/bin/../lib/gcc/arm-none-eabi/11.3.1/../../../../arm-none-eabi/lib/thumb/v7-m/nofp\libm.a
END GROUP
START GROUP
LOAD C:/ST/STM32CubeIDE_1.13.1/STM32CubeIDE/plugins/com.st.stm32cube.ide.mcu.externaltools.gnu-tools-for-stm32.11.3.rel1.win32_1.1.0.202305231506/tools/bin/../lib/gcc/arm-none-eabi/11.3.1/thumb/v7-m/nofp\libgcc.a
LOAD C:/ST/STM32CubeIDE_1.13.1/STM32CubeIDE/plugins/com.st.stm32cube.ide.mcu.externaltools.gnu-tools-for-stm32.11.3.rel1.win32_1.1.0.202305231506/tools/bin/../lib/gcc/arm-none-eabi/11.3.1/../../../../arm-none-eabi/lib/thumb/v7-m/nofp\libc_nano.a
END GROUP
START GROUP
LOAD C:/ST/STM32CubeIDE_1.13.1/STM32CubeIDE/plugins/com.st.stm32cube.ide.mcu.externaltools.gnu-tools-for-stm32.11.3.rel1.win32_1.1.0.202305231506/tools/bin/../lib/gcc/arm-none-eabi/11.3.1/thumb/v7-m/nofp\libgcc.a
LOAD C:/ST/STM32CubeIDE_1.13.1/STM32CubeIDE/plugins/com.st.stm32cube.ide.mcu.externaltools.gnu-tools-for-stm32.11.3.rel1.win32_1.1.0.202305231506/tools/bin/../lib/gcc/arm-none-eabi/11.3.1/../../../../arm-none-eabi/lib/thumb/v7-m/nofp\libc_nano.a
LOAD C:/ST/STM32CubeIDE_1.13.1/STM32CubeIDE/plugins/com.st.stm32cube.ide.mcu.externaltools.gnu-tools-for-stm32.11.3.rel1.win32_1.1.0.202305231506/tools/bin/../lib/gcc/arm-none-eabi/11.3.1/../../../../arm-none-eabi/lib/thumb/v7-m/nofp\libnosys.a
END GROUP
START GROUP
LOAD C:/ST/STM32CubeIDE_1.13.1/STM32CubeIDE/plugins/com.st.stm32cube.ide.mcu.externaltools.gnu-tools-for-stm32.11.3.rel1.win32_1.1.0.202305231506/tools/bin/../lib/gcc/arm-none-eabi/11.3.1/thumb/v7-m/nofp\libgcc.a
LOAD C:/ST/STM32CubeIDE_1.13.1/STM32CubeIDE/plugins/com.st.stm32cube.ide.mcu.externaltools.gnu-tools-for-stm32.11.3.rel1.win32_1.1.0.202305231506/tools/bin/../lib/gcc/arm-none-eabi/11.3.1/../../../../arm-none-eabi/lib/thumb/v7-m/nofp\libc_nano.a
LOAD C:/ST/STM32CubeIDE_1.13.1/STM32CubeIDE/plugins/com.st.stm32cube.ide.mcu.externaltools.gnu-tools-for-stm32.11.3.rel1.win32_1.1.0.202305231506/tools/bin/../lib/gcc/arm-none-eabi/11.3.1/../../../../arm-none-eabi/lib/thumb/v7-m/nofp\libnosys.a
END GROUP
LOAD C:/ST/STM32CubeIDE_1.13.1/STM32CubeIDE/plugins/com.st.stm32cube.ide.mcu.externaltools.gnu-tools-for-stm32.11.3.rel1.win32_1.1.0.202305231506/tools/bin/../lib/gcc/arm-none-eabi/11.3.1/thumb/v7-m/nofp/crtend.o
LOAD C:/ST/STM32CubeIDE_1.13.1/STM32CubeIDE/plugins/com.st.stm32cube.ide.mcu.externaltools.gnu-tools-for-stm32.11.3.rel1.win32_1.1.0.202305231506/tools/bin/../lib/gcc/arm-none-eabi/11.3.1/thumb/v7-m/nofp/crtn.o
                0x0000000020005000                _estack = (ORIGIN (RAM) + LENGTH (RAM))
                0x0000000000000200                _Min_Heap_Size = 0x200
                0x0000000000000400                _Min_Stack_Size = 0x400

.isr_vector     0x0000000008000000      0x10c
                0x0000000008000000                . = ALIGN (0x4)
 *(.isr_vector)
 .isr_vector    0x0000000008000000      0x10c ./Core/Startup/startup_stm32f103c8tx.o
                0x0000000008000000                g_pfnVectors
                0x000000000800010c                . = ALIGN (0x4)

.text           0x000000000800010c     0x860c
                0x000000000800010c                . = ALIGN (0x4)
 *(.text)
 .text          0x000000000800010c       0x40 C:/ST/STM32CubeIDE_1.13.1/STM32CubeIDE/plugins/com.st.stm32cube.ide.mcu.externaltools.gnu-tools-for-stm32.11.3.rel1.win32_1.1.0.202305231506/tools/bin/../lib/gcc/arm-none-eabi/11.3.1/thumb/v7-m/nofp/crtbegin.o
 .text          0x000000000800014c      0x378 C:/ST/STM32CubeIDE_1.13.1/STM32CubeIDE/plugins/com.st.stm32cube.ide.mcu.externaltools.gnu-tools-for-stm32.11.3.rel1.win32_1.1.0.202305231506/tools/bin/../lib/gcc/arm-none-eabi/11.3.1/thumb/v7-m/nofp\libgcc.a(_arm_addsubdf3.o)
                0x000000000800014c                __aeabi_drsub
                0x0000000008000154                __aeabi_dsub
                0x0000000008000154                __subdf3
                0x0000000008000158                __aeabi_dadd
                0x0000000008000158                __adddf3
                0x00000000080003d0                __floatunsidf
                0x00000000080003d0                __aeabi_ui2d
                0x00000000080003f0                __floatsidf
                0x00000000080003f0                __aeabi_i2d
                0x0000000008000414                __aeabi_f2d
                0x0000000008000414                __extendsfdf2
                0x0000000008000458                __floatundidf
                0x0000000008000458                __aeabi_ul2d
                0x0000000008000468                __floatdidf
                0x0000000008000468                __aeabi_l2d
 .text          0x00000000080004c4      0x424 C:/ST/STM32CubeIDE_1.13.1/STM32CubeIDE/plugins/com.st.stm32cube.ide.mcu.externaltools.gnu-tools-for-stm32.11.3.rel1.win32_1.1.0.202305231506/tools/bin/../lib/gcc/arm-none-eabi/11.3.1/thumb/v7-m/nofp\libgcc.a(_arm_muldivdf3.o)
                0x00000000080004c4                __aeabi_dmul
                0x00000000080004c4                __muldf3
                0x0000000008000718                __divdf3
                0x0000000008000718                __aeabi_ddiv
 .text          0x00000000080008e8       0x50 C:/ST/STM32CubeIDE_1.13.1/STM32CubeIDE/plugins/com.st.stm32cube.ide.mcu.externaltools.gnu-tools-for-stm32.11.3.rel1.win32_1.1.0.202305231506/tools/bin/../lib/gcc/arm-none-eabi/11.3.1/thumb/v7-m/nofp\libgcc.a(_arm_fixdfsi.o)
                0x00000000080008e8                __aeabi_d2iz
                0x00000000080008e8                __fixdfsi
 *(.text*)
 .text.AHT30_calc_data
                0x0000000008000938       0x7e ./Core/Src/AHT30.o
                0x0000000008000938                AHT30_calc_data
 *fill*         0x00000000080009b6        0x2 
 .text.AHT30_read_data
                0x00000000080009b8       0xac ./Core/Src/AHT30.o
                0x00000000080009b8                AHT30_read_data
 .text.BCD2dec  0x0000000008000a64       0x30 ./Core/Src/DS3231.o
                0x0000000008000a64                BCD2dec
 .text.dec2BCD  0x0000000008000a94       0x48 ./Core/Src/DS3231.o
                0x0000000008000a94                dec2BCD
 .text.RTC_init
                0x0000000008000adc       0x4e ./Core/Src/DS3231.o
                0x0000000008000adc                RTC_init
 .text.RTC_write_data
                0x0000000008000b2a       0x9e ./Core/Src/DS3231.o
                0x0000000008000b2a                RTC_write_data
 .text.RTC_read_data
                0x0000000008000bc8       0xc6 ./Core/Src/DS3231.o
                0x0000000008000bc8                RTC_read_data
 .text.newLoRa  0x0000000008000c8e       0x52 ./Core/Src/LoRa.o
                0x0000000008000c8e                newLoRa
 .text.LoRa_reset
                0x0000000008000ce0       0x3c ./Core/Src/LoRa.o
                0x0000000008000ce0                LoRa_reset
 .text.LoRa_gotoMode
                0x0000000008000d1c       0xc2 ./Core/Src/LoRa.o
                0x0000000008000d1c                LoRa_gotoMode
 .text.LoRa_readReg
                0x0000000008000dde       0x7c ./Core/Src/LoRa.o
                0x0000000008000dde                LoRa_readReg
 .text.LoRa_writeReg
                0x0000000008000e5a       0x7c ./Core/Src/LoRa.o
                0x0000000008000e5a                LoRa_writeReg
 .text.LoRa_setLowDaraRateOptimization
                0x0000000008000ed6       0x4a ./Core/Src/LoRa.o
                0x0000000008000ed6                LoRa_setLowDaraRateOptimization
 .text.LoRa_setAutoLDO
                0x0000000008000f20       0x6c ./Core/Src/LoRa.o
                0x0000000008000f20                LoRa_setAutoLDO
 .text.LoRa_setFrequency
                0x0000000008000f8c       0x60 ./Core/Src/LoRa.o
                0x0000000008000f8c                LoRa_setFrequency
 .text.LoRa_setSpreadingFactor
                0x0000000008000fec       0x64 ./Core/Src/LoRa.o
                0x0000000008000fec                LoRa_setSpreadingFactor
 .text.LoRa_setPower
                0x0000000008001050       0x26 ./Core/Src/LoRa.o
                0x0000000008001050                LoRa_setPower
 *fill*         0x0000000008001076        0x2 
 .text.LoRa_setOCP
                0x0000000008001078       0x7c ./Core/Src/LoRa.o
                0x0000000008001078                LoRa_setOCP
 .text.LoRa_setTOMsb_setCRCon
                0x00000000080010f4       0x36 ./Core/Src/LoRa.o
                0x00000000080010f4                LoRa_setTOMsb_setCRCon
 .text.LoRa_read
                0x000000000800112a       0x34 ./Core/Src/LoRa.o
                0x000000000800112a                LoRa_read
 .text.LoRa_write
                0x000000000800115e       0x40 ./Core/Src/LoRa.o
                0x000000000800115e                LoRa_write
 .text.LoRa_BurstWrite
                0x000000000800119e       0x8e ./Core/Src/LoRa.o
                0x000000000800119e                LoRa_BurstWrite
 .text.LoRa_isvalid
                0x000000000800122c       0x14 ./Core/Src/LoRa.o
                0x000000000800122c                LoRa_isvalid
 .text.LoRa_transmit
                0x0000000008001240       0xee ./Core/Src/LoRa.o
                0x0000000008001240                LoRa_transmit
 .text.LoRa_startReceiving
                0x000000000800132e       0x18 ./Core/Src/LoRa.o
                0x000000000800132e                LoRa_startReceiving
 .text.LoRa_init
                0x0000000008001346      0x13e ./Core/Src/LoRa.o
                0x0000000008001346                LoRa_init
 .text.flash_read_node_id
                0x0000000008001484       0x14 ./Core/Src/LoRa_network.o
                0x0000000008001484                flash_read_node_id
 .text.store_nodeid
                0x0000000008001498       0x1c ./Core/Src/LoRa_network.o
                0x0000000008001498                store_nodeid
 .text.flash_write_node_id
                0x00000000080014b4       0x68 ./Core/Src/LoRa_network.o
                0x00000000080014b4                flash_write_node_id
 .text.RTC_get_error
                0x000000000800151c       0x68 ./Core/Src/LoRa_network.o
                0x000000000800151c                RTC_get_error
 .text.RTC_SetTime
                0x0000000008001584       0x4e ./Core/Src/LoRa_network.o
                0x0000000008001584                RTC_SetTime
 *fill*         0x00000000080015d2        0x2 
 .text.RTC_SetTime_Calib
                0x00000000080015d4       0xdc ./Core/Src/LoRa_network.o
                0x00000000080015d4                RTC_SetTime_Calib
 .text.RTC_SetAlarm
                0x00000000080016b0       0xac ./Core/Src/LoRa_network.o
                0x00000000080016b0                RTC_SetAlarm
 .text.RTC_SetAlarm_NextPeriod
                0x000000000800175c       0x3e ./Core/Src/LoRa_network.o
                0x000000000800175c                RTC_SetAlarm_NextPeriod
 .text.RTC_SetAlarm_Timeslot
                0x000000000800179a       0x3a ./Core/Src/LoRa_network.o
                0x000000000800179a                RTC_SetAlarm_Timeslot
 .text.RTC_ReadCounter
                0x00000000080017d4       0x60 ./Core/Src/LoRa_network.o
                0x00000000080017d4                RTC_ReadCounter
 .text.calculate_crc
                0x0000000008001834       0x3e ./Core/Src/LoRa_network.o
                0x0000000008001834                calculate_crc
 .text.Clear_Frame
                0x0000000008001872       0x60 ./Core/Src/LoRa_network.o
                0x0000000008001872                Clear_Frame
 *fill*         0x00000000080018d2        0x2 
 .text.HAL_RTC_AlarmAEventCallback
                0x00000000080018d4       0x1c ./Core/Src/main.o
                0x00000000080018d4                HAL_RTC_AlarmAEventCallback
 .text.HAL_GPIO_EXTI_Callback
                0x00000000080018f0       0x28 ./Core/Src/main.o
                0x00000000080018f0                HAL_GPIO_EXTI_Callback
 .text.HAL_TIM_PeriodElapsedCallback
                0x0000000008001918       0x44 ./Core/Src/main.o
                0x0000000008001918                HAL_TIM_PeriodElapsedCallback
 .text.main     0x000000000800195c      0x770 ./Core/Src/main.o
                0x000000000800195c                main
 .text.SystemClock_Config
                0x00000000080020cc       0xb2 ./Core/Src/main.o
                0x00000000080020cc                SystemClock_Config
 *fill*         0x000000000800217e        0x2 
 .text.MX_I2C1_Init
                0x0000000008002180       0x5c ./Core/Src/main.o
 .text.MX_RTC_Init
                0x00000000080021dc       0x94 ./Core/Src/main.o
 .text.MX_SPI1_Init
                0x0000000008002270       0x6c ./Core/Src/main.o
 .text.MX_TIM2_Init
                0x00000000080022dc       0xc8 ./Core/Src/main.o
 .text.MX_USART1_UART_Init
                0x00000000080023a4       0x54 ./Core/Src/main.o
 .text.MX_GPIO_Init
                0x00000000080023f8      0x150 ./Core/Src/main.o
 .text.Error_Handler
                0x0000000008002548        0xa ./Core/Src/main.o
                0x0000000008002548                Error_Handler
 *fill*         0x0000000008002552        0x2 
 .text.Node_LoRa_Init
                0x0000000008002554       0x9c ./Core/Src/node.o
                0x0000000008002554                Node_LoRa_Init
 .text.Node_LoRa_Check
                0x00000000080025f0       0x4c ./Core/Src/node.o
                0x00000000080025f0                Node_LoRa_Check
 .text.Node_Read_Dev_ID
                0x000000000800263c       0x32 ./Core/Src/node.o
                0x000000000800263c                Node_Read_Dev_ID
 .text.Node_RxCONTIN_Init
                0x000000000800266e       0x2e ./Core/Src/node.o
                0x000000000800266e                Node_RxCONTIN_Init
 .text.Create_JoinRequest_Frame
                0x000000000800269c       0x28 ./Core/Src/node.o
                0x000000000800269c                Create_JoinRequest_Frame
 .text.Create_Data_Frame
                0x00000000080026c4       0x48 ./Core/Src/node.o
                0x00000000080026c4                Create_Data_Frame
 .text.read_sensor_to_buff
                0x000000000800270c       0xa0 ./Core/Src/node.o
                0x000000000800270c                read_sensor_to_buff
 .text.Create_Frame
                0x00000000080027ac       0x50 ./Core/Src/node.o
                0x00000000080027ac                Create_Frame
 .text.create_payload_node
                0x00000000080027fc       0xd2 ./Core/Src/node.o
                0x00000000080027fc                create_payload_node
 *fill*         0x00000000080028ce        0x2 
 .text.Node_Create_Payload
                0x00000000080028d0       0x28 ./Core/Src/node.o
                0x00000000080028d0                Node_Create_Payload
 .text.Node_Rx_Frame
                0x00000000080028f8      0x238 ./Core/Src/node.o
                0x00000000080028f8                Node_Rx_Frame
 .text.Node_Rx_Beacon_Handle
                0x0000000008002b30       0xac ./Core/Src/node.o
                0x0000000008002b30                Node_Rx_Beacon_Handle
 .text.Node_Rx_JoinResponse_Handle
                0x0000000008002bdc       0x5a ./Core/Src/node.o
                0x0000000008002bdc                Node_Rx_JoinResponse_Handle
 *fill*         0x0000000008002c36        0x2 
 .text.Node_Tx_JoinRequest
                0x0000000008002c38       0x28 ./Core/Src/node.o
                0x0000000008002c38                Node_Tx_JoinRequest
 .text.Node_Tx_Data
                0x0000000008002c60       0x28 ./Core/Src/node.o
                0x0000000008002c60                Node_Tx_Data
 .text.HAL_MspInit
                0x0000000008002c88       0x64 ./Core/Src/stm32f1xx_hal_msp.o
                0x0000000008002c88                HAL_MspInit
 .text.HAL_I2C_MspInit
                0x0000000008002cec       0x7c ./Core/Src/stm32f1xx_hal_msp.o
                0x0000000008002cec                HAL_I2C_MspInit
 .text.HAL_RTC_MspInit
                0x0000000008002d68       0x68 ./Core/Src/stm32f1xx_hal_msp.o
                0x0000000008002d68                HAL_RTC_MspInit
 .text.HAL_SPI_MspInit
                0x0000000008002dd0       0x94 ./Core/Src/stm32f1xx_hal_msp.o
                0x0000000008002dd0                HAL_SPI_MspInit
 .text.HAL_TIM_Base_MspInit
                0x0000000008002e64       0x48 ./Core/Src/stm32f1xx_hal_msp.o
                0x0000000008002e64                HAL_TIM_Base_MspInit
 .text.HAL_UART_MspInit
                0x0000000008002eac       0x98 ./Core/Src/stm32f1xx_hal_msp.o
                0x0000000008002eac                HAL_UART_MspInit
 .text.NMI_Handler
                0x0000000008002f44        0x6 ./Core/Src/stm32f1xx_it.o
                0x0000000008002f44                NMI_Handler
 .text.HardFault_Handler
                0x0000000008002f4a        0x6 ./Core/Src/stm32f1xx_it.o
                0x0000000008002f4a                HardFault_Handler
 .text.MemManage_Handler
                0x0000000008002f50        0x6 ./Core/Src/stm32f1xx_it.o
                0x0000000008002f50                MemManage_Handler
 .text.BusFault_Handler
                0x0000000008002f56        0x6 ./Core/Src/stm32f1xx_it.o
                0x0000000008002f56                BusFault_Handler
 .text.UsageFault_Handler
                0x0000000008002f5c        0x6 ./Core/Src/stm32f1xx_it.o
                0x0000000008002f5c                UsageFault_Handler
 .text.SVC_Handler
                0x0000000008002f62        0xc ./Core/Src/stm32f1xx_it.o
                0x0000000008002f62                SVC_Handler
 .text.DebugMon_Handler
                0x0000000008002f6e        0xc ./Core/Src/stm32f1xx_it.o
                0x0000000008002f6e                DebugMon_Handler
 .text.PendSV_Handler
                0x0000000008002f7a        0xc ./Core/Src/stm32f1xx_it.o
                0x0000000008002f7a                PendSV_Handler
 .text.SysTick_Handler
                0x0000000008002f86        0xc ./Core/Src/stm32f1xx_it.o
                0x0000000008002f86                SysTick_Handler
 *fill*         0x0000000008002f92        0x2 
 .text.RTC_IRQHandler
                0x0000000008002f94       0x14 ./Core/Src/stm32f1xx_it.o
                0x0000000008002f94                RTC_IRQHandler
 .text.EXTI9_5_IRQHandler
                0x0000000008002fa8       0x10 ./Core/Src/stm32f1xx_it.o
                0x0000000008002fa8                EXTI9_5_IRQHandler
 .text.TIM2_IRQHandler
                0x0000000008002fb8       0x14 ./Core/Src/stm32f1xx_it.o
                0x0000000008002fb8                TIM2_IRQHandler
 .text.RTC_Alarm_IRQHandler
                0x0000000008002fcc       0x14 ./Core/Src/stm32f1xx_it.o
                0x0000000008002fcc                RTC_Alarm_IRQHandler
 .text.SystemInit
                0x0000000008002fe0        0xc ./Core/Src/system_stm32f1xx.o
                0x0000000008002fe0                SystemInit
 .text.Reset_Handler
                0x0000000008002fec       0x48 ./Core/Startup/startup_stm32f103c8tx.o
                0x0000000008002fec                Reset_Handler
 .text.Default_Handler
                0x0000000008003034        0x2 ./Core/Startup/startup_stm32f103c8tx.o
                0x0000000008003034                EXTI2_IRQHandler
                0x0000000008003034                TIM1_CC_IRQHandler
                0x0000000008003034                PVD_IRQHandler
                0x0000000008003034                EXTI3_IRQHandler
                0x0000000008003034                EXTI0_IRQHandler
                0x0000000008003034                I2C2_EV_IRQHandler
                0x0000000008003034                ADC1_2_IRQHandler
                0x0000000008003034                SPI1_IRQHandler
                0x0000000008003034                TAMPER_IRQHandler
                0x0000000008003034                DMA1_Channel4_IRQHandler
                0x0000000008003034                USART3_IRQHandler
                0x0000000008003034                DMA1_Channel7_IRQHandler
                0x0000000008003034                CAN1_RX1_IRQHandler
                0x0000000008003034                TIM4_IRQHandler
                0x0000000008003034                I2C1_EV_IRQHandler
                0x0000000008003034                DMA1_Channel6_IRQHandler
                0x0000000008003034                TIM3_IRQHandler
                0x0000000008003034                RCC_IRQHandler
                0x0000000008003034                TIM1_TRG_COM_IRQHandler
                0x0000000008003034                DMA1_Channel1_IRQHandler
                0x0000000008003034                Default_Handler
                0x0000000008003034                EXTI15_10_IRQHandler
                0x0000000008003034                SPI2_IRQHandler
                0x0000000008003034                DMA1_Channel5_IRQHandler
                0x0000000008003034                EXTI4_IRQHandler
                0x0000000008003034                USB_LP_CAN1_RX0_IRQHandler
                0x0000000008003034                USB_HP_CAN1_TX_IRQHandler
                0x0000000008003034                DMA1_Channel3_IRQHandler
                0x0000000008003034                TIM1_UP_IRQHandler
                0x0000000008003034                WWDG_IRQHandler
                0x0000000008003034                TIM1_BRK_IRQHandler
                0x0000000008003034                EXTI1_IRQHandler
                0x0000000008003034                USART2_IRQHandler
                0x0000000008003034                I2C2_ER_IRQHandler
                0x0000000008003034                DMA1_Channel2_IRQHandler
                0x0000000008003034                CAN1_SCE_IRQHandler
                0x0000000008003034                FLASH_IRQHandler
                0x0000000008003034                USART1_IRQHandler
                0x0000000008003034                I2C1_ER_IRQHandler
                0x0000000008003034                USBWakeUp_IRQHandler
 *fill*         0x0000000008003036        0x2 
 .text.HAL_Init
                0x0000000008003038       0x2c ./Drivers/STM32F1xx_HAL_Driver/Src/stm32f1xx_hal.o
                0x0000000008003038                HAL_Init
 .text.HAL_InitTick
                0x0000000008003064       0x60 ./Drivers/STM32F1xx_HAL_Driver/Src/stm32f1xx_hal.o
                0x0000000008003064                HAL_InitTick
 .text.HAL_IncTick
                0x00000000080030c4       0x24 ./Drivers/STM32F1xx_HAL_Driver/Src/stm32f1xx_hal.o
                0x00000000080030c4                HAL_IncTick
 .text.HAL_GetTick
                0x00000000080030e8       0x14 ./Drivers/STM32F1xx_HAL_Driver/Src/stm32f1xx_hal.o
                0x00000000080030e8                HAL_GetTick
 .text.HAL_Delay
                0x00000000080030fc       0x48 ./Drivers/STM32F1xx_HAL_Driver/Src/stm32f1xx_hal.o
                0x00000000080030fc                HAL_Delay
 .text.__NVIC_SetPriorityGrouping
                0x0000000008003144       0x48 ./Drivers/STM32F1xx_HAL_Driver/Src/stm32f1xx_hal_cortex.o
 .text.__NVIC_GetPriorityGrouping
                0x000000000800318c       0x1c ./Drivers/STM32F1xx_HAL_Driver/Src/stm32f1xx_hal_cortex.o
 .text.__NVIC_EnableIRQ
                0x00000000080031a8       0x38 ./Drivers/STM32F1xx_HAL_Driver/Src/stm32f1xx_hal_cortex.o
 .text.__NVIC_SetPriority
                0x00000000080031e0       0x54 ./Drivers/STM32F1xx_HAL_Driver/Src/stm32f1xx_hal_cortex.o
 .text.NVIC_EncodePriority
                0x0000000008003234       0x64 ./Drivers/STM32F1xx_HAL_Driver/Src/stm32f1xx_hal_cortex.o
 .text.SysTick_Config
                0x0000000008003298       0x44 ./Drivers/STM32F1xx_HAL_Driver/Src/stm32f1xx_hal_cortex.o
 .text.HAL_NVIC_SetPriorityGrouping
                0x00000000080032dc       0x16 ./Drivers/STM32F1xx_HAL_Driver/Src/stm32f1xx_hal_cortex.o
                0x00000000080032dc                HAL_NVIC_SetPriorityGrouping
 .text.HAL_NVIC_SetPriority
                0x00000000080032f2       0x38 ./Drivers/STM32F1xx_HAL_Driver/Src/stm32f1xx_hal_cortex.o
                0x00000000080032f2                HAL_NVIC_SetPriority
 .text.HAL_NVIC_EnableIRQ
                0x000000000800332a       0x1c ./Drivers/STM32F1xx_HAL_Driver/Src/stm32f1xx_hal_cortex.o
                0x000000000800332a                HAL_NVIC_EnableIRQ
 .text.HAL_SYSTICK_Config
                0x0000000008003346       0x18 ./Drivers/STM32F1xx_HAL_Driver/Src/stm32f1xx_hal_cortex.o
                0x0000000008003346                HAL_SYSTICK_Config
 *fill*         0x000000000800335e        0x2 
 .text.HAL_FLASH_Program
                0x0000000008003360       0xe0 ./Drivers/STM32F1xx_HAL_Driver/Src/stm32f1xx_hal_flash.o
                0x0000000008003360                HAL_FLASH_Program
 .text.HAL_FLASH_Unlock
                0x0000000008003440       0x4c ./Drivers/STM32F1xx_HAL_Driver/Src/stm32f1xx_hal_flash.o
                0x0000000008003440                HAL_FLASH_Unlock
 .text.HAL_FLASH_Lock
                0x000000000800348c       0x20 ./Drivers/STM32F1xx_HAL_Driver/Src/stm32f1xx_hal_flash.o
                0x000000000800348c                HAL_FLASH_Lock
 .text.FLASH_Program_HalfWord
                0x00000000080034ac       0x38 ./Drivers/STM32F1xx_HAL_Driver/Src/stm32f1xx_hal_flash.o
 .text.FLASH_WaitForLastOperation
                0x00000000080034e4       0x8c ./Drivers/STM32F1xx_HAL_Driver/Src/stm32f1xx_hal_flash.o
                0x00000000080034e4                FLASH_WaitForLastOperation
 .text.FLASH_SetErrorCode
                0x0000000008003570       0xa0 ./Drivers/STM32F1xx_HAL_Driver/Src/stm32f1xx_hal_flash.o
 .text.HAL_FLASHEx_Erase
                0x0000000008003610       0xd8 ./Drivers/STM32F1xx_HAL_Driver/Src/stm32f1xx_hal_flash_ex.o
                0x0000000008003610                HAL_FLASHEx_Erase
 .text.FLASH_MassErase
                0x00000000080036e8       0x38 ./Drivers/STM32F1xx_HAL_Driver/Src/stm32f1xx_hal_flash_ex.o
 .text.FLASH_PageErase
                0x0000000008003720       0x40 ./Drivers/STM32F1xx_HAL_Driver/Src/stm32f1xx_hal_flash_ex.o
                0x0000000008003720                FLASH_PageErase
 .text.HAL_GPIO_Init
                0x0000000008003760      0x308 ./Drivers/STM32F1xx_HAL_Driver/Src/stm32f1xx_hal_gpio.o
                0x0000000008003760                HAL_GPIO_Init
 .text.HAL_GPIO_WritePin
                0x0000000008003a68       0x30 ./Drivers/STM32F1xx_HAL_Driver/Src/stm32f1xx_hal_gpio.o
                0x0000000008003a68                HAL_GPIO_WritePin
 .text.HAL_GPIO_TogglePin
                0x0000000008003a98       0x32 ./Drivers/STM32F1xx_HAL_Driver/Src/stm32f1xx_hal_gpio.o
                0x0000000008003a98                HAL_GPIO_TogglePin
 *fill*         0x0000000008003aca        0x2 
 .text.HAL_GPIO_EXTI_IRQHandler
                0x0000000008003acc       0x30 ./Drivers/STM32F1xx_HAL_Driver/Src/stm32f1xx_hal_gpio.o
                0x0000000008003acc                HAL_GPIO_EXTI_IRQHandler
 .text.HAL_I2C_Init
                0x0000000008003afc      0x288 ./Drivers/STM32F1xx_HAL_Driver/Src/stm32f1xx_hal_i2c.o
                0x0000000008003afc                HAL_I2C_Init
 .text.HAL_I2C_Master_Transmit
                0x0000000008003d84      0x1fc ./Drivers/STM32F1xx_HAL_Driver/Src/stm32f1xx_hal_i2c.o
                0x0000000008003d84                HAL_I2C_Master_Transmit
 .text.HAL_I2C_Master_Receive
                0x0000000008003f80      0x4d8 ./Drivers/STM32F1xx_HAL_Driver/Src/stm32f1xx_hal_i2c.o
                0x0000000008003f80                HAL_I2C_Master_Receive
 .text.HAL_I2C_Mem_Write
                0x0000000008004458      0x1f4 ./Drivers/STM32F1xx_HAL_Driver/Src/stm32f1xx_hal_i2c.o
                0x0000000008004458                HAL_I2C_Mem_Write
 .text.HAL_I2C_Mem_Read
                0x000000000800464c      0x4e8 ./Drivers/STM32F1xx_HAL_Driver/Src/stm32f1xx_hal_i2c.o
                0x000000000800464c                HAL_I2C_Mem_Read
 .text.HAL_I2C_IsDeviceReady
                0x0000000008004b34      0x25c ./Drivers/STM32F1xx_HAL_Driver/Src/stm32f1xx_hal_i2c.o
                0x0000000008004b34                HAL_I2C_IsDeviceReady
 .text.I2C_MasterRequestWrite
                0x0000000008004d90      0x104 ./Drivers/STM32F1xx_HAL_Driver/Src/stm32f1xx_hal_i2c.o
 .text.I2C_MasterRequestRead
                0x0000000008004e94      0x19c ./Drivers/STM32F1xx_HAL_Driver/Src/stm32f1xx_hal_i2c.o
 .text.I2C_RequestMemoryWrite
                0x0000000008005030      0x12c ./Drivers/STM32F1xx_HAL_Driver/Src/stm32f1xx_hal_i2c.o
 .text.I2C_RequestMemoryRead
                0x000000000800515c      0x1d0 ./Drivers/STM32F1xx_HAL_Driver/Src/stm32f1xx_hal_i2c.o
 .text.I2C_WaitOnFlagUntilTimeout
                0x000000000800532c       0xf4 ./Drivers/STM32F1xx_HAL_Driver/Src/stm32f1xx_hal_i2c.o
 .text.I2C_WaitOnMasterAddressFlagUntilTimeout
                0x0000000008005420      0x140 ./Drivers/STM32F1xx_HAL_Driver/Src/stm32f1xx_hal_i2c.o
 .text.I2C_WaitOnTXEFlagUntilTimeout
                0x0000000008005560       0x90 ./Drivers/STM32F1xx_HAL_Driver/Src/stm32f1xx_hal_i2c.o
 .text.I2C_WaitOnBTFFlagUntilTimeout
                0x00000000080055f0       0x90 ./Drivers/STM32F1xx_HAL_Driver/Src/stm32f1xx_hal_i2c.o
 .text.I2C_WaitOnRXNEFlagUntilTimeout
                0x0000000008005680       0xba ./Drivers/STM32F1xx_HAL_Driver/Src/stm32f1xx_hal_i2c.o
 .text.I2C_IsAcknowledgeFailed
                0x000000000800573a       0x5c ./Drivers/STM32F1xx_HAL_Driver/Src/stm32f1xx_hal_i2c.o
 *fill*         0x0000000008005796        0x2 
 .text.HAL_PWR_EnableBkUpAccess
                0x0000000008005798       0x18 ./Drivers/STM32F1xx_HAL_Driver/Src/stm32f1xx_hal_pwr.o
                0x0000000008005798                HAL_PWR_EnableBkUpAccess
 .text.HAL_RCC_OscConfig
                0x00000000080057b0      0x504 ./Drivers/STM32F1xx_HAL_Driver/Src/stm32f1xx_hal_rcc.o
                0x00000000080057b0                HAL_RCC_OscConfig
 .text.HAL_RCC_ClockConfig
                0x0000000008005cb4      0x1d4 ./Drivers/STM32F1xx_HAL_Driver/Src/stm32f1xx_hal_rcc.o
                0x0000000008005cb4                HAL_RCC_ClockConfig
 .text.HAL_RCC_GetSysClockFreq
                0x0000000008005e88       0xa8 ./Drivers/STM32F1xx_HAL_Driver/Src/stm32f1xx_hal_rcc.o
                0x0000000008005e88                HAL_RCC_GetSysClockFreq
 .text.HAL_RCC_GetHCLKFreq
                0x0000000008005f30       0x14 ./Drivers/STM32F1xx_HAL_Driver/Src/stm32f1xx_hal_rcc.o
                0x0000000008005f30                HAL_RCC_GetHCLKFreq
 .text.HAL_RCC_GetPCLK1Freq
                0x0000000008005f44       0x28 ./Drivers/STM32F1xx_HAL_Driver/Src/stm32f1xx_hal_rcc.o
                0x0000000008005f44                HAL_RCC_GetPCLK1Freq
 .text.HAL_RCC_GetPCLK2Freq
                0x0000000008005f6c       0x28 ./Drivers/STM32F1xx_HAL_Driver/Src/stm32f1xx_hal_rcc.o
                0x0000000008005f6c                HAL_RCC_GetPCLK2Freq
 .text.RCC_Delay
                0x0000000008005f94       0x3c ./Drivers/STM32F1xx_HAL_Driver/Src/stm32f1xx_hal_rcc.o
 .text.HAL_RCCEx_PeriphCLKConfig
                0x0000000008005fd0      0x16c ./Drivers/STM32F1xx_HAL_Driver/Src/stm32f1xx_hal_rcc_ex.o
                0x0000000008005fd0                HAL_RCCEx_PeriphCLKConfig
 .text.HAL_RCCEx_GetPeriphCLKFreq
                0x000000000800613c      0x16c ./Drivers/STM32F1xx_HAL_Driver/Src/stm32f1xx_hal_rcc_ex.o
                0x000000000800613c                HAL_RCCEx_GetPeriphCLKFreq
 .text.HAL_RTC_Init
                0x00000000080062a8      0x118 ./Drivers/STM32F1xx_HAL_Driver/Src/stm32f1xx_hal_rtc.o
                0x00000000080062a8                HAL_RTC_Init
 .text.HAL_RTC_SetTime
                0x00000000080063c0      0x12e ./Drivers/STM32F1xx_HAL_Driver/Src/stm32f1xx_hal_rtc.o
                0x00000000080063c0                HAL_RTC_SetTime
 *fill*         0x00000000080064ee        0x2 
 .text.HAL_RTC_GetTime
                0x00000000080064f0      0x1b0 ./Drivers/STM32F1xx_HAL_Driver/Src/stm32f1xx_hal_rtc.o
                0x00000000080064f0                HAL_RTC_GetTime
 .text.HAL_RTC_SetDate
                0x00000000080066a0      0x16c ./Drivers/STM32F1xx_HAL_Driver/Src/stm32f1xx_hal_rtc.o
                0x00000000080066a0                HAL_RTC_SetDate
 .text.HAL_RTC_SetAlarm_IT
                0x000000000800680c      0x170 ./Drivers/STM32F1xx_HAL_Driver/Src/stm32f1xx_hal_rtc.o
                0x000000000800680c                HAL_RTC_SetAlarm_IT
 .text.HAL_RTC_AlarmIRQHandler
                0x000000000800697c       0x54 ./Drivers/STM32F1xx_HAL_Driver/Src/stm32f1xx_hal_rtc.o
                0x000000000800697c                HAL_RTC_AlarmIRQHandler
 .text.HAL_RTC_WaitForSynchro
                0x00000000080069d0       0x5a ./Drivers/STM32F1xx_HAL_Driver/Src/stm32f1xx_hal_rtc.o
                0x00000000080069d0                HAL_RTC_WaitForSynchro
 .text.RTC_ReadTimeCounter
                0x0000000008006a2a       0x60 ./Drivers/STM32F1xx_HAL_Driver/Src/stm32f1xx_hal_rtc.o
 .text.RTC_WriteTimeCounter
                0x0000000008006a8a       0x4e ./Drivers/STM32F1xx_HAL_Driver/Src/stm32f1xx_hal_rtc.o
 .text.RTC_ReadAlarmCounter
                0x0000000008006ad8       0x32 ./Drivers/STM32F1xx_HAL_Driver/Src/stm32f1xx_hal_rtc.o
 .text.RTC_WriteAlarmCounter
                0x0000000008006b0a       0x4e ./Drivers/STM32F1xx_HAL_Driver/Src/stm32f1xx_hal_rtc.o
 .text.RTC_EnterInitMode
                0x0000000008006b58       0x50 ./Drivers/STM32F1xx_HAL_Driver/Src/stm32f1xx_hal_rtc.o
 .text.RTC_ExitInitMode
                0x0000000008006ba8       0x50 ./Drivers/STM32F1xx_HAL_Driver/Src/stm32f1xx_hal_rtc.o
 .text.RTC_ByteToBcd2
                0x0000000008006bf8       0x3a ./Drivers/STM32F1xx_HAL_Driver/Src/stm32f1xx_hal_rtc.o
 .text.RTC_Bcd2ToByte
                0x0000000008006c32       0x3a ./Drivers/STM32F1xx_HAL_Driver/Src/stm32f1xx_hal_rtc.o
 .text.RTC_DateUpdate
                0x0000000008006c6c      0x152 ./Drivers/STM32F1xx_HAL_Driver/Src/stm32f1xx_hal_rtc.o
 *fill*         0x0000000008006dbe        0x2 
 .text.RTC_IsLeapYear
                0x0000000008006dc0       0x64 ./Drivers/STM32F1xx_HAL_Driver/Src/stm32f1xx_hal_rtc.o
 .text.RTC_WeekDayNum
                0x0000000008006e24       0xf0 ./Drivers/STM32F1xx_HAL_Driver/Src/stm32f1xx_hal_rtc.o
 .text.HAL_RTCEx_RTCIRQHandler
                0x0000000008006f14       0x6e ./Drivers/STM32F1xx_HAL_Driver/Src/stm32f1xx_hal_rtc_ex.o
                0x0000000008006f14                HAL_RTCEx_RTCIRQHandler
 .text.HAL_RTCEx_RTCEventCallback
                0x0000000008006f82       0x12 ./Drivers/STM32F1xx_HAL_Driver/Src/stm32f1xx_hal_rtc_ex.o
                0x0000000008006f82                HAL_RTCEx_RTCEventCallback
 .text.HAL_RTCEx_RTCEventErrorCallback
                0x0000000008006f94       0x12 ./Drivers/STM32F1xx_HAL_Driver/Src/stm32f1xx_hal_rtc_ex.o
                0x0000000008006f94                HAL_RTCEx_RTCEventErrorCallback
 .text.HAL_SPI_Init
                0x0000000008006fa6      0x108 ./Drivers/STM32F1xx_HAL_Driver/Src/stm32f1xx_hal_spi.o
                0x0000000008006fa6                HAL_SPI_Init
 .text.HAL_SPI_Transmit
                0x00000000080070ae      0x288 ./Drivers/STM32F1xx_HAL_Driver/Src/stm32f1xx_hal_spi.o
                0x00000000080070ae                HAL_SPI_Transmit
 .text.HAL_SPI_Receive
                0x0000000008007336      0x232 ./Drivers/STM32F1xx_HAL_Driver/Src/stm32f1xx_hal_spi.o
                0x0000000008007336                HAL_SPI_Receive
 .text.HAL_SPI_TransmitReceive
                0x0000000008007568      0x352 ./Drivers/STM32F1xx_HAL_Driver/Src/stm32f1xx_hal_spi.o
                0x0000000008007568                HAL_SPI_TransmitReceive
 .text.HAL_SPI_GetState
                0x00000000080078ba       0x1a ./Drivers/STM32F1xx_HAL_Driver/Src/stm32f1xx_hal_spi.o
                0x00000000080078ba                HAL_SPI_GetState
 .text.SPI_WaitFlagStateUntilTimeout
                0x00000000080078d4      0x110 ./Drivers/STM32F1xx_HAL_Driver/Src/stm32f1xx_hal_spi.o
 .text.SPI_EndRxTransaction
                0x00000000080079e4       0xa4 ./Drivers/STM32F1xx_HAL_Driver/Src/stm32f1xx_hal_spi.o
 .text.SPI_EndRxTxTransaction
                0x0000000008007a88       0x62 ./Drivers/STM32F1xx_HAL_Driver/Src/stm32f1xx_hal_spi.o
 .text.HAL_TIM_Base_Init
                0x0000000008007aea       0x9e ./Drivers/STM32F1xx_HAL_Driver/Src/stm32f1xx_hal_tim.o
                0x0000000008007aea                HAL_TIM_Base_Init
 .text.HAL_TIM_Base_Start_IT
                0x0000000008007b88       0xa4 ./Drivers/STM32F1xx_HAL_Driver/Src/stm32f1xx_hal_tim.o
                0x0000000008007b88                HAL_TIM_Base_Start_IT
 .text.HAL_TIM_Base_Stop_IT
                0x0000000008007c2c       0x5c ./Drivers/STM32F1xx_HAL_Driver/Src/stm32f1xx_hal_tim.o
                0x0000000008007c2c                HAL_TIM_Base_Stop_IT
 .text.HAL_TIM_IRQHandler
                0x0000000008007c88      0x1e0 ./Drivers/STM32F1xx_HAL_Driver/Src/stm32f1xx_hal_tim.o
                0x0000000008007c88                HAL_TIM_IRQHandler
 .text.HAL_TIM_ConfigClockSource
                0x0000000008007e68      0x18e ./Drivers/STM32F1xx_HAL_Driver/Src/stm32f1xx_hal_tim.o
                0x0000000008007e68                HAL_TIM_ConfigClockSource
 .text.HAL_TIM_SlaveConfigSynchro
                0x0000000008007ff6       0x84 ./Drivers/STM32F1xx_HAL_Driver/Src/stm32f1xx_hal_tim.o
                0x0000000008007ff6                HAL_TIM_SlaveConfigSynchro
 .text.HAL_TIM_OC_DelayElapsedCallback
                0x000000000800807a       0x12 ./Drivers/STM32F1xx_HAL_Driver/Src/stm32f1xx_hal_tim.o
                0x000000000800807a                HAL_TIM_OC_DelayElapsedCallback
 .text.HAL_TIM_IC_CaptureCallback
                0x000000000800808c       0x12 ./Drivers/STM32F1xx_HAL_Driver/Src/stm32f1xx_hal_tim.o
                0x000000000800808c                HAL_TIM_IC_CaptureCallback
 .text.HAL_TIM_PWM_PulseFinishedCallback
                0x000000000800809e       0x12 ./Drivers/STM32F1xx_HAL_Driver/Src/stm32f1xx_hal_tim.o
                0x000000000800809e                HAL_TIM_PWM_PulseFinishedCallback
 .text.HAL_TIM_TriggerCallback
                0x00000000080080b0       0x12 ./Drivers/STM32F1xx_HAL_Driver/Src/stm32f1xx_hal_tim.o
                0x00000000080080b0                HAL_TIM_TriggerCallback
 *fill*         0x00000000080080c2        0x2 
 .text.TIM_Base_SetConfig
                0x00000000080080c4       0xdc ./Drivers/STM32F1xx_HAL_Driver/Src/stm32f1xx_hal_tim.o
                0x00000000080080c4                TIM_Base_SetConfig
 .text.TIM_SlaveTimer_SetConfig
                0x00000000080081a0      0x122 ./Drivers/STM32F1xx_HAL_Driver/Src/stm32f1xx_hal_tim.o
 .text.TIM_TI1_ConfigInputStage
                0x00000000080082c2       0x5c ./Drivers/STM32F1xx_HAL_Driver/Src/stm32f1xx_hal_tim.o
 .text.TIM_TI2_ConfigInputStage
                0x000000000800831e       0x5e ./Drivers/STM32F1xx_HAL_Driver/Src/stm32f1xx_hal_tim.o
 .text.TIM_ITRx_SetConfig
                0x000000000800837c       0x34 ./Drivers/STM32F1xx_HAL_Driver/Src/stm32f1xx_hal_tim.o
 .text.TIM_ETR_SetConfig
                0x00000000080083b0       0x3e ./Drivers/STM32F1xx_HAL_Driver/Src/stm32f1xx_hal_tim.o
                0x00000000080083b0                TIM_ETR_SetConfig
 *fill*         0x00000000080083ee        0x2 
 .text.HAL_TIMEx_MasterConfigSynchronization
                0x00000000080083f0       0xbc ./Drivers/STM32F1xx_HAL_Driver/Src/stm32f1xx_hal_tim_ex.o
                0x00000000080083f0                HAL_TIMEx_MasterConfigSynchronization
 .text.HAL_TIMEx_CommutCallback
                0x00000000080084ac       0x12 ./Drivers/STM32F1xx_HAL_Driver/Src/stm32f1xx_hal_tim_ex.o
                0x00000000080084ac                HAL_TIMEx_CommutCallback
 .text.HAL_TIMEx_BreakCallback
                0x00000000080084be       0x12 ./Drivers/STM32F1xx_HAL_Driver/Src/stm32f1xx_hal_tim_ex.o
                0x00000000080084be                HAL_TIMEx_BreakCallback
 .text.HAL_UART_Init
                0x00000000080084d0       0xa0 ./Drivers/STM32F1xx_HAL_Driver/Src/stm32f1xx_hal_uart.o
                0x00000000080084d0                HAL_UART_Init
 .text.UART_SetConfig
                0x0000000008008570      0x11c ./Drivers/STM32F1xx_HAL_Driver/Src/stm32f1xx_hal_uart.o
 .text.memset   0x000000000800868c       0x10 C:/ST/STM32CubeIDE_1.13.1/STM32CubeIDE/plugins/com.st.stm32cube.ide.mcu.externaltools.gnu-tools-for-stm32.11.3.rel1.win32_1.1.0.202305231506/tools/bin/../lib/gcc/arm-none-eabi/11.3.1/../../../../arm-none-eabi/lib/thumb/v7-m/nofp\libc_nano.a(libc_a-memset.o)
                0x000000000800868c                memset
 .text.__libc_init_array
                0x000000000800869c       0x48 C:/ST/STM32CubeIDE_1.13.1/STM32CubeIDE/plugins/com.st.stm32cube.ide.mcu.externaltools.gnu-tools-for-stm32.11.3.rel1.win32_1.1.0.202305231506/tools/bin/../lib/gcc/arm-none-eabi/11.3.1/../../../../arm-none-eabi/lib/thumb/v7-m/nofp\libc_nano.a(libc_a-init.o)
                0x000000000800869c                __libc_init_array
 .text.memcpy   0x00000000080086e4       0x1c C:/ST/STM32CubeIDE_1.13.1/STM32CubeIDE/plugins/com.st.stm32cube.ide.mcu.externaltools.gnu-tools-for-stm32.11.3.rel1.win32_1.1.0.202305231506/tools/bin/../lib/gcc/arm-none-eabi/11.3.1/../../../../arm-none-eabi/lib/thumb/v7-m/nofp\libc_nano.a(libc_a-memcpy-stub.o)
                0x00000000080086e4                memcpy
 *(.glue_7)
 .glue_7        0x0000000008008700        0x0 linker stubs
 *(.glue_7t)
 .glue_7t       0x0000000008008700        0x0 linker stubs
 *(.eh_frame)
 .eh_frame      0x0000000008008700        0x0 C:/ST/STM32CubeIDE_1.13.1/STM32CubeIDE/plugins/com.st.stm32cube.ide.mcu.externaltools.gnu-tools-for-stm32.11.3.rel1.win32_1.1.0.202305231506/tools/bin/../lib/gcc/arm-none-eabi/11.3.1/thumb/v7-m/nofp/crtbegin.o
 *(.init)
 .init          0x0000000008008700        0x4 C:/ST/STM32CubeIDE_1.13.1/STM32CubeIDE/plugins/com.st.stm32cube.ide.mcu.externaltools.gnu-tools-for-stm32.11.3.rel1.win32_1.1.0.202305231506/tools/bin/../lib/gcc/arm-none-eabi/11.3.1/thumb/v7-m/nofp/crti.o
                0x0000000008008700                _init
 .init          0x0000000008008704        0x8 C:/ST/STM32CubeIDE_1.13.1/STM32CubeIDE/plugins/com.st.stm32cube.ide.mcu.externaltools.gnu-tools-for-stm32.11.3.rel1.win32_1.1.0.202305231506/tools/bin/../lib/gcc/arm-none-eabi/11.3.1/thumb/v7-m/nofp/crtn.o
 *(.fini)
 .fini          0x000000000800870c        0x4 C:/ST/STM32CubeIDE_1.13.1/STM32CubeIDE/plugins/com.st.stm32cube.ide.mcu.externaltools.gnu-tools-for-stm32.11.3.rel1.win32_1.1.0.202305231506/tools/bin/../lib/gcc/arm-none-eabi/11.3.1/thumb/v7-m/nofp/crti.o
                0x000000000800870c                _fini
 .fini          0x0000000008008710        0x8 C:/ST/STM32CubeIDE_1.13.1/STM32CubeIDE/plugins/com.st.stm32cube.ide.mcu.externaltools.gnu-tools-for-stm32.11.3.rel1.win32_1.1.0.202305231506/tools/bin/../lib/gcc/arm-none-eabi/11.3.1/thumb/v7-m/nofp/crtn.o
                0x0000000008008718                . = ALIGN (0x4)
                0x0000000008008718                _etext = .

.vfp11_veneer   0x0000000008008718        0x0
 .vfp11_veneer  0x0000000008008718        0x0 linker stubs

.v4_bx          0x0000000008008718        0x0
 .v4_bx         0x0000000008008718        0x0 linker stubs

.iplt           0x0000000008008718        0x0
 .iplt          0x0000000008008718        0x0 C:/ST/STM32CubeIDE_1.13.1/STM32CubeIDE/plugins/com.st.stm32cube.ide.mcu.externaltools.gnu-tools-for-stm32.11.3.rel1.win32_1.1.0.202305231506/tools/bin/../lib/gcc/arm-none-eabi/11.3.1/thumb/v7-m/nofp/crtbegin.o

.rodata         0x0000000008008718       0x98
                0x0000000008008718                . = ALIGN (0x4)
 *(.rodata)
 .rodata        0x0000000008008718        0x3 ./Core/Src/AHT30.o
 *fill*         0x000000000800871b        0x5 
 .rodata        0x0000000008008720       0x50 ./Core/Src/LoRa.o
 *(.rodata*)
 .rodata.AHBPrescTable
                0x0000000008008770       0x10 ./Core/Src/system_stm32f1xx.o
                0x0000000008008770                AHBPrescTable
 .rodata.APBPrescTable
                0x0000000008008780        0x8 ./Core/Src/system_stm32f1xx.o
                0x0000000008008780                APBPrescTable
 .rodata.aPLLMULFactorTable.1
                0x0000000008008788       0x10 ./Drivers/STM32F1xx_HAL_Driver/Src/stm32f1xx_hal_rcc.o
 .rodata.aPredivFactorTable.0
                0x0000000008008798        0x2 ./Drivers/STM32F1xx_HAL_Driver/Src/stm32f1xx_hal_rcc.o
 *fill*         0x000000000800879a        0x2 
 .rodata.aPLLMULFactorTable.1
                0x000000000800879c       0x10 ./Drivers/STM32F1xx_HAL_Driver/Src/stm32f1xx_hal_rcc_ex.o
 .rodata.aPredivFactorTable.0
                0x00000000080087ac        0x2 ./Drivers/STM32F1xx_HAL_Driver/Src/stm32f1xx_hal_rcc_ex.o
                0x00000000080087b0                . = ALIGN (0x4)
 *fill*         0x00000000080087ae        0x2 

.rel.dyn        0x00000000080087b0        0x0
 .rel.iplt      0x00000000080087b0        0x0 C:/ST/STM32CubeIDE_1.13.1/STM32CubeIDE/plugins/com.st.stm32cube.ide.mcu.externaltools.gnu-tools-for-stm32.11.3.rel1.win32_1.1.0.202305231506/tools/bin/../lib/gcc/arm-none-eabi/11.3.1/thumb/v7-m/nofp/crtbegin.o

.ARM.extab      0x00000000080087b0        0x0
                0x00000000080087b0                . = ALIGN (0x4)
 *(.ARM.extab* .gnu.linkonce.armextab.*)
                0x00000000080087b0                . = ALIGN (0x4)

.ARM            0x00000000080087b0        0x0
                0x00000000080087b0                . = ALIGN (0x4)
                0x00000000080087b0                __exidx_start = .
 *(.ARM.exidx*)
                0x00000000080087b0                __exidx_end = .
                0x00000000080087b0                . = ALIGN (0x4)

.preinit_array  0x00000000080087b0        0x0
                0x00000000080087b0                . = ALIGN (0x4)
                0x00000000080087b0                PROVIDE (__preinit_array_start = .)
 *(.preinit_array*)
                0x00000000080087b0                PROVIDE (__preinit_array_end = .)
                0x00000000080087b0                . = ALIGN (0x4)

.init_array     0x00000000080087b0        0x4
                0x00000000080087b0                . = ALIGN (0x4)
                0x00000000080087b0                PROVIDE (__init_array_start = .)
 *(SORT_BY_NAME(.init_array.*))
 *(.init_array*)
 .init_array    0x00000000080087b0        0x4 C:/ST/STM32CubeIDE_1.13.1/STM32CubeIDE/plugins/com.st.stm32cube.ide.mcu.externaltools.gnu-tools-for-stm32.11.3.rel1.win32_1.1.0.202305231506/tools/bin/../lib/gcc/arm-none-eabi/11.3.1/thumb/v7-m/nofp/crtbegin.o
                0x00000000080087b4                PROVIDE (__init_array_end = .)
                0x00000000080087b4                . = ALIGN (0x4)

.fini_array     0x00000000080087b4        0x4
                0x00000000080087b4                . = ALIGN (0x4)
                [!provide]                        PROVIDE (__fini_array_start = .)
 *(SORT_BY_NAME(.fini_array.*))
 *(.fini_array*)
 .fini_array    0x00000000080087b4        0x4 C:/ST/STM32CubeIDE_1.13.1/STM32CubeIDE/plugins/com.st.stm32cube.ide.mcu.externaltools.gnu-tools-for-stm32.11.3.rel1.win32_1.1.0.202305231506/tools/bin/../lib/gcc/arm-none-eabi/11.3.1/thumb/v7-m/nofp/crtbegin.o
                [!provide]                        PROVIDE (__fini_array_end = .)
                0x00000000080087b8                . = ALIGN (0x4)
                0x00000000080087b8                _sidata = LOADADDR (.data)

.data           0x0000000020000000       0x10 load address 0x00000000080087b8
                0x0000000020000000                . = ALIGN (0x4)
                0x0000000020000000                _sdata = .
 *(.data)
 *(.data*)
 .data.node_id  0x0000000020000000        0x1 ./Core/Src/main.o
                0x0000000020000000                node_id
 *fill*         0x0000000020000001        0x3 
 .data.SystemCoreClock
                0x0000000020000004        0x4 ./Core/Src/system_stm32f1xx.o
                0x0000000020000004                SystemCoreClock
 .data.uwTickPrio
                0x0000000020000008        0x4 ./Drivers/STM32F1xx_HAL_Driver/Src/stm32f1xx_hal.o
                0x0000000020000008                uwTickPrio
 .data.uwTickFreq
                0x000000002000000c        0x1 ./Drivers/STM32F1xx_HAL_Driver/Src/stm32f1xx_hal.o
                0x000000002000000c                uwTickFreq
 *(.RamFunc)
 *(.RamFunc*)
                0x0000000020000010                . = ALIGN (0x4)
 *fill*         0x000000002000000d        0x3 
                0x0000000020000010                _edata = .

.igot.plt       0x0000000020000010        0x0 load address 0x00000000080087c8
 .igot.plt      0x0000000020000010        0x0 C:/ST/STM32CubeIDE_1.13.1/STM32CubeIDE/plugins/com.st.stm32cube.ide.mcu.externaltools.gnu-tools-for-stm32.11.3.rel1.win32_1.1.0.202305231506/tools/bin/../lib/gcc/arm-none-eabi/11.3.1/thumb/v7-m/nofp/crtbegin.o
                0x0000000020000010                . = ALIGN (0x4)

.bss            0x0000000020000010      0x200 load address 0x00000000080087c8
                0x0000000020000010                _sbss = .
                0x0000000020000010                __bss_start__ = _sbss
 *(.bss)
 .bss           0x0000000020000010       0x1c C:/ST/STM32CubeIDE_1.13.1/STM32CubeIDE/plugins/com.st.stm32cube.ide.mcu.externaltools.gnu-tools-for-stm32.11.3.rel1.win32_1.1.0.202305231506/tools/bin/../lib/gcc/arm-none-eabi/11.3.1/thumb/v7-m/nofp/crtbegin.o
 *(.bss*)
 .bss.hi2c1     0x000000002000002c       0x54 ./Core/Src/main.o
                0x000000002000002c                hi2c1
 .bss.hrtc      0x0000000020000080       0x14 ./Core/Src/main.o
                0x0000000020000080                hrtc
 .bss.hspi1     0x0000000020000094       0x58 ./Core/Src/main.o
                0x0000000020000094                hspi1
 .bss.htim2     0x00000000200000ec       0x48 ./Core/Src/main.o
                0x00000000200000ec                htim2
 .bss.huart1    0x0000000020000134       0x48 ./Core/Src/main.o
                0x0000000020000134                huart1
 .bss.Alarm_flag
                0x000000002000017c        0x1 ./Core/Src/main.o
                0x000000002000017c                Alarm_flag
 .bss.Rx_done_flag
                0x000000002000017d        0x1 ./Core/Src/main.o
                0x000000002000017d                Rx_done_flag
 .bss.beacon_received_flag
                0x000000002000017e        0x1 ./Core/Src/main.o
                0x000000002000017e                beacon_received_flag
 .bss.missed_count
                0x000000002000017f        0x1 ./Core/Src/main.o
                0x000000002000017f                missed_count
 .bss.myLoRa    0x0000000020000180       0x2c ./Core/Src/main.o
                0x0000000020000180                myLoRa
 .bss.frame     0x00000000200001ac        0xc ./Core/Src/main.o
                0x00000000200001ac                frame
 .bss.stt       0x00000000200001b8        0x1 ./Core/Src/main.o
                0x00000000200001b8                stt
 *fill*         0x00000000200001b9        0x3 
 .bss.date      0x00000000200001bc        0x7 ./Core/Src/main.o
                0x00000000200001bc                date
 *fill*         0x00000000200001c3        0x1 
 .bss.data_buff
                0x00000000200001c4        0x9 ./Core/Src/main.o
                0x00000000200001c4                data_buff
 *fill*         0x00000000200001cd        0x3 
 .bss.Time      0x00000000200001d0        0x3 ./Core/Src/main.o
                0x00000000200001d0                Time
 *fill*         0x00000000200001d3        0x1 
 .bss.error     0x00000000200001d4        0x4 ./Core/Src/main.o
                0x00000000200001d4                error
 .bss.Timer_flag
                0x00000000200001d8        0x1 ./Core/Src/main.o
                0x00000000200001d8                Timer_flag
 *fill*         0x00000000200001d9        0x1 
 .bss.cnt.0     0x00000000200001da        0x2 ./Core/Src/main.o
 .bss.payload   0x00000000200001dc        0xa ./Core/Src/node.o
 *fill*         0x00000000200001e6        0x2 
 .bss.uwTick    0x00000000200001e8        0x4 ./Drivers/STM32F1xx_HAL_Driver/Src/stm32f1xx_hal.o
                0x00000000200001e8                uwTick
 *fill*         0x00000000200001ec        0x4 
 .bss.pFlash    0x00000000200001f0       0x20 ./Drivers/STM32F1xx_HAL_Driver/Src/stm32f1xx_hal_flash.o
                0x00000000200001f0                pFlash
 *(COMMON)
                0x0000000020000210                . = ALIGN (0x4)
                0x0000000020000210                _ebss = .
                0x0000000020000210                __bss_end__ = _ebss

._user_heap_stack
                0x0000000020000210      0x600 load address 0x00000000080087c8
                0x0000000020000210                . = ALIGN (0x8)
                [!provide]                        PROVIDE (end = .)
                0x0000000020000210                PROVIDE (_end = .)
                0x0000000020000410                . = (. + _Min_Heap_Size)
 *fill*         0x0000000020000210      0x200 
                0x0000000020000810                . = (. + _Min_Stack_Size)
 *fill*         0x0000000020000410      0x400 
                0x0000000020000810                . = ALIGN (0x8)

/DISCARD/
 libc.a(*)
 libm.a(*)
 libgcc.a(*)

.ARM.attributes
                0x0000000000000000       0x29
 *(.ARM.attributes)
 .ARM.attributes
                0x0000000000000000       0x1d C:/ST/STM32CubeIDE_1.13.1/STM32CubeIDE/plugins/com.st.stm32cube.ide.mcu.externaltools.gnu-tools-for-stm32.11.3.rel1.win32_1.1.0.202305231506/tools/bin/../lib/gcc/arm-none-eabi/11.3.1/thumb/v7-m/nofp/crti.o
 .ARM.attributes
                0x000000000000001d       0x2d C:/ST/STM32CubeIDE_1.13.1/STM32CubeIDE/plugins/com.st.stm32cube.ide.mcu.externaltools.gnu-tools-for-stm32.11.3.rel1.win32_1.1.0.202305231506/tools/bin/../lib/gcc/arm-none-eabi/11.3.1/thumb/v7-m/nofp/crtbegin.o
 .ARM.attributes
                0x000000000000004a       0x2d ./Core/Src/AHT30.o
 .ARM.attributes
                0x0000000000000077       0x2d ./Core/Src/DS3231.o
 .ARM.attributes
                0x00000000000000a4       0x2d ./Core/Src/LoRa.o
 .ARM.attributes
                0x00000000000000d1       0x2d ./Core/Src/LoRa_network.o
 .ARM.attributes
                0x00000000000000fe       0x2d ./Core/Src/main.o
 .ARM.attributes
                0x000000000000012b       0x2d ./Core/Src/node.o
 .ARM.attributes
                0x0000000000000158       0x2d ./Core/Src/stm32f1xx_hal_msp.o
 .ARM.attributes
                0x0000000000000185       0x2d ./Core/Src/stm32f1xx_it.o
 .ARM.attributes
                0x00000000000001b2       0x2d ./Core/Src/system_stm32f1xx.o
 .ARM.attributes
                0x00000000000001df       0x21 ./Core/Startup/startup_stm32f103c8tx.o
 .ARM.attributes
                0x0000000000000200       0x2d ./Drivers/STM32F1xx_HAL_Driver/Src/stm32f1xx_hal.o
 .ARM.attributes
                0x000000000000022d       0x2d ./Drivers/STM32F1xx_HAL_Driver/Src/stm32f1xx_hal_cortex.o
 .ARM.attributes
                0x000000000000025a       0x2d ./Drivers/STM32F1xx_HAL_Driver/Src/stm32f1xx_hal_flash.o
 .ARM.attributes
                0x0000000000000287       0x2d ./Drivers/STM32F1xx_HAL_Driver/Src/stm32f1xx_hal_flash_ex.o
 .ARM.attributes
                0x00000000000002b4       0x2d ./Drivers/STM32F1xx_HAL_Driver/Src/stm32f1xx_hal_gpio.o
 .ARM.attributes
                0x00000000000002e1       0x2d ./Drivers/STM32F1xx_HAL_Driver/Src/stm32f1xx_hal_i2c.o
 .ARM.attributes
                0x000000000000030e       0x2d ./Drivers/STM32F1xx_HAL_Driver/Src/stm32f1xx_hal_pwr.o
 .ARM.attributes
                0x000000000000033b       0x2d ./Drivers/STM32F1xx_HAL_Driver/Src/stm32f1xx_hal_rcc.o
 .ARM.attributes
                0x0000000000000368       0x2d ./Drivers/STM32F1xx_HAL_Driver/Src/stm32f1xx_hal_rcc_ex.o
 .ARM.attributes
                0x0000000000000395       0x2d ./Drivers/STM32F1xx_HAL_Driver/Src/stm32f1xx_hal_rtc.o
 .ARM.attributes
                0x00000000000003c2       0x2d ./Drivers/STM32F1xx_HAL_Driver/Src/stm32f1xx_hal_rtc_ex.o
 .ARM.attributes
                0x00000000000003ef       0x2d ./Drivers/STM32F1xx_HAL_Driver/Src/stm32f1xx_hal_spi.o
 .ARM.attributes
                0x000000000000041c       0x2d ./Drivers/STM32F1xx_HAL_Driver/Src/stm32f1xx_hal_tim.o
 .ARM.attributes
                0x0000000000000449       0x2d ./Drivers/STM32F1xx_HAL_Driver/Src/stm32f1xx_hal_tim_ex.o
 .ARM.attributes
                0x0000000000000476       0x2d ./Drivers/STM32F1xx_HAL_Driver/Src/stm32f1xx_hal_uart.o
 .ARM.attributes
                0x00000000000004a3       0x2d C:/ST/STM32CubeIDE_1.13.1/STM32CubeIDE/plugins/com.st.stm32cube.ide.mcu.externaltools.gnu-tools-for-stm32.11.3.rel1.win32_1.1.0.202305231506/tools/bin/../lib/gcc/arm-none-eabi/11.3.1/../../../../arm-none-eabi/lib/thumb/v7-m/nofp\libc_nano.a(libc_a-memset.o)
 .ARM.attributes
                0x00000000000004d0       0x2d C:/ST/STM32CubeIDE_1.13.1/STM32CubeIDE/plugins/com.st.stm32cube.ide.mcu.externaltools.gnu-tools-for-stm32.11.3.rel1.win32_1.1.0.202305231506/tools/bin/../lib/gcc/arm-none-eabi/11.3.1/../../../../arm-none-eabi/lib/thumb/v7-m/nofp\libc_nano.a(libc_a-init.o)
 .ARM.attributes
                0x00000000000004fd       0x2d C:/ST/STM32CubeIDE_1.13.1/STM32CubeIDE/plugins/com.st.stm32cube.ide.mcu.externaltools.gnu-tools-for-stm32.11.3.rel1.win32_1.1.0.202305231506/tools/bin/../lib/gcc/arm-none-eabi/11.3.1/../../../../arm-none-eabi/lib/thumb/v7-m/nofp\libc_nano.a(libc_a-memcpy-stub.o)
 .ARM.attributes
                0x000000000000052a       0x1d C:/ST/STM32CubeIDE_1.13.1/STM32CubeIDE/plugins/com.st.stm32cube.ide.mcu.externaltools.gnu-tools-for-stm32.11.3.rel1.win32_1.1.0.202305231506/tools/bin/../lib/gcc/arm-none-eabi/11.3.1/thumb/v7-m/nofp\libgcc.a(_arm_addsubdf3.o)
 .ARM.attributes
                0x0000000000000547       0x1d C:/ST/STM32CubeIDE_1.13.1/STM32CubeIDE/plugins/com.st.stm32cube.ide.mcu.externaltools.gnu-tools-for-stm32.11.3.rel1.win32_1.1.0.202305231506/tools/bin/../lib/gcc/arm-none-eabi/11.3.1/thumb/v7-m/nofp\libgcc.a(_arm_muldivdf3.o)
 .ARM.attributes
                0x0000000000000564       0x1d C:/ST/STM32CubeIDE_1.13.1/STM32CubeIDE/plugins/com.st.stm32cube.ide.mcu.externaltools.gnu-tools-for-stm32.11.3.rel1.win32_1.1.0.202305231506/tools/bin/../lib/gcc/arm-none-eabi/11.3.1/thumb/v7-m/nofp\libgcc.a(_arm_fixdfsi.o)
 .ARM.attributes
                0x0000000000000581       0x1d C:/ST/STM32CubeIDE_1.13.1/STM32CubeIDE/plugins/com.st.stm32cube.ide.mcu.externaltools.gnu-tools-for-stm32.11.3.rel1.win32_1.1.0.202305231506/tools/bin/../lib/gcc/arm-none-eabi/11.3.1/thumb/v7-m/nofp/crtn.o
OUTPUT(Node.elf elf32-littlearm)
LOAD linker stubs
LOAD C:/ST/STM32CubeIDE_1.13.1/STM32CubeIDE/plugins/com.st.stm32cube.ide.mcu.externaltools.gnu-tools-for-stm32.11.3.rel1.win32_1.1.0.202305231506/tools/bin/../lib/gcc/arm-none-eabi/11.3.1/../../../../arm-none-eabi/lib/thumb/v7-m/nofp\libc.a
LOAD C:/ST/STM32CubeIDE_1.13.1/STM32CubeIDE/plugins/com.st.stm32cube.ide.mcu.externaltools.gnu-tools-for-stm32.11.3.rel1.win32_1.1.0.202305231506/tools/bin/../lib/gcc/arm-none-eabi/11.3.1/../../../../arm-none-eabi/lib/thumb/v7-m/nofp\libm.a
LOAD C:/ST/STM32CubeIDE_1.13.1/STM32CubeIDE/plugins/com.st.stm32cube.ide.mcu.externaltools.gnu-tools-for-stm32.11.3.rel1.win32_1.1.0.202305231506/tools/bin/../lib/gcc/arm-none-eabi/11.3.1/thumb/v7-m/nofp\libgcc.a

.comment        0x0000000000000000       0x43
 .comment       0x0000000000000000       0x43 C:/ST/STM32CubeIDE_1.13.1/STM32CubeIDE/plugins/com.st.stm32cube.ide.mcu.externaltools.gnu-tools-for-stm32.11.3.rel1.win32_1.1.0.202305231506/tools/bin/../lib/gcc/arm-none-eabi/11.3.1/thumb/v7-m/nofp/crtbegin.o
                                         0x44 (size before relaxing)
 .comment       0x0000000000000043       0x44 ./Core/Src/AHT30.o
 .comment       0x0000000000000043       0x44 ./Core/Src/DS3231.o
 .comment       0x0000000000000043       0x44 ./Core/Src/LoRa.o
 .comment       0x0000000000000043       0x44 ./Core/Src/LoRa_network.o
 .comment       0x0000000000000043       0x44 ./Core/Src/main.o
 .comment       0x0000000000000043       0x44 ./Core/Src/node.o
 .comment       0x0000000000000043       0x44 ./Core/Src/stm32f1xx_hal_msp.o
 .comment       0x0000000000000043       0x44 ./Core/Src/stm32f1xx_it.o
 .comment       0x0000000000000043       0x44 ./Core/Src/system_stm32f1xx.o
 .comment       0x0000000000000043       0x44 ./Drivers/STM32F1xx_HAL_Driver/Src/stm32f1xx_hal.o
 .comment       0x0000000000000043       0x44 ./Drivers/STM32F1xx_HAL_Driver/Src/stm32f1xx_hal_cortex.o
 .comment       0x0000000000000043       0x44 ./Drivers/STM32F1xx_HAL_Driver/Src/stm32f1xx_hal_flash.o
 .comment       0x0000000000000043       0x44 ./Drivers/STM32F1xx_HAL_Driver/Src/stm32f1xx_hal_flash_ex.o
 .comment       0x0000000000000043       0x44 ./Drivers/STM32F1xx_HAL_Driver/Src/stm32f1xx_hal_gpio.o
 .comment       0x0000000000000043       0x44 ./Drivers/STM32F1xx_HAL_Driver/Src/stm32f1xx_hal_i2c.o
 .comment       0x0000000000000043       0x44 ./Drivers/STM32F1xx_HAL_Driver/Src/stm32f1xx_hal_pwr.o
 .comment       0x0000000000000043       0x44 ./Drivers/STM32F1xx_HAL_Driver/Src/stm32f1xx_hal_rcc.o
 .comment       0x0000000000000043       0x44 ./Drivers/STM32F1xx_HAL_Driver/Src/stm32f1xx_hal_rcc_ex.o
 .comment       0x0000000000000043       0x44 ./Drivers/STM32F1xx_HAL_Driver/Src/stm32f1xx_hal_rtc.o
 .comment       0x0000000000000043       0x44 ./Drivers/STM32F1xx_HAL_Driver/Src/stm32f1xx_hal_rtc_ex.o
 .comment       0x0000000000000043       0x44 ./Drivers/STM32F1xx_HAL_Driver/Src/stm32f1xx_hal_spi.o
 .comment       0x0000000000000043       0x44 ./Drivers/STM32F1xx_HAL_Driver/Src/stm32f1xx_hal_tim.o
 .comment       0x0000000000000043       0x44 ./Drivers/STM32F1xx_HAL_Driver/Src/stm32f1xx_hal_tim_ex.o
 .comment       0x0000000000000043       0x44 ./Drivers/STM32F1xx_HAL_Driver/Src/stm32f1xx_hal_uart.o

.debug_info     0x0000000000000000    0x172dd
 .debug_info    0x0000000000000000      0x81f ./Core/Src/AHT30.o
 .debug_info    0x000000000000081f      0x81e ./Core/Src/DS3231.o
 .debug_info    0x000000000000103d      0xe02 ./Core/Src/LoRa.o
 .debug_info    0x0000000000001e3f     0x100f ./Core/Src/LoRa_network.o
 .debug_info    0x0000000000002e4e     0x2173 ./Core/Src/main.o
 .debug_info    0x0000000000004fc1     0x13bb ./Core/Src/node.o
 .debug_info    0x000000000000637c     0x157b ./Core/Src/stm32f1xx_hal_msp.o
 .debug_info    0x00000000000078f7      0x8f3 ./Core/Src/stm32f1xx_it.o
 .debug_info    0x00000000000081ea      0x222 ./Core/Src/system_stm32f1xx.o
 .debug_info    0x000000000000840c       0x23 ./Core/Startup/startup_stm32f103c8tx.o
 .debug_info    0x000000000000842f      0x704 ./Drivers/STM32F1xx_HAL_Driver/Src/stm32f1xx_hal.o
 .debug_info    0x0000000000008b33      0xa87 ./Drivers/STM32F1xx_HAL_Driver/Src/stm32f1xx_hal_cortex.o
 .debug_info    0x00000000000095ba      0x4f8 ./Drivers/STM32F1xx_HAL_Driver/Src/stm32f1xx_hal_flash.o
 .debug_info    0x0000000000009ab2      0x777 ./Drivers/STM32F1xx_HAL_Driver/Src/stm32f1xx_hal_flash_ex.o
 .debug_info    0x000000000000a229      0x5ab ./Drivers/STM32F1xx_HAL_Driver/Src/stm32f1xx_hal_gpio.o
 .debug_info    0x000000000000a7d4     0x2524 ./Drivers/STM32F1xx_HAL_Driver/Src/stm32f1xx_hal_i2c.o
 .debug_info    0x000000000000ccf8      0x628 ./Drivers/STM32F1xx_HAL_Driver/Src/stm32f1xx_hal_pwr.o
 .debug_info    0x000000000000d320      0x7d5 ./Drivers/STM32F1xx_HAL_Driver/Src/stm32f1xx_hal_rcc.o
 .debug_info    0x000000000000daf5      0x3c0 ./Drivers/STM32F1xx_HAL_Driver/Src/stm32f1xx_hal_rcc_ex.o
 .debug_info    0x000000000000deb5      0xc73 ./Drivers/STM32F1xx_HAL_Driver/Src/stm32f1xx_hal_rtc.o
 .debug_info    0x000000000000eb28      0x6a7 ./Drivers/STM32F1xx_HAL_Driver/Src/stm32f1xx_hal_rtc_ex.o
 .debug_info    0x000000000000f1cf     0x142d ./Drivers/STM32F1xx_HAL_Driver/Src/stm32f1xx_hal_spi.o
 .debug_info    0x00000000000105fc     0x2959 ./Drivers/STM32F1xx_HAL_Driver/Src/stm32f1xx_hal_tim.o
 .debug_info    0x0000000000012f55     0x149b ./Drivers/STM32F1xx_HAL_Driver/Src/stm32f1xx_hal_tim_ex.o
 .debug_info    0x00000000000143f0     0x2eed ./Drivers/STM32F1xx_HAL_Driver/Src/stm32f1xx_hal_uart.o

.debug_abbrev   0x0000000000000000     0x3703
 .debug_abbrev  0x0000000000000000      0x1ee ./Core/Src/AHT30.o
 .debug_abbrev  0x00000000000001ee      0x1fc ./Core/Src/DS3231.o
 .debug_abbrev  0x00000000000003ea      0x28a ./Core/Src/LoRa.o
 .debug_abbrev  0x0000000000000674      0x262 ./Core/Src/LoRa_network.o
 .debug_abbrev  0x00000000000008d6      0x33b ./Core/Src/main.o
 .debug_abbrev  0x0000000000000c11      0x2c9 ./Core/Src/node.o
 .debug_abbrev  0x0000000000000eda      0x232 ./Core/Src/stm32f1xx_hal_msp.o
 .debug_abbrev  0x000000000000110c      0x1a8 ./Core/Src/stm32f1xx_it.o
 .debug_abbrev  0x00000000000012b4      0x13f ./Core/Src/system_stm32f1xx.o
 .debug_abbrev  0x00000000000013f3       0x12 ./Core/Startup/startup_stm32f103c8tx.o
 .debug_abbrev  0x0000000000001405      0x201 ./Drivers/STM32F1xx_HAL_Driver/Src/stm32f1xx_hal.o
 .debug_abbrev  0x0000000000001606      0x2f8 ./Drivers/STM32F1xx_HAL_Driver/Src/stm32f1xx_hal_cortex.o
 .debug_abbrev  0x00000000000018fe      0x250 ./Drivers/STM32F1xx_HAL_Driver/Src/stm32f1xx_hal_flash.o
 .debug_abbrev  0x0000000000001b4e      0x247 ./Drivers/STM32F1xx_HAL_Driver/Src/stm32f1xx_hal_flash_ex.o
 .debug_abbrev  0x0000000000001d95      0x1ca ./Drivers/STM32F1xx_HAL_Driver/Src/stm32f1xx_hal_gpio.o
 .debug_abbrev  0x0000000000001f5f      0x2a3 ./Drivers/STM32F1xx_HAL_Driver/Src/stm32f1xx_hal_i2c.o
 .debug_abbrev  0x0000000000002202      0x1f6 ./Drivers/STM32F1xx_HAL_Driver/Src/stm32f1xx_hal_pwr.o
 .debug_abbrev  0x00000000000023f8      0x2b3 ./Drivers/STM32F1xx_HAL_Driver/Src/stm32f1xx_hal_rcc.o
 .debug_abbrev  0x00000000000026ab      0x188 ./Drivers/STM32F1xx_HAL_Driver/Src/stm32f1xx_hal_rcc_ex.o
 .debug_abbrev  0x0000000000002833      0x23a ./Drivers/STM32F1xx_HAL_Driver/Src/stm32f1xx_hal_rtc.o
 .debug_abbrev  0x0000000000002a6d      0x22b ./Drivers/STM32F1xx_HAL_Driver/Src/stm32f1xx_hal_rtc_ex.o
 .debug_abbrev  0x0000000000002c98      0x27a ./Drivers/STM32F1xx_HAL_Driver/Src/stm32f1xx_hal_spi.o
 .debug_abbrev  0x0000000000002f12      0x277 ./Drivers/STM32F1xx_HAL_Driver/Src/stm32f1xx_hal_tim.o
 .debug_abbrev  0x0000000000003189      0x282 ./Drivers/STM32F1xx_HAL_Driver/Src/stm32f1xx_hal_tim_ex.o
 .debug_abbrev  0x000000000000340b      0x2f8 ./Drivers/STM32F1xx_HAL_Driver/Src/stm32f1xx_hal_uart.o

.debug_aranges  0x0000000000000000     0x1628
 .debug_aranges
                0x0000000000000000       0x40 ./Core/Src/AHT30.o
 .debug_aranges
                0x0000000000000040       0x40 ./Core/Src/DS3231.o
 .debug_aranges
                0x0000000000000080       0xc8 ./Core/Src/LoRa.o
 .debug_aranges
                0x0000000000000148       0x98 ./Core/Src/LoRa_network.o
 .debug_aranges
                0x00000000000001e0       0x78 ./Core/Src/main.o
 .debug_aranges
                0x0000000000000258       0x98 ./Core/Src/node.o
 .debug_aranges
                0x00000000000002f0       0x70 ./Core/Src/stm32f1xx_hal_msp.o
 .debug_aranges
                0x0000000000000360       0x80 ./Core/Src/stm32f1xx_it.o
 .debug_aranges
                0x00000000000003e0       0x28 ./Core/Src/system_stm32f1xx.o
 .debug_aranges
                0x0000000000000408       0x28 ./Core/Startup/startup_stm32f103c8tx.o
 .debug_aranges
                0x0000000000000430       0xe0 ./Drivers/STM32F1xx_HAL_Driver/Src/stm32f1xx_hal.o
 .debug_aranges
                0x0000000000000510      0x100 ./Drivers/STM32F1xx_HAL_Driver/Src/stm32f1xx_hal_cortex.o
 .debug_aranges
                0x0000000000000610       0x88 ./Drivers/STM32F1xx_HAL_Driver/Src/stm32f1xx_hal_flash.o
 .debug_aranges
                0x0000000000000698       0x98 ./Drivers/STM32F1xx_HAL_Driver/Src/stm32f1xx_hal_flash_ex.o
 .debug_aranges
                0x0000000000000730       0x58 ./Drivers/STM32F1xx_HAL_Driver/Src/stm32f1xx_hal_gpio.o
 .debug_aranges
                0x0000000000000788      0x2a8 ./Drivers/STM32F1xx_HAL_Driver/Src/stm32f1xx_hal_i2c.o
 .debug_aranges
                0x0000000000000a30       0xa8 ./Drivers/STM32F1xx_HAL_Driver/Src/stm32f1xx_hal_pwr.o
 .debug_aranges
                0x0000000000000ad8       0x90 ./Drivers/STM32F1xx_HAL_Driver/Src/stm32f1xx_hal_rcc.o
 .debug_aranges
                0x0000000000000b68       0x30 ./Drivers/STM32F1xx_HAL_Driver/Src/stm32f1xx_hal_rcc_ex.o
 .debug_aranges
                0x0000000000000b98       0xf8 ./Drivers/STM32F1xx_HAL_Driver/Src/stm32f1xx_hal_rtc.o
 .debug_aranges
                0x0000000000000c90       0x88 ./Drivers/STM32F1xx_HAL_Driver/Src/stm32f1xx_hal_rtc_ex.o
 .debug_aranges
                0x0000000000000d18      0x1d0 ./Drivers/STM32F1xx_HAL_Driver/Src/stm32f1xx_hal_spi.o
 .debug_aranges
                0x0000000000000ee8      0x3d0 ./Drivers/STM32F1xx_HAL_Driver/Src/stm32f1xx_hal_tim.o
 .debug_aranges
                0x00000000000012b8      0x168 ./Drivers/STM32F1xx_HAL_Driver/Src/stm32f1xx_hal_tim_ex.o
 .debug_aranges
                0x0000000000001420      0x208 ./Drivers/STM32F1xx_HAL_Driver/Src/stm32f1xx_hal_uart.o

.debug_rnglists
                0x0000000000000000     0x114f
 .debug_rnglists
                0x0000000000000000       0x2c ./Core/Src/AHT30.o
 .debug_rnglists
                0x000000000000002c       0x2d ./Core/Src/DS3231.o
 .debug_rnglists
                0x0000000000000059       0x96 ./Core/Src/LoRa.o
 .debug_rnglists
                0x00000000000000ef       0x6f ./Core/Src/LoRa_network.o
 .debug_rnglists
                0x000000000000015e       0x5a ./Core/Src/main.o
 .debug_rnglists
                0x00000000000001b8       0x72 ./Core/Src/node.o
 .debug_rnglists
                0x000000000000022a       0x51 ./Core/Src/stm32f1xx_hal_msp.o
 .debug_rnglists
                0x000000000000027b       0x5b ./Core/Src/stm32f1xx_it.o
 .debug_rnglists
                0x00000000000002d6       0x1a ./Core/Src/system_stm32f1xx.o
 .debug_rnglists
                0x00000000000002f0       0x19 ./Core/Startup/startup_stm32f103c8tx.o
 .debug_rnglists
                0x0000000000000309       0xa3 ./Drivers/STM32F1xx_HAL_Driver/Src/stm32f1xx_hal.o
 .debug_rnglists
                0x00000000000003ac       0xbb ./Drivers/STM32F1xx_HAL_Driver/Src/stm32f1xx_hal_cortex.o
 .debug_rnglists
                0x0000000000000467       0x66 ./Drivers/STM32F1xx_HAL_Driver/Src/stm32f1xx_hal_flash.o
 .debug_rnglists
                0x00000000000004cd       0x73 ./Drivers/STM32F1xx_HAL_Driver/Src/stm32f1xx_hal_flash_ex.o
 .debug_rnglists
                0x0000000000000540       0x3f ./Drivers/STM32F1xx_HAL_Driver/Src/stm32f1xx_hal_gpio.o
 .debug_rnglists
                0x000000000000057f      0x23c ./Drivers/STM32F1xx_HAL_Driver/Src/stm32f1xx_hal_i2c.o
 .debug_rnglists
                0x00000000000007bb       0x7a ./Drivers/STM32F1xx_HAL_Driver/Src/stm32f1xx_hal_pwr.o
 .debug_rnglists
                0x0000000000000835       0x6c ./Drivers/STM32F1xx_HAL_Driver/Src/stm32f1xx_hal_rcc.o
 .debug_rnglists
                0x00000000000008a1       0x21 ./Drivers/STM32F1xx_HAL_Driver/Src/stm32f1xx_hal_rcc_ex.o
 .debug_rnglists
                0x00000000000008c2       0xc1 ./Drivers/STM32F1xx_HAL_Driver/Src/stm32f1xx_hal_rtc.o
 .debug_rnglists
                0x0000000000000983       0x63 ./Drivers/STM32F1xx_HAL_Driver/Src/stm32f1xx_hal_rtc_ex.o
 .debug_rnglists
                0x00000000000009e6      0x16e ./Drivers/STM32F1xx_HAL_Driver/Src/stm32f1xx_hal_spi.o
 .debug_rnglists
                0x0000000000000b54      0x31a ./Drivers/STM32F1xx_HAL_Driver/Src/stm32f1xx_hal_tim.o
 .debug_rnglists
                0x0000000000000e6e      0x125 ./Drivers/STM32F1xx_HAL_Driver/Src/stm32f1xx_hal_tim_ex.o
 .debug_rnglists
                0x0000000000000f93      0x1bc ./Drivers/STM32F1xx_HAL_Driver/Src/stm32f1xx_hal_uart.o

.debug_macro    0x0000000000000000    0x1a088
 .debug_macro   0x0000000000000000      0x1ea ./Core/Src/AHT30.o
 .debug_macro   0x00000000000001ea      0xa9c ./Core/Src/AHT30.o
 .debug_macro   0x0000000000000c86      0x22d ./Core/Src/AHT30.o
 .debug_macro   0x0000000000000eb3       0x2e ./Core/Src/AHT30.o
 .debug_macro   0x0000000000000ee1       0x22 ./Core/Src/AHT30.o
 .debug_macro   0x0000000000000f03       0x22 ./Core/Src/AHT30.o
 .debug_macro   0x0000000000000f25       0x8e ./Core/Src/AHT30.o
 .debug_macro   0x0000000000000fb3       0x51 ./Core/Src/AHT30.o
 .debug_macro   0x0000000000001004      0x103 ./Core/Src/AHT30.o
 .debug_macro   0x0000000000001107       0x6a ./Core/Src/AHT30.o
 .debug_macro   0x0000000000001171      0x1df ./Core/Src/AHT30.o
 .debug_macro   0x0000000000001350       0x1c ./Core/Src/AHT30.o
 .debug_macro   0x000000000000136c       0x22 ./Core/Src/AHT30.o
 .debug_macro   0x000000000000138e       0xbd ./Core/Src/AHT30.o
 .debug_macro   0x000000000000144b      0xd23 ./Core/Src/AHT30.o
 .debug_macro   0x000000000000216e     0xe09e ./Core/Src/AHT30.o
 .debug_macro   0x000000000001020c       0x6d ./Core/Src/AHT30.o
 .debug_macro   0x0000000000010279     0x34a2 ./Core/Src/AHT30.o
 .debug_macro   0x000000000001371b      0x174 ./Core/Src/AHT30.o
 .debug_macro   0x000000000001388f       0x5c ./Core/Src/AHT30.o
 .debug_macro   0x00000000000138eb      0x5bc ./Core/Src/AHT30.o
 .debug_macro   0x0000000000013ea7      0x289 ./Core/Src/AHT30.o
 .debug_macro   0x0000000000014130      0x1cb ./Core/Src/AHT30.o
 .debug_macro   0x00000000000142fb      0x114 ./Core/Src/AHT30.o
 .debug_macro   0x000000000001440f      0x1b2 ./Core/Src/AHT30.o
 .debug_macro   0x00000000000145c1       0x27 ./Core/Src/AHT30.o
 .debug_macro   0x00000000000145e8      0x136 ./Core/Src/AHT30.o
 .debug_macro   0x000000000001471e      0x1bc ./Core/Src/AHT30.o
 .debug_macro   0x00000000000148da       0x34 ./Core/Src/AHT30.o
 .debug_macro   0x000000000001490e       0x3c ./Core/Src/AHT30.o
 .debug_macro   0x000000000001494a       0x57 ./Core/Src/AHT30.o
 .debug_macro   0x00000000000149a1       0x87 ./Core/Src/AHT30.o
 .debug_macro   0x0000000000014a28      0x240 ./Core/Src/AHT30.o
 .debug_macro   0x0000000000014c68      0x287 ./Core/Src/AHT30.o
 .debug_macro   0x0000000000014eef      0x140 ./Core/Src/AHT30.o
 .debug_macro   0x000000000001502f      0x1ef ./Core/Src/AHT30.o
 .debug_macro   0x000000000001521e       0xeb ./Core/Src/AHT30.o
 .debug_macro   0x0000000000015309      0x217 ./Core/Src/AHT30.o
 .debug_macro   0x0000000000015520      0x8ed ./Core/Src/AHT30.o
 .debug_macro   0x0000000000015e0d      0x28e ./Core/Src/AHT30.o
 .debug_macro   0x000000000001609b       0x83 ./Core/Src/AHT30.o
 .debug_macro   0x000000000001611e       0x52 ./Core/Src/AHT30.o
 .debug_macro   0x0000000000016170      0x1ea ./Core/Src/DS3231.o
 .debug_macro   0x000000000001635a      0x1e9 ./Core/Src/LoRa.o
 .debug_macro   0x0000000000016543      0x178 ./Core/Src/LoRa.o
 .debug_macro   0x00000000000166bb      0x2d3 ./Core/Src/LoRa_network.o
 .debug_macro   0x000000000001698e       0x5b ./Core/Src/LoRa_network.o
 .debug_macro   0x00000000000169e9       0x24 ./Core/Src/LoRa_network.o
 .debug_macro   0x0000000000016a0d       0x94 ./Core/Src/LoRa_network.o
 .debug_macro   0x0000000000016aa1       0x43 ./Core/Src/LoRa_network.o
 .debug_macro   0x0000000000016ae4       0x34 ./Core/Src/LoRa_network.o
 .debug_macro   0x0000000000016b18       0x16 ./Core/Src/LoRa_network.o
 .debug_macro   0x0000000000016b2e       0x57 ./Core/Src/LoRa_network.o
 .debug_macro   0x0000000000016b85       0x97 ./Core/Src/LoRa_network.o
 .debug_macro   0x0000000000016c1c      0x369 ./Core/Src/LoRa_network.o
 .debug_macro   0x0000000000016f85       0xfd ./Core/Src/LoRa_network.o
 .debug_macro   0x0000000000017082       0x10 ./Core/Src/LoRa_network.o
 .debug_macro   0x0000000000017092       0x16 ./Core/Src/LoRa_network.o
 .debug_macro   0x00000000000170a8       0x43 ./Core/Src/LoRa_network.o
 .debug_macro   0x00000000000170eb       0x34 ./Core/Src/LoRa_network.o
 .debug_macro   0x000000000001711f       0x10 ./Core/Src/LoRa_network.o
 .debug_macro   0x000000000001712f       0x58 ./Core/Src/LoRa_network.o
 .debug_macro   0x0000000000017187       0x8e ./Core/Src/LoRa_network.o
 .debug_macro   0x0000000000017215       0x1c ./Core/Src/LoRa_network.o
 .debug_macro   0x0000000000017231      0x177 ./Core/Src/LoRa_network.o
 .debug_macro   0x00000000000173a8       0x16 ./Core/Src/LoRa_network.o
 .debug_macro   0x00000000000173be       0x16 ./Core/Src/LoRa_network.o
 .debug_macro   0x00000000000173d4      0x147 ./Core/Src/LoRa_network.o
 .debug_macro   0x000000000001751b       0x56 ./Core/Src/LoRa_network.o
 .debug_macro   0x0000000000017571       0x10 ./Core/Src/LoRa_network.o
 .debug_macro   0x0000000000017581       0x76 ./Core/Src/LoRa_network.o
 .debug_macro   0x00000000000175f7      0x331 ./Core/Src/main.o
 .debug_macro   0x0000000000017928       0x61 ./Core/Src/main.o
 .debug_macro   0x0000000000017989       0x10 ./Core/Src/main.o
 .debug_macro   0x0000000000017999       0x35 ./Core/Src/main.o
 .debug_macro   0x00000000000179ce       0x20 ./Core/Src/main.o
 .debug_macro   0x00000000000179ee      0x17e ./Core/Src/main.o
 .debug_macro   0x0000000000017b6c       0x1c ./Core/Src/main.o
 .debug_macro   0x0000000000017b88       0x1c ./Core/Src/main.o
 .debug_macro   0x0000000000017ba4       0x10 ./Core/Src/main.o
 .debug_macro   0x0000000000017bb4      0x2ec ./Core/Src/node.o
 .debug_macro   0x0000000000017ea0      0x1da ./Core/Src/stm32f1xx_hal_msp.o
 .debug_macro   0x000000000001807a      0x1e4 ./Core/Src/stm32f1xx_it.o
 .debug_macro   0x000000000001825e      0x1cb ./Core/Src/system_stm32f1xx.o
 .debug_macro   0x0000000000018429      0x1ef ./Drivers/STM32F1xx_HAL_Driver/Src/stm32f1xx_hal.o
 .debug_macro   0x0000000000018618      0x1cb ./Drivers/STM32F1xx_HAL_Driver/Src/stm32f1xx_hal_cortex.o
 .debug_macro   0x00000000000187e3      0x1cb ./Drivers/STM32F1xx_HAL_Driver/Src/stm32f1xx_hal_flash.o
 .debug_macro   0x00000000000189ae      0x1dd ./Drivers/STM32F1xx_HAL_Driver/Src/stm32f1xx_hal_flash_ex.o
 .debug_macro   0x0000000000018b8b      0x236 ./Drivers/STM32F1xx_HAL_Driver/Src/stm32f1xx_hal_gpio.o
 .debug_macro   0x0000000000018dc1      0x219 ./Drivers/STM32F1xx_HAL_Driver/Src/stm32f1xx_hal_i2c.o
 .debug_macro   0x0000000000018fda      0x22b ./Drivers/STM32F1xx_HAL_Driver/Src/stm32f1xx_hal_pwr.o
 .debug_macro   0x0000000000019205      0x1dd ./Drivers/STM32F1xx_HAL_Driver/Src/stm32f1xx_hal_rcc.o
 .debug_macro   0x00000000000193e2      0x1cb ./Drivers/STM32F1xx_HAL_Driver/Src/stm32f1xx_hal_rcc_ex.o
 .debug_macro   0x00000000000195ad      0x1da ./Drivers/STM32F1xx_HAL_Driver/Src/stm32f1xx_hal_rtc.o
 .debug_macro   0x0000000000019787      0x1cb ./Drivers/STM32F1xx_HAL_Driver/Src/stm32f1xx_hal_rtc_ex.o
 .debug_macro   0x0000000000019952      0x1d3 ./Drivers/STM32F1xx_HAL_Driver/Src/stm32f1xx_hal_spi.o
 .debug_macro   0x0000000000019b25      0x1cc ./Drivers/STM32F1xx_HAL_Driver/Src/stm32f1xx_hal_tim.o
 .debug_macro   0x0000000000019cf1      0x1cb ./Drivers/STM32F1xx_HAL_Driver/Src/stm32f1xx_hal_tim_ex.o
 .debug_macro   0x0000000000019ebc      0x1cc ./Drivers/STM32F1xx_HAL_Driver/Src/stm32f1xx_hal_uart.o

.debug_line     0x0000000000000000    0x1a205
 .debug_line    0x0000000000000000      0x881 ./Core/Src/AHT30.o
 .debug_line    0x0000000000000881      0x830 ./Core/Src/DS3231.o
 .debug_line    0x00000000000010b1      0xc02 ./Core/Src/LoRa.o
 .debug_line    0x0000000000001cb3      0xc38 ./Core/Src/LoRa_network.o
 .debug_line    0x00000000000028eb      0xeb1 ./Core/Src/main.o
 .debug_line    0x000000000000379c      0xd02 ./Core/Src/node.o
 .debug_line    0x000000000000449e      0x8c8 ./Core/Src/stm32f1xx_hal_msp.o
 .debug_line    0x0000000000004d66      0x87e ./Core/Src/stm32f1xx_it.o
 .debug_line    0x00000000000055e4      0x7da ./Core/Src/system_stm32f1xx.o
 .debug_line    0x0000000000005dbe       0x78 ./Core/Startup/startup_stm32f103c8tx.o
 .debug_line    0x0000000000005e36      0xa07 ./Drivers/STM32F1xx_HAL_Driver/Src/stm32f1xx_hal.o
 .debug_line    0x000000000000683d      0xbef ./Drivers/STM32F1xx_HAL_Driver/Src/stm32f1xx_hal_cortex.o
 .debug_line    0x000000000000742c      0xac6 ./Drivers/STM32F1xx_HAL_Driver/Src/stm32f1xx_hal_flash.o
 .debug_line    0x0000000000007ef2      0xba8 ./Drivers/STM32F1xx_HAL_Driver/Src/stm32f1xx_hal_flash_ex.o
 .debug_line    0x0000000000008a9a      0xaa0 ./Drivers/STM32F1xx_HAL_Driver/Src/stm32f1xx_hal_gpio.o
 .debug_line    0x000000000000953a     0x3bae ./Drivers/STM32F1xx_HAL_Driver/Src/stm32f1xx_hal_i2c.o
 .debug_line    0x000000000000d0e8      0x989 ./Drivers/STM32F1xx_HAL_Driver/Src/stm32f1xx_hal_pwr.o
 .debug_line    0x000000000000da71      0xe10 ./Drivers/STM32F1xx_HAL_Driver/Src/stm32f1xx_hal_rcc.o
 .debug_line    0x000000000000e881      0x94b ./Drivers/STM32F1xx_HAL_Driver/Src/stm32f1xx_hal_rcc_ex.o
 .debug_line    0x000000000000f1cc     0x1179 ./Drivers/STM32F1xx_HAL_Driver/Src/stm32f1xx_hal_rtc.o
 .debug_line    0x0000000000010345      0xa90 ./Drivers/STM32F1xx_HAL_Driver/Src/stm32f1xx_hal_rtc_ex.o
 .debug_line    0x0000000000010dd5     0x1d01 ./Drivers/STM32F1xx_HAL_Driver/Src/stm32f1xx_hal_spi.o
 .debug_line    0x0000000000012ad6     0x350e ./Drivers/STM32F1xx_HAL_Driver/Src/stm32f1xx_hal_tim.o
 .debug_line    0x0000000000015fe4     0x1956 ./Drivers/STM32F1xx_HAL_Driver/Src/stm32f1xx_hal_tim_ex.o
 .debug_line    0x000000000001793a     0x28cb ./Drivers/STM32F1xx_HAL_Driver/Src/stm32f1xx_hal_uart.o

.debug_str      0x0000000000000000    0x91c21
 .debug_str     0x0000000000000000    0x88038 ./Core/Src/AHT30.o
                                      0x88421 (size before relaxing)
 .debug_str     0x0000000000088038       0xad ./Core/Src/DS3231.o
                                      0x883e2 (size before relaxing)
 .debug_str     0x00000000000880e5      0x86a ./Core/Src/LoRa.o
                                      0x88974 (size before relaxing)
 .debug_str     0x000000000008894f     0x3dc0 ./Core/Src/LoRa_network.o
                                      0x8c570 (size before relaxing)
 .debug_str     0x000000000008c70f      0xef2 ./Core/Src/main.o
                                      0x8d6bc (size before relaxing)
 .debug_str     0x000000000008d601       0x99 ./Core/Src/node.o
                                      0x8c8b0 (size before relaxing)
 .debug_str     0x000000000008d69a      0x15d ./Core/Src/stm32f1xx_hal_msp.o
                                      0x88f4c (size before relaxing)
 .debug_str     0x000000000008d7f7      0x16c ./Core/Src/stm32f1xx_it.o
                                      0x885b8 (size before relaxing)
 .debug_str     0x000000000008d963       0x7e ./Core/Src/system_stm32f1xx.o
                                      0x87dc9 (size before relaxing)
 .debug_str     0x000000000008d9e1       0x34 ./Core/Startup/startup_stm32f103c8tx.o
                                         0x4f (size before relaxing)
 .debug_str     0x000000000008da15      0x36e ./Drivers/STM32F1xx_HAL_Driver/Src/stm32f1xx_hal.o
                                      0x884fc (size before relaxing)
 .debug_str     0x000000000008dd83      0x28a ./Drivers/STM32F1xx_HAL_Driver/Src/stm32f1xx_hal_cortex.o
                                      0x88448 (size before relaxing)
 .debug_str     0x000000000008e00d      0x259 ./Drivers/STM32F1xx_HAL_Driver/Src/stm32f1xx_hal_flash.o
                                      0x880a4 (size before relaxing)
 .debug_str     0x000000000008e266      0x306 ./Drivers/STM32F1xx_HAL_Driver/Src/stm32f1xx_hal_flash_ex.o
                                      0x88252 (size before relaxing)
 .debug_str     0x000000000008e56c      0x295 ./Drivers/STM32F1xx_HAL_Driver/Src/stm32f1xx_hal_gpio.o
                                      0x8814f (size before relaxing)
 .debug_str     0x000000000008e801      0xb61 ./Drivers/STM32F1xx_HAL_Driver/Src/stm32f1xx_hal_i2c.o
                                      0x88e90 (size before relaxing)
 .debug_str     0x000000000008f362      0x4f5 ./Drivers/STM32F1xx_HAL_Driver/Src/stm32f1xx_hal_pwr.o
                                      0x88300 (size before relaxing)
 .debug_str     0x000000000008f857      0x1fd ./Drivers/STM32F1xx_HAL_Driver/Src/stm32f1xx_hal_rcc.o
                                      0x881f8 (size before relaxing)
 .debug_str     0x000000000008fa54       0x95 ./Drivers/STM32F1xx_HAL_Driver/Src/stm32f1xx_hal_rcc_ex.o
                                      0x87f48 (size before relaxing)
 .debug_str     0x000000000008fae9      0x27a ./Drivers/STM32F1xx_HAL_Driver/Src/stm32f1xx_hal_rtc.o
                                      0x882d4 (size before relaxing)
 .debug_str     0x000000000008fd63      0x1ee ./Drivers/STM32F1xx_HAL_Driver/Src/stm32f1xx_hal_rtc_ex.o
                                      0x88116 (size before relaxing)
 .debug_str     0x000000000008ff51      0x4fd ./Drivers/STM32F1xx_HAL_Driver/Src/stm32f1xx_hal_spi.o
                                      0x886ef (size before relaxing)
 .debug_str     0x000000000009044e      0xd33 ./Drivers/STM32F1xx_HAL_Driver/Src/stm32f1xx_hal_tim.o
                                      0x891fa (size before relaxing)
 .debug_str     0x0000000000091181      0x493 ./Drivers/STM32F1xx_HAL_Driver/Src/stm32f1xx_hal_tim_ex.o
                                      0x88a06 (size before relaxing)
 .debug_str     0x0000000000091614      0x60d ./Drivers/STM32F1xx_HAL_Driver/Src/stm32f1xx_hal_uart.o
                                      0x88869 (size before relaxing)

.debug_frame    0x0000000000000000     0x5eb4
 .debug_frame   0x0000000000000000       0xd8 ./Core/Src/AHT30.o
 .debug_frame   0x00000000000000d8       0xd8 ./Core/Src/DS3231.o
 .debug_frame   0x00000000000001b0      0x338 ./Core/Src/LoRa.o
 .debug_frame   0x00000000000004e8      0x268 ./Core/Src/LoRa_network.o
 .debug_frame   0x0000000000000750      0x1a4 ./Core/Src/main.o
 .debug_frame   0x00000000000008f4      0x268 ./Core/Src/node.o
 .debug_frame   0x0000000000000b5c      0x1a0 ./Core/Src/stm32f1xx_hal_msp.o
 .debug_frame   0x0000000000000cfc      0x174 ./Core/Src/stm32f1xx_it.o
 .debug_frame   0x0000000000000e70       0x58 ./Core/Src/system_stm32f1xx.o
 .debug_frame   0x0000000000000ec8      0x334 ./Drivers/STM32F1xx_HAL_Driver/Src/stm32f1xx_hal.o
 .debug_frame   0x00000000000011fc      0x428 ./Drivers/STM32F1xx_HAL_Driver/Src/stm32f1xx_hal_cortex.o
 .debug_frame   0x0000000000001624      0x20c ./Drivers/STM32F1xx_HAL_Driver/Src/stm32f1xx_hal_flash.o
 .debug_frame   0x0000000000001830      0x258 ./Drivers/STM32F1xx_HAL_Driver/Src/stm32f1xx_hal_flash_ex.o
 .debug_frame   0x0000000000001a88      0x14c ./Drivers/STM32F1xx_HAL_Driver/Src/stm32f1xx_hal_gpio.o
 .debug_frame   0x0000000000001bd4      0xc84 ./Drivers/STM32F1xx_HAL_Driver/Src/stm32f1xx_hal_i2c.o
 .debug_frame   0x0000000000002858      0x270 ./Drivers/STM32F1xx_HAL_Driver/Src/stm32f1xx_hal_pwr.o
 .debug_frame   0x0000000000002ac8      0x218 ./Drivers/STM32F1xx_HAL_Driver/Src/stm32f1xx_hal_rcc.o
 .debug_frame   0x0000000000002ce0       0x80 ./Drivers/STM32F1xx_HAL_Driver/Src/stm32f1xx_hal_rcc_ex.o
 .debug_frame   0x0000000000002d60      0x434 ./Drivers/STM32F1xx_HAL_Driver/Src/stm32f1xx_hal_rtc.o
 .debug_frame   0x0000000000003194      0x234 ./Drivers/STM32F1xx_HAL_Driver/Src/stm32f1xx_hal_rtc_ex.o
 .debug_frame   0x00000000000033c8      0x824 ./Drivers/STM32F1xx_HAL_Driver/Src/stm32f1xx_hal_spi.o
 .debug_frame   0x0000000000003bec     0x11b8 ./Drivers/STM32F1xx_HAL_Driver/Src/stm32f1xx_hal_tim.o
 .debug_frame   0x0000000000004da4      0x638 ./Drivers/STM32F1xx_HAL_Driver/Src/stm32f1xx_hal_tim_ex.o
 .debug_frame   0x00000000000053dc      0x944 ./Drivers/STM32F1xx_HAL_Driver/Src/stm32f1xx_hal_uart.o
 .debug_frame   0x0000000000005d20       0x20 C:/ST/STM32CubeIDE_1.13.1/STM32CubeIDE/plugins/com.st.stm32cube.ide.mcu.externaltools.gnu-tools-for-stm32.11.3.rel1.win32_1.1.0.202305231506/tools/bin/../lib/gcc/arm-none-eabi/11.3.1/../../../../arm-none-eabi/lib/thumb/v7-m/nofp\libc_nano.a(libc_a-memset.o)
 .debug_frame   0x0000000000005d40       0x2c C:/ST/STM32CubeIDE_1.13.1/STM32CubeIDE/plugins/com.st.stm32cube.ide.mcu.externaltools.gnu-tools-for-stm32.11.3.rel1.win32_1.1.0.202305231506/tools/bin/../lib/gcc/arm-none-eabi/11.3.1/../../../../arm-none-eabi/lib/thumb/v7-m/nofp\libc_nano.a(libc_a-init.o)
 .debug_frame   0x0000000000005d6c       0x28 C:/ST/STM32CubeIDE_1.13.1/STM32CubeIDE/plugins/com.st.stm32cube.ide.mcu.externaltools.gnu-tools-for-stm32.11.3.rel1.win32_1.1.0.202305231506/tools/bin/../lib/gcc/arm-none-eabi/11.3.1/../../../../arm-none-eabi/lib/thumb/v7-m/nofp\libc_nano.a(libc_a-memcpy-stub.o)
 .debug_frame   0x0000000000005d94       0xac C:/ST/STM32CubeIDE_1.13.1/STM32CubeIDE/plugins/com.st.stm32cube.ide.mcu.externaltools.gnu-tools-for-stm32.11.3.rel1.win32_1.1.0.202305231506/tools/bin/../lib/gcc/arm-none-eabi/11.3.1/thumb/v7-m/nofp\libgcc.a(_arm_addsubdf3.o)
 .debug_frame   0x0000000000005e40       0x50 C:/ST/STM32CubeIDE_1.13.1/STM32CubeIDE/plugins/com.st.stm32cube.ide.mcu.externaltools.gnu-tools-for-stm32.11.3.rel1.win32_1.1.0.202305231506/tools/bin/../lib/gcc/arm-none-eabi/11.3.1/thumb/v7-m/nofp\libgcc.a(_arm_muldivdf3.o)
 .debug_frame   0x0000000000005e90       0x24 C:/ST/STM32CubeIDE_1.13.1/STM32CubeIDE/plugins/com.st.stm32cube.ide.mcu.externaltools.gnu-tools-for-stm32.11.3.rel1.win32_1.1.0.202305231506/tools/bin/../lib/gcc/arm-none-eabi/11.3.1/thumb/v7-m/nofp\libgcc.a(_arm_fixdfsi.o)

.debug_line_str
                0x0000000000000000       0x43
 .debug_line_str
                0x0000000000000000       0x43 ./Core/Startup/startup_stm32f103c8tx.o
                                         0x5b (size before relaxing)
